<?xml version="1.0" encoding="ISO-8859-1" ?>
<link_info>
   <banner>TI ARM Linker PC v20.2.6.LTS</banner>
   <copyright>Copyright (c) 1996-2018 Texas Instruments Incorporated</copyright>
   <link_time>0x62f97258</link_time>
   <link_errors>0x0</link_errors>
   <output_file>Project_Kovacevich.out</output_file>
   <entry_point>
      <name>resetISR</name>
      <address>0x200120ad</address>
   </entry_point>
   <input_file_list>
      <input_file id="fl-2">
         <path>.\</path>
         <kind>object</kind>
         <file>gpiointerrupt.obj</file>
         <name>gpiointerrupt.obj</name>
      </input_file>
      <input_file id="fl-3">
         <path>.\syscfg\</path>
         <kind>object</kind>
         <file>ti_drivers_config.obj</file>
         <name>ti_drivers_config.obj</name>
      </input_file>
      <input_file id="fl-4">
         <path>.\</path>
         <kind>object</kind>
         <file>main_nortos.obj</file>
         <name>main_nortos.obj</name>
      </input_file>
      <input_file id="fl-d">
         <kind>object</kind>
         <file>&lt;internal&gt;</file>
         <name>&lt;internal&gt;</name>
      </input_file>
      <input_file id="fl-e">
         <path>C:\ti\simplelink_cc32xx_sdk_6_10_00_05\source\ti\drivers\lib\ccs\m4\</path>
         <kind>archive</kind>
         <file>drivers_cc32xx.a</file>
         <name>GPIO.oem4</name>
      </input_file>
      <input_file id="fl-f">
         <path>C:\ti\simplelink_cc32xx_sdk_6_10_00_05\source\ti\drivers\lib\ccs\m4\</path>
         <kind>archive</kind>
         <file>drivers_cc32xx.a</file>
         <name>I2C.oem4</name>
      </input_file>
      <input_file id="fl-10">
         <path>C:\ti\simplelink_cc32xx_sdk_6_10_00_05\source\ti\drivers\lib\ccs\m4\</path>
         <kind>archive</kind>
         <file>drivers_cc32xx.a</file>
         <name>Timer.oem4</name>
      </input_file>
      <input_file id="fl-11">
         <path>C:\ti\simplelink_cc32xx_sdk_6_10_00_05\source\ti\drivers\lib\ccs\m4\</path>
         <kind>archive</kind>
         <file>drivers_cc32xx.a</file>
         <name>UART2.oem4</name>
      </input_file>
      <input_file id="fl-12">
         <path>C:\ti\simplelink_cc32xx_sdk_6_10_00_05\source\ti\drivers\lib\ccs\m4\</path>
         <kind>archive</kind>
         <file>drivers_cc32xx.a</file>
         <name>RingBuf.oem4</name>
      </input_file>
      <input_file id="fl-13">
         <path>C:\ti\simplelink_cc32xx_sdk_6_10_00_05\source\ti\drivers\lib\ccs\m4\</path>
         <kind>archive</kind>
         <file>drivers_cc32xx.a</file>
         <name>GPIOCC32XX.oem4</name>
      </input_file>
      <input_file id="fl-14">
         <path>C:\ti\simplelink_cc32xx_sdk_6_10_00_05\source\ti\drivers\lib\ccs\m4\</path>
         <kind>archive</kind>
         <file>drivers_cc32xx.a</file>
         <name>I2CCC32XX.oem4</name>
      </input_file>
      <input_file id="fl-15">
         <path>C:\ti\simplelink_cc32xx_sdk_6_10_00_05\source\ti\drivers\lib\ccs\m4\</path>
         <kind>archive</kind>
         <file>drivers_cc32xx.a</file>
         <name>PowerCC32XX.oem4</name>
      </input_file>
      <input_file id="fl-16">
         <path>C:\ti\simplelink_cc32xx_sdk_6_10_00_05\source\ti\drivers\lib\ccs\m4\</path>
         <kind>archive</kind>
         <file>drivers_cc32xx.a</file>
         <name>PowerCC32XX_asm.oem4</name>
      </input_file>
      <input_file id="fl-17">
         <path>C:\ti\simplelink_cc32xx_sdk_6_10_00_05\source\ti\drivers\lib\ccs\m4\</path>
         <kind>archive</kind>
         <file>drivers_cc32xx.a</file>
         <name>TimerCC32XX.oem4</name>
      </input_file>
      <input_file id="fl-18">
         <path>C:\ti\simplelink_cc32xx_sdk_6_10_00_05\source\ti\drivers\lib\ccs\m4\</path>
         <kind>archive</kind>
         <file>drivers_cc32xx.a</file>
         <name>UART2CC32XX.oem4</name>
      </input_file>
      <input_file id="fl-19">
         <path>C:\ti\simplelink_cc32xx_sdk_6_10_00_05\source\ti\drivers\lib\ccs\m4\</path>
         <kind>archive</kind>
         <file>drivers_cc32xx.a</file>
         <name>List.oem4</name>
      </input_file>
      <input_file id="fl-1a">
         <path>C:\ti\simplelink_cc32xx_sdk_6_10_00_05\source\ti\drivers\lib\ccs\m4\</path>
         <kind>archive</kind>
         <file>drivers_cc32xx.a</file>
         <name>UDMACC32XX.oem4</name>
      </input_file>
      <input_file id="fl-1b">
         <path>C:\ti\simplelink_cc32xx_sdk_6_10_00_05\kernel\nortos\lib\ccs\m4\</path>
         <kind>archive</kind>
         <file>nortos_cc32xx.a</file>
         <name>NoRTOS.oem4</name>
      </input_file>
      <input_file id="fl-1c">
         <path>C:\ti\simplelink_cc32xx_sdk_6_10_00_05\kernel\nortos\lib\ccs\m4\</path>
         <kind>archive</kind>
         <file>nortos_cc32xx.a</file>
         <name>SemaphoreP_nortos.oem4</name>
      </input_file>
      <input_file id="fl-1d">
         <path>C:\ti\simplelink_cc32xx_sdk_6_10_00_05\kernel\nortos\lib\ccs\m4\</path>
         <kind>archive</kind>
         <file>nortos_cc32xx.a</file>
         <name>ClockPSysTick_nortos.oem4</name>
      </input_file>
      <input_file id="fl-1e">
         <path>C:\ti\simplelink_cc32xx_sdk_6_10_00_05\kernel\nortos\lib\ccs\m4\</path>
         <kind>archive</kind>
         <file>nortos_cc32xx.a</file>
         <name>HwiPCC32XX_nortos.oem4</name>
      </input_file>
      <input_file id="fl-1f">
         <path>C:\ti\simplelink_cc32xx_sdk_6_10_00_05\kernel\nortos\lib\ccs\m4\</path>
         <kind>archive</kind>
         <file>nortos_cc32xx.a</file>
         <name>PowerCC32XX_nortos.oem4</name>
      </input_file>
      <input_file id="fl-20">
         <path>C:\ti\simplelink_cc32xx_sdk_6_10_00_05\kernel\nortos\lib\ccs\m4\</path>
         <kind>archive</kind>
         <file>nortos_cc32xx.a</file>
         <name>startup_cc32xx_ccs.oem4</name>
      </input_file>
      <input_file id="fl-21">
         <path>C:\ti\simplelink_cc32xx_sdk_6_10_00_05\kernel\nortos\lib\ccs\m4\</path>
         <kind>archive</kind>
         <file>nortos_cc32xx.a</file>
         <name>SwiP_nortos.oem4</name>
      </input_file>
      <input_file id="fl-22">
         <path>C:\ti\simplelink_cc32xx_sdk_6_10_00_05\kernel\nortos\lib\ccs\m4\</path>
         <kind>archive</kind>
         <file>nortos_cc32xx.a</file>
         <name>QueueP_nortos.oem4</name>
      </input_file>
      <input_file id="fl-23">
         <path>C:\ti\simplelink_cc32xx_sdk_6_10_00_05\source\ti\devices\cc32xx\driverlib\ccs\Release\</path>
         <kind>archive</kind>
         <file>driverlib.a</file>
         <name>cpu.obj</name>
      </input_file>
      <input_file id="fl-24">
         <path>C:\ti\simplelink_cc32xx_sdk_6_10_00_05\source\ti\devices\cc32xx\driverlib\ccs\Release\</path>
         <kind>archive</kind>
         <file>driverlib.a</file>
         <name>i2c.obj</name>
      </input_file>
      <input_file id="fl-25">
         <path>C:\ti\simplelink_cc32xx_sdk_6_10_00_05\source\ti\devices\cc32xx\driverlib\ccs\Release\</path>
         <kind>archive</kind>
         <file>driverlib.a</file>
         <name>interrupt.obj</name>
      </input_file>
      <input_file id="fl-26">
         <path>C:\ti\simplelink_cc32xx_sdk_6_10_00_05\source\ti\devices\cc32xx\driverlib\ccs\Release\</path>
         <kind>archive</kind>
         <file>driverlib.a</file>
         <name>pin.obj</name>
      </input_file>
      <input_file id="fl-27">
         <path>C:\ti\simplelink_cc32xx_sdk_6_10_00_05\source\ti\devices\cc32xx\driverlib\ccs\Release\</path>
         <kind>archive</kind>
         <file>driverlib.a</file>
         <name>prcm.obj</name>
      </input_file>
      <input_file id="fl-28">
         <path>C:\ti\simplelink_cc32xx_sdk_6_10_00_05\source\ti\devices\cc32xx\driverlib\ccs\Release\</path>
         <kind>archive</kind>
         <file>driverlib.a</file>
         <name>timer.obj</name>
      </input_file>
      <input_file id="fl-29">
         <path>C:\ti\simplelink_cc32xx_sdk_6_10_00_05\source\ti\devices\cc32xx\driverlib\ccs\Release\</path>
         <kind>archive</kind>
         <file>driverlib.a</file>
         <name>uart.obj</name>
      </input_file>
      <input_file id="fl-2a">
         <path>C:\ti\simplelink_cc32xx_sdk_6_10_00_05\source\ti\devices\cc32xx\driverlib\ccs\Release\</path>
         <kind>archive</kind>
         <file>driverlib.a</file>
         <name>udma.obj</name>
      </input_file>
      <input_file id="fl-2b">
         <path>C:\ti\simplelink_cc32xx_sdk_6_10_00_05\source\ti\devices\cc32xx\driverlib\ccs\Release\</path>
         <kind>archive</kind>
         <file>driverlib.a</file>
         <name>utils.obj</name>
      </input_file>
      <input_file id="fl-2c">
         <path>C:\ti\simplelink_cc32xx_sdk_6_10_00_05\source\ti\devices\cc32xx\driverlib\ccs\Release\</path>
         <kind>archive</kind>
         <file>driverlib.a</file>
         <name>flash.obj</name>
      </input_file>
      <input_file id="fl-e2">
         <path>C:\ti\ccs1120\ccs\tools\compiler\ti-cgt-arm_20.2.6.LTS\lib\</path>
         <kind>archive</kind>
         <file>rtsv7M4_T_le_eabi.lib</file>
         <name>snprintf.c.obj</name>
      </input_file>
      <input_file id="fl-e3">
         <path>C:\ti\ccs1120\ccs\tools\compiler\ti-cgt-arm_20.2.6.LTS\lib\</path>
         <kind>archive</kind>
         <file>rtsv7M4_T_le_eabi.lib</file>
         <name>fs_mul_t2.asm.obj</name>
      </input_file>
      <input_file id="fl-e4">
         <path>C:\ti\ccs1120\ccs\tools\compiler\ti-cgt-arm_20.2.6.LTS\lib\</path>
         <kind>archive</kind>
         <file>rtsv7M4_T_le_eabi.lib</file>
         <name>fs_toi_t2.asm.obj</name>
      </input_file>
      <input_file id="fl-e5">
         <path>C:\ti\ccs1120\ccs\tools\compiler\ti-cgt-arm_20.2.6.LTS\lib\</path>
         <kind>archive</kind>
         <file>rtsv7M4_T_le_eabi.lib</file>
         <name>i_tofs_t2.asm.obj</name>
      </input_file>
      <input_file id="fl-e6">
         <path>C:\ti\ccs1120\ccs\tools\compiler\ti-cgt-arm_20.2.6.LTS\lib\</path>
         <kind>archive</kind>
         <file>rtsv7M4_T_le_eabi.lib</file>
         <name>ll_mul_t2.asm.obj</name>
      </input_file>
      <input_file id="fl-e7">
         <path>C:\ti\ccs1120\ccs\tools\compiler\ti-cgt-arm_20.2.6.LTS\lib\</path>
         <kind>archive</kind>
         <file>rtsv7M4_T_le_eabi.lib</file>
         <name>memcpy_t2.asm.obj</name>
      </input_file>
      <input_file id="fl-e8">
         <path>C:\ti\ccs1120\ccs\tools\compiler\ti-cgt-arm_20.2.6.LTS\lib\</path>
         <kind>archive</kind>
         <file>rtsv7M4_T_le_eabi.lib</file>
         <name>ull_div_t2.asm.obj</name>
      </input_file>
      <input_file id="fl-e9">
         <path>C:\ti\ccs1120\ccs\tools\compiler\ti-cgt-arm_20.2.6.LTS\lib\</path>
         <kind>archive</kind>
         <file>rtsv7M4_T_le_eabi.lib</file>
         <name>copy_zero_init.c.obj</name>
      </input_file>
      <input_file id="fl-ea">
         <path>C:\ti\ccs1120\ccs\tools\compiler\ti-cgt-arm_20.2.6.LTS\lib\</path>
         <kind>archive</kind>
         <file>rtsv7M4_T_le_eabi.lib</file>
         <name>copy_decompress_none.c.obj</name>
      </input_file>
      <input_file id="fl-eb">
         <path>C:\ti\ccs1120\ccs\tools\compiler\ti-cgt-arm_20.2.6.LTS\lib\</path>
         <kind>archive</kind>
         <file>rtsv7M4_T_le_eabi.lib</file>
         <name>copy_decompress_lzss.c.obj</name>
      </input_file>
      <input_file id="fl-ec">
         <path>C:\ti\ccs1120\ccs\tools\compiler\ti-cgt-arm_20.2.6.LTS\lib\</path>
         <kind>archive</kind>
         <file>rtsv7M4_T_le_eabi.lib</file>
         <name>bzero.c.obj</name>
      </input_file>
      <input_file id="fl-ed">
         <path>C:\ti\ccs1120\ccs\tools\compiler\ti-cgt-arm_20.2.6.LTS\lib\</path>
         <kind>archive</kind>
         <file>rtsv7M4_T_le_eabi.lib</file>
         <name>memory.c.obj</name>
      </input_file>
      <input_file id="fl-ee">
         <path>C:\ti\ccs1120\ccs\tools\compiler\ti-cgt-arm_20.2.6.LTS\lib\</path>
         <kind>archive</kind>
         <file>rtsv7M4_T_le_eabi.lib</file>
         <name>boot_cortex_m.c.obj</name>
      </input_file>
      <input_file id="fl-ef">
         <path>C:\ti\ccs1120\ccs\tools\compiler\ti-cgt-arm_20.2.6.LTS\lib\</path>
         <kind>archive</kind>
         <file>rtsv7M4_T_le_eabi.lib</file>
         <name>_printfi.c.obj</name>
      </input_file>
      <input_file id="fl-f0">
         <path>C:\ti\ccs1120\ccs\tools\compiler\ti-cgt-arm_20.2.6.LTS\lib\</path>
         <kind>archive</kind>
         <file>rtsv7M4_T_le_eabi.lib</file>
         <name>div0.asm.obj</name>
      </input_file>
      <input_file id="fl-f1">
         <path>C:\ti\ccs1120\ccs\tools\compiler\ti-cgt-arm_20.2.6.LTS\lib\</path>
         <kind>archive</kind>
         <file>rtsv7M4_T_le_eabi.lib</file>
         <name>fd_add_t2.asm.obj</name>
      </input_file>
      <input_file id="fl-f2">
         <path>C:\ti\ccs1120\ccs\tools\compiler\ti-cgt-arm_20.2.6.LTS\lib\</path>
         <kind>archive</kind>
         <file>rtsv7M4_T_le_eabi.lib</file>
         <name>fd_cmp_t2.asm.obj</name>
      </input_file>
      <input_file id="fl-f3">
         <path>C:\ti\ccs1120\ccs\tools\compiler\ti-cgt-arm_20.2.6.LTS\lib\</path>
         <kind>archive</kind>
         <file>rtsv7M4_T_le_eabi.lib</file>
         <name>fd_div_t2.asm.obj</name>
      </input_file>
      <input_file id="fl-f4">
         <path>C:\ti\ccs1120\ccs\tools\compiler\ti-cgt-arm_20.2.6.LTS\lib\</path>
         <kind>archive</kind>
         <file>rtsv7M4_T_le_eabi.lib</file>
         <name>fd_mul_t2.asm.obj</name>
      </input_file>
      <input_file id="fl-f5">
         <path>C:\ti\ccs1120\ccs\tools\compiler\ti-cgt-arm_20.2.6.LTS\lib\</path>
         <kind>archive</kind>
         <file>rtsv7M4_T_le_eabi.lib</file>
         <name>fd_toi_t2.asm.obj</name>
      </input_file>
      <input_file id="fl-f6">
         <path>C:\ti\ccs1120\ccs\tools\compiler\ti-cgt-arm_20.2.6.LTS\lib\</path>
         <kind>archive</kind>
         <file>rtsv7M4_T_le_eabi.lib</file>
         <name>i_tofd_t2.asm.obj</name>
      </input_file>
      <input_file id="fl-f7">
         <path>C:\ti\ccs1120\ccs\tools\compiler\ti-cgt-arm_20.2.6.LTS\lib\</path>
         <kind>archive</kind>
         <file>rtsv7M4_T_le_eabi.lib</file>
         <name>memset_t2.asm.obj</name>
      </input_file>
      <input_file id="fl-f8">
         <path>C:\ti\ccs1120\ccs\tools\compiler\ti-cgt-arm_20.2.6.LTS\lib\</path>
         <kind>archive</kind>
         <file>rtsv7M4_T_le_eabi.lib</file>
         <name>autoinit.c.obj</name>
      </input_file>
      <input_file id="fl-f9">
         <path>C:\ti\ccs1120\ccs\tools\compiler\ti-cgt-arm_20.2.6.LTS\lib\</path>
         <kind>archive</kind>
         <file>rtsv7M4_T_le_eabi.lib</file>
         <name>pre_init.c.obj</name>
      </input_file>
      <input_file id="fl-fa">
         <path>C:\ti\ccs1120\ccs\tools\compiler\ti-cgt-arm_20.2.6.LTS\lib\</path>
         <kind>archive</kind>
         <file>rtsv7M4_T_le_eabi.lib</file>
         <name>cpy_tbl.c.obj</name>
      </input_file>
      <input_file id="fl-fb">
         <path>C:\ti\ccs1120\ccs\tools\compiler\ti-cgt-arm_20.2.6.LTS\lib\</path>
         <kind>archive</kind>
         <file>rtsv7M4_T_le_eabi.lib</file>
         <name>exit.c.obj</name>
      </input_file>
      <input_file id="fl-fc">
         <path>C:\ti\ccs1120\ccs\tools\compiler\ti-cgt-arm_20.2.6.LTS\lib\</path>
         <kind>archive</kind>
         <file>rtsv7M4_T_le_eabi.lib</file>
         <name>_lock.c.obj</name>
      </input_file>
      <input_file id="fl-fd">
         <path>C:\ti\ccs1120\ccs\tools\compiler\ti-cgt-arm_20.2.6.LTS\lib\</path>
         <kind>archive</kind>
         <file>rtsv7M4_T_le_eabi.lib</file>
         <name>_ltoa.c.obj</name>
      </input_file>
      <input_file id="fl-fe">
         <path>C:\ti\ccs1120\ccs\tools\compiler\ti-cgt-arm_20.2.6.LTS\lib\</path>
         <kind>archive</kind>
         <file>rtsv7M4_T_le_eabi.lib</file>
         <name>args_main.c.obj</name>
      </input_file>
      <input_file id="fl-ff">
         <path>C:\ti\ccs1120\ccs\tools\compiler\ti-cgt-arm_20.2.6.LTS\lib\</path>
         <kind>archive</kind>
         <file>rtsv7M4_T_le_eabi.lib</file>
         <name>atoi.c.obj</name>
      </input_file>
      <input_file id="fl-100">
         <path>C:\ti\ccs1120\ccs\tools\compiler\ti-cgt-arm_20.2.6.LTS\lib\</path>
         <kind>archive</kind>
         <file>rtsv7M4_T_le_eabi.lib</file>
         <name>ctype.c.obj</name>
      </input_file>
      <input_file id="fl-101">
         <path>C:\ti\ccs1120\ccs\tools\compiler\ti-cgt-arm_20.2.6.LTS\lib\</path>
         <kind>archive</kind>
         <file>rtsv7M4_T_le_eabi.lib</file>
         <name>memccpy.c.obj</name>
      </input_file>
      <input_file id="fl-102">
         <path>C:\ti\ccs1120\ccs\tools\compiler\ti-cgt-arm_20.2.6.LTS\lib\</path>
         <kind>archive</kind>
         <file>rtsv7M4_T_le_eabi.lib</file>
         <name>strchr.c.obj</name>
      </input_file>
      <input_file id="fl-103">
         <path>C:\ti\ccs1120\ccs\tools\compiler\ti-cgt-arm_20.2.6.LTS\lib\</path>
         <kind>archive</kind>
         <file>rtsv7M4_T_le_eabi.lib</file>
         <name>strlen.c.obj</name>
      </input_file>
      <input_file id="fl-104">
         <path>C:\ti\ccs1120\ccs\tools\compiler\ti-cgt-arm_20.2.6.LTS\lib\</path>
         <kind>archive</kind>
         <file>rtsv7M4_T_le_eabi.lib</file>
         <name>errno.c.obj</name>
      </input_file>
      <input_file id="fl-105">
         <path>C:\ti\ccs1120\ccs\tools\compiler\ti-cgt-arm_20.2.6.LTS\lib\</path>
         <kind>archive</kind>
         <file>rtsv7M4_T_le_eabi.lib</file>
         <name>s_frexp.c.obj</name>
      </input_file>
      <input_file id="fl-106">
         <path>C:\ti\ccs1120\ccs\tools\compiler\ti-cgt-arm_20.2.6.LTS\lib\</path>
         <kind>archive</kind>
         <file>rtsv7M4_T_le_eabi.lib</file>
         <name>s_scalbn.c.obj</name>
      </input_file>
      <input_file id="fl-107">
         <path>C:\ti\ccs1120\ccs\tools\compiler\ti-cgt-arm_20.2.6.LTS\lib\</path>
         <kind>archive</kind>
         <file>rtsv7M4_T_le_eabi.lib</file>
         <name>s_copysign.c.obj</name>
      </input_file>
      <input_file id="fl-108">
         <path>C:\ti\ccs1120\ccs\tools\compiler\ti-cgt-arm_20.2.6.LTS\lib\</path>
         <kind>archive</kind>
         <file>rtsv7M4_T_le_eabi.lib</file>
         <name>wcslen.c.obj</name>
      </input_file>
   </input_file_list>
   <object_component_list>
      <object_component id="oc-4b9">
         <name>.text:__TI_printfi</name>
         <load_address>0x2000c040</load_address>
         <run_address>0x2000c040</run_address>
         <size>0xa4e</size>
         <input_file_ref idref="fl-ef"/>
      </object_component>
      <object_component id="oc-1f1">
         <name>.text:Board_initHook</name>
         <load_address>0x2000ca8e</load_address>
         <run_address>0x2000ca8e</run_address>
         <size>0x2</size>
         <input_file_ref idref="fl-3"/>
      </object_component>
      <object_component id="oc-1df">
         <name>.text:PRCMCC3200MCUInit</name>
         <load_address>0x2000ca90</load_address>
         <run_address>0x2000ca90</run_address>
         <size>0x42c</size>
         <input_file_ref idref="fl-27"/>
      </object_component>
      <object_component id="oc-4dc">
         <name>.text:UART2_writeTimeout</name>
         <load_address>0x2000cebc</load_address>
         <run_address>0x2000cebc</run_address>
         <size>0x298</size>
         <input_file_ref idref="fl-11"/>
      </object_component>
      <object_component id="oc-314">
         <name>.text:UART2_open</name>
         <load_address>0x2000d154</load_address>
         <run_address>0x2000d154</run_address>
         <size>0x294</size>
         <input_file_ref idref="fl-18"/>
      </object_component>
      <object_component id="oc-74b">
         <name>.text:_pconv_a</name>
         <load_address>0x2000d3e8</load_address>
         <run_address>0x2000d3e8</run_address>
         <size>0x268</size>
         <input_file_ref idref="fl-ef"/>
      </object_component>
      <object_component id="oc-49e">
         <name>.text:UART2CC32XX_hwiIntFxn</name>
         <load_address>0x2000d650</load_address>
         <run_address>0x2000d650</run_address>
         <size>0x234</size>
         <input_file_ref idref="fl-18"/>
      </object_component>
      <object_component id="oc-217">
         <name>.text:initI2C</name>
         <load_address>0x2000d884</load_address>
         <run_address>0x2000d884</run_address>
         <size>0x1d8</size>
         <input_file_ref idref="fl-2"/>
      </object_component>
      <object_component id="oc-739">
         <name>.text:_pconv_g</name>
         <load_address>0x2000da5c</load_address>
         <run_address>0x2000da5c</run_address>
         <size>0x1cc</size>
         <input_file_ref idref="fl-ef"/>
      </object_component>
      <object_component id="oc-97e">
         <name>.text</name>
         <load_address>0x2000dc28</load_address>
         <run_address>0x2000dc28</run_address>
         <size>0x1b6</size>
         <input_file_ref idref="fl-f1"/>
      </object_component>
      <object_component id="oc-39e">
         <name>.text:PowerCC32XX_initPolicy</name>
         <load_address>0x2000ddde</load_address>
         <run_address>0x2000ddde</run_address>
         <size>0x2</size>
         <input_file_ref idref="fl-1f"/>
      </object_component>
      <object_component id="oc-3a4">
         <name>.text:PowerCC32XX_sleepPolicy</name>
         <load_address>0x2000dde0</load_address>
         <run_address>0x2000dde0</run_address>
         <size>0x1a0</size>
         <input_file_ref idref="fl-1f"/>
      </object_component>
      <object_component id="oc-358">
         <name>.text:timerCallback</name>
         <load_address>0x2000df80</load_address>
         <run_address>0x2000df80</run_address>
         <size>0x158</size>
         <input_file_ref idref="fl-2"/>
      </object_component>
      <object_component id="oc-1f9">
         <name>.text:GPIO_setConfig</name>
         <load_address>0x2000e0d8</load_address>
         <run_address>0x2000e0d8</run_address>
         <size>0x154</size>
         <input_file_ref idref="fl-13"/>
      </object_component>
      <object_component id="oc-4f9">
         <name>.text:I2CCC32XX_hwiFxn</name>
         <load_address>0x2000e22c</load_address>
         <run_address>0x2000e22c</run_address>
         <size>0x148</size>
         <input_file_ref idref="fl-14"/>
      </object_component>
      <object_component id="oc-89e">
         <name>.text:parkPins</name>
         <load_address>0x2000e374</load_address>
         <run_address>0x2000e374</run_address>
         <size>0x148</size>
         <input_file_ref idref="fl-15"/>
      </object_component>
      <object_component id="oc-745">
         <name>.text:_pconv_e</name>
         <load_address>0x2000e4bc</load_address>
         <run_address>0x2000e4bc</run_address>
         <size>0x13c</size>
         <input_file_ref idref="fl-ef"/>
      </object_component>
      <object_component id="oc-556">
         <name>.text:readTemp</name>
         <load_address>0x2000e5f8</load_address>
         <run_address>0x2000e5f8</run_address>
         <size>0x13c</size>
         <input_file_ref idref="fl-2"/>
      </object_component>
      <object_component id="oc-5ac">
         <name>.text:Power_sleep</name>
         <load_address>0x2000e734</load_address>
         <run_address>0x2000e734</run_address>
         <size>0x138</size>
         <input_file_ref idref="fl-15"/>
      </object_component>
      <object_component id="oc-34c">
         <name>.text:Timer_open</name>
         <load_address>0x2000e86c</load_address>
         <run_address>0x2000e86c</run_address>
         <size>0x138</size>
         <input_file_ref idref="fl-17"/>
      </object_component>
      <object_component id="oc-964">
         <name>.text</name>
         <load_address>0x2000e9a4</load_address>
         <run_address>0x2000e9a4</run_address>
         <size>0x136</size>
         <input_file_ref idref="fl-f3"/>
      </object_component>
      <object_component id="oc-507">
         <name>.text:I2C_transferTimeout</name>
         <load_address>0x2000eada</load_address>
         <run_address>0x2000eada</run_address>
         <size>0x122</size>
         <input_file_ref idref="fl-f"/>
      </object_component>
      <object_component id="oc-990">
         <name>.text:fcvt</name>
         <load_address>0x2000ebfc</load_address>
         <run_address>0x2000ebfc</run_address>
         <size>0x120</size>
         <input_file_ref idref="fl-ef"/>
      </object_component>
      <object_component id="oc-465">
         <name>.text:UART2_close</name>
         <load_address>0x2000ed1c</load_address>
         <run_address>0x2000ed1c</run_address>
         <size>0x108</size>
         <input_file_ref idref="fl-18"/>
      </object_component>
      <object_component id="oc-624">
         <name>.text:aligned_alloc</name>
         <load_address>0x2000ee24</load_address>
         <run_address>0x2000ee24</run_address>
         <size>0x100</size>
         <input_file_ref idref="fl-ed"/>
      </object_component>
      <object_component id="oc-330">
         <name>.text:I2C_open</name>
         <load_address>0x2000ef24</load_address>
         <run_address>0x2000ef24</run_address>
         <size>0xfc</size>
         <input_file_ref idref="fl-14"/>
      </object_component>
      <object_component id="oc-95f">
         <name>.text</name>
         <load_address>0x2000f020</load_address>
         <run_address>0x2000f020</run_address>
         <size>0xfc</size>
         <input_file_ref idref="fl-f4"/>
      </object_component>
      <object_component id="oc-46b">
         <name>.text:UART2CC32XX_initHw</name>
         <load_address>0x2000f11c</load_address>
         <run_address>0x2000f11c</run_address>
         <size>0xec</size>
         <input_file_ref idref="fl-18"/>
      </object_component>
      <object_component id="oc-6e9">
         <name>.text:UART2Support_dmaStartRx</name>
         <load_address>0x2000f208</load_address>
         <run_address>0x2000f208</run_address>
         <size>0xe4</size>
         <input_file_ref idref="fl-18"/>
      </object_component>
      <object_component id="oc-3c2">
         <name>.text:free</name>
         <load_address>0x2000f2ec</load_address>
         <run_address>0x2000f2ec</run_address>
         <size>0xe4</size>
         <input_file_ref idref="fl-ed"/>
      </object_component>
      <object_component id="oc-9a4">
         <name>.text:scalbn</name>
         <load_address>0x2000f3d0</load_address>
         <run_address>0x2000f3d0</run_address>
         <size>0xd0</size>
         <input_file_ref idref="fl-106"/>
      </object_component>
      <object_component id="oc-6fb">
         <name>.text:UART2Support_dmaStartTx</name>
         <load_address>0x2000f4a0</load_address>
         <run_address>0x2000f4a0</run_address>
         <size>0xc8</size>
         <input_file_ref idref="fl-18"/>
      </object_component>
      <object_component id="oc-8bb">
         <name>.text:restoreParkedPins</name>
         <load_address>0x2000f568</load_address>
         <run_address>0x2000f568</run_address>
         <size>0xc0</size>
         <input_file_ref idref="fl-15"/>
      </object_component>
      <object_component id="oc-7d4">
         <name>.text:I2CCC32XX_completeTransfer</name>
         <load_address>0x2000f628</load_address>
         <run_address>0x2000f628</run_address>
         <size>0xb2</size>
         <input_file_ref idref="fl-14"/>
      </object_component>
      <object_component id="oc-671">
         <name>.text:SemaphoreP_destruct</name>
         <load_address>0x2000f6da</load_address>
         <run_address>0x2000f6da</run_address>
         <size>0x2</size>
         <input_file_ref idref="fl-1c"/>
      </object_component>
      <object_component id="oc-72e">
         <name>.text:_ltostr</name>
         <load_address>0x2000f6dc</load_address>
         <run_address>0x2000f6dc</run_address>
         <size>0xb1</size>
         <input_file_ref idref="fl-ef"/>
      </object_component>
      <object_component id="oc-7c2">
         <name>.text:I2CCC32XX_primeWriteBurst</name>
         <load_address>0x2000f78e</load_address>
         <run_address>0x2000f78e</run_address>
         <size>0xa8</size>
         <input_file_ref idref="fl-14"/>
      </object_component>
      <object_component id="oc-340">
         <name>.text:Timer_init</name>
         <load_address>0x2000f836</load_address>
         <run_address>0x2000f836</run_address>
         <size>0x2</size>
         <input_file_ref idref="fl-10"/>
      </object_component>
      <object_component id="oc-b5">
         <name>.text:IntEnable</name>
         <load_address>0x2000f838</load_address>
         <run_address>0x2000f838</run_address>
         <size>0xa8</size>
         <input_file_ref idref="fl-25"/>
      </object_component>
      <object_component id="oc-293">
         <name>.text:PowerCC32XX_configureWakeup</name>
         <load_address>0x2000f8e0</load_address>
         <run_address>0x2000f8e0</run_address>
         <size>0xa8</size>
         <input_file_ref idref="fl-15"/>
      </object_component>
      <object_component id="oc-2b8">
         <name>.text:SemaphoreP_pend</name>
         <load_address>0x2000f988</load_address>
         <run_address>0x2000f988</run_address>
         <size>0xa0</size>
         <input_file_ref idref="fl-1c"/>
      </object_component>
      <object_component id="oc-4e7">
         <name>.text:I2CCC32XX_initHw</name>
         <load_address>0x2000fa28</load_address>
         <run_address>0x2000fa28</run_address>
         <size>0x9c</size>
         <input_file_ref idref="fl-14"/>
      </object_component>
      <object_component id="oc-3b">
         <name>.text</name>
         <load_address>0x2000fac4</load_address>
         <run_address>0x2000fac4</run_address>
         <size>0x9c</size>
         <input_file_ref idref="fl-e7"/>
      </object_component>
      <object_component id="oc-5a7">
         <name>.text</name>
         <load_address>0x2000fb60</load_address>
         <run_address>0x2000fb60</run_address>
         <size>0x96</size>
         <input_file_ref idref="fl-e8"/>
      </object_component>
      <object_component id="oc-492">
         <name>.text:UART2CC32XX_eventCallback</name>
         <load_address>0x2000fbf6</load_address>
         <run_address>0x2000fbf6</run_address>
         <size>0x2</size>
         <input_file_ref idref="fl-18"/>
      </object_component>
      <object_component id="oc-1eb">
         <name>.text:GPIO_init</name>
         <load_address>0x2000fbf8</load_address>
         <run_address>0x2000fbf8</run_address>
         <size>0x90</size>
         <input_file_ref idref="fl-13"/>
      </object_component>
      <object_component id="oc-8af">
         <name>.text:restoreNVICRegs</name>
         <load_address>0x2000fc88</load_address>
         <run_address>0x2000fc88</run_address>
         <size>0x90</size>
         <input_file_ref idref="fl-15"/>
      </object_component>
      <object_component id="oc-422">
         <name>.text:HwiP_construct</name>
         <load_address>0x2000fd18</load_address>
         <run_address>0x2000fd18</run_address>
         <size>0x8c</size>
         <input_file_ref idref="fl-1e"/>
      </object_component>
      <object_component id="oc-87a">
         <name>.text:I2C_close</name>
         <load_address>0x2000fda4</load_address>
         <run_address>0x2000fda4</run_address>
         <size>0x88</size>
         <input_file_ref idref="fl-14"/>
      </object_component>
      <object_component id="oc-a7a">
         <name>.text:IntPendSet</name>
         <load_address>0x2000fe2c</load_address>
         <run_address>0x2000fe2c</run_address>
         <size>0x88</size>
         <input_file_ref idref="fl-25"/>
      </object_component>
      <object_component id="oc-2df">
         <name>.text:PinConfigSet</name>
         <load_address>0x2000feb4</load_address>
         <run_address>0x2000feb4</run_address>
         <size>0x88</size>
         <input_file_ref idref="fl-26"/>
      </object_component>
      <object_component id="oc-734">
         <name>.text:__aeabi_cdcmple</name>
         <load_address>0x2000ff3c</load_address>
         <run_address>0x2000ff3c</run_address>
         <size>0x86</size>
         <input_file_ref idref="fl-f2"/>
      </object_component>
      <object_component id="oc-969">
         <name>.text:__aeabi_cdrcmple</name>
         <load_address>0x2000ffc2</load_address>
         <run_address>0x2000ffc2</run_address>
         <size>0x86</size>
         <input_file_ref idref="fl-f2"/>
      </object_component>
      <object_component id="oc-1e5">
         <name>.text:Power_init</name>
         <load_address>0x20010048</load_address>
         <run_address>0x20010048</run_address>
         <size>0x84</size>
         <input_file_ref idref="fl-15"/>
      </object_component>
      <object_component id="oc-8a4">
         <name>.text:saveNVICRegs</name>
         <load_address>0x200100cc</load_address>
         <run_address>0x200100cc</run_address>
         <size>0x84</size>
         <input_file_ref idref="fl-15"/>
      </object_component>
      <object_component id="oc-1ff">
         <name>.text:GPIO_write</name>
         <load_address>0x20010150</load_address>
         <run_address>0x20010150</run_address>
         <size>0x80</size>
         <input_file_ref idref="fl-13"/>
      </object_component>
      <object_component id="oc-2e5">
         <name>.text:Power_setDependency</name>
         <load_address>0x200101d0</load_address>
         <run_address>0x200101d0</run_address>
         <size>0x80</size>
         <input_file_ref idref="fl-15"/>
      </object_component>
      <object_component id="oc-45f">
         <name>.text:UDMACC32XX_open</name>
         <load_address>0x20010250</load_address>
         <run_address>0x20010250</run_address>
         <size>0x7c</size>
         <input_file_ref idref="fl-1a"/>
      </object_component>
      <object_component id="oc-7bc">
         <name>.text:I2CCC32XX_primeReadBurst</name>
         <load_address>0x200102cc</load_address>
         <run_address>0x200102cc</run_address>
         <size>0x7a</size>
         <input_file_ref idref="fl-14"/>
      </object_component>
      <object_component id="oc-870">
         <name>.text</name>
         <load_address>0x20010346</load_address>
         <run_address>0x20010346</run_address>
         <size>0x7a</size>
         <input_file_ref idref="fl-e3"/>
      </object_component>
      <object_component id="oc-9d">
         <name>.text</name>
         <load_address>0x200103c0</load_address>
         <run_address>0x200103c0</run_address>
         <size>0x7a</size>
         <input_file_ref idref="fl-f7"/>
      </object_component>
      <object_component id="oc-6ef">
         <name>.text:UART2CC32XX_readCallback</name>
         <load_address>0x2001043a</load_address>
         <run_address>0x2001043a</run_address>
         <size>0x74</size>
         <input_file_ref idref="fl-18"/>
      </object_component>
      <object_component id="oc-366">
         <name>.text:_nop</name>
         <load_address>0x200104ae</load_address>
         <run_address>0x200104ae</run_address>
         <size>0x2</size>
         <input_file_ref idref="fl-fc"/>
      </object_component>
      <object_component id="oc-2d7">
         <name>.text:powerNotifyFxn</name>
         <load_address>0x200104b0</load_address>
         <run_address>0x200104b0</run_address>
         <size>0x74</size>
         <input_file_ref idref="fl-13"/>
      </object_component>
      <object_component id="oc-8eb">
         <name>.text:split</name>
         <load_address>0x20010524</load_address>
         <run_address>0x20010524</run_address>
         <size>0x70</size>
         <input_file_ref idref="fl-ed"/>
      </object_component>
      <object_component id="oc-989">
         <name>.text:_mcpy</name>
         <load_address>0x20010594</load_address>
         <run_address>0x20010594</run_address>
         <size>0x6e</size>
         <input_file_ref idref="fl-ef"/>
      </object_component>
      <object_component id="oc-7ef">
         <name>.text:I2CSupport_primeTransfer</name>
         <load_address>0x20010602</load_address>
         <run_address>0x20010602</run_address>
         <size>0x6a</size>
         <input_file_ref idref="fl-14"/>
      </object_component>
      <object_component id="oc-14">
         <name>.text:decompress:lzss:__TI_decompress_lzss</name>
         <load_address>0x2001066c</load_address>
         <run_address>0x2001066c</run_address>
         <size>0x68</size>
         <input_file_ref idref="fl-eb"/>
      </object_component>
      <object_component id="oc-2f7">
         <name>.text:GPIO_setInterruptConfig</name>
         <load_address>0x200106d4</load_address>
         <run_address>0x200106d4</run_address>
         <size>0x64</size>
         <input_file_ref idref="fl-13"/>
      </object_component>
      <object_component id="oc-412">
         <name>.text:PowerCC32XX_setParkState</name>
         <load_address>0x20010738</load_address>
         <run_address>0x20010738</run_address>
         <size>0x64</size>
         <input_file_ref idref="fl-15"/>
      </object_component>
      <object_component id="oc-6a8">
         <name>.text:uDMAChannelAttributeDisable</name>
         <load_address>0x2001079c</load_address>
         <run_address>0x2001079c</run_address>
         <size>0x64</size>
         <input_file_ref idref="fl-2a"/>
      </object_component>
      <object_component id="oc-300">
         <name>.text:GPIO_hwiIntFxn</name>
         <load_address>0x20010800</load_address>
         <run_address>0x20010800</run_address>
         <size>0x60</size>
         <input_file_ref idref="fl-13"/>
      </object_component>
      <object_component id="oc-261">
         <name>.text:PRCMSysResetCauseGet</name>
         <load_address>0x20010860</load_address>
         <run_address>0x20010860</run_address>
         <size>0x60</size>
         <input_file_ref idref="fl-27"/>
      </object_component>
      <object_component id="oc-166">
         <name>.text:mainThread</name>
         <load_address>0x200108c0</load_address>
         <run_address>0x200108c0</run_address>
         <size>0x60</size>
         <input_file_ref idref="fl-2"/>
      </object_component>
      <object_component id="oc-6f5">
         <name>.text:UART2Support_dmaStopTx</name>
         <load_address>0x20010920</load_address>
         <run_address>0x20010920</run_address>
         <size>0x5e</size>
         <input_file_ref idref="fl-18"/>
      </object_component>
      <object_component id="oc-73">
         <name>.text:busFaultHandler</name>
         <load_address>0x2001097e</load_address>
         <run_address>0x2001097e</run_address>
         <size>0x2</size>
         <input_file_ref idref="fl-20"/>
      </object_component>
      <object_component id="oc-99e">
         <name>.text:frexp</name>
         <load_address>0x20010980</load_address>
         <run_address>0x20010980</run_address>
         <size>0x5c</size>
         <input_file_ref idref="fl-105"/>
      </object_component>
      <object_component id="oc-92c">
         <name>.text:sysTickInit</name>
         <load_address>0x200109dc</load_address>
         <run_address>0x200109dc</run_address>
         <size>0x5c</size>
         <input_file_ref idref="fl-1d"/>
      </object_component>
      <object_component id="oc-27a">
         <name>.text:PRCMPeripheralReset</name>
         <load_address>0x20010a38</load_address>
         <run_address>0x20010a38</run_address>
         <size>0x58</size>
         <input_file_ref idref="fl-27"/>
      </object_component>
      <object_component id="oc-683">
         <name>.text:Power_releaseDependency</name>
         <load_address>0x20010a90</load_address>
         <run_address>0x20010a90</run_address>
         <size>0x58</size>
         <input_file_ref idref="fl-15"/>
      </object_component>
      <object_component id="oc-73f">
         <name>.text:_pconv_f</name>
         <load_address>0x20010ae8</load_address>
         <run_address>0x20010ae8</run_address>
         <size>0x56</size>
         <input_file_ref idref="fl-ef"/>
      </object_component>
      <object_component id="oc-973">
         <name>.text:__TI_ltoa</name>
         <load_address>0x20010b3e</load_address>
         <run_address>0x20010b3e</run_address>
         <size>0x54</size>
         <input_file_ref idref="fl-fd"/>
      </object_component>
      <object_component id="oc-a57">
         <name>.text:PowerCC32XX_resumeLPDS</name>
         <load_address>0x20010b92</load_address>
         <run_address>0x20010b92</run_address>
         <size>0x52</size>
         <input_file_ref idref="fl-16"/>
      </object_component>
      <object_component id="oc-983">
         <name>.text:_ecpy</name>
         <load_address>0x20010be4</load_address>
         <run_address>0x20010be4</run_address>
         <size>0x52</size>
         <input_file_ref idref="fl-ef"/>
      </object_component>
      <object_component id="oc-52f">
         <name>.text:initHw</name>
         <load_address>0x20010c36</load_address>
         <run_address>0x20010c36</run_address>
         <size>0x52</size>
         <input_file_ref idref="fl-17"/>
      </object_component>
      <object_component id="oc-79">
         <name>.text:ClockP_sysTickHandler</name>
         <load_address>0x20010c88</load_address>
         <run_address>0x20010c88</run_address>
         <size>0x50</size>
         <input_file_ref idref="fl-1d"/>
      </object_component>
      <object_component id="oc-47d">
         <name>.text:SemaphoreP_construct</name>
         <load_address>0x20010cd8</load_address>
         <run_address>0x20010cd8</run_address>
         <size>0x50</size>
         <input_file_ref idref="fl-1c"/>
      </object_component>
      <object_component id="oc-517">
         <name>.text:TimerCC32XX_allocateTimerResource</name>
         <load_address>0x20010d28</load_address>
         <run_address>0x20010d28</run_address>
         <size>0x50</size>
         <input_file_ref idref="fl-17"/>
      </object_component>
      <object_component id="oc-6e3">
         <name>.text:UART2Support_dmaStopRx</name>
         <load_address>0x20010d78</load_address>
         <run_address>0x20010d78</run_address>
         <size>0x50</size>
         <input_file_ref idref="fl-18"/>
      </object_component>
      <object_component id="oc-7b0">
         <name>.text:I2CCC32XX_readRecieveFifo</name>
         <load_address>0x20010dc8</load_address>
         <run_address>0x20010dc8</run_address>
         <size>0x4c</size>
         <input_file_ref idref="fl-14"/>
      </object_component>
      <object_component id="oc-a4e">
         <name>.text:PowerCC32XX_parkPin</name>
         <load_address>0x20010e14</load_address>
         <run_address>0x20010e14</run_address>
         <size>0x4c</size>
         <input_file_ref idref="fl-15"/>
      </object_component>
      <object_component id="oc-728">
         <name>.text:atoi</name>
         <load_address>0x20010e60</load_address>
         <run_address>0x20010e60</run_address>
         <size>0x4c</size>
         <input_file_ref idref="fl-ff"/>
      </object_component>
      <object_component id="oc-8b5">
         <name>.text:restorePeriphClocks</name>
         <load_address>0x20010eac</load_address>
         <run_address>0x20010eac</run_address>
         <size>0x4c</size>
         <input_file_ref idref="fl-15"/>
      </object_component>
      <object_component id="oc-31e">
         <name>.text:snprintf</name>
         <load_address>0x20010ef8</load_address>
         <run_address>0x20010ef8</run_address>
         <size>0x4c</size>
         <input_file_ref idref="fl-e2"/>
      </object_component>
      <object_component id="oc-a72">
         <name>.text:FlashDisable</name>
         <load_address>0x20010f44</load_address>
         <run_address>0x20010f44</run_address>
         <size>0x48</size>
         <input_file_ref idref="fl-2c"/>
      </object_component>
      <object_component id="oc-429">
         <name>.text:GPIO_disableInt</name>
         <load_address>0x20010f8c</load_address>
         <run_address>0x20010f8c</run_address>
         <size>0x48</size>
         <input_file_ref idref="fl-13"/>
      </object_component>
      <object_component id="oc-20b">
         <name>.text:GPIO_enableInt</name>
         <load_address>0x20010fd4</load_address>
         <run_address>0x20010fd4</run_address>
         <size>0x48</size>
         <input_file_ref idref="fl-13"/>
      </object_component>
      <object_component id="oc-8c1">
         <name>.text:PRCMLPDSEnter</name>
         <load_address>0x2001101c</load_address>
         <run_address>0x2001101c</run_address>
         <size>0x48</size>
         <input_file_ref idref="fl-27"/>
      </object_component>
      <object_component id="oc-274">
         <name>.text:PRCMPeripheralClkEnable</name>
         <load_address>0x20011064</load_address>
         <run_address>0x20011064</run_address>
         <size>0x48</size>
         <input_file_ref idref="fl-27"/>
      </object_component>
      <object_component id="oc-70d">
         <name>.text:Power_releaseConstraint</name>
         <load_address>0x200110ac</load_address>
         <run_address>0x200110ac</run_address>
         <size>0x48</size>
         <input_file_ref idref="fl-15"/>
      </object_component>
      <object_component id="oc-21d">
         <name>.text:initTimer</name>
         <load_address>0x200110f4</load_address>
         <run_address>0x200110f4</run_address>
         <size>0x48</size>
         <input_file_ref idref="fl-2"/>
      </object_component>
      <object_component id="oc-96e">
         <name>.text</name>
         <load_address>0x2001113c</load_address>
         <run_address>0x2001113c</run_address>
         <size>0x48</size>
         <input_file_ref idref="fl-f5"/>
      </object_component>
      <object_component id="oc-6cb">
         <name>.text:RingBuf_put</name>
         <load_address>0x20011184</load_address>
         <run_address>0x20011184</run_address>
         <size>0x46</size>
         <input_file_ref idref="fl-12"/>
      </object_component>
      <object_component id="oc-529">
         <name>.text:getPrescaler</name>
         <load_address>0x200111ca</load_address>
         <run_address>0x200111ca</run_address>
         <size>0x46</size>
         <input_file_ref idref="fl-17"/>
      </object_component>
      <object_component id="oc-610">
         <name>.text:ClockP_stop</name>
         <load_address>0x20011210</load_address>
         <run_address>0x20011210</run_address>
         <size>0x44</size>
         <input_file_ref idref="fl-1d"/>
      </object_component>
      <object_component id="oc-a5c">
         <name>.text:PRCMLPDSRestoreInfoSet</name>
         <load_address>0x20011254</load_address>
         <run_address>0x20011254</run_address>
         <size>0x44</size>
         <input_file_ref idref="fl-27"/>
      </object_component>
      <object_component id="oc-8aa">
         <name>.text:PowerCC32XX_enterLPDS</name>
         <load_address>0x20011298</load_address>
         <run_address>0x20011298</run_address>
         <size>0x44</size>
         <input_file_ref idref="fl-16"/>
      </object_component>
      <object_component id="oc-2c4">
         <name>.text:SemaphoreP_post</name>
         <load_address>0x200112dc</load_address>
         <run_address>0x200112dc</run_address>
         <size>0x44</size>
         <input_file_ref idref="fl-1c"/>
      </object_component>
      <object_component id="oc-5c3">
         <name>.text:SwiP_restore</name>
         <load_address>0x20011320</load_address>
         <run_address>0x20011320</run_address>
         <size>0x44</size>
         <input_file_ref idref="fl-21"/>
      </object_component>
      <object_component id="oc-352">
         <name>.text:Timer_start</name>
         <load_address>0x20011364</load_address>
         <run_address>0x20011364</run_address>
         <size>0x44</size>
         <input_file_ref idref="fl-10"/>
      </object_component>
      <object_component id="oc-179">
         <name>.text:__TI_auto_init_nobinit_nopinit:__TI_auto_init_nobinit_nopinit</name>
         <load_address>0x200113a8</load_address>
         <run_address>0x200113a8</run_address>
         <size>0x44</size>
         <input_file_ref idref="fl-f8"/>
      </object_component>
      <object_component id="oc-489">
         <name>.text:ClockP_construct</name>
         <load_address>0x200113ec</load_address>
         <run_address>0x200113ec</run_address>
         <size>0x40</size>
         <input_file_ref idref="fl-1d"/>
      </object_component>
      <object_component id="oc-28c">
         <name>.text:PinModeSet</name>
         <load_address>0x2001142c</load_address>
         <run_address>0x2001142c</run_address>
         <size>0x40</size>
         <input_file_ref idref="fl-26"/>
      </object_component>
      <object_component id="oc-549">
         <name>.text:TimerSupport_timerEnable</name>
         <load_address>0x2001146c</load_address>
         <run_address>0x2001146c</run_address>
         <size>0x40</size>
         <input_file_ref idref="fl-17"/>
      </object_component>
      <object_component id="oc-523">
         <name>.text:Timer_close</name>
         <load_address>0x200114ac</load_address>
         <run_address>0x200114ac</run_address>
         <size>0x40</size>
         <input_file_ref idref="fl-17"/>
      </object_component>
      <object_component id="oc-459">
         <name>.text:UDMACC32XX_init</name>
         <load_address>0x200114ec</load_address>
         <run_address>0x200114ec</run_address>
         <size>0x40</size>
         <input_file_ref idref="fl-1a"/>
      </object_component>
      <object_component id="oc-707">
         <name>.text:RingBuf_putAdvance</name>
         <load_address>0x2001152c</load_address>
         <run_address>0x2001152c</run_address>
         <size>0x3e</size>
         <input_file_ref idref="fl-12"/>
      </object_component>
      <object_component id="oc-996">
         <name>.text:_fcpy</name>
         <load_address>0x2001156a</load_address>
         <run_address>0x2001156a</run_address>
         <size>0x3e</size>
         <input_file_ref idref="fl-ef"/>
      </object_component>
      <object_component id="oc-3e1">
         <name>.text:ClockP_destruct</name>
         <load_address>0x200115a8</load_address>
         <run_address>0x200115a8</run_address>
         <size>0x3c</size>
         <input_file_ref idref="fl-1d"/>
      </object_component>
      <object_component id="oc-85c">
         <name>.text:Power_setConstraint</name>
         <load_address>0x200115e4</load_address>
         <run_address>0x200115e4</run_address>
         <size>0x3c</size>
         <input_file_ref idref="fl-15"/>
      </object_component>
      <object_component id="oc-5a1">
         <name>.text:getCountsRTC</name>
         <load_address>0x20011620</load_address>
         <run_address>0x20011620</run_address>
         <size>0x3a</size>
         <input_file_ref idref="fl-1f"/>
      </object_component>
      <object_component id="oc-3e7">
         <name>.text:clkFxn</name>
         <load_address>0x2001165a</load_address>
         <run_address>0x2001165a</run_address>
         <size>0x2</size>
         <input_file_ref idref="fl-1c"/>
      </object_component>
      <object_component id="oc-8c7">
         <name>.text:PRCMLPDSEnterKeepDebugIf</name>
         <load_address>0x2001165c</load_address>
         <run_address>0x2001165c</run_address>
         <size>0x38</size>
         <input_file_ref idref="fl-27"/>
      </object_component>
      <object_component id="oc-db">
         <name>.text:addToList</name>
         <load_address>0x20011694</load_address>
         <run_address>0x20011694</run_address>
         <size>0x38</size>
         <input_file_ref idref="fl-1d"/>
      </object_component>
      <object_component id="oc-59">
         <name>.text:initVectors</name>
         <load_address>0x200116cc</load_address>
         <run_address>0x200116cc</run_address>
         <size>0x38</size>
         <input_file_ref idref="fl-20"/>
      </object_component>
      <object_component id="oc-898">
         <name>.text:notify</name>
         <load_address>0x20011704</load_address>
         <run_address>0x20011704</run_address>
         <size>0x38</size>
         <input_file_ref idref="fl-15"/>
      </object_component>
      <object_component id="oc-875">
         <name>.text</name>
         <load_address>0x2001173c</load_address>
         <run_address>0x2001173c</run_address>
         <size>0x38</size>
         <input_file_ref idref="fl-e4"/>
      </object_component>
      <object_component id="oc-86b">
         <name>.text</name>
         <load_address>0x20011774</load_address>
         <run_address>0x20011774</run_address>
         <size>0x38</size>
         <input_file_ref idref="fl-e5"/>
      </object_component>
      <object_component id="oc-83d">
         <name>.text:TimerControlStall</name>
         <load_address>0x200117ac</load_address>
         <run_address>0x200117ac</run_address>
         <size>0x36</size>
         <input_file_ref idref="fl-28"/>
      </object_component>
      <object_component id="oc-817">
         <name>.text:Timer_stop</name>
         <load_address>0x200117e2</load_address>
         <run_address>0x200117e2</run_address>
         <size>0x36</size>
         <input_file_ref idref="fl-10"/>
      </object_component>
      <object_component id="oc-65f">
         <name>.text:UART2_rxDisable</name>
         <load_address>0x20011818</load_address>
         <run_address>0x20011818</run_address>
         <size>0x36</size>
         <input_file_ref idref="fl-11"/>
      </object_component>
      <object_component id="oc-6d">
         <name>.text:defaultHandler</name>
         <load_address>0x2001184e</load_address>
         <run_address>0x2001184e</run_address>
         <size>0x2</size>
         <input_file_ref idref="fl-20"/>
      </object_component>
      <object_component id="oc-58f">
         <name>.text:ClockP_getTicksUntilInterrupt</name>
         <load_address>0x20011850</load_address>
         <run_address>0x20011850</run_address>
         <size>0x34</size>
         <input_file_ref idref="fl-1d"/>
      </object_component>
      <object_component id="oc-6ba">
         <name>.text:ClockP_startup</name>
         <load_address>0x20011884</load_address>
         <run_address>0x20011884</run_address>
         <size>0x34</size>
         <input_file_ref idref="fl-1d"/>
      </object_component>
      <object_component id="oc-286">
         <name>.text:PinModeGet</name>
         <load_address>0x200118b8</load_address>
         <run_address>0x200118b8</run_address>
         <size>0x34</size>
         <input_file_ref idref="fl-26"/>
      </object_component>
      <object_component id="oc-689">
         <name>.text:PowerCC32XX_restoreParkState</name>
         <load_address>0x200118ec</load_address>
         <run_address>0x200118ec</run_address>
         <size>0x34</size>
         <input_file_ref idref="fl-15"/>
      </object_component>
      <object_component id="oc-94a">
         <name>.text:RingBuf_getConsume</name>
         <load_address>0x20011920</load_address>
         <run_address>0x20011920</run_address>
         <size>0x34</size>
         <input_file_ref idref="fl-12"/>
      </object_component>
      <object_component id="oc-701">
         <name>.text:RingBuf_putPointer</name>
         <load_address>0x20011954</load_address>
         <run_address>0x20011954</run_address>
         <size>0x34</size>
         <input_file_ref idref="fl-12"/>
      </object_component>
      <object_component id="oc-823">
         <name>.text:TimerCC32XX_freeTimerResource</name>
         <load_address>0x20011988</load_address>
         <run_address>0x20011988</run_address>
         <size>0x34</size>
         <input_file_ref idref="fl-17"/>
      </object_component>
      <object_component id="oc-541">
         <name>.text:TimerCC32XX_hwiIntFunction</name>
         <load_address>0x200119bc</load_address>
         <run_address>0x200119bc</run_address>
         <size>0x34</size>
         <input_file_ref idref="fl-17"/>
      </object_component>
      <object_component id="oc-77f">
         <name>.text:UART2Support_sendData</name>
         <load_address>0x200119f0</load_address>
         <run_address>0x200119f0</run_address>
         <size>0x34</size>
         <input_file_ref idref="fl-18"/>
      </object_component>
      <object_component id="oc-677">
         <name>.text:UDMACC32XX_close</name>
         <load_address>0x20011a24</load_address>
         <run_address>0x20011a24</run_address>
         <size>0x34</size>
         <input_file_ref idref="fl-1a"/>
      </object_component>
      <object_component id="oc-80c">
         <name>.text:getPowerMgrId</name>
         <load_address>0x20011a58</load_address>
         <run_address>0x20011a58</run_address>
         <size>0x34</size>
         <input_file_ref idref="fl-17"/>
      </object_component>
      <object_component id="oc-907">
         <name>.text:UART2Support_disableRx</name>
         <load_address>0x20011a8c</load_address>
         <run_address>0x20011a8c</run_address>
         <size>0x32</size>
         <input_file_ref idref="fl-18"/>
      </object_component>
      <object_component id="oc-67">
         <name>.text:faultISR</name>
         <load_address>0x20011abe</load_address>
         <run_address>0x20011abe</run_address>
         <size>0x2</size>
         <input_file_ref idref="fl-20"/>
      </object_component>
      <object_component id="oc-3cf">
         <name>.text:ClockP_start</name>
         <load_address>0x20011ac0</load_address>
         <run_address>0x20011ac0</run_address>
         <size>0x30</size>
         <input_file_ref idref="fl-1d"/>
      </object_component>
      <object_component id="oc-a6b">
         <name>.text:PowerCC32XX_restoreParkedPin</name>
         <load_address>0x20011af0</load_address>
         <run_address>0x20011af0</run_address>
         <size>0x30</size>
         <input_file_ref idref="fl-15"/>
      </object_component>
      <object_component id="oc-665">
         <name>.text:UARTDisable</name>
         <load_address>0x20011b20</load_address>
         <run_address>0x20011b20</run_address>
         <size>0x30</size>
         <input_file_ref idref="fl-29"/>
      </object_component>
      <object_component id="oc-4bf">
         <name>.text:_outs</name>
         <load_address>0x20011b50</load_address>
         <run_address>0x20011b50</run_address>
         <size>0x30</size>
         <input_file_ref idref="fl-e2"/>
      </object_component>
      <object_component id="oc-211">
         <name>.text:initUART</name>
         <load_address>0x20011b80</load_address>
         <run_address>0x20011b80</run_address>
         <size>0x30</size>
         <input_file_ref idref="fl-2"/>
      </object_component>
      <object_component id="oc-979">
         <name>.text</name>
         <load_address>0x20011bb0</load_address>
         <run_address>0x20011bb0</run_address>
         <size>0x2e</size>
         <input_file_ref idref="fl-f6"/>
      </object_component>
      <object_component id="oc-61">
         <name>.text:nmiISR</name>
         <load_address>0x20011bde</load_address>
         <run_address>0x20011bde</run_address>
         <size>0x2</size>
         <input_file_ref idref="fl-20"/>
      </object_component>
      <object_component id="oc-453">
         <name>.text:PowerCC32XX_getParkState</name>
         <load_address>0x20011be0</load_address>
         <run_address>0x20011be0</run_address>
         <size>0x2c</size>
         <input_file_ref idref="fl-15"/>
      </object_component>
      <object_component id="oc-2f1">
         <name>.text:HwiP_create</name>
         <load_address>0x20011c0c</load_address>
         <run_address>0x20011c0c</run_address>
         <size>0x2a</size>
         <input_file_ref idref="fl-1e"/>
      </object_component>
      <object_component id="oc-944">
         <name>.text:RingBuf_getPointer</name>
         <load_address>0x20011c36</load_address>
         <run_address>0x20011c36</run_address>
         <size>0x2a</size>
         <input_file_ref idref="fl-12"/>
      </object_component>
      <object_component id="oc-837">
         <name>.text:TimerLoadSet</name>
         <load_address>0x20011c60</load_address>
         <run_address>0x20011c60</run_address>
         <size>0x2a</size>
         <input_file_ref idref="fl-28"/>
      </object_component>
      <object_component id="oc-831">
         <name>.text:TimerPrescaleSet</name>
         <load_address>0x20011c8a</load_address>
         <run_address>0x20011c8a</run_address>
         <size>0x2a</size>
         <input_file_ref idref="fl-28"/>
      </object_component>
      <object_component id="oc-7c8">
         <name>.text:I2CFIFODataPutNonBlocking</name>
         <load_address>0x20011cb4</load_address>
         <run_address>0x20011cb4</run_address>
         <size>0x28</size>
         <input_file_ref idref="fl-24"/>
      </object_component>
      <object_component id="oc-280">
         <name>.text:PRCMPeripheralClkDisable</name>
         <load_address>0x20011cdc</load_address>
         <run_address>0x20011cdc</run_address>
         <size>0x28</size>
         <input_file_ref idref="fl-27"/>
      </object_component>
      <object_component id="oc-2be">
         <name>.text:Power_registerNotify</name>
         <load_address>0x20011d04</load_address>
         <run_address>0x20011d04</run_address>
         <size>0x28</size>
         <input_file_ref idref="fl-15"/>
      </object_component>
      <object_component id="oc-608">
         <name>.text:free_list_insert</name>
         <load_address>0x20011d2c</load_address>
         <run_address>0x20011d2c</run_address>
         <size>0x28</size>
         <input_file_ref idref="fl-ed"/>
      </object_component>
      <object_component id="oc-6dd">
         <name>.text:uDMAChannelIsEnabled</name>
         <load_address>0x20011d54</load_address>
         <run_address>0x20011d54</run_address>
         <size>0x28</size>
         <input_file_ref idref="fl-2a"/>
      </object_component>
      <object_component id="oc-9db">
         <name>.text:I2CFIFODataGetNonBlocking</name>
         <load_address>0x20011d7c</load_address>
         <run_address>0x20011d7c</run_address>
         <size>0x26</size>
         <input_file_ref idref="fl-24"/>
      </object_component>
      <object_component id="oc-7fb">
         <name>.text:I2C_cancel</name>
         <load_address>0x20011da2</load_address>
         <run_address>0x20011da2</run_address>
         <size>0x26</size>
         <input_file_ref idref="fl-f"/>
      </object_component>
      <object_component id="oc-3f1">
         <name>.text:List_put</name>
         <load_address>0x20011dc8</load_address>
         <run_address>0x20011dc8</run_address>
         <size>0x26</size>
         <input_file_ref idref="fl-19"/>
      </object_component>
      <object_component id="oc-918">
         <name>.text:List_remove</name>
         <load_address>0x20011dee</load_address>
         <run_address>0x20011dee</run_address>
         <size>0x26</size>
         <input_file_ref idref="fl-19"/>
      </object_component>
      <object_component id="oc-62e">
         <name>.text:HwiP_dispatch</name>
         <load_address>0x20011e14</load_address>
         <run_address>0x20011e14</run_address>
         <size>0x24</size>
         <input_file_ref idref="fl-1e"/>
      </object_component>
      <object_component id="oc-447">
         <name>.text:PowerCC32XX_reset</name>
         <load_address>0x20011e38</load_address>
         <run_address>0x20011e38</run_address>
         <size>0x24</size>
         <input_file_ref idref="fl-15"/>
      </object_component>
      <object_component id="oc-a25">
         <name>.text:TimerSupport_timerDisable</name>
         <load_address>0x20011e5c</load_address>
         <run_address>0x20011e5c</run_address>
         <size>0x24</size>
         <input_file_ref idref="fl-17"/>
      </object_component>
      <object_component id="oc-69c">
         <name>.text:UARTEnable</name>
         <load_address>0x20011e80</load_address>
         <run_address>0x20011e80</run_address>
         <size>0x24</size>
         <input_file_ref idref="fl-29"/>
      </object_component>
      <object_component id="oc-c5">
         <name>.text:_c_int00_noargs:_c_int00_noargs</name>
         <load_address>0x20011ea4</load_address>
         <run_address>0x20011ea4</run_address>
         <size>0x24</size>
         <input_file_ref idref="fl-ee"/>
      </object_component>
      <object_component id="oc-9e3">
         <name>.text:I2CMasterSlaveAddrSet</name>
         <load_address>0x20011ec8</load_address>
         <run_address>0x20011ec8</run_address>
         <size>0x22</size>
         <input_file_ref idref="fl-24"/>
      </object_component>
      <object_component id="oc-4aa">
         <name>.text:UART2CC32XX_writeTimeout</name>
         <load_address>0x20011eea</load_address>
         <run_address>0x20011eea</run_address>
         <size>0x22</size>
         <input_file_ref idref="fl-18"/>
      </object_component>
      <object_component id="oc-66b">
         <name>.text:HwiP_destruct</name>
         <load_address>0x20011f0c</load_address>
         <run_address>0x20011f0c</run_address>
         <size>0x20</size>
         <input_file_ref idref="fl-1e"/>
      </object_component>
      <object_component id="oc-67d">
         <name>.text:Power_unregisterNotify</name>
         <load_address>0x20011f2c</load_address>
         <run_address>0x20011f2c</run_address>
         <size>0x20</size>
         <input_file_ref idref="fl-15"/>
      </object_component>
      <object_component id="oc-441">
         <name>.text:UART2CC32XX_getPowerMgrId</name>
         <load_address>0x20011f4c</load_address>
         <run_address>0x20011f4c</run_address>
         <size>0x20</size>
         <input_file_ref idref="fl-18"/>
      </object_component>
      <object_component id="oc-7a4">
         <name>.text:I2CMasterIntStatusEx</name>
         <load_address>0x20011f6c</load_address>
         <run_address>0x20011f6c</run_address>
         <size>0x1e</size>
         <input_file_ref idref="fl-24"/>
      </object_component>
      <object_component id="oc-477">
         <name>.text:SemaphoreP_constructBinary</name>
         <load_address>0x20011f8a</load_address>
         <run_address>0x20011f8a</run_address>
         <size>0x1e</size>
         <input_file_ref idref="fl-1c"/>
      </object_component>
      <object_component id="oc-82b">
         <name>.text:TimerDisable</name>
         <load_address>0x20011fa8</load_address>
         <run_address>0x20011fa8</run_address>
         <size>0x1e</size>
         <input_file_ref idref="fl-28"/>
      </object_component>
      <object_component id="oc-862">
         <name>.text:TimerEnable</name>
         <load_address>0x20011fc6</load_address>
         <run_address>0x20011fc6</run_address>
         <size>0x1e</size>
         <input_file_ref idref="fl-28"/>
      </object_component>
      <object_component id="oc-64c">
         <name>.text:postNotifyFxn</name>
         <load_address>0x20011fe4</load_address>
         <run_address>0x20011fe4</run_address>
         <size>0x1e</size>
         <input_file_ref idref="fl-1a"/>
      </object_component>
      <object_component id="oc-892">
         <name>.text</name>
         <load_address>0x20012002</load_address>
         <run_address>0x20012002</run_address>
         <size>0x2</size>
         <input_file_ref idref="fl-f0"/>
      </object_component>
      <object_component id="oc-205">
         <name>.text:GPIO_setCallback</name>
         <load_address>0x20012004</load_address>
         <run_address>0x20012004</run_address>
         <size>0x1c</size>
         <input_file_ref idref="fl-e"/>
      </object_component>
      <object_component id="oc-68f">
         <name>.text:PinToPadGet</name>
         <load_address>0x20012020</load_address>
         <run_address>0x20012020</run_address>
         <size>0x1c</size>
         <input_file_ref idref="fl-26"/>
      </object_component>
      <object_component id="oc-583">
         <name>.text:SwiP_disable</name>
         <load_address>0x2001203c</load_address>
         <run_address>0x2001203c</run_address>
         <size>0x1c</size>
         <input_file_ref idref="fl-21"/>
      </object_component>
      <object_component id="oc-602">
         <name>.text:free_list_remove</name>
         <load_address>0x20012058</load_address>
         <run_address>0x20012058</run_address>
         <size>0x1c</size>
         <input_file_ref idref="fl-ed"/>
      </object_component>
      <object_component id="oc-751">
         <name>.text:memccpy</name>
         <load_address>0x20012074</load_address>
         <run_address>0x20012074</run_address>
         <size>0x1c</size>
         <input_file_ref idref="fl-101"/>
      </object_component>
      <object_component id="oc-2a0">
         <name>.text:SemaphoreP_createBinary</name>
         <load_address>0x20012090</load_address>
         <run_address>0x20012090</run_address>
         <size>0x1a</size>
         <input_file_ref idref="fl-1c"/>
      </object_component>
      <object_component id="oc-21">
         <name>.text:resetISR</name>
         <load_address>0x200120ac</load_address>
         <run_address>0x200120ac</run_address>
         <size>0x1a</size>
         <input_file_ref idref="fl-20"/>
      </object_component>
      <object_component id="oc-a0e">
         <name>.text:I2CMasterBusBusy</name>
         <load_address>0x200120c6</load_address>
         <run_address>0x200120c6</run_address>
         <size>0x18</size>
         <input_file_ref idref="fl-24"/>
      </object_component>
      <object_component id="oc-7b6">
         <name>.text:I2CMasterIntDisableEx</name>
         <load_address>0x200120de</load_address>
         <run_address>0x200120de</run_address>
         <size>0x18</size>
         <input_file_ref idref="fl-24"/>
      </object_component>
      <object_component id="oc-9f5">
         <name>.text:I2CMasterIntEnableEx</name>
         <load_address>0x200120f6</load_address>
         <run_address>0x200120f6</run_address>
         <size>0x18</size>
         <input_file_ref idref="fl-24"/>
      </object_component>
      <object_component id="oc-a08">
         <name>.text:I2CRxFIFOFlush</name>
         <load_address>0x2001210e</load_address>
         <run_address>0x2001210e</run_address>
         <size>0x18</size>
         <input_file_ref idref="fl-24"/>
      </object_component>
      <object_component id="oc-a02">
         <name>.text:I2CTxFIFOFlush</name>
         <load_address>0x20012126</load_address>
         <run_address>0x20012126</run_address>
         <size>0x18</size>
         <input_file_ref idref="fl-24"/>
      </object_component>
      <object_component id="oc-595">
         <name>.text:Power_getTransitionLatency</name>
         <load_address>0x20012140</load_address>
         <run_address>0x20012140</run_address>
         <size>0x18</size>
         <input_file_ref idref="fl-15"/>
      </object_component>
      <object_component id="oc-8db">
         <name>.text:Power_idleFunc</name>
         <load_address>0x20012158</load_address>
         <run_address>0x20012158</run_address>
         <size>0x18</size>
         <input_file_ref idref="fl-15"/>
      </object_component>
      <object_component id="oc-ae1">
         <name>.text:TimerIntDisable</name>
         <load_address>0x20012170</load_address>
         <run_address>0x20012170</run_address>
         <size>0x18</size>
         <input_file_ref idref="fl-28"/>
      </object_component>
      <object_component id="oc-856">
         <name>.text:TimerIntEnable</name>
         <load_address>0x20012188</load_address>
         <run_address>0x20012188</run_address>
         <size>0x18</size>
         <input_file_ref idref="fl-28"/>
      </object_component>
      <object_component id="oc-785">
         <name>.text:UART2Support_txDone</name>
         <load_address>0x200121a0</load_address>
         <run_address>0x200121a0</run_address>
         <size>0x18</size>
         <input_file_ref idref="fl-18"/>
      </object_component>
      <object_component id="oc-30e">
         <name>.text:UART2_Params_init</name>
         <load_address>0x200121b8</load_address>
         <run_address>0x200121b8</run_address>
         <size>0x18</size>
         <input_file_ref idref="fl-11"/>
      </object_component>
      <object_component id="oc-659">
         <name>.text:UARTDMADisable</name>
         <load_address>0x200121d0</load_address>
         <run_address>0x200121d0</run_address>
         <size>0x18</size>
         <input_file_ref idref="fl-29"/>
      </object_component>
      <object_component id="oc-653">
         <name>.text:UARTIntDisable</name>
         <load_address>0x200121e8</load_address>
         <run_address>0x200121e8</run_address>
         <size>0x18</size>
         <input_file_ref idref="fl-29"/>
      </object_component>
      <object_component id="oc-6a2">
         <name>.text:UARTIntEnable</name>
         <load_address>0x20012200</load_address>
         <run_address>0x20012200</run_address>
         <size>0x18</size>
         <input_file_ref idref="fl-29"/>
      </object_component>
      <object_component id="oc-4c5">
         <name>.text:_outc</name>
         <load_address>0x20012218</load_address>
         <run_address>0x20012218</run_address>
         <size>0x18</size>
         <input_file_ref idref="fl-e2"/>
      </object_component>
      <object_component id="oc-5b2">
         <name>.text</name>
         <load_address>0x20012230</load_address>
         <run_address>0x20012230</run_address>
         <size>0x18</size>
         <input_file_ref idref="fl-e6"/>
      </object_component>
      <object_component id="oc-9ef">
         <name>.text:I2CMasterBurstLengthSet</name>
         <load_address>0x20012248</load_address>
         <run_address>0x20012248</run_address>
         <size>0x16</size>
         <input_file_ref idref="fl-24"/>
      </object_component>
      <object_component id="oc-26e">
         <name>.text:PRCMHIBRegRead</name>
         <load_address>0x2001225e</load_address>
         <run_address>0x2001225e</run_address>
         <size>0x16</size>
         <input_file_ref idref="fl-27"/>
      </object_component>
      <object_component id="oc-268">
         <name>.text:PRCMHIBRegWrite</name>
         <load_address>0x20012274</load_address>
         <run_address>0x20012274</run_address>
         <size>0x16</size>
         <input_file_ref idref="fl-27"/>
      </object_component>
      <object_component id="oc-3b7">
         <name>.text:SemaphoreP_create</name>
         <load_address>0x2001228a</load_address>
         <run_address>0x2001228a</run_address>
         <size>0x16</size>
         <input_file_ref idref="fl-1c"/>
      </object_component>
      <object_component id="oc-9aa">
         <name>.text:strchr</name>
         <load_address>0x200122a0</load_address>
         <run_address>0x200122a0</run_address>
         <size>0x16</size>
         <input_file_ref idref="fl-102"/>
      </object_component>
      <object_component id="oc-15a">
         <name>.text:Board_init</name>
         <load_address>0x200122b6</load_address>
         <run_address>0x200122b6</run_address>
         <size>0x14</size>
         <input_file_ref idref="fl-3"/>
      </object_component>
      <object_component id="oc-a3">
         <name>.text:CPUcpsid</name>
         <load_address>0x200122ca</load_address>
         <run_address>0x200122ca</run_address>
         <size>0x14</size>
         <input_file_ref idref="fl-23"/>
      </object_component>
      <object_component id="oc-3f8">
         <name>.text:HwiP_inISR</name>
         <load_address>0x200122e0</load_address>
         <run_address>0x200122e0</run_address>
         <size>0x14</size>
         <input_file_ref idref="fl-1e"/>
      </object_component>
      <object_component id="oc-a16">
         <name>.text:I2CSupport_masterFinish</name>
         <load_address>0x200122f4</load_address>
         <run_address>0x200122f4</run_address>
         <size>0x14</size>
         <input_file_ref idref="fl-14"/>
      </object_component>
      <object_component id="oc-336">
         <name>.text:I2C_transfer</name>
         <load_address>0x20012308</load_address>
         <run_address>0x20012308</run_address>
         <size>0x14</size>
         <input_file_ref idref="fl-f"/>
      </object_component>
      <object_component id="oc-af">
         <name>.text:IntVTableBaseSet</name>
         <load_address>0x2001231c</load_address>
         <run_address>0x2001231c</run_address>
         <size>0x14</size>
         <input_file_ref idref="fl-25"/>
      </object_component>
      <object_component id="oc-3fe">
         <name>.text:Power_disablePolicy</name>
         <load_address>0x20012330</load_address>
         <run_address>0x20012330</run_address>
         <size>0x14</size>
         <input_file_ref idref="fl-15"/>
      </object_component>
      <object_component id="oc-a64">
         <name>.text:Power_getDependencyCount</name>
         <load_address>0x20012344</load_address>
         <run_address>0x20012344</run_address>
         <size>0x14</size>
         <input_file_ref idref="fl-15"/>
      </object_component>
      <object_component id="oc-722">
         <name>.text:strlen</name>
         <load_address>0x20012358</load_address>
         <run_address>0x20012358</run_address>
         <size>0x14</size>
         <input_file_ref idref="fl-103"/>
      </object_component>
      <object_component id="oc-2eb">
         <name>.text:HwiP_Params_init</name>
         <load_address>0x2001236c</load_address>
         <run_address>0x2001236c</run_address>
         <size>0x12</size>
         <input_file_ref idref="fl-1e"/>
      </object_component>
[...]
      <symbol id="sm-c0f">
         <name>I2CRxFIFOFlush</name>
         <value>0x2001210f</value>
         <object_component_ref idref="oc-a08"/>
      </symbol>
      <symbol id="sm-c10">
         <name>I2CTxFIFOFlush</name>
         <value>0x20012127</value>
         <object_component_ref idref="oc-a02"/>
      </symbol>
      <symbol id="sm-c11">
         <name>I2CFIFODataPutNonBlocking</name>
         <value>0x20011cb5</value>
         <object_component_ref idref="oc-7c8"/>
      </symbol>
      <symbol id="sm-c12">
         <name>I2CMasterBusBusy</name>
         <value>0x200120c7</value>
         <object_component_ref idref="oc-a0e"/>
      </symbol>
      <symbol id="sm-c13">
         <name>I2CMasterIntDisableEx</name>
         <value>0x200120df</value>
         <object_component_ref idref="oc-7b6"/>
      </symbol>
      <symbol id="sm-c14">
         <name>I2CMasterBurstLengthSet</name>
         <value>0x20012249</value>
         <object_component_ref idref="oc-9ef"/>
      </symbol>
      <symbol id="sm-c15">
         <name>I2CMasterIntClearEx</name>
         <value>0x2001237f</value>
         <object_component_ref idref="oc-7aa"/>
      </symbol>
      <symbol id="sm-c16">
         <name>I2CMasterSlaveAddrSet</name>
         <value>0x20011ec9</value>
         <object_component_ref idref="oc-9e3"/>
      </symbol>
      <symbol id="sm-c17">
         <name>I2CMasterIntEnableEx</name>
         <value>0x200120f7</value>
         <object_component_ref idref="oc-9f5"/>
      </symbol>
      <symbol id="sm-c18">
         <name>I2CFIFOStatus</name>
         <value>0x2001246d</value>
         <object_component_ref idref="oc-7ce"/>
      </symbol>
      <symbol id="sm-c19">
         <name>I2CMasterIntStatusEx</name>
         <value>0x20011f6d</value>
         <object_component_ref idref="oc-7a4"/>
      </symbol>
      <symbol id="sm-c1a">
         <name>I2CFIFODataGetNonBlocking</name>
         <value>0x20011d7d</value>
         <object_component_ref idref="oc-9db"/>
      </symbol>
      <symbol id="sm-c5f">
         <name>IntVTableBaseSet</name>
         <value>0x2001231d</value>
         <object_component_ref idref="oc-af"/>
      </symbol>
      <symbol id="sm-c60">
         <name>IntEnable</name>
         <value>0x2000f839</value>
         <object_component_ref idref="oc-b5"/>
      </symbol>
      <symbol id="sm-c61">
         <name>IntMasterDisable</name>
         <value>0x20012607</value>
         <object_component_ref idref="oc-53"/>
      </symbol>
      <symbol id="sm-c62">
         <name>IntPendSet</name>
         <value>0x2000fe2d</value>
         <object_component_ref idref="oc-a7a"/>
      </symbol>
      <symbol id="sm-c9c">
         <name>PinModeGet</name>
         <value>0x200118b9</value>
         <object_component_ref idref="oc-286"/>
      </symbol>
      <symbol id="sm-c9d">
         <name>PinConfigSet</name>
         <value>0x2000feb5</value>
         <object_component_ref idref="oc-2df"/>
      </symbol>
      <symbol id="sm-c9e">
         <name>PinModeSet</name>
         <value>0x2001142d</value>
         <object_component_ref idref="oc-28c"/>
      </symbol>
      <symbol id="sm-c9f">
         <name>PinToPadGet</name>
         <value>0x20012021</value>
         <object_component_ref idref="oc-68f"/>
      </symbol>
      <symbol id="sm-d68">
         <name>PRCMLPDSRestoreInfoSet</name>
         <value>0x20011255</value>
         <object_component_ref idref="oc-a5c"/>
      </symbol>
      <symbol id="sm-d69">
         <name>PRCMPeripheralReset</name>
         <value>0x20010a39</value>
         <object_component_ref idref="oc-27a"/>
      </symbol>
      <symbol id="sm-d6a">
         <name>PRCMLPDSEnter</name>
         <value>0x2001101d</value>
         <object_component_ref idref="oc-8c1"/>
      </symbol>
      <symbol id="sm-d6b">
         <name>PRCMPeripheralClkEnable</name>
         <value>0x20011065</value>
         <object_component_ref idref="oc-274"/>
      </symbol>
      <symbol id="sm-d6c">
         <name>PRCMLPDSEnterKeepDebugIf</name>
         <value>0x2001165d</value>
         <object_component_ref idref="oc-8c7"/>
      </symbol>
      <symbol id="sm-d6d">
         <name>PRCMCC3200MCUInit</name>
         <value>0x2000ca91</value>
         <object_component_ref idref="oc-1df"/>
      </symbol>
      <symbol id="sm-d6e">
         <name>PRCMHIBRegWrite</name>
         <value>0x20012275</value>
         <object_component_ref idref="oc-268"/>
      </symbol>
      <symbol id="sm-d6f">
         <name>PRCMSysResetCauseGet</name>
         <value>0x20010861</value>
         <object_component_ref idref="oc-261"/>
      </symbol>
      <symbol id="sm-d70">
         <name>PRCMPeripheralClkDisable</name>
         <value>0x20011cdd</value>
         <object_component_ref idref="oc-280"/>
      </symbol>
      <symbol id="sm-d71">
         <name>PRCMHIBRegRead</name>
         <value>0x2001225f</value>
         <object_component_ref idref="oc-26e"/>
      </symbol>
      <symbol id="sm-db9">
         <name>TimerLoadSet</name>
         <value>0x20011c61</value>
         <object_component_ref idref="oc-837"/>
      </symbol>
      <symbol id="sm-dba">
         <name>TimerDisable</name>
         <value>0x20011fa9</value>
         <object_component_ref idref="oc-82b"/>
      </symbol>
      <symbol id="sm-dbb">
         <name>TimerEnable</name>
         <value>0x20011fc7</value>
         <object_component_ref idref="oc-862"/>
      </symbol>
      <symbol id="sm-dbc">
         <name>TimerIntDisable</name>
         <value>0x20012171</value>
         <object_component_ref idref="oc-ae1"/>
      </symbol>
      <symbol id="sm-dbd">
         <name>TimerPrescaleSet</name>
         <value>0x20011c8b</value>
         <object_component_ref idref="oc-831"/>
      </symbol>
      <symbol id="sm-dbe">
         <name>TimerControlStall</name>
         <value>0x200117ad</value>
         <object_component_ref idref="oc-83d"/>
      </symbol>
      <symbol id="sm-dbf">
         <name>TimerIntEnable</name>
         <value>0x20012189</value>
         <object_component_ref idref="oc-856"/>
      </symbol>
      <symbol id="sm-dc0">
         <name>TimerIntClear</name>
         <value>0x200123a3</value>
         <object_component_ref idref="oc-84d"/>
      </symbol>
      <symbol id="sm-dfd">
         <name>UARTDisable</name>
         <value>0x20011b21</value>
         <object_component_ref idref="oc-665"/>
      </symbol>
      <symbol id="sm-dfe">
         <name>UARTIntEnable</name>
         <value>0x20012201</value>
         <object_component_ref idref="oc-6a2"/>
      </symbol>
      <symbol id="sm-dff">
         <name>UARTIntDisable</name>
         <value>0x200121e9</value>
         <object_component_ref idref="oc-653"/>
      </symbol>
      <symbol id="sm-e00">
         <name>UARTRxErrorGet</name>
         <value>0x200123c7</value>
         <object_component_ref idref="oc-6d1"/>
      </symbol>
      <symbol id="sm-e01">
         <name>UARTEnable</name>
         <value>0x20011e81</value>
         <object_component_ref idref="oc-69c"/>
      </symbol>
      <symbol id="sm-e02">
         <name>UARTIntClear</name>
         <value>0x200123b5</value>
         <object_component_ref idref="oc-696"/>
      </symbol>
      <symbol id="sm-e03">
         <name>UARTDMADisable</name>
         <value>0x200121d1</value>
         <object_component_ref idref="oc-659"/>
      </symbol>
      <symbol id="sm-e36">
         <name>uDMAChannelIsEnabled</name>
         <value>0x20011d55</value>
         <object_component_ref idref="oc-6dd"/>
      </symbol>
      <symbol id="sm-e37">
         <name>uDMAErrorStatusGet</name>
         <value>0x200125dd</value>
         <object_component_ref idref="oc-af4"/>
      </symbol>
      <symbol id="sm-e38">
         <name>uDMAErrorStatusClear</name>
         <value>0x200125d1</value>
         <object_component_ref idref="oc-afa"/>
      </symbol>
      <symbol id="sm-e39">
         <name>uDMAChannelAttributeDisable</name>
         <value>0x2001079d</value>
         <object_component_ref idref="oc-6a8"/>
      </symbol>
      <symbol id="sm-e3d">
         <name>UtilsDelay</name>
         <value>0x20012643</value>
         <object_component_ref idref="oc-267"/>
      </symbol>
      <symbol id="sm-e4d">
         <name>FlashDisable</name>
         <value>0x20010f45</value>
         <object_component_ref idref="oc-a72"/>
      </symbol>
      <symbol id="sm-e7c">
         <name>snprintf</name>
         <value>0x20010ef9</value>
         <object_component_ref idref="oc-31e"/>
      </symbol>
      <symbol id="sm-e86">
         <name>__aeabi_fmul</name>
         <value>0x20010347</value>
         <object_component_ref idref="oc-870"/>
      </symbol>
      <symbol id="sm-e90">
         <name>__aeabi_f2iz</name>
         <value>0x2001173d</value>
         <object_component_ref idref="oc-875"/>
      </symbol>
      <symbol id="sm-e9b">
         <name>__aeabi_i2f</name>
         <value>0x20011775</value>
         <object_component_ref idref="oc-86b"/>
      </symbol>
      <symbol id="sm-ea4">
         <name>__aeabi_lmul</name>
         <value>0x20012231</value>
         <object_component_ref idref="oc-5b2"/>
      </symbol>
      <symbol id="sm-ebf">
         <name>memcpy</name>
         <value>0x2000fac5</value>
         <object_component_ref idref="oc-3b"/>
      </symbol>
      <symbol id="sm-ec0">
         <name>__aeabi_memcpy</name>
         <value>0x2000fac5</value>
         <object_component_ref idref="oc-3b"/>
      </symbol>
      <symbol id="sm-ec1">
         <name>__aeabi_memcpy8</name>
         <value>0x2000fac5</value>
         <object_component_ref idref="oc-3b"/>
      </symbol>
      <symbol id="sm-ec2">
         <name>__aeabi_memcpy4</name>
         <value>0x2000fac5</value>
         <object_component_ref idref="oc-3b"/>
      </symbol>
      <symbol id="sm-ecf">
         <name>__aeabi_uldivmod</name>
         <value>0x2000fb61</value>
         <object_component_ref idref="oc-5a7"/>
      </symbol>
      <symbol id="sm-ee1">
         <name>__TI_zero_init</name>
         <value>0x20012595</value>
         <object_component_ref idref="oc-4d"/>
      </symbol>
      <symbol id="sm-ef8">
         <name>__TI_decompress_none</name>
         <value>0x2001253f</value>
         <object_component_ref idref="oc-1a"/>
      </symbol>
      <symbol id="sm-f1b">
         <name>__TI_decompress_lzss</name>
         <value>0x2001066d</value>
         <object_component_ref idref="oc-14"/>
      </symbol>
      <symbol id="sm-f28">
         <name>bzero</name>
         <value>0x20012621</value>
         <object_component_ref idref="oc-550"/>
      </symbol>
      <symbol id="sm-fb1">
         <name>_sys_memory</name>
         <value>0x20004040</value>
         <object_component_ref idref="oc-2a"/>
      </symbol>
      <symbol id="sm-fb2">
         <name>free</name>
         <value>0x2000f2ed</value>
         <object_component_ref idref="oc-3c2"/>
      </symbol>
      <symbol id="sm-fb3">
         <name>memalign</name>
         <value>0x2000ee25</value>
         <object_component_ref idref="oc-624"/>
      </symbol>
      <symbol id="sm-fb4">
         <name>malloc</name>
         <value>0x20012629</value>
         <object_component_ref idref="oc-41c"/>
      </symbol>
      <symbol id="sm-fb5">
         <name>aligned_alloc</name>
         <value>0x2000ee25</value>
         <object_component_ref idref="oc-624"/>
      </symbol>
      <symbol id="sm-fc7">
         <name>__stack</name>
         <value>0x20003000</value>
         <object_component_ref idref="oc-2d"/>
      </symbol>
      <symbol id="sm-fc8">
         <name>_c_int00_noargs</name>
         <value>0x20011ea5</value>
         <object_component_ref idref="oc-c5"/>
      </symbol>
      <symbol id="sm-112d">
         <name>__TI_printfi</name>
         <value>0x2000c041</value>
         <object_component_ref idref="oc-4b9"/>
      </symbol>
      <symbol id="sm-1137">
         <name>__aeabi_idiv0</name>
         <value>0x20012003</value>
         <object_component_ref idref="oc-892"/>
      </symbol>
      <symbol id="sm-1138">
         <name>__aeabi_ldiv0</name>
         <value>0x20012003</value>
         <object_component_ref idref="oc-892"/>
      </symbol>
      <symbol id="sm-114f">
         <name>__aeabi_dsub</name>
         <value>0x2000dc29</value>
         <object_component_ref idref="oc-97e"/>
      </symbol>
      <symbol id="sm-1150">
         <name>__aeabi_dadd</name>
         <value>0x2000dc33</value>
         <object_component_ref idref="oc-97e"/>
      </symbol>
      <symbol id="sm-1172">
         <name>__aeabi_cdcmpeq</name>
         <value>0x2000ff3d</value>
         <object_component_ref idref="oc-734"/>
      </symbol>
      <symbol id="sm-1173">
         <name>__aeabi_cdcmple</name>
         <value>0x2000ff3d</value>
         <object_component_ref idref="oc-734"/>
      </symbol>
      <symbol id="sm-1174">
         <name>__aeabi_cdrcmple</name>
         <value>0x2000ffc3</value>
         <object_component_ref idref="oc-969"/>
      </symbol>
      <symbol id="sm-1188">
         <name>__aeabi_ddiv</name>
         <value>0x2000e9a5</value>
         <object_component_ref idref="oc-964"/>
      </symbol>
      <symbol id="sm-1193">
         <name>__aeabi_dmul</name>
         <value>0x2000f021</value>
         <object_component_ref idref="oc-95f"/>
      </symbol>
      <symbol id="sm-119d">
         <name>__aeabi_d2iz</name>
         <value>0x2001113d</value>
         <object_component_ref idref="oc-96e"/>
      </symbol>
      <symbol id="sm-11a7">
         <name>__aeabi_i2d</name>
         <value>0x20011bb1</value>
         <object_component_ref idref="oc-979"/>
      </symbol>
      <symbol id="sm-11b6">
         <name>__aeabi_memset</name>
         <value>0x200103c3</value>
         <object_component_ref idref="oc-9d"/>
      </symbol>
      <symbol id="sm-11b7">
         <name>memset</name>
         <value>0x200103c9</value>
         <object_component_ref idref="oc-9d"/>
      </symbol>
      <symbol id="sm-11b8">
         <name>__aeabi_memset8</name>
         <value>0x200103c3</value>
         <object_component_ref idref="oc-9d"/>
      </symbol>
      <symbol id="sm-11b9">
         <name>__aeabi_memset4</name>
         <value>0x200103c3</value>
         <object_component_ref idref="oc-9d"/>
      </symbol>
      <symbol id="sm-11ba">
         <name>__aeabi_memclr8</name>
         <value>0x200103c1</value>
         <object_component_ref idref="oc-9d"/>
      </symbol>
      <symbol id="sm-11bb">
         <name>__aeabi_memclr4</name>
         <value>0x200103c1</value>
         <object_component_ref idref="oc-9d"/>
      </symbol>
      <symbol id="sm-11bc">
         <name>__aeabi_memclr</name>
         <value>0x200103c1</value>
         <object_component_ref idref="oc-9d"/>
      </symbol>
      <symbol id="sm-11e4">
         <name>__TI_auto_init_nobinit_nopinit</name>
         <value>0x200113a9</value>
         <object_component_ref idref="oc-179"/>
      </symbol>
      <symbol id="sm-11ee">
         <name>_system_pre_init</name>
         <value>0x20012659</value>
         <object_component_ref idref="oc-119"/>
      </symbol>
      <symbol id="sm-11fa">
         <name>C$$EXIT</name>
         <value>0x2001265d</value>
         <object_component_ref idref="oc-16d"/>
      </symbol>
      <symbol id="sm-11fb">
         <name>abort</name>
         <value>0x2001265d</value>
         <object_component_ref idref="oc-16d"/>
      </symbol>
      <symbol id="sm-1210">
         <name>_nop</name>
         <value>0x200104af</value>
         <object_component_ref idref="oc-366"/>
      </symbol>
      <symbol id="sm-1211">
         <name>_lock</name>
         <value>0x20013900</value>
         <object_component_ref idref="oc-234"/>
      </symbol>
      <symbol id="sm-1212">
         <name>_unlock</name>
         <value>0x20013904</value>
         <object_component_ref idref="oc-234"/>
      </symbol>
      <symbol id="sm-1221">
         <name>__TI_ltoa</name>
         <value>0x20010b3f</value>
         <object_component_ref idref="oc-973"/>
      </symbol>
      <symbol id="sm-1238">
         <name>atoi</name>
         <value>0x20010e61</value>
         <object_component_ref idref="oc-728"/>
      </symbol>
      <symbol id="sm-1243">
         <name>_ctypes_</name>
         <value>0x20013940</value>
         <object_component_ref idref="oc-958"/>
      </symbol>
      <symbol id="sm-1253">
         <name>memccpy</name>
         <value>0x20012075</value>
         <object_component_ref idref="oc-751"/>
      </symbol>
      <symbol id="sm-1263">
         <name>strchr</name>
         <value>0x200122a1</value>
         <object_component_ref idref="oc-9aa"/>
      </symbol>
      <symbol id="sm-1271">
         <name>strlen</name>
         <value>0x20012359</value>
         <object_component_ref idref="oc-722"/>
      </symbol>
      <symbol id="sm-1287">
         <name>__aeabi_errno_addr</name>
         <value>0x20012619</value>
         <object_component_ref idref="oc-75d"/>
      </symbol>
      <symbol id="sm-1288">
         <name>errno</name>
         <value>0x20013938</value>
         <object_component_ref idref="oc-9ba"/>
      </symbol>
      <symbol id="sm-12a8">
         <name>frexpl</name>
         <value>0x20010981</value>
         <object_component_ref idref="oc-99e"/>
      </symbol>
      <symbol id="sm-12a9">
         <name>frexp</name>
         <value>0x20010981</value>
         <object_component_ref idref="oc-99e"/>
      </symbol>
      <symbol id="sm-12c7">
         <name>scalbn</name>
         <value>0x2000f3d1</value>
         <object_component_ref idref="oc-9a4"/>
      </symbol>
      <symbol id="sm-12c8">
         <name>scalbnl</name>
         <value>0x2000f3d1</value>
         <object_component_ref idref="oc-9a4"/>
      </symbol>
      <symbol id="sm-12c9">
         <name>ldexpl</name>
         <value>0x2000f3d1</value>
         <object_component_ref idref="oc-9a4"/>
      </symbol>
      <symbol id="sm-12ca">
         <name>ldexp</name>
         <value>0x2000f3d1</value>
         <object_component_ref idref="oc-9a4"/>
      </symbol>
      <symbol id="sm-12d4">
         <name>copysign</name>
         <value>0x20012589</value>
         <object_component_ref idref="oc-aba"/>
      </symbol>
      <symbol id="sm-12d5">
         <name>copysignl</name>
         <value>0x20012589</value>
         <object_component_ref idref="oc-aba"/>
      </symbol>
      <symbol id="sm-12ee">
         <name>wcslen</name>
         <value>0x200123eb</value>
         <object_component_ref idref="oc-757"/>
      </symbol>
      <symbol id="sm-12ef">
         <name>__TI_static_base__</name>
         <value>0x20012660</value>
      </symbol>
      <symbol id="sm-12f2">
         <name>ITM_flush</name>
         <value>0x0</value>
      </symbol>
      <symbol id="sm-12f3">
         <name>ITM_restore</name>
         <value>0x0</value>
      </symbol>
      <symbol id="sm-12f4">
         <name>__mpu_init</name>
         <value>0x0</value>
      </symbol>
      <symbol id="sm-12f5">
         <name>_system_post_cinit</name>
         <value>0x0</value>
      </symbol>
      <symbol id="sm-12f6">
         <name>NoRTOS_start</name>
         <value>0x20012507</value>
      </symbol>
   </symbol_table>
   <title>Link successful</title>
</link_info>
