******************************************************************************
                  TI ARM Linker PC v20.2.6                     
******************************************************************************
>> Linked Sun Aug 14 18:08:24 2022

OUTPUT FILE NAME:   <Project_Kovacevich.out>
ENTRY POINT SYMBOL: "resetISR"  address: 200120ad


MEMORY CONFIGURATION

         name            origin    length      used     unused   attr    fill
----------------------  --------  ---------  --------  --------  ----  --------
  SRAM2                 20000000   00004000  0000130c  00002cf4  RW X
  SRAM                  20004000   0003c000  0000fd3b  0002c2c5  RW X
  LOG_DATA              90000000   00040000  00000000  00040000  R   


SEGMENT ALLOCATION MAP

run origin  load origin   length   init length attrs members
----------  ----------- ---------- ----------- ----- -------
20003000    20003000    00001000   00000000    rw-
  20003000    20003000    00001000   00000000    rw- .stack
20004000    20004000    00000040   00000040    r--
  20004000    20004000    00000040   00000040    r-- .resetVecs
20004040    20004040    00008000   00000000    rw-
  20004040    20004040    00008000   00000000    rw- .sysmem
2000c040    2000c040    00006720   00006720    r-x
  2000c040    2000c040    00006620   00006620    r-x .text
  20012660    20012660    00000100   00000100    r-- .cinit
20012800    20012800    0000113e   00000000    rw-
  20012800    20012800    00000a48   00000000    rw- .bss
  20013248    20013248    000006f6   00000000    rw- .data
20013940    20013940    0000049d   0000049d    r--
  20013940    20013940    0000049d   0000049d    r-- .const


SECTION ALLOCATION MAP

 output                                  attributes/
section   page    origin      length       input sections
--------  ----  ----------  ----------   ----------------
.text      0    2000c040    00006620     
                  2000c040    00000a4e     rtsv7M4_T_le_eabi.lib : _printfi.c.obj (.text:__TI_printfi)
                  2000ca8e    00000002     ti_drivers_config.obj (.text:Board_initHook)
                  2000ca90    0000042c     driverlib.a : prcm.obj (.text:PRCMCC3200MCUInit)
                  2000cebc    00000298     drivers_cc32xx.a : UART2.oem4 (.text:UART2_writeTimeout)
                  2000d154    00000294                      : UART2CC32XX.oem4 (.text:UART2_open)
                  2000d3e8    00000268     rtsv7M4_T_le_eabi.lib : _printfi.c.obj (.text:_pconv_a)
                  2000d650    00000234     drivers_cc32xx.a : UART2CC32XX.oem4 (.text:UART2CC32XX_hwiIntFxn)
                  2000d884    000001d8     gpiointerrupt.obj (.text:initI2C)
                  2000da5c    000001cc     rtsv7M4_T_le_eabi.lib : _printfi.c.obj (.text:_pconv_g)
                  2000dc28    000001b6                           : fd_add_t2.asm.obj (.text)
                  2000ddde    00000002     nortos_cc32xx.a : PowerCC32XX_nortos.oem4 (.text:PowerCC32XX_initPolicy)
                  2000dde0    000001a0                     : PowerCC32XX_nortos.oem4 (.text:PowerCC32XX_sleepPolicy)
                  2000df80    00000158     gpiointerrupt.obj (.text:timerCallback)
                  2000e0d8    00000154     drivers_cc32xx.a : GPIOCC32XX.oem4 (.text:GPIO_setConfig)
                  2000e22c    00000148                      : I2CCC32XX.oem4 (.text:I2CCC32XX_hwiFxn)
                  2000e374    00000148                      : PowerCC32XX.oem4 (.text:parkPins)
                  2000e4bc    0000013c     rtsv7M4_T_le_eabi.lib : _printfi.c.obj (.text:_pconv_e)
                  2000e5f8    0000013c     gpiointerrupt.obj (.text:readTemp)
                  2000e734    00000138     drivers_cc32xx.a : PowerCC32XX.oem4 (.text:Power_sleep)
                  2000e86c    00000138                      : TimerCC32XX.oem4 (.text:Timer_open)
                  2000e9a4    00000136     rtsv7M4_T_le_eabi.lib : fd_div_t2.asm.obj (.text)
                  2000eada    00000122     drivers_cc32xx.a : I2C.oem4 (.text:I2C_transferTimeout)
                  2000ebfc    00000120     rtsv7M4_T_le_eabi.lib : _printfi.c.obj (.text:fcvt)
                  2000ed1c    00000108     drivers_cc32xx.a : UART2CC32XX.oem4 (.text:UART2_close)
                  2000ee24    00000100     rtsv7M4_T_le_eabi.lib : memory.c.obj (.text:aligned_alloc)
                  2000ef24    000000fc     drivers_cc32xx.a : I2CCC32XX.oem4 (.text:I2C_open)
                  2000f020    000000fc     rtsv7M4_T_le_eabi.lib : fd_mul_t2.asm.obj (.text)
                  2000f11c    000000ec     drivers_cc32xx.a : UART2CC32XX.oem4 (.text:UART2CC32XX_initHw)
                  2000f208    000000e4                      : UART2CC32XX.oem4 (.text:UART2Support_dmaStartRx)
                  2000f2ec    000000e4     rtsv7M4_T_le_eabi.lib : memory.c.obj (.text:free)
                  2000f3d0    000000d0                           : s_scalbn.c.obj (.text:scalbn)
                  2000f4a0    000000c8     drivers_cc32xx.a : UART2CC32XX.oem4 (.text:UART2Support_dmaStartTx)
                  2000f568    000000c0                      : PowerCC32XX.oem4 (.text:restoreParkedPins)
                  2000f628    000000b2                      : I2CCC32XX.oem4 (.text:I2CCC32XX_completeTransfer)
                  2000f6da    00000002     nortos_cc32xx.a : SemaphoreP_nortos.oem4 (.text:SemaphoreP_destruct)
                  2000f6dc    000000b1     rtsv7M4_T_le_eabi.lib : _printfi.c.obj (.text:_ltostr)
                  2000f78d    00000001     --HOLE-- [fill = 0]
                  2000f78e    000000a8     drivers_cc32xx.a : I2CCC32XX.oem4 (.text:I2CCC32XX_primeWriteBurst)
                  2000f836    00000002                      : Timer.oem4 (.text:Timer_init)
                  2000f838    000000a8     driverlib.a : interrupt.obj (.text:IntEnable)
                  2000f8e0    000000a8     drivers_cc32xx.a : PowerCC32XX.oem4 (.text:PowerCC32XX_configureWakeup)
                  2000f988    000000a0     nortos_cc32xx.a : SemaphoreP_nortos.oem4 (.text:SemaphoreP_pend)
                  2000fa28    0000009c     drivers_cc32xx.a : I2CCC32XX.oem4 (.text:I2CCC32XX_initHw)
                  2000fac4    0000009c     rtsv7M4_T_le_eabi.lib : memcpy_t2.asm.obj (.text)
                  2000fb60    00000096                           : ull_div_t2.asm.obj (.text)
                  2000fbf6    00000002     drivers_cc32xx.a : UART2CC32XX.oem4 (.text:UART2CC32XX_eventCallback)
                  2000fbf8    00000090                      : GPIOCC32XX.oem4 (.text:GPIO_init)
                  2000fc88    00000090                      : PowerCC32XX.oem4 (.text:restoreNVICRegs)
                  2000fd18    0000008c     nortos_cc32xx.a : HwiPCC32XX_nortos.oem4 (.text:HwiP_construct)
                  2000fda4    00000088     drivers_cc32xx.a : I2CCC32XX.oem4 (.text:I2C_close)
                  2000fe2c    00000088     driverlib.a : interrupt.obj (.text:IntPendSet)
                  2000feb4    00000088                 : pin.obj (.text:PinConfigSet)
                  2000ff3c    00000086     rtsv7M4_T_le_eabi.lib : fd_cmp_t2.asm.obj (.text:__aeabi_cdcmple)
                  2000ffc2    00000086                           : fd_cmp_t2.asm.obj (.text:__aeabi_cdrcmple)
                  20010048    00000084     drivers_cc32xx.a : PowerCC32XX.oem4 (.text:Power_init)
                  200100cc    00000084                      : PowerCC32XX.oem4 (.text:saveNVICRegs)
                  20010150    00000080                      : GPIOCC32XX.oem4 (.text:GPIO_write)
                  200101d0    00000080                      : PowerCC32XX.oem4 (.text:Power_setDependency)
                  20010250    0000007c                      : UDMACC32XX.oem4 (.text:UDMACC32XX_open)
                  200102cc    0000007a                      : I2CCC32XX.oem4 (.text:I2CCC32XX_primeReadBurst)
                  20010346    0000007a     rtsv7M4_T_le_eabi.lib : fs_mul_t2.asm.obj (.text)
                  200103c0    0000007a                           : memset_t2.asm.obj (.text)
                  2001043a    00000074     drivers_cc32xx.a : UART2CC32XX.oem4 (.text:UART2CC32XX_readCallback)
                  200104ae    00000002     rtsv7M4_T_le_eabi.lib : _lock.c.obj (.text:_nop)
                  200104b0    00000074     drivers_cc32xx.a : GPIOCC32XX.oem4 (.text:powerNotifyFxn)
                  20010524    00000070     rtsv7M4_T_le_eabi.lib : memory.c.obj (.text:split)
                  20010594    0000006e                           : _printfi.c.obj (.text:_mcpy)
                  20010602    0000006a     drivers_cc32xx.a : I2CCC32XX.oem4 (.text:I2CSupport_primeTransfer)
                  2001066c    00000068     rtsv7M4_T_le_eabi.lib : copy_decompress_lzss.c.obj (.text:decompress:lzss:__TI_decompress_lzss)
                  200106d4    00000064     drivers_cc32xx.a : GPIOCC32XX.oem4 (.text:GPIO_setInterruptConfig)
                  20010738    00000064                      : PowerCC32XX.oem4 (.text:PowerCC32XX_setParkState)
                  2001079c    00000064     driverlib.a : udma.obj (.text:uDMAChannelAttributeDisable)
                  20010800    00000060     drivers_cc32xx.a : GPIOCC32XX.oem4 (.text:GPIO_hwiIntFxn)
                  20010860    00000060     driverlib.a : prcm.obj (.text:PRCMSysResetCauseGet)
                  200108c0    00000060     gpiointerrupt.obj (.text:mainThread)
                  20010920    0000005e     drivers_cc32xx.a : UART2CC32XX.oem4 (.text:UART2Support_dmaStopTx)
                  2001097e    00000002     nortos_cc32xx.a : startup_cc32xx_ccs.oem4 (.text:busFaultHandler)
                  20010980    0000005c     rtsv7M4_T_le_eabi.lib : s_frexp.c.obj (.text:frexp)
                  200109dc    0000005c     nortos_cc32xx.a : ClockPSysTick_nortos.oem4 (.text:sysTickInit)
                  20010a38    00000058     driverlib.a : prcm.obj (.text:PRCMPeripheralReset)
                  20010a90    00000058     drivers_cc32xx.a : PowerCC32XX.oem4 (.text:Power_releaseDependency)
                  20010ae8    00000056     rtsv7M4_T_le_eabi.lib : _printfi.c.obj (.text:_pconv_f)
                  20010b3e    00000054                           : _ltoa.c.obj (.text:__TI_ltoa)
                  20010b92    00000052     drivers_cc32xx.a : PowerCC32XX_asm.oem4 (.text:PowerCC32XX_resumeLPDS)
                  20010be4    00000052     rtsv7M4_T_le_eabi.lib : _printfi.c.obj (.text:_ecpy)
                  20010c36    00000052     drivers_cc32xx.a : TimerCC32XX.oem4 (.text:initHw)
                  20010c88    00000050     nortos_cc32xx.a : ClockPSysTick_nortos.oem4 (.text:ClockP_sysTickHandler)
                  20010cd8    00000050                     : SemaphoreP_nortos.oem4 (.text:SemaphoreP_construct)
                  20010d28    00000050     drivers_cc32xx.a : TimerCC32XX.oem4 (.text:TimerCC32XX_allocateTimerResource)
                  20010d78    00000050                      : UART2CC32XX.oem4 (.text:UART2Support_dmaStopRx)
                  20010dc8    0000004c                      : I2CCC32XX.oem4 (.text:I2CCC32XX_readRecieveFifo)
                  20010e14    0000004c                      : PowerCC32XX.oem4 (.text:PowerCC32XX_parkPin)
                  20010e60    0000004c     rtsv7M4_T_le_eabi.lib : atoi.c.obj (.text:atoi)
                  20010eac    0000004c     drivers_cc32xx.a : PowerCC32XX.oem4 (.text:restorePeriphClocks)
                  20010ef8    0000004c     rtsv7M4_T_le_eabi.lib : snprintf.c.obj (.text:snprintf)
                  20010f44    00000048     driverlib.a : flash.obj (.text:FlashDisable)
                  20010f8c    00000048     drivers_cc32xx.a : GPIOCC32XX.oem4 (.text:GPIO_disableInt)
                  20010fd4    00000048                      : GPIOCC32XX.oem4 (.text:GPIO_enableInt)
                  2001101c    00000048     driverlib.a : prcm.obj (.text:PRCMLPDSEnter)
                  20011064    00000048                 : prcm.obj (.text:PRCMPeripheralClkEnable)
                  200110ac    00000048     drivers_cc32xx.a : PowerCC32XX.oem4 (.text:Power_releaseConstraint)
                  200110f4    00000048     gpiointerrupt.obj (.text:initTimer)
                  2001113c    00000048     rtsv7M4_T_le_eabi.lib : fd_toi_t2.asm.obj (.text)
                  20011184    00000046     drivers_cc32xx.a : RingBuf.oem4 (.text:RingBuf_put)
                  200111ca    00000046                      : TimerCC32XX.oem4 (.text:getPrescaler)
                  20011210    00000044     nortos_cc32xx.a : ClockPSysTick_nortos.oem4 (.text:ClockP_stop)
                  20011254    00000044     driverlib.a : prcm.obj (.text:PRCMLPDSRestoreInfoSet)
                  20011298    00000044     drivers_cc32xx.a : PowerCC32XX_asm.oem4 (.text:PowerCC32XX_enterLPDS)
                  200112dc    00000044     nortos_cc32xx.a : SemaphoreP_nortos.oem4 (.text:SemaphoreP_post)
                  20011320    00000044                     : SwiP_nortos.oem4 (.text:SwiP_restore)
                  20011364    00000044     drivers_cc32xx.a : Timer.oem4 (.text:Timer_start)
                  200113a8    00000044     rtsv7M4_T_le_eabi.lib : autoinit.c.obj (.text:__TI_auto_init_nobinit_nopinit:__TI_auto_init_nobinit_nopinit)
                  200113ec    00000040     nortos_cc32xx.a : ClockPSysTick_nortos.oem4 (.text:ClockP_construct)
                  2001142c    00000040     driverlib.a : pin.obj (.text:PinModeSet)
                  2001146c    00000040     drivers_cc32xx.a : TimerCC32XX.oem4 (.text:TimerSupport_timerEnable)
                  200114ac    00000040                      : TimerCC32XX.oem4 (.text:Timer_close)
                  200114ec    00000040                      : UDMACC32XX.oem4 (.text:UDMACC32XX_init)
                  2001152c    0000003e                      : RingBuf.oem4 (.text:RingBuf_putAdvance)
                  2001156a    0000003e     rtsv7M4_T_le_eabi.lib : _printfi.c.obj (.text:_fcpy)
                  200115a8    0000003c     nortos_cc32xx.a : ClockPSysTick_nortos.oem4 (.text:ClockP_destruct)
                  200115e4    0000003c     drivers_cc32xx.a : PowerCC32XX.oem4 (.text:Power_setConstraint)
                  20011620    0000003a     nortos_cc32xx.a : PowerCC32XX_nortos.oem4 (.text:getCountsRTC)
                  2001165a    00000002                     : SemaphoreP_nortos.oem4 (.text:clkFxn)
                  2001165c    00000038     driverlib.a : prcm.obj (.text:PRCMLPDSEnterKeepDebugIf)
                  20011694    00000038     nortos_cc32xx.a : ClockPSysTick_nortos.oem4 (.text:addToList)
                  200116cc    00000038                     : startup_cc32xx_ccs.oem4 (.text:initVectors)
                  20011704    00000038     drivers_cc32xx.a : PowerCC32XX.oem4 (.text:notify)
                  2001173c    00000038     rtsv7M4_T_le_eabi.lib : fs_toi_t2.asm.obj (.text)
                  20011774    00000038                           : i_tofs_t2.asm.obj (.text)
                  200117ac    00000036     driverlib.a : timer.obj (.text:TimerControlStall)
                  200117e2    00000036     drivers_cc32xx.a : Timer.oem4 (.text:Timer_stop)
                  20011818    00000036                      : UART2.oem4 (.text:UART2_rxDisable)
                  2001184e    00000002     nortos_cc32xx.a : startup_cc32xx_ccs.oem4 (.text:defaultHandler)
                  20011850    00000034                     : ClockPSysTick_nortos.oem4 (.text:ClockP_getTicksUntilInterrupt)
                  20011884    00000034                     : ClockPSysTick_nortos.oem4 (.text:ClockP_startup)
                  200118b8    00000034     driverlib.a : pin.obj (.text:PinModeGet)
                  200118ec    00000034     drivers_cc32xx.a : PowerCC32XX.oem4 (.text:PowerCC32XX_restoreParkState)
                  20011920    00000034                      : RingBuf.oem4 (.text:RingBuf_getConsume)
                  20011954    00000034                      : RingBuf.oem4 (.text:RingBuf_putPointer)
                  20011988    00000034                      : TimerCC32XX.oem4 (.text:TimerCC32XX_freeTimerResource)
                  200119bc    00000034                      : TimerCC32XX.oem4 (.text:TimerCC32XX_hwiIntFunction)
                  200119f0    00000034                      : UART2CC32XX.oem4 (.text:UART2Support_sendData)
                  20011a24    00000034                      : UDMACC32XX.oem4 (.text:UDMACC32XX_close)
                  20011a58    00000034                      : TimerCC32XX.oem4 (.text:getPowerMgrId)
                  20011a8c    00000032                      : UART2CC32XX.oem4 (.text:UART2Support_disableRx)
                  20011abe    00000002     nortos_cc32xx.a : startup_cc32xx_ccs.oem4 (.text:faultISR)
                  20011ac0    00000030                     : ClockPSysTick_nortos.oem4 (.text:ClockP_start)
                  20011af0    00000030     drivers_cc32xx.a : PowerCC32XX.oem4 (.text:PowerCC32XX_restoreParkedPin)
                  20011b20    00000030     driverlib.a : uart.obj (.text:UARTDisable)
                  20011b50    00000030     rtsv7M4_T_le_eabi.lib : snprintf.c.obj (.text:_outs)
                  20011b80    00000030     gpiointerrupt.obj (.text:initUART)
                  20011bb0    0000002e     rtsv7M4_T_le_eabi.lib : i_tofd_t2.asm.obj (.text)
                  20011bde    00000002     nortos_cc32xx.a : startup_cc32xx_ccs.oem4 (.text:nmiISR)
                  20011be0    0000002c     drivers_cc32xx.a : PowerCC32XX.oem4 (.text:PowerCC32XX_getParkState)
                  20011c0c    0000002a     nortos_cc32xx.a : HwiPCC32XX_nortos.oem4 (.text:HwiP_create)
                  20011c36    0000002a     drivers_cc32xx.a : RingBuf.oem4 (.text:RingBuf_getPointer)
                  20011c60    0000002a     driverlib.a : timer.obj (.text:TimerLoadSet)
                  20011c8a    0000002a                 : timer.obj (.text:TimerPrescaleSet)
                  20011cb4    00000028                 : i2c.obj (.text:I2CFIFODataPutNonBlocking)
                  20011cdc    00000028                 : prcm.obj (.text:PRCMPeripheralClkDisable)
                  20011d04    00000028     drivers_cc32xx.a : PowerCC32XX.oem4 (.text:Power_registerNotify)
                  20011d2c    00000028     rtsv7M4_T_le_eabi.lib : memory.c.obj (.text:free_list_insert)
                  20011d54    00000028     driverlib.a : udma.obj (.text:uDMAChannelIsEnabled)
                  20011d7c    00000026                 : i2c.obj (.text:I2CFIFODataGetNonBlocking)
                  20011da2    00000026     drivers_cc32xx.a : I2C.oem4 (.text:I2C_cancel)
                  20011dc8    00000026                      : List.oem4 (.text:List_put)
                  20011dee    00000026                      : List.oem4 (.text:List_remove)
                  20011e14    00000024     nortos_cc32xx.a : HwiPCC32XX_nortos.oem4 (.text:HwiP_dispatch)
                  20011e38    00000024     drivers_cc32xx.a : PowerCC32XX.oem4 (.text:PowerCC32XX_reset)
                  20011e5c    00000024                      : TimerCC32XX.oem4 (.text:TimerSupport_timerDisable)
                  20011e80    00000024     driverlib.a : uart.obj (.text:UARTEnable)
                  20011ea4    00000024     rtsv7M4_T_le_eabi.lib : boot_cortex_m.c.obj (.text:_c_int00_noargs:_c_int00_noargs)
                  20011ec8    00000022     driverlib.a : i2c.obj (.text:I2CMasterSlaveAddrSet)
                  20011eea    00000022     drivers_cc32xx.a : UART2CC32XX.oem4 (.text:UART2CC32XX_writeTimeout)
                  20011f0c    00000020     nortos_cc32xx.a : HwiPCC32XX_nortos.oem4 (.text:HwiP_destruct)
                  20011f2c    00000020     drivers_cc32xx.a : PowerCC32XX.oem4 (.text:Power_unregisterNotify)
                  20011f4c    00000020                      : UART2CC32XX.oem4 (.text:UART2CC32XX_getPowerMgrId)
                  20011f6c    0000001e     driverlib.a : i2c.obj (.text:I2CMasterIntStatusEx)
                  20011f8a    0000001e     nortos_cc32xx.a : SemaphoreP_nortos.oem4 (.text:SemaphoreP_constructBinary)
                  20011fa8    0000001e     driverlib.a : timer.obj (.text:TimerDisable)
                  20011fc6    0000001e                 : timer.obj (.text:TimerEnable)
                  20011fe4    0000001e     drivers_cc32xx.a : UDMACC32XX.oem4 (.text:postNotifyFxn)
                  20012002    00000002     rtsv7M4_T_le_eabi.lib : div0.asm.obj (.text)
                  20012004    0000001c     drivers_cc32xx.a : GPIO.oem4 (.text:GPIO_setCallback)
                  20012020    0000001c     driverlib.a : pin.obj (.text:PinToPadGet)
                  2001203c    0000001c     nortos_cc32xx.a : SwiP_nortos.oem4 (.text:SwiP_disable)
                  20012058    0000001c     rtsv7M4_T_le_eabi.lib : memory.c.obj (.text:free_list_remove)
                  20012074    0000001c                           : memccpy.c.obj (.text:memccpy)
                  20012090    0000001a     nortos_cc32xx.a : SemaphoreP_nortos.oem4 (.text:SemaphoreP_createBinary)
                  200120aa    00000002     --HOLE-- [fill = 0]
                  200120ac    0000001a                     : startup_cc32xx_ccs.oem4 (.text:resetISR)
                  200120c6    00000018     driverlib.a : i2c.obj (.text:I2CMasterBusBusy)
                  200120de    00000018                 : i2c.obj (.text:I2CMasterIntDisableEx)
                  200120f6    00000018                 : i2c.obj (.text:I2CMasterIntEnableEx)
                  2001210e    00000018                 : i2c.obj (.text:I2CRxFIFOFlush)
                  20012126    00000018                 : i2c.obj (.text:I2CTxFIFOFlush)
                  2001213e    00000002     --HOLE-- [fill = 0]
                  20012140    00000018     drivers_cc32xx.a : PowerCC32XX.oem4 (.text:Power_getTransitionLatency)
                  20012158    00000018                      : PowerCC32XX.oem4 (.text:Power_idleFunc)
                  20012170    00000018     driverlib.a : timer.obj (.text:TimerIntDisable)
                  20012188    00000018                 : timer.obj (.text:TimerIntEnable)
                  200121a0    00000018     drivers_cc32xx.a : UART2CC32XX.oem4 (.text:UART2Support_txDone)
                  200121b8    00000018                      : UART2.oem4 (.text:UART2_Params_init)
                  200121d0    00000018     driverlib.a : uart.obj (.text:UARTDMADisable)
                  200121e8    00000018                 : uart.obj (.text:UARTIntDisable)
                  20012200    00000018                 : uart.obj (.text:UARTIntEnable)
                  20012218    00000018     rtsv7M4_T_le_eabi.lib : snprintf.c.obj (.text:_outc)
                  20012230    00000018                           : ll_mul_t2.asm.obj (.text)
                  20012248    00000016     driverlib.a : i2c.obj (.text:I2CMasterBurstLengthSet)
                  2001225e    00000016                 : prcm.obj (.text:PRCMHIBRegRead)
                  20012274    00000016                 : prcm.obj (.text:PRCMHIBRegWrite)
                  2001228a    00000016     nortos_cc32xx.a : SemaphoreP_nortos.oem4 (.text:SemaphoreP_create)
                  200122a0    00000016     rtsv7M4_T_le_eabi.lib : strchr.c.obj (.text:strchr)
                  200122b6    00000014     ti_drivers_config.obj (.text:Board_init)
                  200122ca    00000014     driverlib.a : cpu.obj (.text:CPUcpsid)
                  200122de    00000002     --HOLE-- [fill = 0]
                  200122e0    00000014     nortos_cc32xx.a : HwiPCC32XX_nortos.oem4 (.text:HwiP_inISR)
                  200122f4    00000014     drivers_cc32xx.a : I2CCC32XX.oem4 (.text:I2CSupport_masterFinish)
                  20012308    00000014                      : I2C.oem4 (.text:I2C_transfer)
                  2001231c    00000014     driverlib.a : interrupt.obj (.text:IntVTableBaseSet)
                  20012330    00000014     drivers_cc32xx.a : PowerCC32XX.oem4 (.text:Power_disablePolicy)
                  20012344    00000014                      : PowerCC32XX.oem4 (.text:Power_getDependencyCount)
                  20012358    00000014     rtsv7M4_T_le_eabi.lib : strlen.c.obj (.text:strlen)
                  2001236c    00000012     nortos_cc32xx.a : HwiPCC32XX_nortos.oem4 (.text:HwiP_Params_init)
                  2001237e    00000012     driverlib.a : i2c.obj (.text:I2CMasterIntClearEx)
                  20012390    00000012     drivers_cc32xx.a : RingBuf.oem4 (.text:RingBuf_construct)
                  200123a2    00000012     driverlib.a : timer.obj (.text:TimerIntClear)
                  200123b4    00000012                 : uart.obj (.text:UARTIntClear)
                  200123c6    00000012                 : uart.obj (.text:UARTRxErrorGet)
                  200123d8    00000012     main_nortos.obj (.text:main)
                  200123ea    00000012     rtsv7M4_T_le_eabi.lib : wcslen.c.obj (.text:wcslen)
                  200123fc    00000010     nortos_cc32xx.a : ClockPSysTick_nortos.oem4 (.text:ClockP_add)
                  2001240c    00000010                     : ClockPSysTick_nortos.oem4 (.text:ClockP_getCpuFreq)
                  2001241c    00000010                     : ClockPSysTick_nortos.oem4 (.text:ClockP_getSystemTicks)
                  2001242c    00000010                     : ClockPSysTick_nortos.oem4 (.text:ClockP_setTicks)
                  2001243c    00000010                     : HwiPCC32XX_nortos.oem4 (.text:HwiP_delete)
                  2001244c    00000010                     : HwiPCC32XX_nortos.oem4 (.text:HwiP_interruptsEnabled)
                  2001245c    00000010                     : HwiPCC32XX_nortos.oem4 (.text:HwiP_restore)
                  2001246c    00000010     driverlib.a : i2c.obj (.text:I2CFIFOStatus)
                  2001247c    00000010     drivers_cc32xx.a : I2C.oem4 (.text:I2C_Params_init)
                  2001248c    00000010                      : PowerCC32XX.oem4 (.text:Power_enablePolicy)
                  2001249c    00000010     nortos_cc32xx.a : SemaphoreP_nortos.oem4 (.text:SemaphoreP_Params_init)
                  200124ac    00000010     drivers_cc32xx.a : Timer.oem4 (.text:Timer_Params_init)
                  200124bc    00000010                      : UART2CC32XX.oem4 (.text:UART2CC32XX_readTimeout)
                  200124cc    00000010                      : UART2CC32XX.oem4 (.text:UART2Support_rxStatus2ErrorCode)
                  200124dc    0000000e     nortos_cc32xx.a : HwiPCC32XX_nortos.oem4 (.text:HwiP_clearInterrupt)
                  200124ea    0000000e                     : HwiPCC32XX_nortos.oem4 (.text:HwiP_disable)
                  200124f8    0000000e                     : HwiPCC32XX_nortos.oem4 (.text:HwiP_disableInterrupt)
                  20012506    0000000e                     : HwiPCC32XX_nortos.oem4 (.text:HwiP_enable)
                  20012514    0000000e                     : HwiPCC32XX_nortos.oem4 (.text:HwiP_enableInterrupt)
                  20012522    0000000e     drivers_cc32xx.a : I2CCC32XX.oem4 (.text:I2CCC32XX_updateReg)
                  20012530    0000000e                      : UART2.oem4 (.text:UART2_write)
                  2001253e    0000000e     rtsv7M4_T_le_eabi.lib : copy_decompress_none.c.obj (.text:decompress:none:__TI_decompress_none)
                  2001254c    0000000c     drivers_cc32xx.a : I2CCC32XX.oem4 (.text:I2CCC32XX_postNotify)
                  20012558    0000000c                      : PowerCC32XX.oem4 (.text:Power_getConstraintMask)
                  20012564    0000000c                      : UART2CC32XX.oem4 (.text:UART2CC32XX_postNotifyFxn)
                  20012570    0000000c                      : UART2CC32XX.oem4 (.text:UART2Support_disableTx)
                  2001257c    0000000c                      : UART2CC32XX.oem4 (.text:UART2Support_enableTx)
                  20012588    0000000c     rtsv7M4_T_le_eabi.lib : s_copysign.c.obj (.text:copysign)
                  20012594    0000000c                           : copy_zero_init.c.obj (.text:decompress:ZI:__TI_zero_init)
                  200125a0    0000000c     ti_drivers_config.obj (.text:dmaErrorFxn)
                  200125ac    0000000c     gpiointerrupt.obj (.text:gpioButtonFxn0)
                  200125b8    0000000c     gpiointerrupt.obj (.text:gpioButtonFxn1)
                  200125c4    0000000c     drivers_cc32xx.a : TimerCC32XX.oem4 (.text:postNotifyFxn)
                  200125d0    0000000c     driverlib.a : udma.obj (.text:uDMAErrorStatusClear)
                  200125dc    0000000c                 : udma.obj (.text:uDMAErrorStatusGet)
                  200125e8    0000000a                 : cpu.obj (.text:CPUprimask)
                  200125f2    0000000a     nortos_cc32xx.a : ClockPSysTick_nortos.oem4 (.text:ClockP_Params_init)
                  200125fc    0000000a                     : ClockPSysTick_nortos.oem4 (.text:ClockP_isActive)
                  20012606    0000000a     driverlib.a : interrupt.obj (.text:IntMasterDisable)
                  20012610    00000008     drivers_cc32xx.a : I2CCC32XX.oem4 (.text:I2CCC32XX_blockingCallback)
                  20012618    00000008     rtsv7M4_T_le_eabi.lib : errno.c.obj (.text:__aeabi_errno_addr)
                  20012620    00000008                           : bzero.c.obj (.text:bzero)
                  20012628    00000008                           : memory.c.obj (.text:malloc)
                  20012630    00000006     drivers_cc32xx.a : I2CCC32XX.oem4 (.text:I2CSupport_powerRelConstraint)
                  20012636    00000006                      : I2CCC32XX.oem4 (.text:I2CSupport_powerSetConstraint)
                  2001263c    00000006                      : UART2CC32XX.oem4 (.text:UART2Support_powerRelConstraint)
                  20012642    00000006     driverlib.a : utils.obj (.text:UtilsDelay)
                  20012648    00000004     nortos_cc32xx.a : ClockPSysTick_nortos.oem4 (.text:ClockP_doTick)
                  2001264c    00000004                     : ClockPSysTick_nortos.oem4 (.text:ClockP_setTimeout)
                  20012650    00000004                     : HwiPCC32XX_nortos.oem4 (.text:HwiP_post)
                  20012654    00000004                     : SemaphoreP_nortos.oem4 (.text:SemaphoreP_delete)
                  20012658    00000004     rtsv7M4_T_le_eabi.lib : pre_init.c.obj (.text:_system_pre_init)
                  2001265c    00000004                           : exit.c.obj (.text:abort:abort)

.const     0    20013940    0000049d     
                  20013940    00000101     rtsv7M4_T_le_eabi.lib : ctype.c.obj (.const:.string:_ctypes_)
                  20013a41    00000002     drivers_cc32xx.a : UART2CC32XX.oem4 (.const:.string:stopBits)
                  20013a43    00000001     --HOLE-- [fill = 0]
                  20013a44    00000100     driverlib.a : pin.obj (.const:g_ulPinToPadMap)
                  20013b44    000000a8                 : prcm.obj (.const:PRCM_PeriphRegsList)
                  20013bec    00000044     ti_drivers_config.obj (.const:PowerCC32XX_config)
                  20013c30    0000003c     ti_drivers_config.obj (.const:uart2CC32XXHWAttrs0)
                  20013c6c    00000028     drivers_cc32xx.a : GPIOCC32XX.oem4 (.const:portConfigs)
                  20013c94    00000024                      : UART2.oem4 (.const:UART2_defaultParams)
                  20013cb8    00000021                      : GPIOCC32XX.oem4 (.const:.string:pinTable)
                  20013cd9    00000003     --HOLE-- [fill = 0]
                  20013cdc    00000018     driverlib.a : interrupt.obj (.const:g_pulEnRegs)
                  20013cf4    00000018                 : interrupt.obj (.const:g_pulPendRegs)
                  20013d0c    00000018     gpiointerrupt.obj (.const:sensors)
                  20013d24    00000014     ti_drivers_config.obj (.const:i2cCC32XXHWAttrs)
                  20013d38    00000010     ti_drivers_config.obj (.const:GPIO_config)
                  20013d48    00000010     drivers_cc32xx.a : I2C.oem4 (.const:I2C_defaultParams)
                  20013d58    00000010                      : I2CCC32XX.oem4 (.const:I2C_defaultParams)
                  20013d68    00000010     ti_drivers_config.obj (.const:timerCC32XXHWAttrs)
                  20013d78    0000000c     gpiointerrupt.obj (.const:.string)
                  20013d84    0000000c     drivers_cc32xx.a : Timer.oem4 (.const:defaultParams)
                  20013d90    0000000c                      : TimerCC32XX.oem4 (.const:defaultParams)
                  20013d9c    0000000c     ti_drivers_config.obj (.const:udmaCC3220SHWAttrs)
                  20013da8    0000000b     ti_drivers_config.obj (.const)
                  20013db3    00000001     --HOLE-- [fill = 0]
                  20013db4    00000008     ti_drivers_config.obj (.const:I2C_config)
                  20013dbc    00000008     ti_drivers_config.obj (.const:Timer_config)
                  20013dc4    00000008     ti_drivers_config.obj (.const:UART2_config)
                  20013dcc    00000008     ti_drivers_config.obj (.const:UDMACC32XX_config)
                  20013dd4    00000005     drivers_cc32xx.a : UART2CC32XX.oem4 (.const:.string:parityType)
                  20013dd9    00000004                      : UART2CC32XX.oem4 (.const:.string:dataLength)

.cinit     0    20012660    00000100     
                  20012660    000000d9     (.cinit..data.load) [load image, compression = lzss]
                  20012739    00000003     --HOLE-- [fill = 0]
                  2001273c    0000000c     (__TI_handler_table)
                  20012748    00000008     (.cinit..bss.load) [load image, compression = zero_init]
                  20012750    00000010     (__TI_cinit_table)

.init_array 
*          0    20004000    00000000     UNINITIALIZED

.ramVecs   0    20000000    0000030c     NOLOAD SECTION
                  20000000    0000030c     nortos_cc32xx.a : startup_cc32xx_ccs.oem4 (.ramVecs)

.stack     0    20003000    00001000     UNINITIALIZED
                  20003000    00000004     rtsv7M4_T_le_eabi.lib : boot_cortex_m.c.obj (.stack)
                  20003004    00000ffc     --HOLE--

.resetVecs 
*          0    20004000    00000040     
                  20004000    00000040     nortos_cc32xx.a : startup_cc32xx_ccs.oem4 (.resetVecs:retain)

.sysmem    0    20004040    00008000     UNINITIALIZED
                  20004040    00000010     rtsv7M4_T_le_eabi.lib : memory.c.obj (.sysmem)
                  20004050    00007ff0     --HOLE--

.bss       0    20012800    00000a48     UNINITIALIZED
                  20012800    00000400     ti_drivers_config.obj (.bss:dmaControlTable)
                  20012c00    000001f8     (.common:uart2CC32XXObjects0)
                  20012df8    0000012c     (.common:PowerCC32XX_contextSave)
                  20012f24    000000fc     (.common:i2cCC32XXObjects)
                  20013020    00000084     (.common:gpioCallbackFunctions)
                  200130a4    00000084     (.common:gpioUserArgs)
                  20013128    00000084     (.common:timerCC32XXObjects)
                  200131ac    00000020     ti_drivers_config.obj (.bss:uart2RxRingBuffer0)
                  200131cc    00000020     ti_drivers_config.obj (.bss:uart2TxRingBuffer0)
                  200131ec    00000014     drivers_cc32xx.a : UDMACC32XX.oem4 (.bss:postNotifyObj)
                  20013200    00000014                      : GPIOCC32XX.oem4 (.bss:powerNotifyObj)
                  20013214    00000004                      : GPIOCC32XX.oem4 (.bss)
                  20013218    00000010     (.common:ClockP_ctrl)
                  20013228    0000000d     nortos_cc32xx.a : SwiP_nortos.oem4 (.bss)
                  20013235    00000001     --HOLE--
                  20013236    00000002     (.common:curTemp)
                  20013238    00000008     (.common:udmaCC3220SObject)
                  20013240    00000004                     : ClockPSysTick_nortos.oem4 (.bss)
                  20013244    00000004     drivers_cc32xx.a : TimerCC32XX.oem4 (.bss:timerState)

.data      0    20013248    000006f6     UNINITIALIZED
                  20013248    0000030c     nortos_cc32xx.a : HwiPCC32XX_nortos.oem4 (.data:HwiP_dispatchTable)
                  20013554    0000016c     drivers_cc32xx.a : PowerCC32XX.oem4 (.data:PowerCC32XX_module)
                  200136c0    000000f8     ti_drivers_config.obj (.data:parkInfo)
                  200137b8    000000c4     gpiointerrupt.obj (.data:$O1$$)
                  2001387c    00000084     ti_drivers_config.obj (.data:gpioPinConfigs)
                  20013900    00000008     rtsv7M4_T_le_eabi.lib : _lock.c.obj (.data:$O1$$)
                  20013908    00000008                           : memory.c.obj (.data:$O1$$)
                  20013910    00000008     nortos_cc32xx.a : SemaphoreP_nortos.oem4 (.data:SemaphoreP_defaultParams)
                  20013918    00000008     drivers_cc32xx.a : UDMACC32XX.oem4 (.data)
                  20013920    00000008     nortos_cc32xx.a : HwiPCC32XX_nortos.oem4 (.data)
                  20013928    00000007     gpiointerrupt.obj (.data)
                  2001392f    00000001     --HOLE--
                  20013930    00000005     nortos_cc32xx.a : ClockPSysTick_nortos.oem4 (.data)
                  20013935    00000003                     : SemaphoreP_nortos.oem4 (.data)
                  20013938    00000004     rtsv7M4_T_le_eabi.lib : errno.c.obj (.data)
                  2001393c    00000002     drivers_cc32xx.a : GPIOCC32XX.oem4 (.data)

.log_data 
*          0    90000000    00000000     COPY SECTION

__llvm_prf_cnts 
*          0    20004000    00000000     UNINITIALIZED

MODULE SUMMARY

       Module                       code    ro data   rw data
       ------                       ----    -------   -------
    .\
       gpiointerrupt.obj            1372    36        205    
       main_nortos.obj              18      0         0      
    +--+----------------------------+-------+---------+---------+
       Total:                       1390    36        205    
                                                             
    .\syscfg\
       ti_drivers_config.obj        34      235       2628   
    +--+----------------------------+-------+---------+---------+
       Total:                       34      235       2628   
                                                             
    C:/ti/simplelink_cc32xx_sdk_6_10_00_05/kernel/nortos/lib/ccs/m4/nortos_cc32xx.a
       HwiPCC32XX_nortos.oem4       410     0         788    
       startup_cc32xx_ccs.oem4      90      64        780    
       ClockPSysTick_nortos.oem4    664     0         25     
       PowerCC32XX_nortos.oem4      476     0         0      
       SemaphoreP_nortos.oem4       410     0         11     
       SwiP_nortos.oem4             96      0         13     
    +--+----------------------------+-------+---------+---------+
       Total:                       2146    64        1617   
                                                             
    C:/ti/simplelink_cc32xx_sdk_6_10_00_05/source/ti/devices/cc32xx/driverlib/ccs/Release/driverlib.a
       prcm.obj                     1604    168       0      
       pin.obj                      280     256       0      
       interrupt.obj                334     48        0      
       i2c.obj                      318     0         0      
       timer.obj                    264     0         0      
       uart.obj                     192     0         0      
       udma.obj                     164     0         0      
       flash.obj                    72      0         0      
       cpu.obj                      30      0         0      
       utils.obj                    6       0         0      
    +--+----------------------------+-------+---------+---------+
       Total:                       3264    472       0      
                                                             
    C:/ti/simplelink_cc32xx_sdk_6_10_00_05/source/ti/drivers/lib/ccs/m4/drivers_cc32xx.a
       PowerCC32XX.oem4             2432    0         664    
       UART2CC32XX.oem4             2710    11        0      
       I2CCC32XX.oem4               1588    16        0      
       GPIOCC32XX.oem4              1068    73        26     
       TimerCC32XX.oem4             876     12        4      
       UART2.oem4                   756     36        0      
       I2C.oem4                     364     16        0      
       UDMACC32XX.oem4              270     0         28     
       RingBuf.oem4                 296     0         0      
       Timer.oem4                   140     12        0      
       PowerCC32XX_asm.oem4         150     0         0      
       List.oem4                    76      0         0      
       GPIO.oem4                    28      0         0      
    +--+----------------------------+-------+---------+---------+
       Total:                       10754   176       722    
                                                             
    C:\ti\ccs1120\ccs\tools\compiler\ti-cgt-arm_20.2.6.LTS\lib\rtsv7M4_T_le_eabi.lib
       _printfi.c.obj               4835    0         0      
       memory.c.obj                 672     0         8      
       fd_add_t2.asm.obj            438     0         0      
       fd_div_t2.asm.obj            310     0         0      
       fd_cmp_t2.asm.obj            268     0         0      
       ctype.c.obj                  0       257       0      
       fd_mul_t2.asm.obj            252     0         0      
       s_scalbn.c.obj               208     0         0      
       memcpy_t2.asm.obj            156     0         0      
       ull_div_t2.asm.obj           150     0         0      
       snprintf.c.obj               148     0         0      
       fs_mul_t2.asm.obj            122     0         0      
       memset_t2.asm.obj            122     0         0      
       copy_decompress_lzss.c.obj   104     0         0      
       s_frexp.c.obj                92      0         0      
       _ltoa.c.obj                  84      0         0      
       atoi.c.obj                   76      0         0      
       fd_toi_t2.asm.obj            72      0         0      
       autoinit.c.obj               68      0         0      
       fs_toi_t2.asm.obj            56      0         0      
       i_tofs_t2.asm.obj            56      0         0      
       i_tofd_t2.asm.obj            46      0         0      
       boot_cortex_m.c.obj          36      0         0      
       memccpy.c.obj                28      0         0      
       ll_mul_t2.asm.obj            24      0         0      
       strchr.c.obj                 22      0         0      
       strlen.c.obj                 20      0         0      
       wcslen.c.obj                 18      0         0      
       copy_decompress_none.c.obj   14      0         0      
       copy_zero_init.c.obj         12      0         0      
       errno.c.obj                  8       0         4      
       s_copysign.c.obj             12      0         0      
       _lock.c.obj                  2       0         8      
       bzero.c.obj                  8       0         0      
       exit.c.obj                   4       0         0      
       pre_init.c.obj               4       0         0      
       div0.asm.obj                 2       0         0      
    +--+----------------------------+-------+---------+---------+
       Total:                       8549    257       20     
                                                             
       Heap:                        0       0         32768  
       Stack:                       0       0         4096   
       Linker Generated:            0       253       0      
    +--+----------------------------+-------+---------+---------+
       Grand Total:                 26137   1493      42056  


LINKER GENERATED COPY TABLES

__TI_cinit_table @ 20012750 records: 2, size/record: 8, table size: 16
	.data: load addr=20012660, load size=000000d9 bytes, run addr=20013248, run size=000006f6 bytes, compression=lzss
	.bss: load addr=20012748, load size=00000008 bytes, run addr=20012800, run size=00000a48 bytes, compression=zero_init


LINKER GENERATED HANDLER TABLE

__TI_handler_table @ 2001273c records: 3, size/record: 4, table size: 12
	index: 0, handler: __TI_decompress_lzss
	index: 1, handler: __TI_decompress_none
	index: 2, handler: __TI_zero_init


GLOBAL SYMBOLS: SORTED ALPHABETICALLY BY Name 

address   name                             
-------   ----                             
200122b7  Board_init                       
2000ca8f  Board_initHook                   
2001265d  C$$EXIT                          
20013daa  CONFIG_GPIO_BUTTON_0_CONST       
20013dab  CONFIG_GPIO_BUTTON_1_CONST       
20013dac  CONFIG_GPIO_LED_0_CONST          
20013dad  CONFIG_I2C_0_CONST               
20013daf  CONFIG_TIMER_0_CONST             
20013db1  CONFIG_UART2_0_CONST             
200122cb  CPUcpsid                         
200125e9  CPUprimask                       
200125f3  ClockP_Params_init               
200123fd  ClockP_add                       
200113ed  ClockP_construct                 
20013218  ClockP_ctrl                      
200115a9  ClockP_destruct                  
20012649  ClockP_doTick                    
2001240d  ClockP_getCpuFreq                
2001241d  ClockP_getSystemTicks            
20011851  ClockP_getTicksUntilInterrupt    
200125fd  ClockP_isActive                  
2001242d  ClockP_setTicks                  
2001264d  ClockP_setTimeout                
20011ac1  ClockP_start                     
20011885  ClockP_startup                   
20011211  ClockP_stop                      
20010c89  ClockP_sysTickHandler            
20013930  ClockP_tickPeriod                
20010f45  FlashDisable                     
20013d38  GPIO_config                      
20010f8d  GPIO_disableInt                  
20010fd5  GPIO_enableInt                   
20010801  GPIO_hwiIntFxn                   
2000fbf9  GPIO_init                        
20013da8  GPIO_pinLowerBound               
20013da9  GPIO_pinUpperBound               
20012005  GPIO_setCallback                 
2000e0d9  GPIO_setConfig                   
200106d5  GPIO_setInterruptConfig          
20010151  GPIO_write                       
2001236d  HwiP_Params_init                 
200124dd  HwiP_clearInterrupt              
2000fd19  HwiP_construct                   
20011c0d  HwiP_create                      
2001243d  HwiP_delete                      
20011f0d  HwiP_destruct                    
200124eb  HwiP_disable                     
200124f9  HwiP_disableInterrupt            
20011e15  HwiP_dispatch                    
20012507  HwiP_enable                      
20012515  HwiP_enableInterrupt             
200122e1  HwiP_inISR                       
2001244d  HwiP_interruptsEnabled           
20013920  HwiP_key                         
20012651  HwiP_post                        
2001245d  HwiP_restore                     
20013924  HwiP_swiPIntNum                  
20011d7d  I2CFIFODataGetNonBlocking        
20011cb5  I2CFIFODataPutNonBlocking        
2001246d  I2CFIFOStatus                    
20012249  I2CMasterBurstLengthSet          
200120c7  I2CMasterBusBusy                 
2001237f  I2CMasterIntClearEx              
200120df  I2CMasterIntDisableEx            
200120f7  I2CMasterIntEnableEx             
20011f6d  I2CMasterIntStatusEx             
20011ec9  I2CMasterSlaveAddrSet            
2001210f  I2CRxFIFOFlush                   
200122f5  I2CSupport_masterFinish          
20012631  I2CSupport_powerRelConstraint    
20012637  I2CSupport_powerSetConstraint    
20010603  I2CSupport_primeTransfer         
20012127  I2CTxFIFOFlush                   
2001247d  I2C_Params_init                  
20011da3  I2C_cancel                       
2000fda5  I2C_close                        
20013db4  I2C_config                       
20013dae  I2C_count                        
20013d48  I2C_defaultParams                
2000ef25  I2C_open                         
20012309  I2C_transfer                     
2000eadb  I2C_transferTimeout              
UNDEFED   ITM_flush                        
UNDEFED   ITM_restore                      
2000f839  IntEnable                        
20012607  IntMasterDisable                 
2000fe2d  IntPendSet                       
2001231d  IntVTableBaseSet                 
20011dc9  List_put                         
20011def  List_remove                      
20012507  NoRTOS_start                     
2000ca91  PRCMCC3200MCUInit                
2001225f  PRCMHIBRegRead                   
20012275  PRCMHIBRegWrite                  
2001101d  PRCMLPDSEnter                    
2001165d  PRCMLPDSEnterKeepDebugIf         
20011255  PRCMLPDSRestoreInfoSet           
20011cdd  PRCMPeripheralClkDisable         
20011065  PRCMPeripheralClkEnable          
20010a39  PRCMPeripheralReset              
20010861  PRCMSysResetCauseGet             
2000feb5  PinConfigSet                     
200118b9  PinModeGet                       
2001142d  PinModeSet                       
20012021  PinToPadGet                      
20013bec  PowerCC32XX_config               
2000f8e1  PowerCC32XX_configureWakeup      
20012df8  PowerCC32XX_contextSave          
20011299  PowerCC32XX_enterLPDS            
20011be1  PowerCC32XX_getParkState         
2000dddf  PowerCC32XX_initPolicy           
20013554  PowerCC32XX_module               
20010e15  PowerCC32XX_parkPin              
20011e39  PowerCC32XX_reset                
200118ed  PowerCC32XX_restoreParkState     
20011af1  PowerCC32XX_restoreParkedPin     
20010b93  PowerCC32XX_resumeLPDS           
20010739  PowerCC32XX_setParkState         
2000dde1  PowerCC32XX_sleepPolicy          
20012331  Power_disablePolicy              
2001248d  Power_enablePolicy               
20012559  Power_getConstraintMask          
20012345  Power_getDependencyCount         
20012141  Power_getTransitionLatency       
20012159  Power_idleFunc                   
20010049  Power_init                       
20011d05  Power_registerNotify             
200110ad  Power_releaseConstraint          
20010a91  Power_releaseDependency          
200115e5  Power_setConstraint              
200101d1  Power_setDependency              
2000e735  Power_sleep                      
20011f2d  Power_unregisterNotify           
20012391  RingBuf_construct                
20011921  RingBuf_getConsume               
20011c37  RingBuf_getPointer               
20011185  RingBuf_put                      
2001152d  RingBuf_putAdvance               
20011955  RingBuf_putPointer               
2001249d  SemaphoreP_Params_init           
20010cd9  SemaphoreP_construct             
20011f8b  SemaphoreP_constructBinary       
2001228b  SemaphoreP_create                
20012091  SemaphoreP_createBinary          
20013910  SemaphoreP_defaultParams         
20012655  SemaphoreP_delete                
2000f6db  SemaphoreP_destruct              
2000f989  SemaphoreP_pend                  
200112dd  SemaphoreP_post                  
2001203d  SwiP_disable                     
20011321  SwiP_restore                     
20010d29  TimerCC32XX_allocateTimerResource
20011989  TimerCC32XX_freeTimerResource    
200117ad  TimerControlStall                
20011fa9  TimerDisable                     
20011fc7  TimerEnable                      
2001392e  TimerFlag                        
200123a3  TimerIntClear                    
20012171  TimerIntDisable                  
20012189  TimerIntEnable                   
20011c61  TimerLoadSet                     
20011c8b  TimerPrescaleSet                 
20011e5d  TimerSupport_timerDisable        
2001146d  TimerSupport_timerEnable         
200124ad  Timer_Params_init                
200114ad  Timer_close                      
20013dbc  Timer_config                     
20013db0  Timer_count                      
2000f837  Timer_init                       
2000e86d  Timer_open                       
20011365  Timer_start                      
200117e3  Timer_stop                       
20011a8d  UART2Support_disableRx           
20012571  UART2Support_disableTx           
2000f209  UART2Support_dmaStartRx          
2000f4a1  UART2Support_dmaStartTx          
20010d79  UART2Support_dmaStopRx           
20010921  UART2Support_dmaStopTx           
2001257d  UART2Support_enableTx            
2001263d  UART2Support_powerRelConstraint  
200124cd  UART2Support_rxStatus2ErrorCode  
200119f1  UART2Support_sendData            
200121a1  UART2Support_txDone              
200121b9  UART2_Params_init                
2000ed1d  UART2_close                      
20013dc4  UART2_config                     
20013db2  UART2_count                      
20013c94  UART2_defaultParams              
2000d155  UART2_open                       
20011819  UART2_rxDisable                  
20012531  UART2_write                      
2000cebd  UART2_writeTimeout               
200121d1  UARTDMADisable                   
20011b21  UARTDisable                      
20011e81  UARTEnable                       
200123b5  UARTIntClear                     
200121e9  UARTIntDisable                   
20012201  UARTIntEnable                    
200123c7  UARTRxErrorGet                   
20011a25  UDMACC32XX_close                 
20013dcc  UDMACC32XX_config                
200114ed  UDMACC32XX_init                  
20010251  UDMACC32XX_open                  
20012643  UtilsDelay                       
20004000  __STACK_END                      
00001000  __STACK_SIZE                     
00008000  __SYSMEM_SIZE                    
20012750  __TI_CINIT_Base                  
20012760  __TI_CINIT_Limit                 
2001273c  __TI_Handler_Table_Base          
20012748  __TI_Handler_Table_Limit         
200113a9  __TI_auto_init_nobinit_nopinit   
2001066d  __TI_decompress_lzss             
2001253f  __TI_decompress_none             
20010b3f  __TI_ltoa                        
ffffffff  __TI_pprof_out_hndl              
2000c041  __TI_printfi                     
ffffffff  __TI_prof_data_size              
ffffffff  __TI_prof_data_start             
20012660  __TI_static_base__               
20012595  __TI_zero_init                   
2000ff3d  __aeabi_cdcmpeq                  
2000ff3d  __aeabi_cdcmple                  
2000ffc3  __aeabi_cdrcmple                 
2001113d  __aeabi_d2iz                     
2000dc33  __aeabi_dadd                     
2000e9a5  __aeabi_ddiv                     
2000f021  __aeabi_dmul                     
2000dc29  __aeabi_dsub                     
20012619  __aeabi_errno_addr               
2001173d  __aeabi_f2iz                     
20010347  __aeabi_fmul                     
20011bb1  __aeabi_i2d                      
20011775  __aeabi_i2f                      
20012003  __aeabi_idiv0                    
20012003  __aeabi_ldiv0                    
20012231  __aeabi_lmul                     
200103c1  __aeabi_memclr                   
200103c1  __aeabi_memclr4                  
200103c1  __aeabi_memclr8                  
2000fac5  __aeabi_memcpy                   
2000fac5  __aeabi_memcpy4                  
2000fac5  __aeabi_memcpy8                  
200103c3  __aeabi_memset                   
200103c3  __aeabi_memset4                  
200103c3  __aeabi_memset8                  
2000fb61  __aeabi_uldivmod                 
ffffffff  __binit__                        
ffffffff  __c_args__                       
UNDEFED   __mpu_init                       
20003000  __stack                          
20004000  __start___llvm_prf_cnts          
20004000  __stop___llvm_prf_cnts           
20011ea5  _c_int00_noargs                  
20013940  _ctypes_                         
20013900  _lock                            
200104af  _nop                             
20004040  _sys_memory                      
UNDEFED   _system_post_cinit               
20012659  _system_pre_init                 
20013904  _unlock                          
2001265d  abort                            
2000ee25  aligned_alloc                    
20010e61  atoi                             
ffffffff  binit                            
20013928  button                           
200137c4  bytesWritten                     
20012621  bzero                            
2001165b  clkFxn                           
20012589  copysign                         
20012589  copysignl                        
20013236  curTemp                          
2001392a  cycle                            
20013938  errno                            
2000f2ed  free                             
20010981  frexp                            
20010981  frexpl                           
200125ad  gpioButtonFxn0                   
200125b9  gpioButtonFxn1                   
20013020  gpioCallbackFunctions            
2001387c  gpioPinConfigs                   
200130a4  gpioUserArgs                     
20013d24  i2cCC32XXHWAttrs                 
20012f24  i2cCC32XXObjects                 
200137cc  i2cParams                        
200137dc  i2cTransaction                   
2000d885  initI2C                          
200110f5  initTimer                        
20011b81  initUART                         
200116cd  initVectors                      
2000f3d1  ldexp                            
2000f3d1  ldexpl                           
20013929  led                              
200123d9  main                             
200108c1  mainThread                       
20012629  malloc                           
2000ee25  memalign                         
20012075  memccpy                          
2000fac5  memcpy                           
200103c9  memset                           
200137fc  output                           
200136c0  parkInfo                         
2000e5f9  readTemp                         
200120ad  resetISR                         
200120c0  resetVectorAddr                  
20004000  resetVectors                     
200137bc  rxBuffer                         
2000f3d1  scalbn                           
2000f3d1  scalbnl                          
200137ba  secSinceReset                    
20010ef9  snprintf                         
200122a1  strchr                           
20012359  strlen                           
2001392c  threshholdTemp                   
200137c8  timer0                           
20013d68  timerCC32XXHWAttrs               
20013128  timerCC32XXObjects               
2000df81  timerCallback                    
200137b8  txBuffer                         
2001079d  uDMAChannelAttributeDisable      
20011d55  uDMAChannelIsEnabled             
200125d1  uDMAErrorStatusClear             
200125dd  uDMAErrorStatusGet               
200137c0  uart                             
20012c00  uart2CC32XXObjects0              
20013d9c  udmaCC3220SHWAttrs               
20013238  udmaCC3220SObject                
200123eb  wcslen                           


GLOBAL SYMBOLS: SORTED BY Symbol Address 

address   name                             
-------   ----                             
00001000  __STACK_SIZE                     
00008000  __SYSMEM_SIZE                    
20003000  __stack                          
20004000  __STACK_END                      
20004000  __start___llvm_prf_cnts          
20004000  __stop___llvm_prf_cnts           
20004000  resetVectors                     
20004040  _sys_memory                      
2000c041  __TI_printfi                     
2000ca8f  Board_initHook                   
2000ca91  PRCMCC3200MCUInit                
2000cebd  UART2_writeTimeout               
2000d155  UART2_open                       
2000d885  initI2C                          
2000dc29  __aeabi_dsub                     
2000dc33  __aeabi_dadd                     
2000dddf  PowerCC32XX_initPolicy           
2000dde1  PowerCC32XX_sleepPolicy          
2000df81  timerCallback                    
2000e0d9  GPIO_setConfig                   
2000e5f9  readTemp                         
2000e735  Power_sleep                      
2000e86d  Timer_open                       
2000e9a5  __aeabi_ddiv                     
2000eadb  I2C_transferTimeout              
2000ed1d  UART2_close                      
2000ee25  aligned_alloc                    
2000ee25  memalign                         
2000ef25  I2C_open                         
2000f021  __aeabi_dmul                     
2000f209  UART2Support_dmaStartRx          
2000f2ed  free                             
2000f3d1  ldexp                            
2000f3d1  ldexpl                           
2000f3d1  scalbn                           
2000f3d1  scalbnl                          
2000f4a1  UART2Support_dmaStartTx          
2000f6db  SemaphoreP_destruct              
2000f837  Timer_init                       
2000f839  IntEnable                        
2000f8e1  PowerCC32XX_configureWakeup      
2000f989  SemaphoreP_pend                  
2000fac5  __aeabi_memcpy                   
2000fac5  __aeabi_memcpy4                  
2000fac5  __aeabi_memcpy8                  
2000fac5  memcpy                           
2000fb61  __aeabi_uldivmod                 
2000fbf9  GPIO_init                        
2000fd19  HwiP_construct                   
2000fda5  I2C_close                        
2000fe2d  IntPendSet                       
2000feb5  PinConfigSet                     
2000ff3d  __aeabi_cdcmpeq                  
2000ff3d  __aeabi_cdcmple                  
2000ffc3  __aeabi_cdrcmple                 
20010049  Power_init                       
20010151  GPIO_write                       
200101d1  Power_setDependency              
20010251  UDMACC32XX_open                  
20010347  __aeabi_fmul                     
200103c1  __aeabi_memclr                   
200103c1  __aeabi_memclr4                  
200103c1  __aeabi_memclr8                  
200103c3  __aeabi_memset                   
200103c3  __aeabi_memset4                  
200103c3  __aeabi_memset8                  
200103c9  memset                           
200104af  _nop                             
20010603  I2CSupport_primeTransfer         
2001066d  __TI_decompress_lzss             
200106d5  GPIO_setInterruptConfig          
20010739  PowerCC32XX_setParkState         
2001079d  uDMAChannelAttributeDisable      
20010801  GPIO_hwiIntFxn                   
20010861  PRCMSysResetCauseGet             
200108c1  mainThread                       
20010921  UART2Support_dmaStopTx           
20010981  frexp                            
20010981  frexpl                           
20010a39  PRCMPeripheralReset              
20010a91  Power_releaseDependency          
20010b3f  __TI_ltoa                        
20010b93  PowerCC32XX_resumeLPDS           
20010c89  ClockP_sysTickHandler            
20010cd9  SemaphoreP_construct             
20010d29  TimerCC32XX_allocateTimerResource
20010d79  UART2Support_dmaStopRx           
20010e15  PowerCC32XX_parkPin              
20010e61  atoi                             
20010ef9  snprintf                         
20010f45  FlashDisable                     
20010f8d  GPIO_disableInt                  
20010fd5  GPIO_enableInt                   
2001101d  PRCMLPDSEnter                    
20011065  PRCMPeripheralClkEnable          
200110ad  Power_releaseConstraint          
200110f5  initTimer                        
2001113d  __aeabi_d2iz                     
20011185  RingBuf_put                      
20011211  ClockP_stop                      
20011255  PRCMLPDSRestoreInfoSet           
20011299  PowerCC32XX_enterLPDS            
200112dd  SemaphoreP_post                  
20011321  SwiP_restore                     
20011365  Timer_start                      
200113a9  __TI_auto_init_nobinit_nopinit   
200113ed  ClockP_construct                 
2001142d  PinModeSet                       
2001146d  TimerSupport_timerEnable         
200114ad  Timer_close                      
200114ed  UDMACC32XX_init                  
2001152d  RingBuf_putAdvance               
200115a9  ClockP_destruct                  
200115e5  Power_setConstraint              
2001165b  clkFxn                           
2001165d  PRCMLPDSEnterKeepDebugIf         
200116cd  initVectors                      
2001173d  __aeabi_f2iz                     
20011775  __aeabi_i2f                      
200117ad  TimerControlStall                
200117e3  Timer_stop                       
20011819  UART2_rxDisable                  
20011851  ClockP_getTicksUntilInterrupt    
20011885  ClockP_startup                   
200118b9  PinModeGet                       
200118ed  PowerCC32XX_restoreParkState     
20011921  RingBuf_getConsume               
20011955  RingBuf_putPointer               
20011989  TimerCC32XX_freeTimerResource    
200119f1  UART2Support_sendData            
20011a25  UDMACC32XX_close                 
20011a8d  UART2Support_disableRx           
20011ac1  ClockP_start                     
20011af1  PowerCC32XX_restoreParkedPin     
20011b21  UARTDisable                      
20011b81  initUART                         
20011bb1  __aeabi_i2d                      
20011be1  PowerCC32XX_getParkState         
20011c0d  HwiP_create                      
20011c37  RingBuf_getPointer               
20011c61  TimerLoadSet                     
20011c8b  TimerPrescaleSet                 
20011cb5  I2CFIFODataPutNonBlocking        
20011cdd  PRCMPeripheralClkDisable         
20011d05  Power_registerNotify             
20011d55  uDMAChannelIsEnabled             
20011d7d  I2CFIFODataGetNonBlocking        
20011da3  I2C_cancel                       
20011dc9  List_put                         
20011def  List_remove                      
20011e15  HwiP_dispatch                    
20011e39  PowerCC32XX_reset                
20011e5d  TimerSupport_timerDisable        
20011e81  UARTEnable                       
20011ea5  _c_int00_noargs                  
20011ec9  I2CMasterSlaveAddrSet            
20011f0d  HwiP_destruct                    
20011f2d  Power_unregisterNotify           
20011f6d  I2CMasterIntStatusEx             
20011f8b  SemaphoreP_constructBinary       
20011fa9  TimerDisable                     
20011fc7  TimerEnable                      
20012003  __aeabi_idiv0                    
20012003  __aeabi_ldiv0                    
20012005  GPIO_setCallback                 
20012021  PinToPadGet                      
2001203d  SwiP_disable                     
20012075  memccpy                          
20012091  SemaphoreP_createBinary          
200120ad  resetISR                         
200120c0  resetVectorAddr                  
200120c7  I2CMasterBusBusy                 
200120df  I2CMasterIntDisableEx            
200120f7  I2CMasterIntEnableEx             
2001210f  I2CRxFIFOFlush                   
20012127  I2CTxFIFOFlush                   
20012141  Power_getTransitionLatency       
20012159  Power_idleFunc                   
20012171  TimerIntDisable                  
20012189  TimerIntEnable                   
200121a1  UART2Support_txDone              
200121b9  UART2_Params_init                
200121d1  UARTDMADisable                   
200121e9  UARTIntDisable                   
20012201  UARTIntEnable                    
20012231  __aeabi_lmul                     
20012249  I2CMasterBurstLengthSet          
2001225f  PRCMHIBRegRead                   
20012275  PRCMHIBRegWrite                  
2001228b  SemaphoreP_create                
200122a1  strchr                           
200122b7  Board_init                       
200122cb  CPUcpsid                         
200122e1  HwiP_inISR                       
200122f5  I2CSupport_masterFinish          
20012309  I2C_transfer                     
2001231d  IntVTableBaseSet                 
20012331  Power_disablePolicy              
20012345  Power_getDependencyCount         
20012359  strlen                           
2001236d  HwiP_Params_init                 
2001237f  I2CMasterIntClearEx              
20012391  RingBuf_construct                
200123a3  TimerIntClear                    
200123b5  UARTIntClear                     
200123c7  UARTRxErrorGet                   
200123d9  main                             
200123eb  wcslen                           
200123fd  ClockP_add                       
2001240d  ClockP_getCpuFreq                
2001241d  ClockP_getSystemTicks            
2001242d  ClockP_setTicks                  
2001243d  HwiP_delete                      
2001244d  HwiP_interruptsEnabled           
2001245d  HwiP_restore                     
2001246d  I2CFIFOStatus                    
2001247d  I2C_Params_init                  
2001248d  Power_enablePolicy               
2001249d  SemaphoreP_Params_init           
200124ad  Timer_Params_init                
200124cd  UART2Support_rxStatus2ErrorCode  
200124dd  HwiP_clearInterrupt              
200124eb  HwiP_disable                     
200124f9  HwiP_disableInterrupt            
20012507  HwiP_enable                      
20012507  NoRTOS_start                     
20012515  HwiP_enableInterrupt             
20012531  UART2_write                      
2001253f  __TI_decompress_none             
20012559  Power_getConstraintMask          
20012571  UART2Support_disableTx           
2001257d  UART2Support_enableTx            
20012589  copysign                         
20012589  copysignl                        
20012595  __TI_zero_init                   
200125ad  gpioButtonFxn0                   
200125b9  gpioButtonFxn1                   
200125d1  uDMAErrorStatusClear             
200125dd  uDMAErrorStatusGet               
200125e9  CPUprimask                       
200125f3  ClockP_Params_init               
200125fd  ClockP_isActive                  
20012607  IntMasterDisable                 
20012619  __aeabi_errno_addr               
20012621  bzero                            
20012629  malloc                           
20012631  I2CSupport_powerRelConstraint    
20012637  I2CSupport_powerSetConstraint    
2001263d  UART2Support_powerRelConstraint  
20012643  UtilsDelay                       
20012649  ClockP_doTick                    
2001264d  ClockP_setTimeout                
20012651  HwiP_post                        
20012655  SemaphoreP_delete                
20012659  _system_pre_init                 
2001265d  C$$EXIT                          
2001265d  abort                            
20012660  __TI_static_base__               
2001273c  __TI_Handler_Table_Base          
20012748  __TI_Handler_Table_Limit         
20012750  __TI_CINIT_Base                  
20012760  __TI_CINIT_Limit                 
20012c00  uart2CC32XXObjects0              
20012df8  PowerCC32XX_contextSave          
20012f24  i2cCC32XXObjects                 
20013020  gpioCallbackFunctions            
200130a4  gpioUserArgs                     
20013128  timerCC32XXObjects               
20013218  ClockP_ctrl                      
20013236  curTemp                          
20013238  udmaCC3220SObject                
20013554  PowerCC32XX_module               
200136c0  parkInfo                         
200137b8  txBuffer                         
200137ba  secSinceReset                    
200137bc  rxBuffer                         
200137c0  uart                             
200137c4  bytesWritten                     
200137c8  timer0                           
200137cc  i2cParams                        
200137dc  i2cTransaction                   
200137fc  output                           
2001387c  gpioPinConfigs                   
20013900  _lock                            
20013904  _unlock                          
20013910  SemaphoreP_defaultParams         
20013920  HwiP_key                         
20013924  HwiP_swiPIntNum                  
20013928  button                           
20013929  led                              
2001392a  cycle                            
2001392c  threshholdTemp                   
2001392e  TimerFlag                        
20013930  ClockP_tickPeriod                
20013938  errno                            
20013940  _ctypes_                         
20013bec  PowerCC32XX_config               
20013c94  UART2_defaultParams              
20013d24  i2cCC32XXHWAttrs                 
20013d38  GPIO_config                      
20013d48  I2C_defaultParams                
20013d68  timerCC32XXHWAttrs               
20013d9c  udmaCC3220SHWAttrs               
20013da8  GPIO_pinLowerBound               
20013da9  GPIO_pinUpperBound               
20013daa  CONFIG_GPIO_BUTTON_0_CONST       
20013dab  CONFIG_GPIO_BUTTON_1_CONST       
20013dac  CONFIG_GPIO_LED_0_CONST          
20013dad  CONFIG_I2C_0_CONST               
20013dae  I2C_count                        
20013daf  CONFIG_TIMER_0_CONST             
20013db0  Timer_count                      
20013db1  CONFIG_UART2_0_CONST             
20013db2  UART2_count                      
20013db4  I2C_config                       
20013dbc  Timer_config                     
20013dc4  UART2_config                     
20013dcc  UDMACC32XX_config                
ffffffff  __TI_pprof_out_hndl              
ffffffff  __TI_prof_data_size              
ffffffff  __TI_prof_data_start             
ffffffff  __binit__                        
ffffffff  __c_args__                       
ffffffff  binit                            
UNDEFED   ITM_flush                        
UNDEFED   ITM_restore                      
UNDEFED   __mpu_init                       
UNDEFED   _system_post_cinit               

[328 symbols]
