<?xml version="1.0" encoding="ISO-8859-1" ?>
<link_info>
   <banner>TI ARM Linker PC v20.2.6.LTS</banner>
   <copyright>Copyright (c) 1996-2018 Texas Instruments Incorporated</copyright>
   <link_time>0x62f8048c</link_time>
   <link_errors>0x0</link_errors>
   <output_file>Project_Kovacevich.out</output_file>
   <entry_point>
      <name>resetISR</name>
      <address>0x2000e8c5</address>
   </entry_point>
   <input_file_list>
      <input_file id="fl-2">
         <path>.\</path>
         <kind>object</kind>
         <file>gpiointerrupt.obj</file>
         <name>gpiointerrupt.obj</name>
      </input_file>
      <input_file id="fl-3">
         <path>.\syscfg\</path>
         <kind>object</kind>
         <file>ti_drivers_config.obj</file>
         <name>ti_drivers_config.obj</name>
      </input_file>
      <input_file id="fl-4">
         <path>.\</path>
         <kind>object</kind>
         <file>main_nortos.obj</file>
         <name>main_nortos.obj</name>
      </input_file>
      <input_file id="fl-d">
         <kind>object</kind>
         <file>&lt;internal&gt;</file>
         <name>&lt;internal&gt;</name>
      </input_file>
      <input_file id="fl-e">
         <path>C:\ti\simplelink_cc32xx_sdk_6_10_00_05\source\ti\drivers\lib\ccs\m4\</path>
         <kind>archive</kind>
         <file>drivers_cc32xx.a</file>
         <name>GPIO.oem4</name>
      </input_file>
      <input_file id="fl-f">
         <path>C:\ti\simplelink_cc32xx_sdk_6_10_00_05\source\ti\drivers\lib\ccs\m4\</path>
         <kind>archive</kind>
         <file>drivers_cc32xx.a</file>
         <name>Timer.oem4</name>
      </input_file>
      <input_file id="fl-10">
         <path>C:\ti\simplelink_cc32xx_sdk_6_10_00_05\source\ti\drivers\lib\ccs\m4\</path>
         <kind>archive</kind>
         <file>drivers_cc32xx.a</file>
         <name>GPIOCC32XX.oem4</name>
      </input_file>
      <input_file id="fl-11">
         <path>C:\ti\simplelink_cc32xx_sdk_6_10_00_05\source\ti\drivers\lib\ccs\m4\</path>
         <kind>archive</kind>
         <file>drivers_cc32xx.a</file>
         <name>PowerCC32XX.oem4</name>
      </input_file>
      <input_file id="fl-12">
         <path>C:\ti\simplelink_cc32xx_sdk_6_10_00_05\source\ti\drivers\lib\ccs\m4\</path>
         <kind>archive</kind>
         <file>drivers_cc32xx.a</file>
         <name>PowerCC32XX_asm.oem4</name>
      </input_file>
      <input_file id="fl-13">
         <path>C:\ti\simplelink_cc32xx_sdk_6_10_00_05\source\ti\drivers\lib\ccs\m4\</path>
         <kind>archive</kind>
         <file>drivers_cc32xx.a</file>
         <name>TimerCC32XX.oem4</name>
      </input_file>
      <input_file id="fl-14">
         <path>C:\ti\simplelink_cc32xx_sdk_6_10_00_05\source\ti\drivers\lib\ccs\m4\</path>
         <kind>archive</kind>
         <file>drivers_cc32xx.a</file>
         <name>List.oem4</name>
      </input_file>
      <input_file id="fl-15">
         <path>C:\ti\simplelink_cc32xx_sdk_6_10_00_05\kernel\nortos\lib\ccs\m4\</path>
         <kind>archive</kind>
         <file>nortos_cc32xx.a</file>
         <name>NoRTOS.oem4</name>
      </input_file>
      <input_file id="fl-16">
         <path>C:\ti\simplelink_cc32xx_sdk_6_10_00_05\kernel\nortos\lib\ccs\m4\</path>
         <kind>archive</kind>
         <file>nortos_cc32xx.a</file>
         <name>SemaphoreP_nortos.oem4</name>
      </input_file>
      <input_file id="fl-17">
         <path>C:\ti\simplelink_cc32xx_sdk_6_10_00_05\kernel\nortos\lib\ccs\m4\</path>
         <kind>archive</kind>
         <file>nortos_cc32xx.a</file>
         <name>ClockPSysTick_nortos.oem4</name>
      </input_file>
      <input_file id="fl-18">
         <path>C:\ti\simplelink_cc32xx_sdk_6_10_00_05\kernel\nortos\lib\ccs\m4\</path>
         <kind>archive</kind>
         <file>nortos_cc32xx.a</file>
         <name>HwiPCC32XX_nortos.oem4</name>
      </input_file>
      <input_file id="fl-19">
         <path>C:\ti\simplelink_cc32xx_sdk_6_10_00_05\kernel\nortos\lib\ccs\m4\</path>
         <kind>archive</kind>
         <file>nortos_cc32xx.a</file>
         <name>PowerCC32XX_nortos.oem4</name>
      </input_file>
      <input_file id="fl-1a">
         <path>C:\ti\simplelink_cc32xx_sdk_6_10_00_05\kernel\nortos\lib\ccs\m4\</path>
         <kind>archive</kind>
         <file>nortos_cc32xx.a</file>
         <name>startup_cc32xx_ccs.oem4</name>
      </input_file>
      <input_file id="fl-1b">
         <path>C:\ti\simplelink_cc32xx_sdk_6_10_00_05\kernel\nortos\lib\ccs\m4\</path>
         <kind>archive</kind>
         <file>nortos_cc32xx.a</file>
         <name>SwiP_nortos.oem4</name>
      </input_file>
      <input_file id="fl-1c">
         <path>C:\ti\simplelink_cc32xx_sdk_6_10_00_05\kernel\nortos\lib\ccs\m4\</path>
         <kind>archive</kind>
         <file>nortos_cc32xx.a</file>
         <name>QueueP_nortos.oem4</name>
      </input_file>
      <input_file id="fl-1d">
         <path>C:\ti\simplelink_cc32xx_sdk_6_10_00_05\source\ti\devices\cc32xx\driverlib\ccs\Release\</path>
         <kind>archive</kind>
         <file>driverlib.a</file>
         <name>cpu.obj</name>
      </input_file>
      <input_file id="fl-1e">
         <path>C:\ti\simplelink_cc32xx_sdk_6_10_00_05\source\ti\devices\cc32xx\driverlib\ccs\Release\</path>
         <kind>archive</kind>
         <file>driverlib.a</file>
         <name>interrupt.obj</name>
      </input_file>
      <input_file id="fl-1f">
         <path>C:\ti\simplelink_cc32xx_sdk_6_10_00_05\source\ti\devices\cc32xx\driverlib\ccs\Release\</path>
         <kind>archive</kind>
         <file>driverlib.a</file>
         <name>pin.obj</name>
      </input_file>
      <input_file id="fl-20">
         <path>C:\ti\simplelink_cc32xx_sdk_6_10_00_05\source\ti\devices\cc32xx\driverlib\ccs\Release\</path>
         <kind>archive</kind>
         <file>driverlib.a</file>
         <name>prcm.obj</name>
      </input_file>
      <input_file id="fl-21">
         <path>C:\ti\simplelink_cc32xx_sdk_6_10_00_05\source\ti\devices\cc32xx\driverlib\ccs\Release\</path>
         <kind>archive</kind>
         <file>driverlib.a</file>
         <name>timer.obj</name>
      </input_file>
      <input_file id="fl-22">
         <path>C:\ti\simplelink_cc32xx_sdk_6_10_00_05\source\ti\devices\cc32xx\driverlib\ccs\Release\</path>
         <kind>archive</kind>
         <file>driverlib.a</file>
         <name>utils.obj</name>
      </input_file>
      <input_file id="fl-23">
         <path>C:\ti\simplelink_cc32xx_sdk_6_10_00_05\source\ti\devices\cc32xx\driverlib\ccs\Release\</path>
         <kind>archive</kind>
         <file>driverlib.a</file>
         <name>flash.obj</name>
      </input_file>
      <input_file id="fl-d9">
         <path>C:\ti\ccs1120\ccs\tools\compiler\ti-cgt-arm_20.2.6.LTS\lib\</path>
         <kind>archive</kind>
         <file>rtsv7M4_T_le_eabi.lib</file>
         <name>ll_mul_t2.asm.obj</name>
      </input_file>
      <input_file id="fl-da">
         <path>C:\ti\ccs1120\ccs\tools\compiler\ti-cgt-arm_20.2.6.LTS\lib\</path>
         <kind>archive</kind>
         <file>rtsv7M4_T_le_eabi.lib</file>
         <name>memcpy_t2.asm.obj</name>
      </input_file>
      <input_file id="fl-db">
         <path>C:\ti\ccs1120\ccs\tools\compiler\ti-cgt-arm_20.2.6.LTS\lib\</path>
         <kind>archive</kind>
         <file>rtsv7M4_T_le_eabi.lib</file>
         <name>ull_div_t2.asm.obj</name>
      </input_file>
      <input_file id="fl-dc">
         <path>C:\ti\ccs1120\ccs\tools\compiler\ti-cgt-arm_20.2.6.LTS\lib\</path>
         <kind>archive</kind>
         <file>rtsv7M4_T_le_eabi.lib</file>
         <name>copy_zero_init.c.obj</name>
      </input_file>
      <input_file id="fl-dd">
         <path>C:\ti\ccs1120\ccs\tools\compiler\ti-cgt-arm_20.2.6.LTS\lib\</path>
         <kind>archive</kind>
         <file>rtsv7M4_T_le_eabi.lib</file>
         <name>copy_decompress_none.c.obj</name>
      </input_file>
      <input_file id="fl-de">
         <path>C:\ti\ccs1120\ccs\tools\compiler\ti-cgt-arm_20.2.6.LTS\lib\</path>
         <kind>archive</kind>
         <file>rtsv7M4_T_le_eabi.lib</file>
         <name>copy_decompress_lzss.c.obj</name>
      </input_file>
      <input_file id="fl-df">
         <path>C:\ti\ccs1120\ccs\tools\compiler\ti-cgt-arm_20.2.6.LTS\lib\</path>
         <kind>archive</kind>
         <file>rtsv7M4_T_le_eabi.lib</file>
         <name>memory.c.obj</name>
      </input_file>
      <input_file id="fl-e0">
         <path>C:\ti\ccs1120\ccs\tools\compiler\ti-cgt-arm_20.2.6.LTS\lib\</path>
         <kind>archive</kind>
         <file>rtsv7M4_T_le_eabi.lib</file>
         <name>boot_cortex_m.c.obj</name>
      </input_file>
      <input_file id="fl-e1">
         <path>C:\ti\ccs1120\ccs\tools\compiler\ti-cgt-arm_20.2.6.LTS\lib\</path>
         <kind>archive</kind>
         <file>rtsv7M4_T_le_eabi.lib</file>
         <name>div0.asm.obj</name>
      </input_file>
      <input_file id="fl-e2">
         <path>C:\ti\ccs1120\ccs\tools\compiler\ti-cgt-arm_20.2.6.LTS\lib\</path>
         <kind>archive</kind>
         <file>rtsv7M4_T_le_eabi.lib</file>
         <name>memset_t2.asm.obj</name>
      </input_file>
      <input_file id="fl-e3">
         <path>C:\ti\ccs1120\ccs\tools\compiler\ti-cgt-arm_20.2.6.LTS\lib\</path>
         <kind>archive</kind>
         <file>rtsv7M4_T_le_eabi.lib</file>
         <name>autoinit.c.obj</name>
      </input_file>
      <input_file id="fl-e4">
         <path>C:\ti\ccs1120\ccs\tools\compiler\ti-cgt-arm_20.2.6.LTS\lib\</path>
         <kind>archive</kind>
         <file>rtsv7M4_T_le_eabi.lib</file>
         <name>pre_init.c.obj</name>
      </input_file>
      <input_file id="fl-e5">
         <path>C:\ti\ccs1120\ccs\tools\compiler\ti-cgt-arm_20.2.6.LTS\lib\</path>
         <kind>archive</kind>
         <file>rtsv7M4_T_le_eabi.lib</file>
         <name>cpy_tbl.c.obj</name>
      </input_file>
      <input_file id="fl-e6">
         <path>C:\ti\ccs1120\ccs\tools\compiler\ti-cgt-arm_20.2.6.LTS\lib\</path>
         <kind>archive</kind>
         <file>rtsv7M4_T_le_eabi.lib</file>
         <name>exit.c.obj</name>
      </input_file>
      <input_file id="fl-e7">
         <path>C:\ti\ccs1120\ccs\tools\compiler\ti-cgt-arm_20.2.6.LTS\lib\</path>
         <kind>archive</kind>
         <file>rtsv7M4_T_le_eabi.lib</file>
         <name>_lock.c.obj</name>
      </input_file>
      <input_file id="fl-e8">
         <path>C:\ti\ccs1120\ccs\tools\compiler\ti-cgt-arm_20.2.6.LTS\lib\</path>
         <kind>archive</kind>
         <file>rtsv7M4_T_le_eabi.lib</file>
         <name>args_main.c.obj</name>
      </input_file>
   </input_file_list>
   <object_component_list>
      <object_component id="oc-1ca">
         <name>.text:PRCMCC3200MCUInit</name>
         <load_address>0x2000c040</load_address>
         <run_address>0x2000c040</run_address>
         <size>0x42c</size>
         <input_file_ref idref="fl-20"/>
      </object_component>
      <object_component id="oc-348">
         <name>.text:PowerCC32XX_sleepPolicy</name>
         <load_address>0x2000c46c</load_address>
         <run_address>0x2000c46c</run_address>
         <size>0x1a0</size>
         <input_file_ref idref="fl-19"/>
      </object_component>
      <object_component id="oc-1e4">
         <name>.text:GPIO_setConfig</name>
         <load_address>0x2000c60c</load_address>
         <run_address>0x2000c60c</run_address>
         <size>0x154</size>
         <input_file_ref idref="fl-10"/>
      </object_component>
      <object_component id="oc-596">
         <name>.text:parkPins</name>
         <load_address>0x2000c760</load_address>
         <run_address>0x2000c760</run_address>
         <size>0x148</size>
         <input_file_ref idref="fl-11"/>
      </object_component>
      <object_component id="oc-47b">
         <name>.text:Power_sleep</name>
         <load_address>0x2000c8a8</load_address>
         <run_address>0x2000c8a8</run_address>
         <size>0x138</size>
         <input_file_ref idref="fl-11"/>
      </object_component>
      <object_component id="oc-2ed">
         <name>.text:Timer_open</name>
         <load_address>0x2000c9e0</load_address>
         <run_address>0x2000c9e0</run_address>
         <size>0x138</size>
         <input_file_ref idref="fl-13"/>
      </object_component>
      <object_component id="oc-424">
         <name>.text:StateMachine</name>
         <load_address>0x2000cb18</load_address>
         <run_address>0x2000cb18</run_address>
         <size>0x134</size>
         <input_file_ref idref="fl-2"/>
      </object_component>
      <object_component id="oc-4e5">
         <name>.text:aligned_alloc</name>
         <load_address>0x2000cc4c</load_address>
         <run_address>0x2000cc4c</run_address>
         <size>0x100</size>
         <input_file_ref idref="fl-df"/>
      </object_component>
      <object_component id="oc-366">
         <name>.text:free</name>
         <load_address>0x2000cd4c</load_address>
         <run_address>0x2000cd4c</run_address>
         <size>0xe4</size>
         <input_file_ref idref="fl-df"/>
      </object_component>
      <object_component id="oc-5b3">
         <name>.text:restoreParkedPins</name>
         <load_address>0x2000ce30</load_address>
         <run_address>0x2000ce30</run_address>
         <size>0xc0</size>
         <input_file_ref idref="fl-11"/>
      </object_component>
      <object_component id="oc-b5">
         <name>.text:IntEnable</name>
         <load_address>0x2000cef0</load_address>
         <run_address>0x2000cef0</run_address>
         <size>0xa8</size>
         <input_file_ref idref="fl-1e"/>
      </object_component>
      <object_component id="oc-267">
         <name>.text:PowerCC32XX_configureWakeup</name>
         <load_address>0x2000cf98</load_address>
         <run_address>0x2000cf98</run_address>
         <size>0xa8</size>
         <input_file_ref idref="fl-11"/>
      </object_component>
      <object_component id="oc-28c">
         <name>.text:SemaphoreP_pend</name>
         <load_address>0x2000d040</load_address>
         <run_address>0x2000d040</run_address>
         <size>0xa0</size>
         <input_file_ref idref="fl-16"/>
      </object_component>
      <object_component id="oc-3b">
         <name>.text</name>
         <load_address>0x2000d0e0</load_address>
         <run_address>0x2000d0e0</run_address>
         <size>0x9c</size>
         <input_file_ref idref="fl-da"/>
      </object_component>
      <object_component id="oc-476">
         <name>.text</name>
         <load_address>0x2000d17c</load_address>
         <run_address>0x2000d17c</run_address>
         <size>0x96</size>
         <input_file_ref idref="fl-db"/>
      </object_component>
      <object_component id="oc-1dc">
         <name>.text:Board_initHook</name>
         <load_address>0x2000d212</load_address>
         <run_address>0x2000d212</run_address>
         <size>0x2</size>
         <input_file_ref idref="fl-3"/>
      </object_component>
      <object_component id="oc-1d6">
         <name>.text:GPIO_init</name>
         <load_address>0x2000d214</load_address>
         <run_address>0x2000d214</run_address>
         <size>0x90</size>
         <input_file_ref idref="fl-10"/>
      </object_component>
      <object_component id="oc-5a7">
         <name>.text:restoreNVICRegs</name>
         <load_address>0x2000d2a4</load_address>
         <run_address>0x2000d2a4</run_address>
         <size>0x90</size>
         <input_file_ref idref="fl-11"/>
      </object_component>
      <object_component id="oc-3c6">
         <name>.text:HwiP_construct</name>
         <load_address>0x2000d334</load_address>
         <run_address>0x2000d334</run_address>
         <size>0x8c</size>
         <input_file_ref idref="fl-18"/>
      </object_component>
      <object_component id="oc-66c">
         <name>.text:IntPendSet</name>
         <load_address>0x2000d3c0</load_address>
         <run_address>0x2000d3c0</run_address>
         <size>0x88</size>
         <input_file_ref idref="fl-1e"/>
      </object_component>
      <object_component id="oc-2b3">
         <name>.text:PinConfigSet</name>
         <load_address>0x2000d448</load_address>
         <run_address>0x2000d448</run_address>
         <size>0x88</size>
         <input_file_ref idref="fl-1f"/>
      </object_component>
      <object_component id="oc-1d0">
         <name>.text:Power_init</name>
         <load_address>0x2000d4d0</load_address>
         <run_address>0x2000d4d0</run_address>
         <size>0x84</size>
         <input_file_ref idref="fl-11"/>
      </object_component>
      <object_component id="oc-59c">
         <name>.text:saveNVICRegs</name>
         <load_address>0x2000d554</load_address>
         <run_address>0x2000d554</run_address>
         <size>0x84</size>
         <input_file_ref idref="fl-11"/>
      </object_component>
      <object_component id="oc-56c">
         <name>.text:GPIO_write</name>
         <load_address>0x2000d5d8</load_address>
         <run_address>0x2000d5d8</run_address>
         <size>0x80</size>
         <input_file_ref idref="fl-10"/>
      </object_component>
      <object_component id="oc-2b9">
         <name>.text:Power_setDependency</name>
         <load_address>0x2000d658</load_address>
         <run_address>0x2000d658</run_address>
         <size>0x80</size>
         <input_file_ref idref="fl-11"/>
      </object_component>
      <object_component id="oc-2ab">
         <name>.text:powerNotifyFxn</name>
         <load_address>0x2000d6d8</load_address>
         <run_address>0x2000d6d8</run_address>
         <size>0x74</size>
         <input_file_ref idref="fl-10"/>
      </object_component>
      <object_component id="oc-5e4">
         <name>.text:split</name>
         <load_address>0x2000d74c</load_address>
         <run_address>0x2000d74c</run_address>
         <size>0x70</size>
         <input_file_ref idref="fl-df"/>
      </object_component>
      <object_component id="oc-14">
         <name>.text:decompress:lzss:__TI_decompress_lzss</name>
         <load_address>0x2000d7bc</load_address>
         <run_address>0x2000d7bc</run_address>
         <size>0x68</size>
         <input_file_ref idref="fl-de"/>
      </object_component>
      <object_component id="oc-2cb">
         <name>.text:GPIO_setInterruptConfig</name>
         <load_address>0x2000d824</load_address>
         <run_address>0x2000d824</run_address>
         <size>0x64</size>
         <input_file_ref idref="fl-10"/>
      </object_component>
      <object_component id="oc-3b6">
         <name>.text:PowerCC32XX_setParkState</name>
         <load_address>0x2000d888</load_address>
         <run_address>0x2000d888</run_address>
         <size>0x64</size>
         <input_file_ref idref="fl-11"/>
      </object_component>
      <object_component id="oc-2d4">
         <name>.text:GPIO_hwiIntFxn</name>
         <load_address>0x2000d8ec</load_address>
         <run_address>0x2000d8ec</run_address>
         <size>0x60</size>
         <input_file_ref idref="fl-10"/>
      </object_component>
      <object_component id="oc-235">
         <name>.text:PRCMSysResetCauseGet</name>
         <load_address>0x2000d94c</load_address>
         <run_address>0x2000d94c</run_address>
         <size>0x60</size>
         <input_file_ref idref="fl-20"/>
      </object_component>
      <object_component id="oc-165">
         <name>.text:mainThread</name>
         <load_address>0x2000d9ac</load_address>
         <run_address>0x2000d9ac</run_address>
         <size>0x5c</size>
         <input_file_ref idref="fl-2"/>
      </object_component>
      <object_component id="oc-62c">
         <name>.text:sysTickInit</name>
         <load_address>0x2000da08</load_address>
         <run_address>0x2000da08</run_address>
         <size>0x5c</size>
         <input_file_ref idref="fl-17"/>
      </object_component>
      <object_component id="oc-24e">
         <name>.text:PRCMPeripheralReset</name>
         <load_address>0x2000da64</load_address>
         <run_address>0x2000da64</run_address>
         <size>0x58</size>
         <input_file_ref idref="fl-20"/>
      </object_component>
      <object_component id="oc-60e">
         <name>.text:Power_releaseDependency</name>
         <load_address>0x2000dabc</load_address>
         <run_address>0x2000dabc</run_address>
         <size>0x58</size>
         <input_file_ref idref="fl-11"/>
      </object_component>
      <object_component id="oc-649">
         <name>.text:PowerCC32XX_resumeLPDS</name>
         <load_address>0x2000db14</load_address>
         <run_address>0x2000db14</run_address>
         <size>0x52</size>
         <input_file_ref idref="fl-12"/>
      </object_component>
      <object_component id="oc-403">
         <name>.text:initHw</name>
         <load_address>0x2000db66</load_address>
         <run_address>0x2000db66</run_address>
         <size>0x52</size>
         <input_file_ref idref="fl-13"/>
      </object_component>
      <object_component id="oc-79">
         <name>.text:ClockP_sysTickHandler</name>
         <load_address>0x2000dbb8</load_address>
         <run_address>0x2000dbb8</run_address>
         <size>0x50</size>
         <input_file_ref idref="fl-17"/>
      </object_component>
      <object_component id="oc-4a9">
         <name>.text:SemaphoreP_construct</name>
         <load_address>0x2000dc08</load_address>
         <run_address>0x2000dc08</run_address>
         <size>0x50</size>
         <input_file_ref idref="fl-16"/>
      </object_component>
      <object_component id="oc-3e5">
         <name>.text:TimerCC32XX_allocateTimerResource</name>
         <load_address>0x2000dc58</load_address>
         <run_address>0x2000dc58</run_address>
         <size>0x50</size>
         <input_file_ref idref="fl-13"/>
      </object_component>
      <object_component id="oc-640">
         <name>.text:PowerCC32XX_parkPin</name>
         <load_address>0x2000dca8</load_address>
         <run_address>0x2000dca8</run_address>
         <size>0x4c</size>
         <input_file_ref idref="fl-11"/>
      </object_component>
      <object_component id="oc-5ad">
         <name>.text:restorePeriphClocks</name>
         <load_address>0x2000dcf4</load_address>
         <run_address>0x2000dcf4</run_address>
         <size>0x4c</size>
         <input_file_ref idref="fl-11"/>
      </object_component>
      <object_component id="oc-664">
         <name>.text:FlashDisable</name>
         <load_address>0x2000dd40</load_address>
         <run_address>0x2000dd40</run_address>
         <size>0x48</size>
         <input_file_ref idref="fl-23"/>
      </object_component>
      <object_component id="oc-3cd">
         <name>.text:GPIO_disableInt</name>
         <load_address>0x2000dd88</load_address>
         <run_address>0x2000dd88</run_address>
         <size>0x48</size>
         <input_file_ref idref="fl-10"/>
      </object_component>
      <object_component id="oc-1f0">
         <name>.text:GPIO_enableInt</name>
         <load_address>0x2000ddd0</load_address>
         <run_address>0x2000ddd0</run_address>
         <size>0x48</size>
         <input_file_ref idref="fl-10"/>
      </object_component>
      <object_component id="oc-5b9">
         <name>.text:PRCMLPDSEnter</name>
         <load_address>0x2000de18</load_address>
         <run_address>0x2000de18</run_address>
         <size>0x48</size>
         <input_file_ref idref="fl-20"/>
      </object_component>
      <object_component id="oc-248">
         <name>.text:PRCMPeripheralClkEnable</name>
         <load_address>0x2000de60</load_address>
         <run_address>0x2000de60</run_address>
         <size>0x48</size>
         <input_file_ref idref="fl-20"/>
      </object_component>
      <object_component id="oc-684">
         <name>.text:Power_releaseConstraint</name>
         <load_address>0x2000dea8</load_address>
         <run_address>0x2000dea8</run_address>
         <size>0x48</size>
         <input_file_ref idref="fl-11"/>
      </object_component>
      <object_component id="oc-1f6">
         <name>.text:initTimer</name>
         <load_address>0x2000def0</load_address>
         <run_address>0x2000def0</run_address>
         <size>0x48</size>
         <input_file_ref idref="fl-2"/>
      </object_component>
      <object_component id="oc-3fd">
         <name>.text:getPrescaler</name>
         <load_address>0x2000df38</load_address>
         <run_address>0x2000df38</run_address>
         <size>0x46</size>
         <input_file_ref idref="fl-13"/>
      </object_component>
      <object_component id="oc-342">
         <name>.text:PowerCC32XX_initPolicy</name>
         <load_address>0x2000df7e</load_address>
         <run_address>0x2000df7e</run_address>
         <size>0x2</size>
         <input_file_ref idref="fl-19"/>
      </object_component>
      <object_component id="oc-4d1">
         <name>.text:ClockP_stop</name>
         <load_address>0x2000df80</load_address>
         <run_address>0x2000df80</run_address>
         <size>0x44</size>
         <input_file_ref idref="fl-17"/>
      </object_component>
      <object_component id="oc-64e">
         <name>.text:PRCMLPDSRestoreInfoSet</name>
         <load_address>0x2000dfc4</load_address>
         <run_address>0x2000dfc4</run_address>
         <size>0x44</size>
         <input_file_ref idref="fl-20"/>
      </object_component>
      <object_component id="oc-5a2">
         <name>.text:PowerCC32XX_enterLPDS</name>
         <load_address>0x2000e008</load_address>
         <run_address>0x2000e008</run_address>
         <size>0x44</size>
         <input_file_ref idref="fl-12"/>
      </object_component>
      <object_component id="oc-298">
         <name>.text:SemaphoreP_post</name>
         <load_address>0x2000e04c</load_address>
         <run_address>0x2000e04c</run_address>
         <size>0x44</size>
         <input_file_ref idref="fl-16"/>
      </object_component>
      <object_component id="oc-492">
         <name>.text:SwiP_restore</name>
         <load_address>0x2000e090</load_address>
         <run_address>0x2000e090</run_address>
         <size>0x44</size>
         <input_file_ref idref="fl-1b"/>
      </object_component>
      <object_component id="oc-2f3">
         <name>.text:Timer_start</name>
         <load_address>0x2000e0d4</load_address>
         <run_address>0x2000e0d4</run_address>
         <size>0x44</size>
         <input_file_ref idref="fl-f"/>
      </object_component>
      <object_component id="oc-178">
         <name>.text:__TI_auto_init_nobinit_nopinit:__TI_auto_init_nobinit_nopinit</name>
         <load_address>0x2000e118</load_address>
         <run_address>0x2000e118</run_address>
         <size>0x44</size>
         <input_file_ref idref="fl-e3"/>
      </object_component>
      <object_component id="oc-260">
         <name>.text:PinModeSet</name>
         <load_address>0x2000e15c</load_address>
         <run_address>0x2000e15c</run_address>
         <size>0x40</size>
         <input_file_ref idref="fl-1f"/>
      </object_component>
      <object_component id="oc-41d">
         <name>.text:TimerSupport_timerEnable</name>
         <load_address>0x2000e19c</load_address>
         <run_address>0x2000e19c</run_address>
         <size>0x40</size>
         <input_file_ref idref="fl-13"/>
      </object_component>
      <object_component id="oc-3f7">
         <name>.text:Timer_close</name>
         <load_address>0x2000e1dc</load_address>
         <run_address>0x2000e1dc</run_address>
         <size>0x40</size>
         <input_file_ref idref="fl-13"/>
      </object_component>
      <object_component id="oc-385">
         <name>.text:ClockP_destruct</name>
         <load_address>0x2000e21c</load_address>
         <run_address>0x2000e21c</run_address>
         <size>0x3c</size>
         <input_file_ref idref="fl-17"/>
      </object_component>
      <object_component id="oc-55f">
         <name>.text:Power_setConstraint</name>
         <load_address>0x2000e258</load_address>
         <run_address>0x2000e258</run_address>
         <size>0x3c</size>
         <input_file_ref idref="fl-11"/>
      </object_component>
      <object_component id="oc-470">
         <name>.text:getCountsRTC</name>
         <load_address>0x2000e294</load_address>
         <run_address>0x2000e294</run_address>
         <size>0x3a</size>
         <input_file_ref idref="fl-19"/>
      </object_component>
      <object_component id="oc-520">
         <name>.text:SemaphoreP_destruct</name>
         <load_address>0x2000e2ce</load_address>
         <run_address>0x2000e2ce</run_address>
         <size>0x2</size>
         <input_file_ref idref="fl-16"/>
      </object_component>
      <object_component id="oc-5bf">
         <name>.text:PRCMLPDSEnterKeepDebugIf</name>
         <load_address>0x2000e2d0</load_address>
         <run_address>0x2000e2d0</run_address>
         <size>0x38</size>
         <input_file_ref idref="fl-20"/>
      </object_component>
      <object_component id="oc-db">
         <name>.text:addToList</name>
         <load_address>0x2000e308</load_address>
         <run_address>0x2000e308</run_address>
         <size>0x38</size>
         <input_file_ref idref="fl-17"/>
      </object_component>
      <object_component id="oc-59">
         <name>.text:initVectors</name>
         <load_address>0x2000e340</load_address>
         <run_address>0x2000e340</run_address>
         <size>0x38</size>
         <input_file_ref idref="fl-1a"/>
      </object_component>
      <object_component id="oc-590">
         <name>.text:notify</name>
         <load_address>0x2000e378</load_address>
         <run_address>0x2000e378</run_address>
         <size>0x38</size>
         <input_file_ref idref="fl-11"/>
      </object_component>
      <object_component id="oc-540">
         <name>.text:TimerControlStall</name>
         <load_address>0x2000e3b0</load_address>
         <run_address>0x2000e3b0</run_address>
         <size>0x36</size>
         <input_file_ref idref="fl-21"/>
      </object_component>
      <object_component id="oc-508">
         <name>.text:Timer_stop</name>
         <load_address>0x2000e3e6</load_address>
         <run_address>0x2000e3e6</run_address>
         <size>0x36</size>
         <input_file_ref idref="fl-f"/>
      </object_component>
      <object_component id="oc-45e">
         <name>.text:ClockP_getTicksUntilInterrupt</name>
         <load_address>0x2000e41c</load_address>
         <run_address>0x2000e41c</run_address>
         <size>0x34</size>
         <input_file_ref idref="fl-17"/>
      </object_component>
      <object_component id="oc-581">
         <name>.text:ClockP_startup</name>
         <load_address>0x2000e450</load_address>
         <run_address>0x2000e450</run_address>
         <size>0x34</size>
         <input_file_ref idref="fl-17"/>
      </object_component>
      <object_component id="oc-25a">
         <name>.text:PinModeGet</name>
         <load_address>0x2000e484</load_address>
         <run_address>0x2000e484</run_address>
         <size>0x34</size>
         <input_file_ref idref="fl-1f"/>
      </object_component>
      <object_component id="oc-526">
         <name>.text:TimerCC32XX_freeTimerResource</name>
         <load_address>0x2000e4b8</load_address>
         <run_address>0x2000e4b8</run_address>
         <size>0x34</size>
         <input_file_ref idref="fl-13"/>
      </object_component>
      <object_component id="oc-415">
         <name>.text:TimerCC32XX_hwiIntFunction</name>
         <load_address>0x2000e4ec</load_address>
         <run_address>0x2000e4ec</run_address>
         <size>0x34</size>
         <input_file_ref idref="fl-13"/>
      </object_component>
      <object_component id="oc-4fc">
         <name>.text:getPowerMgrId</name>
         <load_address>0x2000e520</load_address>
         <run_address>0x2000e520</run_address>
         <size>0x34</size>
         <input_file_ref idref="fl-13"/>
      </object_component>
      <object_component id="oc-373">
         <name>.text:ClockP_start</name>
         <load_address>0x2000e554</load_address>
         <run_address>0x2000e554</run_address>
         <size>0x30</size>
         <input_file_ref idref="fl-17"/>
      </object_component>
      <object_component id="oc-65d">
         <name>.text:PowerCC32XX_restoreParkedPin</name>
         <load_address>0x2000e584</load_address>
         <run_address>0x2000e584</run_address>
         <size>0x30</size>
         <input_file_ref idref="fl-11"/>
      </object_component>
      <object_component id="oc-2c5">
         <name>.text:HwiP_create</name>
         <load_address>0x2000e5b4</load_address>
         <run_address>0x2000e5b4</run_address>
         <size>0x2a</size>
         <input_file_ref idref="fl-18"/>
      </object_component>
      <object_component id="oc-53a">
         <name>.text:TimerLoadSet</name>
         <load_address>0x2000e5de</load_address>
         <run_address>0x2000e5de</run_address>
         <size>0x2a</size>
         <input_file_ref idref="fl-21"/>
      </object_component>
      <object_component id="oc-534">
         <name>.text:TimerPrescaleSet</name>
         <load_address>0x2000e608</load_address>
         <run_address>0x2000e608</run_address>
         <size>0x2a</size>
         <input_file_ref idref="fl-21"/>
      </object_component>
      <object_component id="oc-2e1">
         <name>.text:Timer_init</name>
         <load_address>0x2000e632</load_address>
         <run_address>0x2000e632</run_address>
         <size>0x2</size>
         <input_file_ref idref="fl-f"/>
      </object_component>
      <object_component id="oc-254">
         <name>.text:PRCMPeripheralClkDisable</name>
         <load_address>0x2000e634</load_address>
         <run_address>0x2000e634</run_address>
         <size>0x28</size>
         <input_file_ref idref="fl-20"/>
      </object_component>
      <object_component id="oc-292">
         <name>.text:Power_registerNotify</name>
         <load_address>0x2000e65c</load_address>
         <run_address>0x2000e65c</run_address>
         <size>0x28</size>
         <input_file_ref idref="fl-11"/>
      </object_component>
      <object_component id="oc-4c9">
         <name>.text:free_list_insert</name>
         <load_address>0x2000e684</load_address>
         <run_address>0x2000e684</run_address>
         <size>0x28</size>
         <input_file_ref idref="fl-df"/>
      </object_component>
      <object_component id="oc-395">
         <name>.text:List_put</name>
         <load_address>0x2000e6ac</load_address>
         <run_address>0x2000e6ac</run_address>
         <size>0x26</size>
         <input_file_ref idref="fl-14"/>
      </object_component>
      <object_component id="oc-5fe">
         <name>.text:List_remove</name>
         <load_address>0x2000e6d2</load_address>
         <run_address>0x2000e6d2</run_address>
         <size>0x26</size>
         <input_file_ref idref="fl-14"/>
      </object_component>
      <object_component id="oc-4ef">
         <name>.text:HwiP_dispatch</name>
         <load_address>0x2000e6f8</load_address>
         <run_address>0x2000e6f8</run_address>
         <size>0x24</size>
         <input_file_ref idref="fl-18"/>
      </object_component>
      <object_component id="oc-5f7">
         <name>.text:TimerSupport_timerDisable</name>
         <load_address>0x2000e71c</load_address>
         <run_address>0x2000e71c</run_address>
         <size>0x24</size>
         <input_file_ref idref="fl-13"/>
      </object_component>
      <object_component id="oc-c5">
         <name>.text:_c_int00_noargs:_c_int00_noargs</name>
         <load_address>0x2000e740</load_address>
         <run_address>0x2000e740</run_address>
         <size>0x24</size>
         <input_file_ref idref="fl-e0"/>
      </object_component>
      <object_component id="oc-606">
         <name>.text:HwiP_destruct</name>
         <load_address>0x2000e764</load_address>
         <run_address>0x2000e764</run_address>
         <size>0x20</size>
         <input_file_ref idref="fl-18"/>
      </object_component>
      <object_component id="oc-50e">
         <name>.text:Power_unregisterNotify</name>
         <load_address>0x2000e784</load_address>
         <run_address>0x2000e784</run_address>
         <size>0x20</size>
         <input_file_ref idref="fl-11"/>
      </object_component>
      <object_component id="oc-3eb">
         <name>.text:SemaphoreP_constructBinary</name>
         <load_address>0x2000e7a4</load_address>
         <run_address>0x2000e7a4</run_address>
         <size>0x1e</size>
         <input_file_ref idref="fl-16"/>
      </object_component>
      <object_component id="oc-52e">
         <name>.text:TimerDisable</name>
         <load_address>0x2000e7c2</load_address>
         <run_address>0x2000e7c2</run_address>
         <size>0x1e</size>
         <input_file_ref idref="fl-21"/>
      </object_component>
      <object_component id="oc-565">
         <name>.text:TimerEnable</name>
         <load_address>0x2000e7e0</load_address>
         <run_address>0x2000e7e0</run_address>
         <size>0x1e</size>
         <input_file_ref idref="fl-21"/>
      </object_component>
      <object_component id="oc-30a">
         <name>.text:_nop</name>
         <load_address>0x2000e7fe</load_address>
         <run_address>0x2000e7fe</run_address>
         <size>0x2</size>
         <input_file_ref idref="fl-e7"/>
      </object_component>
      <object_component id="oc-1ea">
         <name>.text:GPIO_setCallback</name>
         <load_address>0x2000e800</load_address>
         <run_address>0x2000e800</run_address>
         <size>0x1c</size>
         <input_file_ref idref="fl-e"/>
      </object_component>
      <object_component id="oc-63a">
         <name>.text:PinToPadGet</name>
         <load_address>0x2000e81c</load_address>
         <run_address>0x2000e81c</run_address>
         <size>0x1c</size>
         <input_file_ref idref="fl-1f"/>
      </object_component>
      <object_component id="oc-452">
         <name>.text:SwiP_disable</name>
         <load_address>0x2000e838</load_address>
         <run_address>0x2000e838</run_address>
         <size>0x1c</size>
         <input_file_ref idref="fl-1b"/>
      </object_component>
      <object_component id="oc-47">
         <name>.text:decompress:ZI:__TI_zero_init_nomemset:__TI_zero_init_nomemset</name>
         <load_address>0x2000e854</load_address>
         <run_address>0x2000e854</run_address>
         <size>0x1c</size>
         <input_file_ref idref="fl-dc"/>
      </object_component>
      <object_component id="oc-4c3">
         <name>.text:free_list_remove</name>
         <load_address>0x2000e870</load_address>
         <run_address>0x2000e870</run_address>
         <size>0x1c</size>
         <input_file_ref idref="fl-df"/>
      </object_component>
      <object_component id="oc-202">
         <name>.text:gpioButtonFxn1</name>
         <load_address>0x2000e88c</load_address>
         <run_address>0x2000e88c</run_address>
         <size>0x1c</size>
         <input_file_ref idref="fl-2"/>
      </object_component>
      <object_component id="oc-274">
         <name>.text:SemaphoreP_createBinary</name>
         <load_address>0x2000e8a8</load_address>
         <run_address>0x2000e8a8</run_address>
         <size>0x1a</size>
         <input_file_ref idref="fl-16"/>
      </object_component>
      <object_component id="oc-73">
         <name>.text:busFaultHandler</name>
         <load_address>0x2000e8c2</load_address>
         <run_address>0x2000e8c2</run_address>
         <size>0x2</size>
         <input_file_ref idref="fl-1a"/>
      </object_component>
      <object_component id="oc-21">
         <name>.text:resetISR</name>
         <load_address>0x2000e8c4</load_address>
         <run_address>0x2000e8c4</run_address>
         <size>0x1a</size>
         <input_file_ref idref="fl-1a"/>
      </object_component>
      <object_component id="oc-38b">
         <name>.text:clkFxn</name>
         <load_address>0x2000e8de</load_address>
         <run_address>0x2000e8de</run_address>
         <size>0x2</size>
         <input_file_ref idref="fl-16"/>
      </object_component>
      <object_component id="oc-464">
         <name>.text:Power_getTransitionLatency</name>
         <load_address>0x2000e8e0</load_address>
         <run_address>0x2000e8e0</run_address>
         <size>0x18</size>
         <input_file_ref idref="fl-11"/>
      </object_component>
      <object_component id="oc-5d3">
         <name>.text:Power_idleFunc</name>
         <load_address>0x2000e8f8</load_address>
         <run_address>0x2000e8f8</run_address>
         <size>0x18</size>
         <input_file_ref idref="fl-11"/>
      </object_component>
      <object_component id="oc-67e">
         <name>.text:TimerIntDisable</name>
         <load_address>0x2000e910</load_address>
         <run_address>0x2000e910</run_address>
         <size>0x18</size>
         <input_file_ref idref="fl-21"/>
      </object_component>
      <object_component id="oc-559">
         <name>.text:TimerIntEnable</name>
         <load_address>0x2000e928</load_address>
         <run_address>0x2000e928</run_address>
         <size>0x18</size>
         <input_file_ref idref="fl-21"/>
      </object_component>
      <object_component id="oc-1fc">
         <name>.text:gpioButtonFxn0</name>
         <load_address>0x2000e940</load_address>
         <run_address>0x2000e940</run_address>
         <size>0x18</size>
         <input_file_ref idref="fl-2"/>
      </object_component>
      <object_component id="oc-481">
         <name>.text</name>
         <load_address>0x2000e958</load_address>
         <run_address>0x2000e958</run_address>
         <size>0x18</size>
         <input_file_ref idref="fl-d9"/>
      </object_component>
      <object_component id="oc-242">
         <name>.text:PRCMHIBRegRead</name>
         <load_address>0x2000e970</load_address>
         <run_address>0x2000e970</run_address>
         <size>0x16</size>
         <input_file_ref idref="fl-20"/>
      </object_component>
      <object_component id="oc-23c">
         <name>.text:PRCMHIBRegWrite</name>
         <load_address>0x2000e986</load_address>
         <run_address>0x2000e986</run_address>
         <size>0x16</size>
         <input_file_ref idref="fl-20"/>
      </object_component>
      <object_component id="oc-35b">
         <name>.text:SemaphoreP_create</name>
         <load_address>0x2000e99c</load_address>
         <run_address>0x2000e99c</run_address>
         <size>0x16</size>
         <input_file_ref idref="fl-16"/>
      </object_component>
      <object_component id="oc-159">
         <name>.text:Board_init</name>
         <load_address>0x2000e9b2</load_address>
         <run_address>0x2000e9b2</run_address>
         <size>0x14</size>
         <input_file_ref idref="fl-3"/>
      </object_component>
      <object_component id="oc-a3">
         <name>.text:CPUcpsid</name>
         <load_address>0x2000e9c6</load_address>
         <run_address>0x2000e9c6</run_address>
         <size>0x14</size>
         <input_file_ref idref="fl-1d"/>
      </object_component>
      <object_component id="oc-6d">
         <name>.text:defaultHandler</name>
         <load_address>0x2000e9da</load_address>
         <run_address>0x2000e9da</run_address>
         <size>0x2</size>
         <input_file_ref idref="fl-1a"/>
      </object_component>
      <object_component id="oc-39c">
         <name>.text:HwiP_inISR</name>
         <load_address>0x2000e9dc</load_address>
         <run_address>0x2000e9dc</run_address>
         <size>0x14</size>
         <input_file_ref idref="fl-18"/>
      </object_component>
      <object_component id="oc-af">
         <name>.text:IntVTableBaseSet</name>
         <load_address>0x2000e9f0</load_address>
         <run_address>0x2000e9f0</run_address>
         <size>0x14</size>
         <input_file_ref idref="fl-1e"/>
      </object_component>
      <object_component id="oc-3a2">
         <name>.text:Power_disablePolicy</name>
         <load_address>0x2000ea04</load_address>
         <run_address>0x2000ea04</run_address>
         <size>0x14</size>
         <input_file_ref idref="fl-11"/>
      </object_component>
      <object_component id="oc-656">
         <name>.text:Power_getDependencyCount</name>
         <load_address>0x2000ea18</load_address>
         <run_address>0x2000ea18</run_address>
         <size>0x14</size>
         <input_file_ref idref="fl-11"/>
      </object_component>
      <object_component id="oc-2bf">
         <name>.text:HwiP_Params_init</name>
         <load_address>0x2000ea2c</load_address>
         <run_address>0x2000ea2c</run_address>
         <size>0x12</size>
         <input_file_ref idref="fl-18"/>
      </object_component>
      <object_component id="oc-550">
         <name>.text:TimerIntClear</name>
         <load_address>0x2000ea3e</load_address>
         <run_address>0x2000ea3e</run_address>
         <size>0x12</size>
         <input_file_ref idref="fl-21"/>
      </object_component>
      <object_component id="oc-11f">
         <name>.text:main</name>
         <load_address>0x2000ea50</load_address>
         <run_address>0x2000ea50</run_address>
         <size>0x12</size>
         <input_file_ref idref="fl-4"/>
      </object_component>
      <object_component id="oc-36d">
         <name>.text:ClockP_add</name>
         <load_address>0x2000ea62</load_address>
         <run_address>0x2000ea62</run_address>
         <size>0x10</size>
         <input_file_ref idref="fl-17"/>
      </object_component>
      <object_component id="oc-67">
         <name>.text:faultISR</name>
         <load_address>0x2000ea72</load_address>
         <run_address>0x2000ea72</run_address>
         <size>0x2</size>
         <input_file_ref idref="fl-1a"/>
      </object_component>
      <object_component id="oc-3f1">
         <name>.text:ClockP_getCpuFreq</name>
         <load_address>0x2000ea74</load_address>
         <run_address>0x2000ea74</run_address>
         <size>0x10</size>
         <input_file_ref idref="fl-17"/>
      </object_component>
      <object_component id="oc-46a">
         <name>.text:ClockP_getSystemTicks</name>
         <load_address>0x2000ea84</load_address>
         <run_address>0x2000ea84</run_address>
         <size>0x10</size>
         <input_file_ref idref="fl-17"/>
      </object_component>
      <object_component id="oc-486">
         <name>.text:ClockP_setTicks</name>
         <load_address>0x2000ea94</load_address>
         <run_address>0x2000ea94</run_address>
         <size>0x10</size>
         <input_file_ref idref="fl-17"/>
      </object_component>
      <object_component id="oc-51a">
         <name>.text:HwiP_delete</name>
         <load_address>0x2000eaa4</load_address>
         <run_address>0x2000eaa4</run_address>
         <size>0x10</size>
         <input_file_ref idref="fl-18"/>
      </object_component>
      <object_component id="oc-280">
         <name>.text:HwiP_restore</name>
         <load_address>0x2000eab4</load_address>
         <run_address>0x2000eab4</run_address>
         <size>0x10</size>
         <input_file_ref idref="fl-18"/>
      </object_component>
      <object_component id="oc-379">
         <name>.text:Power_enablePolicy</name>
         <load_address>0x2000eac4</load_address>
         <run_address>0x2000eac4</run_address>
         <size>0x10</size>
         <input_file_ref idref="fl-11"/>
      </object_component>
      <object_component id="oc-355">
         <name>.text:SemaphoreP_Params_init</name>
         <load_address>0x2000ead4</load_address>
         <run_address>0x2000ead4</run_address>
         <size>0x10</size>
         <input_file_ref idref="fl-16"/>
      </object_component>
      <object_component id="oc-2e7">
         <name>.text:Timer_Params_init</name>
         <load_address>0x2000eae4</load_address>
         <run_address>0x2000eae4</run_address>
         <size>0x10</size>
         <input_file_ref idref="fl-f"/>
      </object_component>
      <object_component id="oc-514">
         <name>.text:HwiP_clearInterrupt</name>
         <load_address>0x2000eaf4</load_address>
         <run_address>0x2000eaf4</run_address>
         <size>0xe</size>
         <input_file_ref idref="fl-18"/>
      </object_component>
      <object_component id="oc-27a">
         <name>.text:HwiP_disable</name>
         <load_address>0x2000eb02</load_address>
         <run_address>0x2000eb02</run_address>
         <size>0xe</size>
         <input_file_ref idref="fl-18"/>
      </object_component>
      <object_component id="oc-15f">
         <name>.text:HwiP_enable</name>
         <load_address>0x2000eb10</load_address>
         <run_address>0x2000eb10</run_address>
         <size>0xe</size>
         <input_file_ref idref="fl-18"/>
      </object_component>
      <object_component id="oc-1a">
         <name>.text:decompress:none:__TI_decompress_none</name>
         <load_address>0x2000eb1e</load_address>
         <run_address>0x2000eb1e</run_address>
         <size>0xe</size>
         <input_file_ref idref="fl-dd"/>
      </object_component>
      <object_component id="oc-458">
         <name>.text:Power_getConstraintMask</name>
         <load_address>0x2000eb2c</load_address>
         <run_address>0x2000eb2c</run_address>
         <size>0xc</size>
         <input_file_ref idref="fl-11"/>
      </object_component>
      <object_component id="oc-40f">
         <name>.text:postNotifyFxn</name>
         <load_address>0x2000eb38</load_address>
         <run_address>0x2000eb38</run_address>
         <size>0xc</size>
         <input_file_ref idref="fl-13"/>
      </object_component>
      <object_component id="oc-37f">
         <name>.text:ClockP_isActive</name>
         <load_address>0x2000eb44</load_address>
         <run_address>0x2000eb44</run_address>
         <size>0xa</size>
         <input_file_ref idref="fl-17"/>
      </object_component>
      <object_component id="oc-53">
         <name>.text:IntMasterDisable</name>
         <load_address>0x2000eb4e</load_address>
         <run_address>0x2000eb4e</run_address>
         <size>0xa</size>
         <input_file_ref idref="fl-1e"/>
      </object_component>
      <object_component id="oc-3c0">
         <name>.text:malloc</name>
         <load_address>0x2000eb58</load_address>
         <run_address>0x2000eb58</run_address>
         <size>0x8</size>
         <input_file_ref idref="fl-df"/>
      </object_component>
      <object_component id="oc-23b">
         <name>.text:UtilsDelay</name>
         <load_address>0x2000eb60</load_address>
         <run_address>0x2000eb60</run_address>
         <size>0x6</size>
         <input_file_ref idref="fl-22"/>
      </object_component>
      <object_component id="oc-48c">
         <name>.text:ClockP_doTick</name>
         <load_address>0x2000eb66</load_address>
         <run_address>0x2000eb66</run_address>
         <size>0x4</size>
         <input_file_ref idref="fl-17"/>
      </object_component>
      <object_component id="oc-5c9">
         <name>.text:HwiP_post</name>
         <load_address>0x2000eb6a</load_address>
         <run_address>0x2000eb6a</run_address>
         <size>0x4</size>
         <input_file_ref idref="fl-18"/>
      </object_component>
      <object_component id="oc-286">
         <name>.text:SemaphoreP_delete</name>
         <load_address>0x2000eb6e</load_address>
         <run_address>0x2000eb6e</run_address>
         <size>0x4</size>
         <input_file_ref idref="fl-16"/>
      </object_component>
      <object_component id="oc-119">
         <name>.text:_system_pre_init</name>
         <load_address>0x2000eb72</load_address>
         <run_address>0x2000eb72</run_address>
         <size>0x4</size>
         <input_file_ref idref="fl-e4"/>
      </object_component>
      <object_component id="oc-16c">
         <name>.text:abort:abort</name>
         <load_address>0x2000eb76</load_address>
         <run_address>0x2000eb76</run_address>
         <size>0x4</size>
         <input_file_ref idref="fl-e6"/>
      </object_component>
      <object_component id="oc-2f9">
         <name>.text:timerCallback</name>
         <load_address>0x2000eb7a</load_address>
         <run_address>0x2000eb7a</run_address>
         <size>0x4</size>
         <input_file_ref idref="fl-2"/>
      </object_component>
      <object_component id="oc-61">
         <name>.text:nmiISR</name>
         <load_address>0x2000eb7e</load_address>
         <run_address>0x2000eb7e</run_address>
         <size>0x2</size>
         <input_file_ref idref="fl-1a"/>
      </object_component>
      <object_component id="oc-58a">
         <name>.text</name>
         <load_address>0x2000eb80</load_address>
         <run_address>0x2000eb80</run_address>
         <size>0x2</size>
         <input_file_ref idref="fl-e1"/>
      </object_component>
      <object_component id="oc-333">
         <name>.const:g_ulPinToPadMap</name>
         <load_address>0x2000f4d0</load_address>
         <run_address>0x2000f4d0</run_address>
         <size>0x100</size>
         <input_file_ref idref="fl-1f"/>
      </object_component>
      <object_component id="oc-32c">
         <name>.const:PRCM_PeriphRegsList</name>
         <load_address>0x2000f5d0</load_address>
         <run_address>0x2000f5d0</run_address>
         <size>0xa8</size>
         <input_file_ref idref="fl-20"/>
      </object_component>
      <object_component id="oc-270">
         <name>.const:PowerCC32XX_config</name>
         <load_address>0x2000f678</load_address>
         <run_address>0x2000f678</run_address>
         <size>0x44</size>
         <input_file_ref idref="fl-3"/>
      </object_component>
      <object_component id="oc-2da">
         <name>.const:portConfigs</name>
         <load_address>0x2000f6bc</load_address>
         <run_address>0x2000f6bc</run_address>
         <size>0x28</size>
         <input_file_ref idref="fl-10"/>
      </object_component>
      <object_component id="oc-2d1">
         <name>.const:.string:pinTable</name>
         <load_address>0x2000f6e4</load_address>
         <run_address>0x2000f6e4</run_address>
         <size>0x21</size>
         <input_file_ref idref="fl-10"/>
      </object_component>
      <object_component id="oc-113">
         <name>.const:g_pulEnRegs</name>
         <load_address>0x2000f708</load_address>
         <run_address>0x2000f708</run_address>
         <size>0x18</size>
         <input_file_ref idref="fl-1e"/>
      </object_component>
      <object_component id="oc-698">
         <name>.const:g_pulPendRegs</name>
         <load_address>0x2000f720</load_address>
         <run_address>0x2000f720</run_address>
         <size>0x18</size>
         <input_file_ref idref="fl-1e"/>
      </object_component>
      <object_component id="oc-2a5">
         <name>.const:GPIO_config</name>
         <load_address>0x2000f738</load_address>
         <run_address>0x2000f738</run_address>
         <size>0x10</size>
         <input_file_ref idref="fl-3"/>
      </object_component>
      <object_component id="oc-54a">
         <name>.const:timerCC32XXHWAttrs</name>
         <load_address>0x2000f748</load_address>
         <run_address>0x2000f748</run_address>
         <size>0x10</size>
         <input_file_ref idref="fl-3"/>
      </object_component>
      <object_component id="oc-3e1">
         <name>.const:defaultParams</name>
         <load_address>0x2000f758</load_address>
         <run_address>0x2000f758</run_address>
         <size>0xc</size>
         <input_file_ref idref="fl-f"/>
      </object_component>
      <object_component id="oc-409">
         <name>.const:defaultParams</name>
         <load_address>0x2000f764</load_address>
         <run_address>0x2000f764</run_address>
         <size>0xc</size>
         <input_file_ref idref="fl-13"/>
      </object_component>
      <object_component id="oc-40c">
         <name>.const:Timer_config</name>
         <load_address>0x2000f770</load_address>
         <run_address>0x2000f770</run_address>
         <size>0x8</size>
         <input_file_ref idref="fl-3"/>
      </object_component>
      <object_component id="oc-2a2">
         <name>.const</name>
         <load_address>0x2000f778</load_address>
         <run_address>0x2000f778</run_address>
         <size>0x8</size>
         <input_file_ref idref="fl-3"/>
      </object_component>
      <object_component id="oc-6ce">
         <name>.cinit..data.load</name>
         <load_address>0x2000f780</load_address>
         <run_address>0x2000f780</run_address>
         <size>0xe8</size>
      </object_component>
      <object_component id="oc-6cc">
         <name>__TI_handler_table</name>
         <load_address>0x2000f868</load_address>
         <run_address>0x2000f868</run_address>
         <size>0xc</size>
      </object_component>
      <object_component id="oc-6cf">
         <name>.cinit..bss.load</name>
         <load_address>0x2000f878</load_address>
         <run_address>0x2000f878</run_address>
         <size>0x8</size>
      </object_component>
      <object_component id="oc-6cd">
         <name>__TI_cinit_table</name>
         <load_address>0x2000f880</load_address>
         <run_address>0x2000f880</run_address>
         <size>0x10</size>
      </object_component>
      <object_component id="oc-303">
         <name>.data</name>
         <load_address>0x2000f1c8</load_address>
         <run_address>0x2000f1c8</run_address>
         <size>0x5</size>
         <input_file_ref idref="fl-2"/>
      </object_component>
      <object_component id="oc-2ff">
         <name>.data:$O1$$</name>
         <load_address>0x2000f178</load_address>
         <run_address>0x2000f178</run_address>
         <size>0x30</size>
         <input_file_ref idref="fl-2"/>
      </object_component>
      <object_component id="oc-3ad">
         <name>.data:gpioPinConfigs</name>
         <load_address>0x2000f0f4</load_address>
         <run_address>0x2000f0f4</run_address>
         <size>0x84</size>
         <input_file_ref idref="fl-3"/>
      </object_component>
      <object_component id="oc-34e">
         <name>.data:parkInfo</name>
         <load_address>0x2000effc</load_address>
         <run_address>0x2000effc</run_address>
         <size>0xf8</size>
         <input_file_ref idref="fl-3"/>
      </object_component>
      <object_component id="oc-29f">
         <name>.data</name>
         <load_address>0x2000f1d5</load_address>
         <run_address>0x2000f1d5</run_address>
         <size>0x2</size>
         <input_file_ref idref="fl-10"/>
      </object_component>
      <object_component id="oc-26d">
         <name>.data:PowerCC32XX_module</name>
         <load_address>0x2000ee90</load_address>
         <run_address>0x2000ee90</run_address>
         <size>0x16c</size>
         <input_file_ref idref="fl-11"/>
      </object_component>
      <object_component id="oc-391">
         <name>.data</name>
         <load_address>0x2000f1cd</load_address>
         <run_address>0x2000f1cd</run_address>
         <size>0x3</size>
         <input_file_ref idref="fl-16"/>
      </object_component>
      <object_component id="oc-4a5">
         <name>.data:SemaphoreP_defaultParams</name>
         <load_address>0x2000f1b8</load_address>
         <run_address>0x2000f1b8</run_address>
         <size>0x8</size>
         <input_file_ref idref="fl-16"/>
      </object_component>
      <object_component id="oc-498">
         <name>.data</name>
         <load_address>0x2000f1d0</load_address>
         <run_address>0x2000f1d0</run_address>
         <size>0x5</size>
         <input_file_ref idref="fl-17"/>
      </object_component>
      <object_component id="oc-4ec">
         <name>.data:HwiP_dispatchTable</name>
         <load_address>0x2000eb84</load_address>
         <run_address>0x2000eb84</run_address>
         <size>0x30c</size>
         <input_file_ref idref="fl-18"/>
      </object_component>
      <object_component id="oc-4f5">
         <name>.data</name>
         <load_address>0x2000f1c0</load_address>
         <run_address>0x2000f1c0</run_address>
         <size>0x8</size>
         <input_file_ref idref="fl-18"/>
      </object_component>
      <object_component id="oc-5dc">
         <name>.data:$O1$$</name>
         <load_address>0x2000f1b0</load_address>
         <run_address>0x2000f1b0</run_address>
         <size>0x8</size>
         <input_file_ref idref="fl-df"/>
      </object_component>
      <object_component id="oc-20d">
         <name>.data:$O1$$</name>
         <load_address>0x2000f1a8</load_address>
         <run_address>0x2000f1a8</run_address>
         <size>0x8</size>
         <input_file_ref idref="fl-e7"/>
      </object_component>
      <object_component id="oc-2a8">
         <name>.bss:powerNotifyObj</name>
         <uninitialized>true</uninitialized>
         <run_address>0x2000f490</run_address>
         <size>0x14</size>
         <input_file_ref idref="fl-10"/>
      </object_component>
      <object_component id="oc-29e">
         <name>.bss</name>
         <uninitialized>true</uninitialized>
         <run_address>0x2000f4a4</run_address>
         <size>0x4</size>
         <input_file_ref idref="fl-10"/>
      </object_component>
      <object_component id="oc-502">
         <name>.bss:timerState</name>
         <uninitialized>true</uninitialized>
         <run_address>0x2000f4cc</run_address>
         <size>0x4</size>
         <input_file_ref idref="fl-13"/>
      </object_component>
      <object_component id="oc-632">
         <name>.bss</name>
         <uninitialized>true</uninitialized>
         <run_address>0x2000f4c8</run_address>
         <size>0x4</size>
         <input_file_ref idref="fl-17"/>
      </object_component>
      <object_component id="oc-575">
         <name>.bss</name>
         <uninitialized>true</uninitialized>
         <run_address>0x2000f4b8</run_address>
         <size>0xd</size>
         <input_file_ref idref="fl-1b"/>
      </object_component>
      <object_component id="oc-3b0">
         <name>.common:gpioCallbackFunctions</name>
         <uninitialized>true</uninitialized>
         <run_address>0x2000f304</run_address>
         <size>0x84</size>
      </object_component>
      <object_component id="oc-3b1">
         <name>.common:gpioUserArgs</name>
         <uninitialized>true</uninitialized>
         <run_address>0x2000f388</run_address>
         <size>0x84</size>
      </object_component>
      <object_component id="oc-549">
         <name>.common:timerCC32XXObjects</name>
         <uninitialized>true</uninitialized>
         <run_address>0x2000f40c</run_address>
         <size>0x84</size>
      </object_component>
      <object_component id="oc-647">
         <name>.common:PowerCC32XX_contextSave</name>
         <uninitialized>true</uninitialized>
         <run_address>0x2000f1d8</run_address>
         <size>0x12c</size>
      </object_component>
      <object_component id="oc-e1">
         <name>.common:ClockP_ctrl</name>
         <uninitialized>true</uninitialized>
         <run_address>0x2000f4a8</run_address>
         <size>0x10</size>
      </object_component>
      <object_component id="oc-2a">
         <name>.sysmem</name>
         <uninitialized>true</uninitialized>
         <run_address>0x20004040</run_address>
         <size>0x10</size>
         <input_file_ref idref="fl-df"/>
      </object_component>
      <object_component id="oc-6d2">
         <name>.sysmem</name>
         <uninitialized>true</uninitialized>
         <run_address>0x20004040</run_address>
         <size>0x0</size>
      </object_component>
      <object_component id="oc-2d">
         <name>.stack</name>
         <uninitialized>true</uninitialized>
         <run_address>0x20003000</run_address>
         <size>0x4</size>
         <input_file_ref idref="fl-e0"/>
      </object_component>
      <object_component id="oc-6d1">
         <name>.stack</name>
         <uninitialized>true</uninitialized>
         <run_address>0x20003000</run_address>
         <size>0x0</size>
      </object_component>
      <object_component id="oc-27">
         <name>.resetVecs:retain</name>
         <load_address>0x20004000</load_address>
         <run_address>0x20004000</run_address>
         <size>0x40</size>
         <input_file_ref idref="fl-1a"/>
      </object_component>
      <object_component id="oc-bb">
         <name>.ramVecs</name>
         <uninitialized>true</uninitialized>
         <run_address>0x20000000</run_address>
         <size>0x30c</size>
         <input_file_ref idref="fl-1a"/>
      </object_component>
      <object_component id="oc-152">
         <name>.debug_info</name>
         <load_address>0x0</load_address>
         <run_address>0x0</run_address>
         <size>0x4da</size>
         <input_file_ref idref="fl-2"/>
      </object_component>
      <object_component id="oc-304">
         <name>.debug_info</name>
         <load_address>0x4da</load_address>
         <run_address>0x4da</run_address>
         <size>0x160</size>
         <input_file_ref idref="fl-2"/>
      </object_component>
      <object_component id="oc-300">
         <name>.debug_info</name>
         <load_address>0x63a</load_address>
         <run_address>0x63a</run_address>
         <size>0x1ea</size>
         <input_file_ref idref="fl-2"/>
      </object_component>
      <object_component id="oc-425">
         <name>.debug_info</name>
         <load_address>0x824</load_address>
         <run_address>0x824</run_address>
         <size>0x25f</size>
         <input_file_ref idref="fl-2"/>
      </object_component>
      <object_component id="oc-2fa">
         <name>.debug_info</name>
         <load_address>0xa83</load_address>
         <run_address>0xa83</run_address>
         <size>0x1c5</size>
         <input_file_ref idref="fl-2"/>
      </object_component>
      <object_component id="oc-1f7">
         <name>.debug_info</name>
         <load_address>0xc48</load_address>
         <run_address>0xc48</run_address>
         <size>0x1e3</size>
         <input_file_ref idref="fl-2"/>
      </object_component>
      <object_component id="oc-166">
         <name>.debug_info</name>
         <load_address>0xe2b</load_address>
         <run_address>0xe2b</run_address>
         <size>0x267</size>
         <input_file_ref idref="fl-2"/>
      </object_component>
      <object_component id="oc-203">
         <name>.debug_info</name>
         <load_address>0x1092</load_address>
         <run_address>0x1092</run_address>
         <size>0x19f</size>
         <input_file_ref idref="fl-2"/>
      </object_component>
      <object_component id="oc-1fd">
         <name>.debug_info</name>
         <load_address>0x1231</load_address>
         <run_address>0x1231</run_address>
         <size>0x19e</size>
         <input_file_ref idref="fl-2"/>
      </object_component>
      <object_component id="oc-1ad">
         <name>.debug_info</name>
         <load_address>0x13cf</load_address>
         <run_address>0x13cf</run_address>
         <size>0x2a7</size>
         <input_file_ref idref="fl-2"/>
      </object_component>
      <object_component id="oc-139">
         <name>.debug_info</name>
         <load_address>0x1676</load_address>
         <run_address>0x1676</run_address>
         <size>0x100</size>
         <input_file_ref idref="fl-2"/>
      </object_component>
      <object_component id="oc-230">
         <name>.debug_info</name>
         <load_address>0x1776</load_address>
         <run_address>0x1776</run_address>
         <size>0xf8</size>
         <input_file_ref idref="fl-2"/>
      </object_component>
      <object_component id="oc-e7">
         <name>.debug_info</name>
         <load_address>0x186e</load_address>
         <run_address>0x186e</run_address>
         <size>0x26b</size>
         <input_file_ref idref="fl-2"/>
      </object_component>
      <object_component id="oc-1c1">
         <name>.debug_info</name>
         <load_address>0x1ad9</load_address>
         <run_address>0x1ad9</run_address>
         <size>0xa8</size>
         <input_file_ref idref="fl-2"/>
      </object_component>
      <object_component id="oc-1b2">
         <name>.debug_info</name>
         <load_address>0x1b81</load_address>
         <run_address>0x1b81</run_address>
         <size>0xa1</size>
         <input_file_ref idref="fl-2"/>
      </object_component>
      <object_component id="oc-22b">
         <name>.debug_info</name>
         <load_address>0x1c22</load_address>
         <run_address>0x1c22</run_address>
         <size>0xb6</size>
         <input_file_ref idref="fl-2"/>
      </object_component>
      <object_component id="oc-1b7">
         <name>.debug_info</name>
         <load_address>0x1cd8</load_address>
         <run_address>0x1cd8</run_address>
         <size>0x7a</size>
         <input_file_ref idref="fl-2"/>
      </object_component>
      <object_component id="oc-10d">
         <name>.debug_info</name>
         <load_address>0x1d52</load_address>
         <run_address>0x1d52</run_address>
         <size>0x8b</size>
         <input_file_ref idref="fl-2"/>
      </object_component>
      <object_component id="oc-14d">
         <name>.debug_info</name>
         <load_address>0x1ddd</load_address>
         <run_address>0x1ddd</run_address>
         <size>0x2a4</size>
         <input_file_ref idref="fl-2"/>
      </object_component>
      <object_component id="oc-1bc">
         <name>.debug_info</name>
         <load_address>0x2081</load_address>
         <run_address>0x2081</run_address>
         <size>0xef</size>
         <input_file_ref idref="fl-2"/>
      </object_component>
      <object_component id="oc-134">
         <name>.debug_info</name>
         <load_address>0x2170</load_address>
         <run_address>0x2170</run_address>
         <size>0xbb</size>
         <input_file_ref idref="fl-2"/>
      </object_component>
      <object_component id="oc-aa">
         <name>.debug_info</name>
         <load_address>0x222b</load_address>
         <run_address>0x222b</run_address>
         <size>0x2c</size>
         <input_file_ref idref="fl-2"/>
      </object_component>
      <object_component id="oc-675">
         <name>.debug_info</name>
         <load_address>0x2257</load_address>
         <run_address>0x2257</run_address>
         <size>0x53</size>
         <input_file_ref idref="fl-2"/>
      </object_component>
      <object_component id="oc-353">
         <name>.debug_info</name>
         <load_address>0x22aa</load_address>
         <run_address>0x22aa</run_address>
         <size>0x4b3</size>
         <input_file_ref idref="fl-3"/>
      </object_component>
      <object_component id="oc-2a3">
         <name>.debug_info</name>
         <load_address>0x275d</load_address>
         <run_address>0x275d</run_address>
         <size>0x2fc</size>
         <input_file_ref idref="fl-3"/>
      </object_component>
      <object_component id="oc-3ae">
         <name>.debug_info</name>
         <load_address>0x2a59</load_address>
         <run_address>0x2a59</run_address>
         <size>0x157</size>
         <input_file_ref idref="fl-3"/>
      </object_component>
      <object_component id="oc-2a6">
         <name>.debug_info</name>
         <load_address>0x2bb0</load_address>
         <run_address>0x2bb0</run_address>
         <size>0x151</size>
         <input_file_ref idref="fl-3"/>
      </object_component>
      <object_component id="oc-271">
         <name>.debug_info</name>
         <load_address>0x2d01</load_address>
         <run_address>0x2d01</run_address>
         <size>0x15f</size>
         <input_file_ref idref="fl-3"/>
      </object_component>
      <object_component id="oc-54b">
         <name>.debug_info</name>
         <load_address>0x2e60</load_address>
         <run_address>0x2e60</run_address>
         <size>0x15f</size>
         <input_file_ref idref="fl-3"/>
      </object_component>
      <object_component id="oc-40d">
         <name>.debug_info</name>
         <load_address>0x2fbf</load_address>
         <run_address>0x2fbf</run_address>
         <size>0x153</size>
         <input_file_ref idref="fl-3"/>
      </object_component>
      <object_component id="oc-34f">
         <name>.debug_info</name>
         <load_address>0x3112</load_address>
         <run_address>0x3112</run_address>
         <size>0x14b</size>
         <input_file_ref idref="fl-3"/>
      </object_component>
      <object_component id="oc-1de">
         <name>.debug_info</name>
         <load_address>0x325d</load_address>
         <run_address>0x325d</run_address>
         <size>0x1a3</size>
         <input_file_ref idref="fl-3"/>
      </object_component>
      <object_component id="oc-15b">
         <name>.debug_info</name>
         <load_address>0x3400</load_address>
         <run_address>0x3400</run_address>
         <size>0x1e9</size>
         <input_file_ref idref="fl-3"/>
      </object_component>
      <object_component id="oc-4a0">
         <name>.debug_info</name>
         <load_address>0x35e9</load_address>
         <run_address>0x35e9</run_address>
         <size>0x198</size>
         <input_file_ref idref="fl-3"/>
      </object_component>
      <object_component id="oc-33d">
         <name>.debug_info</name>
         <load_address>0x3781</load_address>
         <run_address>0x3781</run_address>
         <size>0x878</size>
         <input_file_ref idref="fl-3"/>
      </object_component>
      <object_component id="oc-442">
         <name>.debug_info</name>
         <load_address>0x3ff9</load_address>
         <run_address>0x3ff9</run_address>
         <size>0x62</size>
         <input_file_ref idref="fl-3"/>
      </object_component>
      <object_component id="oc-122">
         <name>.debug_info</name>
         <load_address>0x405b</load_address>
         <run_address>0x405b</run_address>
         <size>0x1a4</size>
         <input_file_ref idref="fl-4"/>
      </object_component>
      <object_component id="oc-36">
         <name>.debug_info</name>
         <load_address>0x41ff</load_address>
         <run_address>0x41ff</run_address>
         <size>0x84</size>
         <input_file_ref idref="fl-4"/>
      </object_component>
      <object_component id="oc-154">
         <name>.debug_info</name>
         <load_address>0x4283</load_address>
         <run_address>0x4283</run_address>
         <size>0x18a</size>
         <input_file_ref idref="fl-e"/>
      </object_component>
      <object_component id="oc-1ee">
         <name>.debug_info</name>
         <load_address>0x440d</load_address>
         <run_address>0x440d</run_address>
         <size>0x15e</size>
         <input_file_ref idref="fl-e"/>
      </object_component>
      <object_component id="oc-104">
         <name>.debug_info</name>
         <load_address>0x456b</load_address>
         <run_address>0x456b</run_address>
         <size>0x2c</size>
         <input_file_ref idref="fl-e"/>
      </object_component>
      <object_component id="oc-ec">
         <name>.debug_info</name>
         <load_address>0x4597</load_address>
         <run_address>0x4597</run_address>
         <size>0x35</size>
         <input_file_ref idref="fl-e"/>
      </object_component>
      <object_component id="oc-1aa">
         <name>.debug_info</name>
         <load_address>0x45cc</load_address>
         <run_address>0x45cc</run_address>
         <size>0x400</size>
         <input_file_ref idref="fl-f"/>
      </object_component>
      <object_component id="oc-3e2">
         <name>.debug_info</name>
         <load_address>0x49cc</load_address>
         <run_address>0x49cc</run_address>
         <size>0xdc</size>
         <input_file_ref idref="fl-f"/>
      </object_component>
      <object_component id="oc-509">
         <name>.debug_info</name>
         <load_address>0x4aa8</load_address>
         <run_address>0x4aa8</run_address>
         <size>0x1b8</size>
         <input_file_ref idref="fl-f"/>
      </object_component>
      <object_component id="oc-2f4">
         <name>.debug_info</name>
         <load_address>0x4c60</load_address>
         <run_address>0x4c60</run_address>
         <size>0x1c5</size>
         <input_file_ref idref="fl-f"/>
      </object_component>
      <object_component id="oc-2e2">
         <name>.debug_info</name>
         <load_address>0x4e25</load_address>
         <run_address>0x4e25</run_address>
         <size>0xfd</size>
         <input_file_ref idref="fl-f"/>
      </object_component>
      <object_component id="oc-2e8">
         <name>.debug_info</name>
         <load_address>0x4f22</load_address>
         <run_address>0x4f22</run_address>
         <size>0x120</size>
         <input_file_ref idref="fl-f"/>
      </object_component>
      <object_component id="oc-143">
         <name>.debug_info</name>
         <load_address>0x5042</load_address>
         <run_address>0x5042</run_address>
         <size>0x137</size>
         <input_file_ref idref="fl-f"/>
      </object_component>
      <object_component id="oc-13e">
         <name>.debug_info</name>
         <load_address>0x5179</load_address>
         <run_address>0x5179</run_address>
         <size>0x110</size>
         <input_file_ref idref="fl-f"/>
      </object_component>
      <object_component id="oc-2de">
         <name>.debug_info</name>
         <load_address>0x5289</load_address>
         <run_address>0x5289</run_address>
         <size>0x5a8</size>
         <input_file_ref idref="fl-10"/>
      </object_component>
      <object_component id="oc-2d2">
         <name>.debug_info</name>
         <load_address>0x5831</load_address>
         <run_address>0x5831</run_address>
         <size>0xdc</size>
         <input_file_ref idref="fl-10"/>
      </object_component>
      <object_component id="oc-2db">
         <name>.debug_info</name>
         <load_address>0x590d</load_address>
         <run_address>0x590d</run_address>
         <size>0xe2</size>
         <input_file_ref idref="fl-10"/>
      </object_component>
      <object_component id="oc-2a0">
         <name>.debug_info</name>
         <load_address>0x59ef</load_address>
         <run_address>0x59ef</run_address>
         <size>0x11a</size>
         <input_file_ref idref="fl-10"/>
      </object_component>
[...]
      </symbol>
      <symbol id="sm-3de">
         <name>PowerCC32XX_module</name>
         <value>0x2000ee90</value>
         <object_component_ref idref="oc-26d"/>
      </symbol>
      <symbol id="sm-3df">
         <name>Power_getTransitionLatency</name>
         <value>0x2000e8e1</value>
         <object_component_ref idref="oc-464"/>
      </symbol>
      <symbol id="sm-3e0">
         <name>Power_setDependency</name>
         <value>0x2000d659</value>
         <object_component_ref idref="oc-2b9"/>
      </symbol>
      <symbol id="sm-3f1">
         <name>PowerCC32XX_enterLPDS</name>
         <value>0x2000e009</value>
         <object_component_ref idref="oc-5a2"/>
      </symbol>
      <symbol id="sm-3f2">
         <name>PowerCC32XX_resumeLPDS</name>
         <value>0x2000db15</value>
         <object_component_ref idref="oc-649"/>
      </symbol>
      <symbol id="sm-493">
         <name>Timer_open</name>
         <value>0x2000c9e1</value>
         <object_component_ref idref="oc-2ed"/>
      </symbol>
      <symbol id="sm-494">
         <name>TimerCC32XX_freeTimerResource</name>
         <value>0x2000e4b9</value>
         <object_component_ref idref="oc-526"/>
      </symbol>
      <symbol id="sm-495">
         <name>TimerSupport_timerDisable</name>
         <value>0x2000e71d</value>
         <object_component_ref idref="oc-5f7"/>
      </symbol>
      <symbol id="sm-496">
         <name>Timer_close</name>
         <value>0x2000e1dd</value>
         <object_component_ref idref="oc-3f7"/>
      </symbol>
      <symbol id="sm-497">
         <name>TimerSupport_timerEnable</name>
         <value>0x2000e19d</value>
         <object_component_ref idref="oc-41d"/>
      </symbol>
      <symbol id="sm-498">
         <name>TimerCC32XX_allocateTimerResource</name>
         <value>0x2000dc59</value>
         <object_component_ref idref="oc-3e5"/>
      </symbol>
      <symbol id="sm-4b0">
         <name>List_remove</name>
         <value>0x2000e6d3</value>
         <object_component_ref idref="oc-5fe"/>
      </symbol>
      <symbol id="sm-4b1">
         <name>List_put</name>
         <value>0x2000e6ad</value>
         <object_component_ref idref="oc-395"/>
      </symbol>
      <symbol id="sm-53c">
         <name>SemaphoreP_defaultParams</name>
         <value>0x2000f1b8</value>
         <object_component_ref idref="oc-4a5"/>
      </symbol>
      <symbol id="sm-53d">
         <name>SemaphoreP_construct</name>
         <value>0x2000dc09</value>
         <object_component_ref idref="oc-4a9"/>
      </symbol>
      <symbol id="sm-53e">
         <name>SemaphoreP_create</name>
         <value>0x2000e99d</value>
         <object_component_ref idref="oc-35b"/>
      </symbol>
      <symbol id="sm-53f">
         <name>SemaphoreP_destruct</name>
         <value>0x2000e2cf</value>
         <object_component_ref idref="oc-520"/>
      </symbol>
      <symbol id="sm-540">
         <name>SemaphoreP_post</name>
         <value>0x2000e04d</value>
         <object_component_ref idref="oc-298"/>
      </symbol>
      <symbol id="sm-541">
         <name>SemaphoreP_pend</name>
         <value>0x2000d041</value>
         <object_component_ref idref="oc-28c"/>
      </symbol>
      <symbol id="sm-542">
         <name>SemaphoreP_delete</name>
         <value>0x2000eb6f</value>
         <object_component_ref idref="oc-286"/>
      </symbol>
      <symbol id="sm-543">
         <name>SemaphoreP_createBinary</name>
         <value>0x2000e8a9</value>
         <object_component_ref idref="oc-274"/>
      </symbol>
      <symbol id="sm-544">
         <name>SemaphoreP_constructBinary</name>
         <value>0x2000e7a5</value>
         <object_component_ref idref="oc-3eb"/>
      </symbol>
      <symbol id="sm-545">
         <name>SemaphoreP_Params_init</name>
         <value>0x2000ead5</value>
         <object_component_ref idref="oc-355"/>
      </symbol>
      <symbol id="sm-546">
         <name>clkFxn</name>
         <value>0x2000e8df</value>
         <object_component_ref idref="oc-38b"/>
      </symbol>
      <symbol id="sm-609">
         <name>ClockP_ctrl</name>
         <value>0x2000f4a8</value>
      </symbol>
      <symbol id="sm-60a">
         <name>ClockP_doTick</name>
         <value>0x2000eb67</value>
         <object_component_ref idref="oc-48c"/>
      </symbol>
      <symbol id="sm-60b">
         <name>ClockP_startup</name>
         <value>0x2000e451</value>
         <object_component_ref idref="oc-581"/>
      </symbol>
      <symbol id="sm-60c">
         <name>ClockP_stop</name>
         <value>0x2000df81</value>
         <object_component_ref idref="oc-4d1"/>
      </symbol>
      <symbol id="sm-60d">
         <name>ClockP_getTicksUntilInterrupt</name>
         <value>0x2000e41d</value>
         <object_component_ref idref="oc-45e"/>
      </symbol>
      <symbol id="sm-60e">
         <name>ClockP_setTicks</name>
         <value>0x2000ea95</value>
         <object_component_ref idref="oc-486"/>
      </symbol>
      <symbol id="sm-60f">
         <name>ClockP_tickPeriod</name>
         <value>0x2000f1d0</value>
         <object_component_ref idref="oc-498"/>
      </symbol>
      <symbol id="sm-610">
         <name>ClockP_getSystemTicks</name>
         <value>0x2000ea85</value>
         <object_component_ref idref="oc-46a"/>
      </symbol>
      <symbol id="sm-611">
         <name>ClockP_destruct</name>
         <value>0x2000e21d</value>
         <object_component_ref idref="oc-385"/>
      </symbol>
      <symbol id="sm-612">
         <name>ClockP_start</name>
         <value>0x2000e555</value>
         <object_component_ref idref="oc-373"/>
      </symbol>
      <symbol id="sm-613">
         <name>ClockP_sysTickHandler</name>
         <value>0x2000dbb9</value>
         <object_component_ref idref="oc-79"/>
      </symbol>
      <symbol id="sm-614">
         <name>ClockP_isActive</name>
         <value>0x2000eb45</value>
         <object_component_ref idref="oc-37f"/>
      </symbol>
      <symbol id="sm-615">
         <name>ClockP_getCpuFreq</name>
         <value>0x2000ea75</value>
         <object_component_ref idref="oc-3f1"/>
      </symbol>
      <symbol id="sm-616">
         <name>ClockP_add</name>
         <value>0x2000ea63</value>
         <object_component_ref idref="oc-36d"/>
      </symbol>
      <symbol id="sm-69f">
         <name>HwiP_delete</name>
         <value>0x2000eaa5</value>
         <object_component_ref idref="oc-51a"/>
      </symbol>
      <symbol id="sm-6a0">
         <name>HwiP_construct</name>
         <value>0x2000d335</value>
         <object_component_ref idref="oc-3c6"/>
      </symbol>
      <symbol id="sm-6a1">
         <name>HwiP_inISR</name>
         <value>0x2000e9dd</value>
         <object_component_ref idref="oc-39c"/>
      </symbol>
      <symbol id="sm-6a2">
         <name>HwiP_dispatch</name>
         <value>0x2000e6f9</value>
         <object_component_ref idref="oc-4ef"/>
      </symbol>
      <symbol id="sm-6a3">
         <name>HwiP_destruct</name>
         <value>0x2000e765</value>
         <object_component_ref idref="oc-606"/>
      </symbol>
      <symbol id="sm-6a4">
         <name>HwiP_clearInterrupt</name>
         <value>0x2000eaf5</value>
         <object_component_ref idref="oc-514"/>
      </symbol>
      <symbol id="sm-6a5">
         <name>HwiP_swiPIntNum</name>
         <value>0x2000f1c4</value>
         <object_component_ref idref="oc-4f5"/>
      </symbol>
      <symbol id="sm-6a6">
         <name>HwiP_Params_init</name>
         <value>0x2000ea2d</value>
         <object_component_ref idref="oc-2bf"/>
      </symbol>
      <symbol id="sm-6a7">
         <name>HwiP_disable</name>
         <value>0x2000eb03</value>
         <object_component_ref idref="oc-27a"/>
      </symbol>
      <symbol id="sm-6a8">
         <name>HwiP_key</name>
         <value>0x2000f1c0</value>
         <object_component_ref idref="oc-4f5"/>
      </symbol>
      <symbol id="sm-6a9">
         <name>HwiP_create</name>
         <value>0x2000e5b5</value>
         <object_component_ref idref="oc-2c5"/>
      </symbol>
      <symbol id="sm-6aa">
         <name>HwiP_post</name>
         <value>0x2000eb6b</value>
         <object_component_ref idref="oc-5c9"/>
      </symbol>
      <symbol id="sm-6ab">
         <name>HwiP_enable</name>
         <value>0x2000eb11</value>
         <object_component_ref idref="oc-15f"/>
      </symbol>
      <symbol id="sm-6ac">
         <name>HwiP_restore</name>
         <value>0x2000eab5</value>
         <object_component_ref idref="oc-280"/>
      </symbol>
      <symbol id="sm-6dc">
         <name>PowerCC32XX_initPolicy</name>
         <value>0x2000df7f</value>
         <object_component_ref idref="oc-342"/>
      </symbol>
      <symbol id="sm-6dd">
         <name>PowerCC32XX_sleepPolicy</name>
         <value>0x2000c46d</value>
         <object_component_ref idref="oc-348"/>
      </symbol>
      <symbol id="sm-72d">
         <name>resetISR</name>
         <value>0x2000e8c5</value>
         <object_component_ref idref="oc-21"/>
      </symbol>
      <symbol id="sm-72e">
         <name>resetVectorAddr</name>
         <value>0x2000e8d8</value>
         <object_component_ref idref="oc-21"/>
      </symbol>
      <symbol id="sm-72f">
         <name>initVectors</name>
         <value>0x2000e341</value>
         <object_component_ref idref="oc-59"/>
      </symbol>
      <symbol id="sm-730">
         <name>resetVectors</name>
         <value>0x20004000</value>
         <object_component_ref idref="oc-27"/>
      </symbol>
      <symbol id="sm-760">
         <name>SwiP_disable</name>
         <value>0x2000e839</value>
         <object_component_ref idref="oc-452"/>
      </symbol>
      <symbol id="sm-761">
         <name>SwiP_restore</name>
         <value>0x2000e091</value>
         <object_component_ref idref="oc-492"/>
      </symbol>
      <symbol id="sm-76c">
         <name>CPUcpsid</name>
         <value>0x2000e9c7</value>
         <object_component_ref idref="oc-a3"/>
      </symbol>
      <symbol id="sm-7b1">
         <name>IntVTableBaseSet</name>
         <value>0x2000e9f1</value>
         <object_component_ref idref="oc-af"/>
      </symbol>
      <symbol id="sm-7b2">
         <name>IntEnable</name>
         <value>0x2000cef1</value>
         <object_component_ref idref="oc-b5"/>
      </symbol>
      <symbol id="sm-7b3">
         <name>IntMasterDisable</name>
         <value>0x2000eb4f</value>
         <object_component_ref idref="oc-53"/>
      </symbol>
      <symbol id="sm-7b4">
         <name>IntPendSet</name>
         <value>0x2000d3c1</value>
         <object_component_ref idref="oc-66c"/>
      </symbol>
      <symbol id="sm-7ee">
         <name>PinModeGet</name>
         <value>0x2000e485</value>
         <object_component_ref idref="oc-25a"/>
      </symbol>
      <symbol id="sm-7ef">
         <name>PinConfigSet</name>
         <value>0x2000d449</value>
         <object_component_ref idref="oc-2b3"/>
      </symbol>
      <symbol id="sm-7f0">
         <name>PinModeSet</name>
         <value>0x2000e15d</value>
         <object_component_ref idref="oc-260"/>
      </symbol>
      <symbol id="sm-7f1">
         <name>PinToPadGet</name>
         <value>0x2000e81d</value>
         <object_component_ref idref="oc-63a"/>
      </symbol>
      <symbol id="sm-8ba">
         <name>PRCMLPDSRestoreInfoSet</name>
         <value>0x2000dfc5</value>
         <object_component_ref idref="oc-64e"/>
      </symbol>
      <symbol id="sm-8bb">
         <name>PRCMPeripheralReset</name>
         <value>0x2000da65</value>
         <object_component_ref idref="oc-24e"/>
      </symbol>
      <symbol id="sm-8bc">
         <name>PRCMLPDSEnter</name>
         <value>0x2000de19</value>
         <object_component_ref idref="oc-5b9"/>
      </symbol>
      <symbol id="sm-8bd">
         <name>PRCMPeripheralClkEnable</name>
         <value>0x2000de61</value>
         <object_component_ref idref="oc-248"/>
      </symbol>
      <symbol id="sm-8be">
         <name>PRCMLPDSEnterKeepDebugIf</name>
         <value>0x2000e2d1</value>
         <object_component_ref idref="oc-5bf"/>
      </symbol>
      <symbol id="sm-8bf">
         <name>PRCMCC3200MCUInit</name>
         <value>0x2000c041</value>
         <object_component_ref idref="oc-1ca"/>
      </symbol>
      <symbol id="sm-8c0">
         <name>PRCMHIBRegWrite</name>
         <value>0x2000e987</value>
         <object_component_ref idref="oc-23c"/>
      </symbol>
      <symbol id="sm-8c1">
         <name>PRCMSysResetCauseGet</name>
         <value>0x2000d94d</value>
         <object_component_ref idref="oc-235"/>
      </symbol>
      <symbol id="sm-8c2">
         <name>PRCMPeripheralClkDisable</name>
         <value>0x2000e635</value>
         <object_component_ref idref="oc-254"/>
      </symbol>
      <symbol id="sm-8c3">
         <name>PRCMHIBRegRead</name>
         <value>0x2000e971</value>
         <object_component_ref idref="oc-242"/>
      </symbol>
      <symbol id="sm-90b">
         <name>TimerLoadSet</name>
         <value>0x2000e5df</value>
         <object_component_ref idref="oc-53a"/>
      </symbol>
      <symbol id="sm-90c">
         <name>TimerDisable</name>
         <value>0x2000e7c3</value>
         <object_component_ref idref="oc-52e"/>
      </symbol>
      <symbol id="sm-90d">
         <name>TimerEnable</name>
         <value>0x2000e7e1</value>
         <object_component_ref idref="oc-565"/>
      </symbol>
      <symbol id="sm-90e">
         <name>TimerIntDisable</name>
         <value>0x2000e911</value>
         <object_component_ref idref="oc-67e"/>
      </symbol>
      <symbol id="sm-90f">
         <name>TimerPrescaleSet</name>
         <value>0x2000e609</value>
         <object_component_ref idref="oc-534"/>
      </symbol>
      <symbol id="sm-910">
         <name>TimerControlStall</name>
         <value>0x2000e3b1</value>
         <object_component_ref idref="oc-540"/>
      </symbol>
      <symbol id="sm-911">
         <name>TimerIntEnable</name>
         <value>0x2000e929</value>
         <object_component_ref idref="oc-559"/>
      </symbol>
      <symbol id="sm-912">
         <name>TimerIntClear</name>
         <value>0x2000ea3f</value>
         <object_component_ref idref="oc-550"/>
      </symbol>
      <symbol id="sm-916">
         <name>UtilsDelay</name>
         <value>0x2000eb61</value>
         <object_component_ref idref="oc-23b"/>
      </symbol>
      <symbol id="sm-926">
         <name>FlashDisable</name>
         <value>0x2000dd41</value>
         <object_component_ref idref="oc-664"/>
      </symbol>
      <symbol id="sm-92f">
         <name>__aeabi_lmul</name>
         <value>0x2000e959</value>
         <object_component_ref idref="oc-481"/>
      </symbol>
      <symbol id="sm-94a">
         <name>memcpy</name>
         <value>0x2000d0e1</value>
         <object_component_ref idref="oc-3b"/>
      </symbol>
      <symbol id="sm-94b">
         <name>__aeabi_memcpy</name>
         <value>0x2000d0e1</value>
         <object_component_ref idref="oc-3b"/>
      </symbol>
      <symbol id="sm-94c">
         <name>__aeabi_memcpy8</name>
         <value>0x2000d0e1</value>
         <object_component_ref idref="oc-3b"/>
      </symbol>
      <symbol id="sm-94d">
         <name>__aeabi_memcpy4</name>
         <value>0x2000d0e1</value>
         <object_component_ref idref="oc-3b"/>
      </symbol>
      <symbol id="sm-95a">
         <name>__aeabi_uldivmod</name>
         <value>0x2000d17d</value>
         <object_component_ref idref="oc-476"/>
      </symbol>
      <symbol id="sm-96e">
         <name>__TI_zero_init_nomemset</name>
         <value>0x2000e855</value>
         <object_component_ref idref="oc-47"/>
      </symbol>
      <symbol id="sm-985">
         <name>__TI_decompress_none</name>
         <value>0x2000eb1f</value>
         <object_component_ref idref="oc-1a"/>
      </symbol>
      <symbol id="sm-9a8">
         <name>__TI_decompress_lzss</name>
         <value>0x2000d7bd</value>
         <object_component_ref idref="oc-14"/>
      </symbol>
      <symbol id="sm-a31">
         <name>_sys_memory</name>
         <value>0x20004040</value>
         <object_component_ref idref="oc-2a"/>
      </symbol>
      <symbol id="sm-a32">
         <name>free</name>
         <value>0x2000cd4d</value>
         <object_component_ref idref="oc-366"/>
      </symbol>
      <symbol id="sm-a33">
         <name>memalign</name>
         <value>0x2000cc4d</value>
         <object_component_ref idref="oc-4e5"/>
      </symbol>
      <symbol id="sm-a34">
         <name>malloc</name>
         <value>0x2000eb59</value>
         <object_component_ref idref="oc-3c0"/>
      </symbol>
      <symbol id="sm-a35">
         <name>aligned_alloc</name>
         <value>0x2000cc4d</value>
         <object_component_ref idref="oc-4e5"/>
      </symbol>
      <symbol id="sm-a47">
         <name>__stack</name>
         <value>0x20003000</value>
         <object_component_ref idref="oc-2d"/>
      </symbol>
      <symbol id="sm-a48">
         <name>_c_int00_noargs</name>
         <value>0x2000e741</value>
         <object_component_ref idref="oc-c5"/>
      </symbol>
      <symbol id="sm-a52">
         <name>__aeabi_idiv0</name>
         <value>0x2000eb81</value>
         <object_component_ref idref="oc-58a"/>
      </symbol>
      <symbol id="sm-a53">
         <name>__aeabi_ldiv0</name>
         <value>0x2000eb81</value>
         <object_component_ref idref="oc-58a"/>
      </symbol>
      <symbol id="sm-a7c">
         <name>__TI_auto_init_nobinit_nopinit</name>
         <value>0x2000e119</value>
         <object_component_ref idref="oc-178"/>
      </symbol>
      <symbol id="sm-a86">
         <name>_system_pre_init</name>
         <value>0x2000eb73</value>
         <object_component_ref idref="oc-119"/>
      </symbol>
      <symbol id="sm-a92">
         <name>C$$EXIT</name>
         <value>0x2000eb77</value>
         <object_component_ref idref="oc-16c"/>
      </symbol>
      <symbol id="sm-a93">
         <name>abort</name>
         <value>0x2000eb77</value>
         <object_component_ref idref="oc-16c"/>
      </symbol>
      <symbol id="sm-aa8">
         <name>_nop</name>
         <value>0x2000e7ff</value>
         <object_component_ref idref="oc-30a"/>
      </symbol>
      <symbol id="sm-aa9">
         <name>_lock</name>
         <value>0x2000f1a8</value>
         <object_component_ref idref="oc-20d"/>
      </symbol>
      <symbol id="sm-aaa">
         <name>_unlock</name>
         <value>0x2000f1ac</value>
         <object_component_ref idref="oc-20d"/>
      </symbol>
      <symbol id="sm-aac">
         <name>__TI_static_base__</name>
         <value>0x2000f780</value>
      </symbol>
      <symbol id="sm-aaf">
         <name>ITM_flush</name>
         <value>0x0</value>
      </symbol>
      <symbol id="sm-ab0">
         <name>ITM_restore</name>
         <value>0x0</value>
      </symbol>
      <symbol id="sm-ab1">
         <name>__mpu_init</name>
         <value>0x0</value>
      </symbol>
      <symbol id="sm-ab2">
         <name>_system_post_cinit</name>
         <value>0x0</value>
      </symbol>
      <symbol id="sm-ab3">
         <name>NoRTOS_start</name>
         <value>0x2000eb11</value>
      </symbol>
   </symbol_table>
   <title>Link successful</title>
</link_info>
