******************************************************************************
                  TI ARM Linker PC v20.2.6                     
******************************************************************************
>> Linked Sat Aug 13 16:07:40 2022

OUTPUT FILE NAME:   <Project_Kovacevich.out>
ENTRY POINT SYMBOL: "resetISR"  address: 2000e8c5


MEMORY CONFIGURATION

         name            origin    length      used     unused   attr    fill
----------------------  --------  ---------  --------  --------  ----  --------
  SRAM2                 20000000   00004000  0000130c  00002cf4  RW X
  SRAM                  20004000   0003c000  0000b88d  00030773  RW X
  LOG_DATA              90000000   00040000  00000000  00040000  R   


SEGMENT ALLOCATION MAP

run origin  load origin   length   init length attrs members
----------  ----------- ---------- ----------- ----- -------
20003000    20003000    00001000   00000000    rw-
  20003000    20003000    00001000   00000000    rw- .stack
20004000    20004000    00000040   00000040    r--
  20004000    20004000    00000040   00000040    r-- .resetVecs
20004040    20004040    00008000   00000000    rw-
  20004040    20004040    00008000   00000000    rw- .sysmem
2000c040    2000c040    00002b42   00002b42    r-x
  2000c040    2000c040    00002b42   00002b42    r-x .text
2000eb84    2000eb84    00000653   00000000    rw-
  2000eb84    2000eb84    00000653   00000000    rw- .data
2000f1d8    2000f1d8    000002f8   00000000    rw-
  2000f1d8    2000f1d8    000002f8   00000000    rw- .bss
2000f4d0    2000f4d0    000003c0   000003c0    r--
  2000f4d0    2000f4d0    000002b0   000002b0    r-- .const
  2000f780    2000f780    00000110   00000110    r-- .cinit


SECTION ALLOCATION MAP

 output                                  attributes/
section   page    origin      length       input sections
--------  ----  ----------  ----------   ----------------
.text      0    2000c040    00002b42     
                  2000c040    0000042c     driverlib.a : prcm.obj (.text:PRCMCC3200MCUInit)
                  2000c46c    000001a0     nortos_cc32xx.a : PowerCC32XX_nortos.oem4 (.text:PowerCC32XX_sleepPolicy)
                  2000c60c    00000154     drivers_cc32xx.a : GPIOCC32XX.oem4 (.text:GPIO_setConfig)
                  2000c760    00000148                      : PowerCC32XX.oem4 (.text:parkPins)
                  2000c8a8    00000138                      : PowerCC32XX.oem4 (.text:Power_sleep)
                  2000c9e0    00000138                      : TimerCC32XX.oem4 (.text:Timer_open)
                  2000cb18    00000134     gpiointerrupt.obj (.text:StateMachine)
                  2000cc4c    00000100     rtsv7M4_T_le_eabi.lib : memory.c.obj (.text:aligned_alloc)
                  2000cd4c    000000e4                           : memory.c.obj (.text:free)
                  2000ce30    000000c0     drivers_cc32xx.a : PowerCC32XX.oem4 (.text:restoreParkedPins)
                  2000cef0    000000a8     driverlib.a : interrupt.obj (.text:IntEnable)
                  2000cf98    000000a8     drivers_cc32xx.a : PowerCC32XX.oem4 (.text:PowerCC32XX_configureWakeup)
                  2000d040    000000a0     nortos_cc32xx.a : SemaphoreP_nortos.oem4 (.text:SemaphoreP_pend)
                  2000d0e0    0000009c     rtsv7M4_T_le_eabi.lib : memcpy_t2.asm.obj (.text)
                  2000d17c    00000096                           : ull_div_t2.asm.obj (.text)
                  2000d212    00000002     ti_drivers_config.obj (.text:Board_initHook)
                  2000d214    00000090     drivers_cc32xx.a : GPIOCC32XX.oem4 (.text:GPIO_init)
                  2000d2a4    00000090                      : PowerCC32XX.oem4 (.text:restoreNVICRegs)
                  2000d334    0000008c     nortos_cc32xx.a : HwiPCC32XX_nortos.oem4 (.text:HwiP_construct)
                  2000d3c0    00000088     driverlib.a : interrupt.obj (.text:IntPendSet)
                  2000d448    00000088                 : pin.obj (.text:PinConfigSet)
                  2000d4d0    00000084     drivers_cc32xx.a : PowerCC32XX.oem4 (.text:Power_init)
                  2000d554    00000084                      : PowerCC32XX.oem4 (.text:saveNVICRegs)
                  2000d5d8    00000080                      : GPIOCC32XX.oem4 (.text:GPIO_write)
                  2000d658    00000080                      : PowerCC32XX.oem4 (.text:Power_setDependency)
                  2000d6d8    00000074                      : GPIOCC32XX.oem4 (.text:powerNotifyFxn)
                  2000d74c    00000070     rtsv7M4_T_le_eabi.lib : memory.c.obj (.text:split)
                  2000d7bc    00000068                           : copy_decompress_lzss.c.obj (.text:decompress:lzss:__TI_decompress_lzss)
                  2000d824    00000064     drivers_cc32xx.a : GPIOCC32XX.oem4 (.text:GPIO_setInterruptConfig)
                  2000d888    00000064                      : PowerCC32XX.oem4 (.text:PowerCC32XX_setParkState)
                  2000d8ec    00000060                      : GPIOCC32XX.oem4 (.text:GPIO_hwiIntFxn)
                  2000d94c    00000060     driverlib.a : prcm.obj (.text:PRCMSysResetCauseGet)
                  2000d9ac    0000005c     gpiointerrupt.obj (.text:mainThread)
                  2000da08    0000005c     nortos_cc32xx.a : ClockPSysTick_nortos.oem4 (.text:sysTickInit)
                  2000da64    00000058     driverlib.a : prcm.obj (.text:PRCMPeripheralReset)
                  2000dabc    00000058     drivers_cc32xx.a : PowerCC32XX.oem4 (.text:Power_releaseDependency)
                  2000db14    00000052                      : PowerCC32XX_asm.oem4 (.text:PowerCC32XX_resumeLPDS)
                  2000db66    00000052                      : TimerCC32XX.oem4 (.text:initHw)
                  2000dbb8    00000050     nortos_cc32xx.a : ClockPSysTick_nortos.oem4 (.text:ClockP_sysTickHandler)
                  2000dc08    00000050                     : SemaphoreP_nortos.oem4 (.text:SemaphoreP_construct)
                  2000dc58    00000050     drivers_cc32xx.a : TimerCC32XX.oem4 (.text:TimerCC32XX_allocateTimerResource)
                  2000dca8    0000004c                      : PowerCC32XX.oem4 (.text:PowerCC32XX_parkPin)
                  2000dcf4    0000004c                      : PowerCC32XX.oem4 (.text:restorePeriphClocks)
                  2000dd40    00000048     driverlib.a : flash.obj (.text:FlashDisable)
                  2000dd88    00000048     drivers_cc32xx.a : GPIOCC32XX.oem4 (.text:GPIO_disableInt)
                  2000ddd0    00000048                      : GPIOCC32XX.oem4 (.text:GPIO_enableInt)
                  2000de18    00000048     driverlib.a : prcm.obj (.text:PRCMLPDSEnter)
                  2000de60    00000048                 : prcm.obj (.text:PRCMPeripheralClkEnable)
                  2000dea8    00000048     drivers_cc32xx.a : PowerCC32XX.oem4 (.text:Power_releaseConstraint)
                  2000def0    00000048     gpiointerrupt.obj (.text:initTimer)
                  2000df38    00000046     drivers_cc32xx.a : TimerCC32XX.oem4 (.text:getPrescaler)
                  2000df7e    00000002     nortos_cc32xx.a : PowerCC32XX_nortos.oem4 (.text:PowerCC32XX_initPolicy)
                  2000df80    00000044                     : ClockPSysTick_nortos.oem4 (.text:ClockP_stop)
                  2000dfc4    00000044     driverlib.a : prcm.obj (.text:PRCMLPDSRestoreInfoSet)
                  2000e008    00000044     drivers_cc32xx.a : PowerCC32XX_asm.oem4 (.text:PowerCC32XX_enterLPDS)
                  2000e04c    00000044     nortos_cc32xx.a : SemaphoreP_nortos.oem4 (.text:SemaphoreP_post)
                  2000e090    00000044                     : SwiP_nortos.oem4 (.text:SwiP_restore)
                  2000e0d4    00000044     drivers_cc32xx.a : Timer.oem4 (.text:Timer_start)
                  2000e118    00000044     rtsv7M4_T_le_eabi.lib : autoinit.c.obj (.text:__TI_auto_init_nobinit_nopinit:__TI_auto_init_nobinit_nopinit)
                  2000e15c    00000040     driverlib.a : pin.obj (.text:PinModeSet)
                  2000e19c    00000040     drivers_cc32xx.a : TimerCC32XX.oem4 (.text:TimerSupport_timerEnable)
                  2000e1dc    00000040                      : TimerCC32XX.oem4 (.text:Timer_close)
                  2000e21c    0000003c     nortos_cc32xx.a : ClockPSysTick_nortos.oem4 (.text:ClockP_destruct)
                  2000e258    0000003c     drivers_cc32xx.a : PowerCC32XX.oem4 (.text:Power_setConstraint)
                  2000e294    0000003a     nortos_cc32xx.a : PowerCC32XX_nortos.oem4 (.text:getCountsRTC)
                  2000e2ce    00000002                     : SemaphoreP_nortos.oem4 (.text:SemaphoreP_destruct)
                  2000e2d0    00000038     driverlib.a : prcm.obj (.text:PRCMLPDSEnterKeepDebugIf)
                  2000e308    00000038     nortos_cc32xx.a : ClockPSysTick_nortos.oem4 (.text:addToList)
                  2000e340    00000038                     : startup_cc32xx_ccs.oem4 (.text:initVectors)
                  2000e378    00000038     drivers_cc32xx.a : PowerCC32XX.oem4 (.text:notify)
                  2000e3b0    00000036     driverlib.a : timer.obj (.text:TimerControlStall)
                  2000e3e6    00000036     drivers_cc32xx.a : Timer.oem4 (.text:Timer_stop)
                  2000e41c    00000034     nortos_cc32xx.a : ClockPSysTick_nortos.oem4 (.text:ClockP_getTicksUntilInterrupt)
                  2000e450    00000034                     : ClockPSysTick_nortos.oem4 (.text:ClockP_startup)
                  2000e484    00000034     driverlib.a : pin.obj (.text:PinModeGet)
                  2000e4b8    00000034     drivers_cc32xx.a : TimerCC32XX.oem4 (.text:TimerCC32XX_freeTimerResource)
                  2000e4ec    00000034                      : TimerCC32XX.oem4 (.text:TimerCC32XX_hwiIntFunction)
                  2000e520    00000034                      : TimerCC32XX.oem4 (.text:getPowerMgrId)
                  2000e554    00000030     nortos_cc32xx.a : ClockPSysTick_nortos.oem4 (.text:ClockP_start)
                  2000e584    00000030     drivers_cc32xx.a : PowerCC32XX.oem4 (.text:PowerCC32XX_restoreParkedPin)
                  2000e5b4    0000002a     nortos_cc32xx.a : HwiPCC32XX_nortos.oem4 (.text:HwiP_create)
                  2000e5de    0000002a     driverlib.a : timer.obj (.text:TimerLoadSet)
                  2000e608    0000002a                 : timer.obj (.text:TimerPrescaleSet)
                  2000e632    00000002     drivers_cc32xx.a : Timer.oem4 (.text:Timer_init)
                  2000e634    00000028     driverlib.a : prcm.obj (.text:PRCMPeripheralClkDisable)
                  2000e65c    00000028     drivers_cc32xx.a : PowerCC32XX.oem4 (.text:Power_registerNotify)
                  2000e684    00000028     rtsv7M4_T_le_eabi.lib : memory.c.obj (.text:free_list_insert)
                  2000e6ac    00000026     drivers_cc32xx.a : List.oem4 (.text:List_put)
                  2000e6d2    00000026                      : List.oem4 (.text:List_remove)
                  2000e6f8    00000024     nortos_cc32xx.a : HwiPCC32XX_nortos.oem4 (.text:HwiP_dispatch)
                  2000e71c    00000024     drivers_cc32xx.a : TimerCC32XX.oem4 (.text:TimerSupport_timerDisable)
                  2000e740    00000024     rtsv7M4_T_le_eabi.lib : boot_cortex_m.c.obj (.text:_c_int00_noargs:_c_int00_noargs)
                  2000e764    00000020     nortos_cc32xx.a : HwiPCC32XX_nortos.oem4 (.text:HwiP_destruct)
                  2000e784    00000020     drivers_cc32xx.a : PowerCC32XX.oem4 (.text:Power_unregisterNotify)
                  2000e7a4    0000001e     nortos_cc32xx.a : SemaphoreP_nortos.oem4 (.text:SemaphoreP_constructBinary)
                  2000e7c2    0000001e     driverlib.a : timer.obj (.text:TimerDisable)
                  2000e7e0    0000001e                 : timer.obj (.text:TimerEnable)
                  2000e7fe    00000002     rtsv7M4_T_le_eabi.lib : _lock.c.obj (.text:_nop)
                  2000e800    0000001c     drivers_cc32xx.a : GPIO.oem4 (.text:GPIO_setCallback)
                  2000e81c    0000001c     driverlib.a : pin.obj (.text:PinToPadGet)
                  2000e838    0000001c     nortos_cc32xx.a : SwiP_nortos.oem4 (.text:SwiP_disable)
                  2000e854    0000001c     rtsv7M4_T_le_eabi.lib : copy_zero_init.c.obj (.text:decompress:ZI:__TI_zero_init_nomemset:__TI_zero_init_nomemset)
                  2000e870    0000001c                           : memory.c.obj (.text:free_list_remove)
                  2000e88c    0000001c     gpiointerrupt.obj (.text:gpioButtonFxn1)
                  2000e8a8    0000001a     nortos_cc32xx.a : SemaphoreP_nortos.oem4 (.text:SemaphoreP_createBinary)
                  2000e8c2    00000002                     : startup_cc32xx_ccs.oem4 (.text:busFaultHandler)
                  2000e8c4    0000001a                     : startup_cc32xx_ccs.oem4 (.text:resetISR)
                  2000e8de    00000002                     : SemaphoreP_nortos.oem4 (.text:clkFxn)
                  2000e8e0    00000018     drivers_cc32xx.a : PowerCC32XX.oem4 (.text:Power_getTransitionLatency)
                  2000e8f8    00000018                      : PowerCC32XX.oem4 (.text:Power_idleFunc)
                  2000e910    00000018     driverlib.a : timer.obj (.text:TimerIntDisable)
                  2000e928    00000018                 : timer.obj (.text:TimerIntEnable)
                  2000e940    00000018     gpiointerrupt.obj (.text:gpioButtonFxn0)
                  2000e958    00000018     rtsv7M4_T_le_eabi.lib : ll_mul_t2.asm.obj (.text)
                  2000e970    00000016     driverlib.a : prcm.obj (.text:PRCMHIBRegRead)
                  2000e986    00000016                 : prcm.obj (.text:PRCMHIBRegWrite)
                  2000e99c    00000016     nortos_cc32xx.a : SemaphoreP_nortos.oem4 (.text:SemaphoreP_create)
                  2000e9b2    00000014     ti_drivers_config.obj (.text:Board_init)
                  2000e9c6    00000014     driverlib.a : cpu.obj (.text:CPUcpsid)
                  2000e9da    00000002     nortos_cc32xx.a : startup_cc32xx_ccs.oem4 (.text:defaultHandler)
                  2000e9dc    00000014                     : HwiPCC32XX_nortos.oem4 (.text:HwiP_inISR)
                  2000e9f0    00000014     driverlib.a : interrupt.obj (.text:IntVTableBaseSet)
                  2000ea04    00000014     drivers_cc32xx.a : PowerCC32XX.oem4 (.text:Power_disablePolicy)
                  2000ea18    00000014                      : PowerCC32XX.oem4 (.text:Power_getDependencyCount)
                  2000ea2c    00000012     nortos_cc32xx.a : HwiPCC32XX_nortos.oem4 (.text:HwiP_Params_init)
                  2000ea3e    00000012     driverlib.a : timer.obj (.text:TimerIntClear)
                  2000ea50    00000012     main_nortos.obj (.text:main)
                  2000ea62    00000010     nortos_cc32xx.a : ClockPSysTick_nortos.oem4 (.text:ClockP_add)
                  2000ea72    00000002                     : startup_cc32xx_ccs.oem4 (.text:faultISR)
                  2000ea74    00000010                     : ClockPSysTick_nortos.oem4 (.text:ClockP_getCpuFreq)
                  2000ea84    00000010                     : ClockPSysTick_nortos.oem4 (.text:ClockP_getSystemTicks)
                  2000ea94    00000010                     : ClockPSysTick_nortos.oem4 (.text:ClockP_setTicks)
                  2000eaa4    00000010                     : HwiPCC32XX_nortos.oem4 (.text:HwiP_delete)
                  2000eab4    00000010                     : HwiPCC32XX_nortos.oem4 (.text:HwiP_restore)
                  2000eac4    00000010     drivers_cc32xx.a : PowerCC32XX.oem4 (.text:Power_enablePolicy)
                  2000ead4    00000010     nortos_cc32xx.a : SemaphoreP_nortos.oem4 (.text:SemaphoreP_Params_init)
                  2000eae4    00000010     drivers_cc32xx.a : Timer.oem4 (.text:Timer_Params_init)
                  2000eaf4    0000000e     nortos_cc32xx.a : HwiPCC32XX_nortos.oem4 (.text:HwiP_clearInterrupt)
                  2000eb02    0000000e                     : HwiPCC32XX_nortos.oem4 (.text:HwiP_disable)
                  2000eb10    0000000e                     : HwiPCC32XX_nortos.oem4 (.text:HwiP_enable)
                  2000eb1e    0000000e     rtsv7M4_T_le_eabi.lib : copy_decompress_none.c.obj (.text:decompress:none:__TI_decompress_none)
                  2000eb2c    0000000c     drivers_cc32xx.a : PowerCC32XX.oem4 (.text:Power_getConstraintMask)
                  2000eb38    0000000c                      : TimerCC32XX.oem4 (.text:postNotifyFxn)
                  2000eb44    0000000a     nortos_cc32xx.a : ClockPSysTick_nortos.oem4 (.text:ClockP_isActive)
                  2000eb4e    0000000a     driverlib.a : interrupt.obj (.text:IntMasterDisable)
                  2000eb58    00000008     rtsv7M4_T_le_eabi.lib : memory.c.obj (.text:malloc)
                  2000eb60    00000006     driverlib.a : utils.obj (.text:UtilsDelay)
                  2000eb66    00000004     nortos_cc32xx.a : ClockPSysTick_nortos.oem4 (.text:ClockP_doTick)
                  2000eb6a    00000004                     : HwiPCC32XX_nortos.oem4 (.text:HwiP_post)
                  2000eb6e    00000004                     : SemaphoreP_nortos.oem4 (.text:SemaphoreP_delete)
                  2000eb72    00000004     rtsv7M4_T_le_eabi.lib : pre_init.c.obj (.text:_system_pre_init)
                  2000eb76    00000004                           : exit.c.obj (.text:abort:abort)
                  2000eb7a    00000004     gpiointerrupt.obj (.text:timerCallback)
                  2000eb7e    00000002     nortos_cc32xx.a : startup_cc32xx_ccs.oem4 (.text:nmiISR)
                  2000eb80    00000002     rtsv7M4_T_le_eabi.lib : div0.asm.obj (.text)

.const     0    2000f4d0    000002b0     
                  2000f4d0    00000100     driverlib.a : pin.obj (.const:g_ulPinToPadMap)
                  2000f5d0    000000a8                 : prcm.obj (.const:PRCM_PeriphRegsList)
                  2000f678    00000044     ti_drivers_config.obj (.const:PowerCC32XX_config)
                  2000f6bc    00000028     drivers_cc32xx.a : GPIOCC32XX.oem4 (.const:portConfigs)
                  2000f6e4    00000021                      : GPIOCC32XX.oem4 (.const:.string:pinTable)
                  2000f705    00000003     --HOLE-- [fill = 0]
                  2000f708    00000018     driverlib.a : interrupt.obj (.const:g_pulEnRegs)
                  2000f720    00000018                 : interrupt.obj (.const:g_pulPendRegs)
                  2000f738    00000010     ti_drivers_config.obj (.const:GPIO_config)
                  2000f748    00000010     ti_drivers_config.obj (.const:timerCC32XXHWAttrs)
                  2000f758    0000000c     drivers_cc32xx.a : Timer.oem4 (.const:defaultParams)
                  2000f764    0000000c                      : TimerCC32XX.oem4 (.const:defaultParams)
                  2000f770    00000008     ti_drivers_config.obj (.const:Timer_config)
                  2000f778    00000008     ti_drivers_config.obj (.const)

.cinit     0    2000f780    00000110     
                  2000f780    000000e8     (.cinit..data.load) [load image, compression = lzss]
                  2000f868    0000000c     (__TI_handler_table)
                  2000f874    00000004     --HOLE-- [fill = 0]
                  2000f878    00000008     (.cinit..bss.load) [load image, compression = zero_init]
                  2000f880    00000010     (__TI_cinit_table)

.init_array 
*          0    20004000    00000000     UNINITIALIZED

.ramVecs   0    20000000    0000030c     NOLOAD SECTION
                  20000000    0000030c     nortos_cc32xx.a : startup_cc32xx_ccs.oem4 (.ramVecs)

.stack     0    20003000    00001000     UNINITIALIZED
                  20003000    00000004     rtsv7M4_T_le_eabi.lib : boot_cortex_m.c.obj (.stack)
                  20003004    00000ffc     --HOLE--

.resetVecs 
*          0    20004000    00000040     
                  20004000    00000040     nortos_cc32xx.a : startup_cc32xx_ccs.oem4 (.resetVecs:retain)

.sysmem    0    20004040    00008000     UNINITIALIZED
                  20004040    00000010     rtsv7M4_T_le_eabi.lib : memory.c.obj (.sysmem)
                  20004050    00007ff0     --HOLE--

.data      0    2000eb84    00000653     UNINITIALIZED
                  2000eb84    0000030c     nortos_cc32xx.a : HwiPCC32XX_nortos.oem4 (.data:HwiP_dispatchTable)
                  2000ee90    0000016c     drivers_cc32xx.a : PowerCC32XX.oem4 (.data:PowerCC32XX_module)
                  2000effc    000000f8     ti_drivers_config.obj (.data:parkInfo)
                  2000f0f4    00000084     ti_drivers_config.obj (.data:gpioPinConfigs)
                  2000f178    00000030     gpiointerrupt.obj (.data:$O1$$)
                  2000f1a8    00000008     rtsv7M4_T_le_eabi.lib : _lock.c.obj (.data:$O1$$)
                  2000f1b0    00000008                           : memory.c.obj (.data:$O1$$)
                  2000f1b8    00000008     nortos_cc32xx.a : SemaphoreP_nortos.oem4 (.data:SemaphoreP_defaultParams)
                  2000f1c0    00000008                     : HwiPCC32XX_nortos.oem4 (.data)
                  2000f1c8    00000005     gpiointerrupt.obj (.data)
                  2000f1cd    00000003     nortos_cc32xx.a : SemaphoreP_nortos.oem4 (.data)
                  2000f1d0    00000005                     : ClockPSysTick_nortos.oem4 (.data)
                  2000f1d5    00000002     drivers_cc32xx.a : GPIOCC32XX.oem4 (.data)

.bss       0    2000f1d8    000002f8     UNINITIALIZED
                  2000f1d8    0000012c     (.common:PowerCC32XX_contextSave)
                  2000f304    00000084     (.common:gpioCallbackFunctions)
                  2000f388    00000084     (.common:gpioUserArgs)
                  2000f40c    00000084     (.common:timerCC32XXObjects)
                  2000f490    00000014     drivers_cc32xx.a : GPIOCC32XX.oem4 (.bss:powerNotifyObj)
                  2000f4a4    00000004                      : GPIOCC32XX.oem4 (.bss)
                  2000f4a8    00000010     (.common:ClockP_ctrl)
                  2000f4b8    0000000d     nortos_cc32xx.a : SwiP_nortos.oem4 (.bss)
                  2000f4c5    00000003     --HOLE--
                  2000f4c8    00000004                     : ClockPSysTick_nortos.oem4 (.bss)
                  2000f4cc    00000004     drivers_cc32xx.a : TimerCC32XX.oem4 (.bss:timerState)

.log_data 
*          0    90000000    00000000     COPY SECTION

__llvm_prf_cnts 
*          0    20004000    00000000     UNINITIALIZED

MODULE SUMMARY

       Module                       code    ro data   rw data
       ------                       ----    -------   -------
    .\
       gpiointerrupt.obj            528     0         53     
       main_nortos.obj              18      0         0      
    +--+----------------------------+-------+---------+---------+
       Total:                       546     0         53     
                                                             
    .\syscfg\
       ti_drivers_config.obj        22      116       776    
    +--+----------------------------+-------+---------+---------+
       Total:                       22      116       776    
                                                             
    C:/ti/simplelink_cc32xx_sdk_6_10_00_05/kernel/nortos/lib/ccs/m4/nortos_cc32xx.a
       HwiPCC32XX_nortos.oem4       366     0         788    
       startup_cc32xx_ccs.oem4      90      64        780    
       ClockPSysTick_nortos.oem4    586     0         25     
       PowerCC32XX_nortos.oem4      476     0         0      
       SemaphoreP_nortos.oem4       410     0         11     
       SwiP_nortos.oem4             96      0         13     
    +--+----------------------------+-------+---------+---------+
       Total:                       2024    64        1617   
                                                             
    C:/ti/simplelink_cc32xx_sdk_6_10_00_05/source/ti/devices/cc32xx/driverlib/ccs/Release/driverlib.a
       prcm.obj                     1604    168       0      
       pin.obj                      280     256       0      
       interrupt.obj                334     48        0      
       timer.obj                    264     0         0      
       flash.obj                    72      0         0      
       cpu.obj                      20      0         0      
       utils.obj                    6       0         0      
    +--+----------------------------+-------+---------+---------+
       Total:                       2580    472       0      
                                                             
    C:/ti/simplelink_cc32xx_sdk_6_10_00_05/source/ti/drivers/lib/ccs/m4/drivers_cc32xx.a
       PowerCC32XX.oem4             2300    0         664    
       GPIOCC32XX.oem4              1068    73        26     
       TimerCC32XX.oem4             876     12        4      
       Timer.oem4                   140     12        0      
       PowerCC32XX_asm.oem4         150     0         0      
       List.oem4                    76      0         0      
       GPIO.oem4                    28      0         0      
    +--+----------------------------+-------+---------+---------+
       Total:                       4638    97        694    
                                                             
    C:\ti\ccs1120\ccs\tools\compiler\ti-cgt-arm_20.2.6.LTS\lib\rtsv7M4_T_le_eabi.lib
       memory.c.obj                 672     0         8      
       memcpy_t2.asm.obj            156     0         0      
       ull_div_t2.asm.obj           150     0         0      
       copy_decompress_lzss.c.obj   104     0         0      
       autoinit.c.obj               68      0         0      
       boot_cortex_m.c.obj          36      0         0      
       copy_zero_init.c.obj         28      0         0      
       ll_mul_t2.asm.obj            24      0         0      
       copy_decompress_none.c.obj   14      0         0      
       _lock.c.obj                  2       0         8      
       exit.c.obj                   4       0         0      
       pre_init.c.obj               4       0         0      
       div0.asm.obj                 2       0         0      
    +--+----------------------------+-------+---------+---------+
       Total:                       1264    0         16     
                                                             
       Heap:                        0       0         32768  
       Stack:                       0       0         4096   
       Linker Generated:            0       268       0      
    +--+----------------------------+-------+---------+---------+
       Grand Total:                 11074   1017      40020  


LINKER GENERATED COPY TABLES

__TI_cinit_table @ 2000f880 records: 2, size/record: 8, table size: 16
	.data: load addr=2000f780, load size=000000e8 bytes, run addr=2000eb84, run size=00000653 bytes, compression=lzss
	.bss: load addr=2000f878, load size=00000008 bytes, run addr=2000f1d8, run size=000002f8 bytes, compression=zero_init


LINKER GENERATED HANDLER TABLE

__TI_handler_table @ 2000f868 records: 3, size/record: 4, table size: 12
	index: 0, handler: __TI_decompress_lzss
	index: 1, handler: __TI_decompress_none
	index: 2, handler: __TI_zero_init


GLOBAL SYMBOLS: SORTED ALPHABETICALLY BY Name 

address   name                             
-------   ----                             
2000e9b3  Board_init                       
2000d213  Board_initHook                   
2000eb77  C$$EXIT                          
2000f77a  CONFIG_GPIO_BUTTON_0_CONST       
2000f77b  CONFIG_GPIO_BUTTON_1_CONST       
2000f77c  CONFIG_GPIO_LED_0_CONST          
2000f77d  CONFIG_GPIO_LED_1_CONST          
2000f77e  CONFIG_TIMER_0_CONST             
2000e9c7  CPUcpsid                         
2000ea63  ClockP_add                       
2000f4a8  ClockP_ctrl                      
2000e21d  ClockP_destruct                  
2000eb67  ClockP_doTick                    
2000ea75  ClockP_getCpuFreq                
2000ea85  ClockP_getSystemTicks            
2000e41d  ClockP_getTicksUntilInterrupt    
2000eb45  ClockP_isActive                  
2000ea95  ClockP_setTicks                  
2000e555  ClockP_start                     
2000e451  ClockP_startup                   
2000df81  ClockP_stop                      
2000dbb9  ClockP_sysTickHandler            
2000f1d0  ClockP_tickPeriod                
2000dd41  FlashDisable                     
2000f738  GPIO_config                      
2000dd89  GPIO_disableInt                  
2000ddd1  GPIO_enableInt                   
2000d8ed  GPIO_hwiIntFxn                   
2000d215  GPIO_init                        
2000f778  GPIO_pinLowerBound               
2000f779  GPIO_pinUpperBound               
2000e801  GPIO_setCallback                 
2000c60d  GPIO_setConfig                   
2000d825  GPIO_setInterruptConfig          
2000d5d9  GPIO_write                       
2000ea2d  HwiP_Params_init                 
2000eaf5  HwiP_clearInterrupt              
2000d335  HwiP_construct                   
2000e5b5  HwiP_create                      
2000eaa5  HwiP_delete                      
2000e765  HwiP_destruct                    
2000eb03  HwiP_disable                     
2000e6f9  HwiP_dispatch                    
2000eb11  HwiP_enable                      
2000e9dd  HwiP_inISR                       
2000f1c0  HwiP_key                         
2000eb6b  HwiP_post                        
2000eab5  HwiP_restore                     
2000f1c4  HwiP_swiPIntNum                  
UNDEFED   ITM_flush                        
UNDEFED   ITM_restore                      
2000cef1  IntEnable                        
2000eb4f  IntMasterDisable                 
2000d3c1  IntPendSet                       
2000e9f1  IntVTableBaseSet                 
2000e6ad  List_put                         
2000e6d3  List_remove                      
2000eb11  NoRTOS_start                     
2000f188  OK_Order                         
2000c041  PRCMCC3200MCUInit                
2000e971  PRCMHIBRegRead                   
2000e987  PRCMHIBRegWrite                  
2000de19  PRCMLPDSEnter                    
2000e2d1  PRCMLPDSEnterKeepDebugIf         
2000dfc5  PRCMLPDSRestoreInfoSet           
2000e635  PRCMPeripheralClkDisable         
2000de61  PRCMPeripheralClkEnable          
2000da65  PRCMPeripheralReset              
2000d94d  PRCMSysResetCauseGet             
2000d449  PinConfigSet                     
2000e485  PinModeGet                       
2000e15d  PinModeSet                       
2000e81d  PinToPadGet                      
2000f678  PowerCC32XX_config               
2000cf99  PowerCC32XX_configureWakeup      
2000f1d8  PowerCC32XX_contextSave          
2000e009  PowerCC32XX_enterLPDS            
2000df7f  PowerCC32XX_initPolicy           
2000ee90  PowerCC32XX_module               
2000dca9  PowerCC32XX_parkPin              
2000e585  PowerCC32XX_restoreParkedPin     
2000db15  PowerCC32XX_resumeLPDS           
2000d889  PowerCC32XX_setParkState         
2000c46d  PowerCC32XX_sleepPolicy          
2000ea05  Power_disablePolicy              
2000eac5  Power_enablePolicy               
2000eb2d  Power_getConstraintMask          
2000ea19  Power_getDependencyCount         
2000e8e1  Power_getTransitionLatency       
2000e8f9  Power_idleFunc                   
2000d4d1  Power_init                       
2000e65d  Power_registerNotify             
2000dea9  Power_releaseConstraint          
2000dabd  Power_releaseDependency          
2000e259  Power_setConstraint              
2000d659  Power_setDependency              
2000c8a9  Power_sleep                      
2000e785  Power_unregisterNotify           
2000f194  SOS_Order                        
2000ead5  SemaphoreP_Params_init           
2000dc09  SemaphoreP_construct             
2000e7a5  SemaphoreP_constructBinary       
2000e99d  SemaphoreP_create                
2000e8a9  SemaphoreP_createBinary          
2000f1b8  SemaphoreP_defaultParams         
2000eb6f  SemaphoreP_delete                
2000e2cf  SemaphoreP_destruct              
2000d041  SemaphoreP_pend                  
2000e04d  SemaphoreP_post                  
2000cb19  StateMachine                     
2000e839  SwiP_disable                     
2000e091  SwiP_restore                     
2000dc59  TimerCC32XX_allocateTimerResource
2000e4b9  TimerCC32XX_freeTimerResource    
2000e3b1  TimerControlStall                
2000e7c3  TimerDisable                     
2000e7e1  TimerEnable                      
2000ea3f  TimerIntClear                    
2000e911  TimerIntDisable                  
2000e929  TimerIntEnable                   
2000e5df  TimerLoadSet                     
2000e609  TimerPrescaleSet                 
2000e71d  TimerSupport_timerDisable        
2000e19d  TimerSupport_timerEnable         
2000eae5  Timer_Params_init                
2000e1dd  Timer_close                      
2000f770  Timer_config                     
2000f77f  Timer_count                      
2000e633  Timer_init                       
2000c9e1  Timer_open                       
2000e0d5  Timer_start                      
2000e3e7  Timer_stop                       
2000eb61  UtilsDelay                       
20004000  __STACK_END                      
00001000  __STACK_SIZE                     
00008000  __SYSMEM_SIZE                    
2000f880  __TI_CINIT_Base                  
2000f890  __TI_CINIT_Limit                 
2000f868  __TI_Handler_Table_Base          
2000f874  __TI_Handler_Table_Limit         
2000e119  __TI_auto_init_nobinit_nopinit   
2000d7bd  __TI_decompress_lzss             
2000eb1f  __TI_decompress_none             
ffffffff  __TI_pprof_out_hndl              
ffffffff  __TI_prof_data_size              
ffffffff  __TI_prof_data_start             
2000f780  __TI_static_base__               
2000e855  __TI_zero_init_nomemset          
2000eb81  __aeabi_idiv0                    
2000eb81  __aeabi_ldiv0                    
2000e959  __aeabi_lmul                     
2000d0e1  __aeabi_memcpy                   
2000d0e1  __aeabi_memcpy4                  
2000d0e1  __aeabi_memcpy8                  
2000d17d  __aeabi_uldivmod                 
ffffffff  __binit__                        
ffffffff  __c_args__                       
UNDEFED   __mpu_init                       
20003000  __stack                          
20004000  __start___llvm_prf_cnts          
20004000  __stop___llvm_prf_cnts           
2000e741  _c_int00_noargs                  
2000f1a8  _lock                            
2000e7ff  _nop                             
20004040  _sys_memory                      
UNDEFED   _system_post_cinit               
2000eb73  _system_pre_init                 
2000f1ac  _unlock                          
2000eb77  abort                            
2000cc4d  aligned_alloc                    
ffffffff  binit                            
2000f178  changeRequest                    
2000e8df  clkFxn                           
2000f184  cycle                            
2000cd4d  free                             
2000e941  gpioButtonFxn0                   
2000e88d  gpioButtonFxn1                   
2000f304  gpioCallbackFunctions            
2000f0f4  gpioPinConfigs                   
2000f388  gpioUserArgs                     
2000def1  initTimer                        
2000e341  initVectors                      
2000ea51  main                             
2000d9ad  mainThread                       
2000eb59  malloc                           
2000cc4d  memalign                         
2000d0e1  memcpy                           
2000f1cc  message                          
2000f1c8  ms_elap                          
2000effc  parkInfo                         
2000f180  position                         
2000e8c5  resetISR                         
2000e8d8  resetVectorAddr                  
20004000  resetVectors                     
2000f17c  timer0                           
2000f748  timerCC32XXHWAttrs               
2000f40c  timerCC32XXObjects               
2000eb7b  timerCallback                    


GLOBAL SYMBOLS: SORTED BY Symbol Address 

address   name                             
-------   ----                             
00001000  __STACK_SIZE                     
00008000  __SYSMEM_SIZE                    
20003000  __stack                          
20004000  __STACK_END                      
20004000  __start___llvm_prf_cnts          
20004000  __stop___llvm_prf_cnts           
20004000  resetVectors                     
20004040  _sys_memory                      
2000c041  PRCMCC3200MCUInit                
2000c46d  PowerCC32XX_sleepPolicy          
2000c60d  GPIO_setConfig                   
2000c8a9  Power_sleep                      
2000c9e1  Timer_open                       
2000cb19  StateMachine                     
2000cc4d  aligned_alloc                    
2000cc4d  memalign                         
2000cd4d  free                             
2000cef1  IntEnable                        
2000cf99  PowerCC32XX_configureWakeup      
2000d041  SemaphoreP_pend                  
2000d0e1  __aeabi_memcpy                   
2000d0e1  __aeabi_memcpy4                  
2000d0e1  __aeabi_memcpy8                  
2000d0e1  memcpy                           
2000d17d  __aeabi_uldivmod                 
2000d213  Board_initHook                   
2000d215  GPIO_init                        
2000d335  HwiP_construct                   
2000d3c1  IntPendSet                       
2000d449  PinConfigSet                     
2000d4d1  Power_init                       
2000d5d9  GPIO_write                       
2000d659  Power_setDependency              
2000d7bd  __TI_decompress_lzss             
2000d825  GPIO_setInterruptConfig          
2000d889  PowerCC32XX_setParkState         
2000d8ed  GPIO_hwiIntFxn                   
2000d94d  PRCMSysResetCauseGet             
2000d9ad  mainThread                       
2000da65  PRCMPeripheralReset              
2000dabd  Power_releaseDependency          
2000db15  PowerCC32XX_resumeLPDS           
2000dbb9  ClockP_sysTickHandler            
2000dc09  SemaphoreP_construct             
2000dc59  TimerCC32XX_allocateTimerResource
2000dca9  PowerCC32XX_parkPin              
2000dd41  FlashDisable                     
2000dd89  GPIO_disableInt                  
2000ddd1  GPIO_enableInt                   
2000de19  PRCMLPDSEnter                    
2000de61  PRCMPeripheralClkEnable          
2000dea9  Power_releaseConstraint          
2000def1  initTimer                        
2000df7f  PowerCC32XX_initPolicy           
2000df81  ClockP_stop                      
2000dfc5  PRCMLPDSRestoreInfoSet           
2000e009  PowerCC32XX_enterLPDS            
2000e04d  SemaphoreP_post                  
2000e091  SwiP_restore                     
2000e0d5  Timer_start                      
2000e119  __TI_auto_init_nobinit_nopinit   
2000e15d  PinModeSet                       
2000e19d  TimerSupport_timerEnable         
2000e1dd  Timer_close                      
2000e21d  ClockP_destruct                  
2000e259  Power_setConstraint              
2000e2cf  SemaphoreP_destruct              
2000e2d1  PRCMLPDSEnterKeepDebugIf         
2000e341  initVectors                      
2000e3b1  TimerControlStall                
2000e3e7  Timer_stop                       
2000e41d  ClockP_getTicksUntilInterrupt    
2000e451  ClockP_startup                   
2000e485  PinModeGet                       
2000e4b9  TimerCC32XX_freeTimerResource    
2000e555  ClockP_start                     
2000e585  PowerCC32XX_restoreParkedPin     
2000e5b5  HwiP_create                      
2000e5df  TimerLoadSet                     
2000e609  TimerPrescaleSet                 
2000e633  Timer_init                       
2000e635  PRCMPeripheralClkDisable         
2000e65d  Power_registerNotify             
2000e6ad  List_put                         
2000e6d3  List_remove                      
2000e6f9  HwiP_dispatch                    
2000e71d  TimerSupport_timerDisable        
2000e741  _c_int00_noargs                  
2000e765  HwiP_destruct                    
2000e785  Power_unregisterNotify           
2000e7a5  SemaphoreP_constructBinary       
2000e7c3  TimerDisable                     
2000e7e1  TimerEnable                      
2000e7ff  _nop                             
2000e801  GPIO_setCallback                 
2000e81d  PinToPadGet                      
2000e839  SwiP_disable                     
2000e855  __TI_zero_init_nomemset          
2000e88d  gpioButtonFxn1                   
2000e8a9  SemaphoreP_createBinary          
2000e8c5  resetISR                         
2000e8d8  resetVectorAddr                  
2000e8df  clkFxn                           
2000e8e1  Power_getTransitionLatency       
2000e8f9  Power_idleFunc                   
2000e911  TimerIntDisable                  
2000e929  TimerIntEnable                   
2000e941  gpioButtonFxn0                   
2000e959  __aeabi_lmul                     
2000e971  PRCMHIBRegRead                   
2000e987  PRCMHIBRegWrite                  
2000e99d  SemaphoreP_create                
2000e9b3  Board_init                       
2000e9c7  CPUcpsid                         
2000e9dd  HwiP_inISR                       
2000e9f1  IntVTableBaseSet                 
2000ea05  Power_disablePolicy              
2000ea19  Power_getDependencyCount         
2000ea2d  HwiP_Params_init                 
2000ea3f  TimerIntClear                    
2000ea51  main                             
2000ea63  ClockP_add                       
2000ea75  ClockP_getCpuFreq                
2000ea85  ClockP_getSystemTicks            
2000ea95  ClockP_setTicks                  
2000eaa5  HwiP_delete                      
2000eab5  HwiP_restore                     
2000eac5  Power_enablePolicy               
2000ead5  SemaphoreP_Params_init           
2000eae5  Timer_Params_init                
2000eaf5  HwiP_clearInterrupt              
2000eb03  HwiP_disable                     
2000eb11  HwiP_enable                      
2000eb11  NoRTOS_start                     
2000eb1f  __TI_decompress_none             
2000eb2d  Power_getConstraintMask          
2000eb45  ClockP_isActive                  
2000eb4f  IntMasterDisable                 
2000eb59  malloc                           
2000eb61  UtilsDelay                       
2000eb67  ClockP_doTick                    
2000eb6b  HwiP_post                        
2000eb6f  SemaphoreP_delete                
2000eb73  _system_pre_init                 
2000eb77  C$$EXIT                          
2000eb77  abort                            
2000eb7b  timerCallback                    
2000eb81  __aeabi_idiv0                    
2000eb81  __aeabi_ldiv0                    
2000ee90  PowerCC32XX_module               
2000effc  parkInfo                         
2000f0f4  gpioPinConfigs                   
2000f178  changeRequest                    
2000f17c  timer0                           
2000f180  position                         
2000f184  cycle                            
2000f188  OK_Order                         
2000f194  SOS_Order                        
2000f1a8  _lock                            
2000f1ac  _unlock                          
2000f1b8  SemaphoreP_defaultParams         
2000f1c0  HwiP_key                         
2000f1c4  HwiP_swiPIntNum                  
2000f1c8  ms_elap                          
2000f1cc  message                          
2000f1d0  ClockP_tickPeriod                
2000f1d8  PowerCC32XX_contextSave          
2000f304  gpioCallbackFunctions            
2000f388  gpioUserArgs                     
2000f40c  timerCC32XXObjects               
2000f4a8  ClockP_ctrl                      
2000f678  PowerCC32XX_config               
2000f738  GPIO_config                      
2000f748  timerCC32XXHWAttrs               
2000f770  Timer_config                     
2000f778  GPIO_pinLowerBound               
2000f779  GPIO_pinUpperBound               
2000f77a  CONFIG_GPIO_BUTTON_0_CONST       
2000f77b  CONFIG_GPIO_BUTTON_1_CONST       
2000f77c  CONFIG_GPIO_LED_0_CONST          
2000f77d  CONFIG_GPIO_LED_1_CONST          
2000f77e  CONFIG_TIMER_0_CONST             
2000f77f  Timer_count                      
2000f780  __TI_static_base__               
2000f868  __TI_Handler_Table_Base          
2000f874  __TI_Handler_Table_Limit         
2000f880  __TI_CINIT_Base                  
2000f890  __TI_CINIT_Limit                 
ffffffff  __TI_pprof_out_hndl              
ffffffff  __TI_prof_data_size              
ffffffff  __TI_prof_data_start             
ffffffff  __binit__                        
ffffffff  __c_args__                       
ffffffff  binit                            
UNDEFED   ITM_flush                        
UNDEFED   ITM_restore                      
UNDEFED   __mpu_init                       
UNDEFED   _system_post_cinit               

[198 symbols]
