******************************************************************************
                  TI ARM Linker PC v20.2.6                     
******************************************************************************
>> Linked Sat Aug 13 16:07:28 2022

OUTPUT FILE NAME:   <gpiointerrupt_CC3220S_LAUNCHXL_nortos_ccs.out>
ENTRY POINT SYMBOL: "resetISR"  address: 200102d5


MEMORY CONFIGURATION

         name            origin    length      used     unused   attr    fill
----------------------  --------  ---------  --------  --------  ----  --------
  SRAM2                 20000000   00004000  0000130c  00002cf4  RW X
  SRAM                  20004000   0003c000  0000dda3  0002e25d  RW X
  LOG_DATA              90000000   00040000  00000000  00040000  R   


SEGMENT ALLOCATION MAP

run origin  load origin   length   init length attrs members
----------  ----------- ---------- ----------- ----- -------
20003000    20003000    00001000   00000000    rw-
  20003000    20003000    00001000   00000000    rw- .stack
20004000    20004000    00000040   00000040    r--
  20004000    20004000    00000040   00000040    r-- .resetVecs
20004040    20004040    00008000   00000000    rw-
  20004040    20004040    00008000   00000000    rw- .sysmem
2000c040    2000c040    00004b79   00004b79    r-x
  2000c040    2000c040    000047e0   000047e0    r-x .text
  20010820    20010820    00000399   00000399    r-- .const
20010c00    20010c00    000010ea   00000000    rw-
  20010c00    20010c00    00000a48   00000000    rw- .bss
  20011648    20011648    000006a2   00000000    rw- .data
20011cf0    20011cf0    00000100   00000100    r--
  20011cf0    20011cf0    00000100   00000100    r-- .cinit


SECTION ALLOCATION MAP

 output                                  attributes/
section   page    origin      length       input sections
--------  ----  ----------  ----------   ----------------
.text      0    2000c040    000047e0     
                  2000c040    0000042c     driverlib.a : prcm.obj (.text:PRCMCC3200MCUInit)
                  2000c46c    00000298     drivers_cc32xx.a : UART2.oem4 (.text:UART2_writeTimeout)
                  2000c704    00000294                      : UART2CC32XX.oem4 (.text:UART2_open)
                  2000c998    00000234                      : UART2CC32XX.oem4 (.text:UART2CC32XX_hwiIntFxn)
                  2000cbcc    000001a0     nortos_cc32xx.a : PowerCC32XX_nortos.oem4 (.text:PowerCC32XX_sleepPolicy)
                  2000cd6c    00000154     drivers_cc32xx.a : GPIOCC32XX.oem4 (.text:GPIO_setConfig)
                  2000cec0    00000148                      : I2CCC32XX.oem4 (.text:I2CCC32XX_hwiFxn)
                  2000d008    00000148                      : PowerCC32XX.oem4 (.text:parkPins)
                  2000d150    00000138                      : PowerCC32XX.oem4 (.text:Power_sleep)
                  2000d288    00000138                      : TimerCC32XX.oem4 (.text:Timer_open)
                  2000d3c0    00000122                      : I2C.oem4 (.text:I2C_transferTimeout)
                  2000d4e2    00000002     ti_drivers_config.obj (.text:Board_initHook)
                  2000d4e4    00000108     drivers_cc32xx.a : UART2CC32XX.oem4 (.text:UART2_close)
                  2000d5ec    00000100     rtsv7M4_T_le_eabi.lib : memory.c.obj (.text:aligned_alloc)
                  2000d6ec    000000fc     drivers_cc32xx.a : I2CCC32XX.oem4 (.text:I2C_open)
                  2000d7e8    000000ec                      : UART2CC32XX.oem4 (.text:UART2CC32XX_initHw)
                  2000d8d4    000000e4                      : UART2CC32XX.oem4 (.text:UART2Support_dmaStartRx)
                  2000d9b8    000000e4     rtsv7M4_T_le_eabi.lib : memory.c.obj (.text:free)
                  2000da9c    000000d4     gpiointerrupt.obj (.text:initI2C)
                  2000db70    000000c8     drivers_cc32xx.a : UART2CC32XX.oem4 (.text:UART2Support_dmaStartTx)
                  2000dc38    000000c0                      : PowerCC32XX.oem4 (.text:restoreParkedPins)
                  2000dcf8    000000b2                      : I2CCC32XX.oem4 (.text:I2CCC32XX_completeTransfer)
                  2000ddaa    000000a8                      : I2CCC32XX.oem4 (.text:I2CCC32XX_primeWriteBurst)
                  2000de52    00000002                      : I2C.oem4 (.text:I2C_init)
                  2000de54    000000a8     driverlib.a : interrupt.obj (.text:IntEnable)
                  2000defc    000000a8     drivers_cc32xx.a : PowerCC32XX.oem4 (.text:PowerCC32XX_configureWakeup)
                  2000dfa4    000000a0     nortos_cc32xx.a : SemaphoreP_nortos.oem4 (.text:SemaphoreP_pend)
                  2000e044    0000009c     drivers_cc32xx.a : I2CCC32XX.oem4 (.text:I2CCC32XX_initHw)
                  2000e0e0    0000009c     rtsv7M4_T_le_eabi.lib : memcpy_t2.asm.obj (.text)
                  2000e17c    00000098     gpiointerrupt.obj (.text:timerCallback)
                  2000e214    00000096     rtsv7M4_T_le_eabi.lib : ull_div_t2.asm.obj (.text)
                  2000e2aa    00000002     nortos_cc32xx.a : PowerCC32XX_nortos.oem4 (.text:PowerCC32XX_initPolicy)
                  2000e2ac    00000090     drivers_cc32xx.a : GPIOCC32XX.oem4 (.text:GPIO_init)
                  2000e33c    00000090                      : PowerCC32XX.oem4 (.text:restoreNVICRegs)
                  2000e3cc    0000008c     nortos_cc32xx.a : HwiPCC32XX_nortos.oem4 (.text:HwiP_construct)
                  2000e458    00000088     driverlib.a : interrupt.obj (.text:IntPendSet)
                  2000e4e0    00000088                 : pin.obj (.text:PinConfigSet)
                  2000e568    00000084     drivers_cc32xx.a : PowerCC32XX.oem4 (.text:Power_init)
                  2000e5ec    00000084                      : PowerCC32XX.oem4 (.text:saveNVICRegs)
                  2000e670    00000080                      : GPIOCC32XX.oem4 (.text:GPIO_write)
                  2000e6f0    00000080                      : PowerCC32XX.oem4 (.text:Power_setDependency)
                  2000e770    0000007c                      : UDMACC32XX.oem4 (.text:UDMACC32XX_open)
                  2000e7ec    0000007a                      : I2CCC32XX.oem4 (.text:I2CCC32XX_primeReadBurst)
                  2000e866    0000007a     rtsv7M4_T_le_eabi.lib : fs_mul_t2.asm.obj (.text)
                  2000e8e0    0000007a                           : memset_t2.asm.obj (.text)
                  2000e95a    00000074     drivers_cc32xx.a : UART2CC32XX.oem4 (.text:UART2CC32XX_readCallback)
                  2000e9ce    00000002     nortos_cc32xx.a : SemaphoreP_nortos.oem4 (.text:SemaphoreP_destruct)
                  2000e9d0    00000074     drivers_cc32xx.a : GPIOCC32XX.oem4 (.text:powerNotifyFxn)
                  2000ea44    00000070     rtsv7M4_T_le_eabi.lib : memory.c.obj (.text:split)
                  2000eab4    0000006a     drivers_cc32xx.a : I2CCC32XX.oem4 (.text:I2CSupport_primeTransfer)
                  2000eb1e    00000068     rtsv7M4_T_le_eabi.lib : copy_decompress_lzss.c.obj (.text:decompress:lzss:__TI_decompress_lzss)
                  2000eb86    00000002     drivers_cc32xx.a : Timer.oem4 (.text:Timer_init)
                  2000eb88    00000068     gpiointerrupt.obj (.text:readTemp)
                  2000ebf0    00000064     drivers_cc32xx.a : GPIOCC32XX.oem4 (.text:GPIO_setInterruptConfig)
                  2000ec54    00000064                      : PowerCC32XX.oem4 (.text:PowerCC32XX_setParkState)
                  2000ecb8    00000064     driverlib.a : udma.obj (.text:uDMAChannelAttributeDisable)
                  2000ed1c    00000060     drivers_cc32xx.a : GPIOCC32XX.oem4 (.text:GPIO_hwiIntFxn)
                  2000ed7c    00000060     driverlib.a : prcm.obj (.text:PRCMSysResetCauseGet)
                  2000eddc    00000060     gpiointerrupt.obj (.text:mainThread)
                  2000ee3c    0000005e     drivers_cc32xx.a : UART2CC32XX.oem4 (.text:UART2Support_dmaStopTx)
                  2000ee9a    00000002                      : UART2CC32XX.oem4 (.text:UART2CC32XX_eventCallback)
                  2000ee9c    0000005c     nortos_cc32xx.a : ClockPSysTick_nortos.oem4 (.text:sysTickInit)
                  2000eef8    00000058     driverlib.a : prcm.obj (.text:PRCMPeripheralReset)
                  2000ef50    00000058     drivers_cc32xx.a : PowerCC32XX.oem4 (.text:Power_releaseDependency)
                  2000efa8    00000052                      : PowerCC32XX_asm.oem4 (.text:PowerCC32XX_resumeLPDS)
                  2000effa    00000052                      : TimerCC32XX.oem4 (.text:initHw)
                  2000f04c    00000050     nortos_cc32xx.a : ClockPSysTick_nortos.oem4 (.text:ClockP_sysTickHandler)
                  2000f09c    00000050                     : SemaphoreP_nortos.oem4 (.text:SemaphoreP_construct)
                  2000f0ec    00000050     drivers_cc32xx.a : TimerCC32XX.oem4 (.text:TimerCC32XX_allocateTimerResource)
                  2000f13c    00000050                      : UART2CC32XX.oem4 (.text:UART2Support_dmaStopRx)
                  2000f18c    0000004c                      : I2CCC32XX.oem4 (.text:I2CCC32XX_readRecieveFifo)
                  2000f1d8    0000004c                      : PowerCC32XX.oem4 (.text:PowerCC32XX_parkPin)
                  2000f224    0000004c                      : PowerCC32XX.oem4 (.text:restorePeriphClocks)
                  2000f270    00000048     driverlib.a : flash.obj (.text:FlashDisable)
                  2000f2b8    00000048     drivers_cc32xx.a : GPIOCC32XX.oem4 (.text:GPIO_disableInt)
                  2000f300    00000048                      : GPIOCC32XX.oem4 (.text:GPIO_enableInt)
                  2000f348    00000048     driverlib.a : prcm.obj (.text:PRCMLPDSEnter)
                  2000f390    00000048                 : prcm.obj (.text:PRCMPeripheralClkEnable)
                  2000f3d8    00000048     drivers_cc32xx.a : PowerCC32XX.oem4 (.text:Power_releaseConstraint)
                  2000f420    00000048     gpiointerrupt.obj (.text:initTimer)
                  2000f468    00000046     drivers_cc32xx.a : RingBuf.oem4 (.text:RingBuf_put)
                  2000f4ae    00000046                      : TimerCC32XX.oem4 (.text:getPrescaler)
                  2000f4f4    00000044     nortos_cc32xx.a : ClockPSysTick_nortos.oem4 (.text:ClockP_stop)
                  2000f538    00000044     driverlib.a : prcm.obj (.text:PRCMLPDSRestoreInfoSet)
                  2000f57c    00000044     drivers_cc32xx.a : PowerCC32XX_asm.oem4 (.text:PowerCC32XX_enterLPDS)
                  2000f5c0    00000044     nortos_cc32xx.a : SemaphoreP_nortos.oem4 (.text:SemaphoreP_post)
                  2000f604    00000044                     : SwiP_nortos.oem4 (.text:SwiP_restore)
                  2000f648    00000044     drivers_cc32xx.a : Timer.oem4 (.text:Timer_start)
                  2000f68c    00000044     rtsv7M4_T_le_eabi.lib : autoinit.c.obj (.text:__TI_auto_init_nobinit_nopinit:__TI_auto_init_nobinit_nopinit)
                  2000f6d0    00000040     nortos_cc32xx.a : ClockPSysTick_nortos.oem4 (.text:ClockP_construct)
                  2000f710    00000040     driverlib.a : pin.obj (.text:PinModeSet)
                  2000f750    00000040     drivers_cc32xx.a : TimerCC32XX.oem4 (.text:TimerSupport_timerEnable)
                  2000f790    00000040                      : TimerCC32XX.oem4 (.text:Timer_close)
                  2000f7d0    00000040                      : UDMACC32XX.oem4 (.text:UDMACC32XX_init)
                  2000f810    0000003e                      : RingBuf.oem4 (.text:RingBuf_putAdvance)
                  2000f84e    00000002     rtsv7M4_T_le_eabi.lib : _lock.c.obj (.text:_nop)
                  2000f850    0000003c     nortos_cc32xx.a : ClockPSysTick_nortos.oem4 (.text:ClockP_destruct)
                  2000f88c    0000003c     drivers_cc32xx.a : PowerCC32XX.oem4 (.text:Power_setConstraint)
                  2000f8c8    0000003a     nortos_cc32xx.a : PowerCC32XX_nortos.oem4 (.text:getCountsRTC)
                  2000f902    00000002                     : startup_cc32xx_ccs.oem4 (.text:busFaultHandler)
                  2000f904    00000038     driverlib.a : prcm.obj (.text:PRCMLPDSEnterKeepDebugIf)
                  2000f93c    00000038     nortos_cc32xx.a : ClockPSysTick_nortos.oem4 (.text:addToList)
                  2000f974    00000038                     : startup_cc32xx_ccs.oem4 (.text:initVectors)
                  2000f9ac    00000038     drivers_cc32xx.a : PowerCC32XX.oem4 (.text:notify)
                  2000f9e4    00000038     rtsv7M4_T_le_eabi.lib : fs_toi_t2.asm.obj (.text)
                  2000fa1c    00000038                           : i_tofs_t2.asm.obj (.text)
                  2000fa54    00000036     driverlib.a : timer.obj (.text:TimerControlStall)
                  2000fa8a    00000036     drivers_cc32xx.a : Timer.oem4 (.text:Timer_stop)
                  2000fac0    00000036                      : UART2.oem4 (.text:UART2_rxDisable)
                  2000faf6    00000002     nortos_cc32xx.a : SemaphoreP_nortos.oem4 (.text:clkFxn)
                  2000faf8    00000034                     : ClockPSysTick_nortos.oem4 (.text:ClockP_getTicksUntilInterrupt)
                  2000fb2c    00000034                     : ClockPSysTick_nortos.oem4 (.text:ClockP_startup)
                  2000fb60    00000034     driverlib.a : pin.obj (.text:PinModeGet)
                  2000fb94    00000034     drivers_cc32xx.a : PowerCC32XX.oem4 (.text:PowerCC32XX_restoreParkState)
                  2000fbc8    00000034                      : RingBuf.oem4 (.text:RingBuf_getConsume)
                  2000fbfc    00000034                      : RingBuf.oem4 (.text:RingBuf_putPointer)
                  2000fc30    00000034                      : TimerCC32XX.oem4 (.text:TimerCC32XX_freeTimerResource)
                  2000fc64    00000034                      : TimerCC32XX.oem4 (.text:TimerCC32XX_hwiIntFunction)
                  2000fc98    00000034                      : UART2CC32XX.oem4 (.text:UART2Support_sendData)
                  2000fccc    00000034                      : UDMACC32XX.oem4 (.text:UDMACC32XX_close)
                  2000fd00    00000034                      : TimerCC32XX.oem4 (.text:getPowerMgrId)
                  2000fd34    00000032                      : UART2CC32XX.oem4 (.text:UART2Support_disableRx)
                  2000fd66    00000002     nortos_cc32xx.a : startup_cc32xx_ccs.oem4 (.text:defaultHandler)
                  2000fd68    00000030                     : ClockPSysTick_nortos.oem4 (.text:ClockP_start)
                  2000fd98    00000030     drivers_cc32xx.a : PowerCC32XX.oem4 (.text:PowerCC32XX_restoreParkedPin)
                  2000fdc8    00000030     driverlib.a : uart.obj (.text:UARTDisable)
                  2000fdf8    0000002c     drivers_cc32xx.a : PowerCC32XX.oem4 (.text:PowerCC32XX_getParkState)
                  2000fe24    0000002c     gpiointerrupt.obj (.text:initUART)
                  2000fe50    0000002a     nortos_cc32xx.a : HwiPCC32XX_nortos.oem4 (.text:HwiP_create)
                  2000fe7a    0000002a     drivers_cc32xx.a : RingBuf.oem4 (.text:RingBuf_getPointer)
                  2000fea4    0000002a     driverlib.a : timer.obj (.text:TimerLoadSet)
                  2000fece    0000002a                 : timer.obj (.text:TimerPrescaleSet)
                  2000fef8    00000028                 : i2c.obj (.text:I2CFIFODataPutNonBlocking)
                  2000ff20    00000028                 : prcm.obj (.text:PRCMPeripheralClkDisable)
                  2000ff48    00000028     drivers_cc32xx.a : PowerCC32XX.oem4 (.text:Power_registerNotify)
                  2000ff70    00000028     rtsv7M4_T_le_eabi.lib : memory.c.obj (.text:free_list_insert)
                  2000ff98    00000028     driverlib.a : udma.obj (.text:uDMAChannelIsEnabled)
                  2000ffc0    00000026                 : i2c.obj (.text:I2CFIFODataGetNonBlocking)
                  2000ffe6    00000026     drivers_cc32xx.a : I2C.oem4 (.text:I2C_cancel)
                  2001000c    00000026                      : List.oem4 (.text:List_put)
                  20010032    00000026                      : List.oem4 (.text:List_remove)
                  20010058    00000024     nortos_cc32xx.a : HwiPCC32XX_nortos.oem4 (.text:HwiP_dispatch)
                  2001007c    00000024     drivers_cc32xx.a : PowerCC32XX.oem4 (.text:PowerCC32XX_reset)
                  200100a0    00000024                      : TimerCC32XX.oem4 (.text:TimerSupport_timerDisable)
                  200100c4    00000024     driverlib.a : uart.obj (.text:UARTEnable)
                  200100e8    00000024     rtsv7M4_T_le_eabi.lib : boot_cortex_m.c.obj (.text:_c_int00_noargs:_c_int00_noargs)
                  2001010c    00000022     driverlib.a : i2c.obj (.text:I2CMasterSlaveAddrSet)
                  2001012e    00000022     drivers_cc32xx.a : UART2CC32XX.oem4 (.text:UART2CC32XX_writeTimeout)
                  20010150    00000020     nortos_cc32xx.a : HwiPCC32XX_nortos.oem4 (.text:HwiP_destruct)
                  20010170    00000020     drivers_cc32xx.a : PowerCC32XX.oem4 (.text:Power_unregisterNotify)
                  20010190    00000020                      : UART2CC32XX.oem4 (.text:UART2CC32XX_getPowerMgrId)
                  200101b0    0000001e     driverlib.a : i2c.obj (.text:I2CMasterIntStatusEx)
                  200101ce    0000001e     nortos_cc32xx.a : SemaphoreP_nortos.oem4 (.text:SemaphoreP_constructBinary)
                  200101ec    0000001e     driverlib.a : timer.obj (.text:TimerDisable)
                  2001020a    0000001e                 : timer.obj (.text:TimerEnable)
                  20010228    0000001e     drivers_cc32xx.a : UDMACC32XX.oem4 (.text:postNotifyFxn)
                  20010246    00000002     nortos_cc32xx.a : startup_cc32xx_ccs.oem4 (.text:faultISR)
                  20010248    0000001c     drivers_cc32xx.a : GPIO.oem4 (.text:GPIO_setCallback)
                  20010264    0000001c     driverlib.a : pin.obj (.text:PinToPadGet)
                  20010280    0000001c     nortos_cc32xx.a : SwiP_nortos.oem4 (.text:SwiP_disable)
                  2001029c    0000001c     rtsv7M4_T_le_eabi.lib : memory.c.obj (.text:free_list_remove)
                  200102b8    0000001a     nortos_cc32xx.a : SemaphoreP_nortos.oem4 (.text:SemaphoreP_createBinary)
                  200102d2    00000002                     : startup_cc32xx_ccs.oem4 (.text:nmiISR)
                  200102d4    0000001a                     : startup_cc32xx_ccs.oem4 (.text:resetISR)
                  200102ee    00000018     driverlib.a : i2c.obj (.text:I2CMasterBusBusy)
                  20010306    00000018                 : i2c.obj (.text:I2CMasterIntDisableEx)
                  2001031e    00000018                 : i2c.obj (.text:I2CMasterIntEnableEx)
                  20010336    00000018                 : i2c.obj (.text:I2CRxFIFOFlush)
                  2001034e    00000018                 : i2c.obj (.text:I2CTxFIFOFlush)
                  20010366    00000002     rtsv7M4_T_le_eabi.lib : div0.asm.obj (.text)
                  20010368    00000018     drivers_cc32xx.a : PowerCC32XX.oem4 (.text:Power_getTransitionLatency)
                  20010380    00000018                      : PowerCC32XX.oem4 (.text:Power_idleFunc)
                  20010398    00000018     driverlib.a : timer.obj (.text:TimerIntDisable)
                  200103b0    00000018                 : timer.obj (.text:TimerIntEnable)
                  200103c8    00000018     drivers_cc32xx.a : UART2CC32XX.oem4 (.text:UART2Support_txDone)
                  200103e0    00000018                      : UART2.oem4 (.text:UART2_Params_init)
                  200103f8    00000018     driverlib.a : uart.obj (.text:UARTDMADisable)
                  20010410    00000018                 : uart.obj (.text:UARTIntDisable)
                  20010428    00000018                 : uart.obj (.text:UARTIntEnable)
                  20010440    00000018     rtsv7M4_T_le_eabi.lib : ll_mul_t2.asm.obj (.text)
                  20010458    00000016     driverlib.a : i2c.obj (.text:I2CMasterBurstLengthSet)
                  2001046e    00000016                 : prcm.obj (.text:PRCMHIBRegRead)
                  20010484    00000016                 : prcm.obj (.text:PRCMHIBRegWrite)
                  2001049a    00000016     nortos_cc32xx.a : SemaphoreP_nortos.oem4 (.text:SemaphoreP_create)
                  200104b0    00000014     ti_drivers_config.obj (.text:Board_init)
                  200104c4    00000014     driverlib.a : cpu.obj (.text:CPUcpsid)
                  200104d8    00000014     nortos_cc32xx.a : HwiPCC32XX_nortos.oem4 (.text:HwiP_inISR)
                  200104ec    00000014     drivers_cc32xx.a : I2CCC32XX.oem4 (.text:I2CSupport_masterFinish)
                  20010500    00000014                      : I2C.oem4 (.text:I2C_transfer)
                  20010514    00000014     driverlib.a : interrupt.obj (.text:IntVTableBaseSet)
                  20010528    00000014     drivers_cc32xx.a : PowerCC32XX.oem4 (.text:Power_disablePolicy)
                  2001053c    00000014                      : PowerCC32XX.oem4 (.text:Power_getDependencyCount)
                  20010550    00000012     nortos_cc32xx.a : HwiPCC32XX_nortos.oem4 (.text:HwiP_Params_init)
                  20010562    00000012     driverlib.a : i2c.obj (.text:I2CMasterIntClearEx)
                  20010574    00000012     drivers_cc32xx.a : RingBuf.oem4 (.text:RingBuf_construct)
                  20010586    00000012     driverlib.a : timer.obj (.text:TimerIntClear)
                  20010598    00000012                 : uart.obj (.text:UARTIntClear)
                  200105aa    00000012                 : uart.obj (.text:UARTRxErrorGet)
                  200105bc    00000012     main_nortos.obj (.text:main)
                  200105ce    00000010     nortos_cc32xx.a : ClockPSysTick_nortos.oem4 (.text:ClockP_add)
                  200105de    00000002     --HOLE-- [fill = 0]
                  200105e0    00000010                     : ClockPSysTick_nortos.oem4 (.text:ClockP_getCpuFreq)
                  200105f0    00000010                     : ClockPSysTick_nortos.oem4 (.text:ClockP_getSystemTicks)
                  20010600    00000010                     : ClockPSysTick_nortos.oem4 (.text:ClockP_setTicks)
                  20010610    00000010                     : HwiPCC32XX_nortos.oem4 (.text:HwiP_delete)
                  20010620    00000010                     : HwiPCC32XX_nortos.oem4 (.text:HwiP_interruptsEnabled)
                  20010630    00000010                     : HwiPCC32XX_nortos.oem4 (.text:HwiP_restore)
                  20010640    00000010     driverlib.a : i2c.obj (.text:I2CFIFOStatus)
                  20010650    00000010     drivers_cc32xx.a : I2C.oem4 (.text:I2C_Params_init)
                  20010660    00000010                      : PowerCC32XX.oem4 (.text:Power_enablePolicy)
                  20010670    00000010     nortos_cc32xx.a : SemaphoreP_nortos.oem4 (.text:SemaphoreP_Params_init)
                  20010680    00000010     drivers_cc32xx.a : Timer.oem4 (.text:Timer_Params_init)
                  20010690    00000010                      : UART2CC32XX.oem4 (.text:UART2CC32XX_readTimeout)
                  200106a0    00000010                      : UART2CC32XX.oem4 (.text:UART2Support_rxStatus2ErrorCode)
                  200106b0    00000010     gpiointerrupt.obj (.text:gpioButtonFxn0)
                  200106c0    00000010     gpiointerrupt.obj (.text:gpioButtonFxn1)
                  200106d0    0000000e     nortos_cc32xx.a : HwiPCC32XX_nortos.oem4 (.text:HwiP_clearInterrupt)
                  200106de    0000000e                     : HwiPCC32XX_nortos.oem4 (.text:HwiP_disable)
                  200106ec    0000000e                     : HwiPCC32XX_nortos.oem4 (.text:HwiP_disableInterrupt)
                  200106fa    0000000e                     : HwiPCC32XX_nortos.oem4 (.text:HwiP_enable)
                  20010708    0000000e                     : HwiPCC32XX_nortos.oem4 (.text:HwiP_enableInterrupt)
                  20010716    0000000e     drivers_cc32xx.a : I2CCC32XX.oem4 (.text:I2CCC32XX_updateReg)
                  20010724    0000000e                      : UART2.oem4 (.text:UART2_write)
                  20010732    0000000e     rtsv7M4_T_le_eabi.lib : copy_decompress_none.c.obj (.text:decompress:none:__TI_decompress_none)
                  20010740    0000000c     drivers_cc32xx.a : I2CCC32XX.oem4 (.text:I2CCC32XX_postNotify)
                  2001074c    0000000c                      : PowerCC32XX.oem4 (.text:Power_getConstraintMask)
                  20010758    0000000c                      : UART2CC32XX.oem4 (.text:UART2CC32XX_postNotifyFxn)
                  20010764    0000000c                      : UART2CC32XX.oem4 (.text:UART2Support_disableTx)
                  20010770    0000000c                      : UART2CC32XX.oem4 (.text:UART2Support_enableTx)
                  2001077c    0000000c     rtsv7M4_T_le_eabi.lib : copy_zero_init.c.obj (.text:decompress:ZI:__TI_zero_init)
                  20010788    0000000c     ti_drivers_config.obj (.text:dmaErrorFxn)
                  20010794    0000000c     drivers_cc32xx.a : TimerCC32XX.oem4 (.text:postNotifyFxn)
                  200107a0    0000000c     driverlib.a : udma.obj (.text:uDMAErrorStatusClear)
                  200107ac    0000000c                 : udma.obj (.text:uDMAErrorStatusGet)
                  200107b8    0000000a                 : cpu.obj (.text:CPUprimask)
                  200107c2    0000000a     nortos_cc32xx.a : ClockPSysTick_nortos.oem4 (.text:ClockP_Params_init)
                  200107cc    0000000a                     : ClockPSysTick_nortos.oem4 (.text:ClockP_isActive)
                  200107d6    0000000a     driverlib.a : interrupt.obj (.text:IntMasterDisable)
                  200107e0    00000008     drivers_cc32xx.a : I2CCC32XX.oem4 (.text:I2CCC32XX_blockingCallback)
                  200107e8    00000008     rtsv7M4_T_le_eabi.lib : memory.c.obj (.text:malloc)
                  200107f0    00000006     drivers_cc32xx.a : I2CCC32XX.oem4 (.text:I2CSupport_powerRelConstraint)
                  200107f6    00000006                      : I2CCC32XX.oem4 (.text:I2CSupport_powerSetConstraint)
                  200107fc    00000006                      : UART2CC32XX.oem4 (.text:UART2Support_powerRelConstraint)
                  20010802    00000006     driverlib.a : utils.obj (.text:UtilsDelay)
                  20010808    00000004     nortos_cc32xx.a : ClockPSysTick_nortos.oem4 (.text:ClockP_doTick)
                  2001080c    00000004                     : ClockPSysTick_nortos.oem4 (.text:ClockP_setTimeout)
                  20010810    00000004                     : HwiPCC32XX_nortos.oem4 (.text:HwiP_post)
                  20010814    00000004                     : SemaphoreP_nortos.oem4 (.text:SemaphoreP_delete)
                  20010818    00000004     rtsv7M4_T_le_eabi.lib : pre_init.c.obj (.text:_system_pre_init)
                  2001081c    00000004                           : exit.c.obj (.text:abort:abort)

.const     0    20010820    00000399     
                  20010820    00000100     driverlib.a : pin.obj (.const:g_ulPinToPadMap)
                  20010920    000000a8                 : prcm.obj (.const:PRCM_PeriphRegsList)
                  200109c8    00000044     ti_drivers_config.obj (.const:PowerCC32XX_config)
                  20010a0c    0000003c     ti_drivers_config.obj (.const:uart2CC32XXHWAttrs0)
                  20010a48    00000028     drivers_cc32xx.a : GPIOCC32XX.oem4 (.const:portConfigs)
                  20010a70    00000024                      : UART2.oem4 (.const:UART2_defaultParams)
                  20010a94    00000021                      : GPIOCC32XX.oem4 (.const:.string:pinTable)
                  20010ab5    00000002                      : UART2CC32XX.oem4 (.const:.string:stopBits)
                  20010ab7    00000001     --HOLE-- [fill = 0]
                  20010ab8    00000018     driverlib.a : interrupt.obj (.const:g_pulEnRegs)
                  20010ad0    00000018                 : interrupt.obj (.const:g_pulPendRegs)
                  20010ae8    00000018     gpiointerrupt.obj (.const:sensors)
                  20010b00    00000014     ti_drivers_config.obj (.const:i2cCC32XXHWAttrs)
                  20010b14    00000010     ti_drivers_config.obj (.const:GPIO_config)
                  20010b24    00000010     drivers_cc32xx.a : I2C.oem4 (.const:I2C_defaultParams)
                  20010b34    00000010                      : I2CCC32XX.oem4 (.const:I2C_defaultParams)
                  20010b44    00000010     ti_drivers_config.obj (.const:timerCC32XXHWAttrs)
                  20010b54    0000000c     gpiointerrupt.obj (.const:.string)
                  20010b60    0000000c     drivers_cc32xx.a : Timer.oem4 (.const:defaultParams)
                  20010b6c    0000000c                      : TimerCC32XX.oem4 (.const:defaultParams)
                  20010b78    0000000c     ti_drivers_config.obj (.const:udmaCC3220SHWAttrs)
                  20010b84    0000000b     ti_drivers_config.obj (.const)
                  20010b8f    00000001     --HOLE-- [fill = 0]
                  20010b90    00000008     ti_drivers_config.obj (.const:I2C_config)
                  20010b98    00000008     ti_drivers_config.obj (.const:Timer_config)
                  20010ba0    00000008     ti_drivers_config.obj (.const:UART2_config)
                  20010ba8    00000008     ti_drivers_config.obj (.const:UDMACC32XX_config)
                  20010bb0    00000005     drivers_cc32xx.a : UART2CC32XX.oem4 (.const:.string:parityType)
                  20010bb5    00000004                      : UART2CC32XX.oem4 (.const:.string:dataLength)

.cinit     0    20011cf0    00000100     
                  20011cf0    000000da     (.cinit..data.load) [load image, compression = lzss]
                  20011dca    00000002     --HOLE-- [fill = 0]
                  20011dcc    0000000c     (__TI_handler_table)
                  20011dd8    00000008     (.cinit..bss.load) [load image, compression = zero_init]
                  20011de0    00000010     (__TI_cinit_table)

.init_array 
*          0    20004000    00000000     UNINITIALIZED

.ramVecs   0    20000000    0000030c     NOLOAD SECTION
                  20000000    0000030c     nortos_cc32xx.a : startup_cc32xx_ccs.oem4 (.ramVecs)

.stack     0    20003000    00001000     UNINITIALIZED
                  20003000    00000004     rtsv7M4_T_le_eabi.lib : boot_cortex_m.c.obj (.stack)
                  20003004    00000ffc     --HOLE--

.resetVecs 
*          0    20004000    00000040     
                  20004000    00000040     nortos_cc32xx.a : startup_cc32xx_ccs.oem4 (.resetVecs:retain)

.sysmem    0    20004040    00008000     UNINITIALIZED
                  20004040    00000010     rtsv7M4_T_le_eabi.lib : memory.c.obj (.sysmem)
                  20004050    00007ff0     --HOLE--

.bss       0    20010c00    00000a48     UNINITIALIZED
                  20010c00    00000400     ti_drivers_config.obj (.bss:dmaControlTable)
                  20011000    000001f8     (.common:uart2CC32XXObjects0)
                  200111f8    0000012c     (.common:PowerCC32XX_contextSave)
                  20011324    000000fc     (.common:i2cCC32XXObjects)
                  20011420    00000084     (.common:gpioCallbackFunctions)
                  200114a4    00000084     (.common:gpioUserArgs)
                  20011528    00000084     (.common:timerCC32XXObjects)
                  200115ac    00000020     ti_drivers_config.obj (.bss:uart2RxRingBuffer0)
                  200115cc    00000020     ti_drivers_config.obj (.bss:uart2TxRingBuffer0)
                  200115ec    00000014     drivers_cc32xx.a : UDMACC32XX.oem4 (.bss:postNotifyObj)
                  20011600    00000014                      : GPIOCC32XX.oem4 (.bss:powerNotifyObj)
                  20011614    00000004                      : GPIOCC32XX.oem4 (.bss)
                  20011618    00000010     (.common:ClockP_ctrl)
                  20011628    0000000d     nortos_cc32xx.a : SwiP_nortos.oem4 (.bss)
                  20011635    00000003     --HOLE--
                  20011638    00000008     (.common:udmaCC3220SObject)
                  20011640    00000004                     : ClockPSysTick_nortos.oem4 (.bss)
                  20011644    00000004     drivers_cc32xx.a : TimerCC32XX.oem4 (.bss:timerState)

.data      0    20011648    000006a2     UNINITIALIZED
                  20011648    0000030c     nortos_cc32xx.a : HwiPCC32XX_nortos.oem4 (.data:HwiP_dispatchTable)
                  20011954    0000016c     drivers_cc32xx.a : PowerCC32XX.oem4 (.data:PowerCC32XX_module)
                  20011ac0    000000f8     ti_drivers_config.obj (.data:parkInfo)
                  20011bb8    00000084     ti_drivers_config.obj (.data:gpioPinConfigs)
                  20011c3c    0000007c     gpiointerrupt.obj (.data:$O1$$)
                  20011cb8    00000008     rtsv7M4_T_le_eabi.lib : _lock.c.obj (.data:$O1$$)
                  20011cc0    00000008                           : memory.c.obj (.data:$O1$$)
                  20011cc8    00000008     nortos_cc32xx.a : SemaphoreP_nortos.oem4 (.data:SemaphoreP_defaultParams)
                  20011cd0    00000008     drivers_cc32xx.a : UDMACC32XX.oem4 (.data)
                  20011cd8    00000008     nortos_cc32xx.a : HwiPCC32XX_nortos.oem4 (.data)
                  20011ce0    00000005                     : ClockPSysTick_nortos.oem4 (.data)
                  20011ce5    00000003                     : SemaphoreP_nortos.oem4 (.data)
                  20011ce8    00000002     drivers_cc32xx.a : GPIOCC32XX.oem4 (.data)

.log_data 
*          0    90000000    00000000     COPY SECTION

__llvm_prf_cnts 
*          0    20004000    00000000     UNINITIALIZED

MODULE SUMMARY

       Module                       code    ro data   rw data
       ------                       ----    -------   -------
    .\
       gpiointerrupt.obj            712     36        124    
       main_nortos.obj              18      0         0      
    +--+----------------------------+-------+---------+---------+
       Total:                       730     36        124    
                                                             
    .\syscfg\
       ti_drivers_config.obj        34      235       2628   
    +--+----------------------------+-------+---------+---------+
       Total:                       34      235       2628   
                                                             
    C:/ti/simplelink_cc32xx_sdk_6_10_00_05/kernel/nortos/lib/ccs/m4/nortos_cc32xx.a
       HwiPCC32XX_nortos.oem4       410     0         788    
       startup_cc32xx_ccs.oem4      90      64        780    
       ClockPSysTick_nortos.oem4    664     0         25     
       PowerCC32XX_nortos.oem4      476     0         0      
       SemaphoreP_nortos.oem4       410     0         11     
       SwiP_nortos.oem4             96      0         13     
    +--+----------------------------+-------+---------+---------+
       Total:                       2146    64        1617   
                                                             
    C:/ti/simplelink_cc32xx_sdk_6_10_00_05/source/ti/devices/cc32xx/driverlib/ccs/Release/driverlib.a
       prcm.obj                     1604    168       0      
       pin.obj                      280     256       0      
       interrupt.obj                334     48        0      
       i2c.obj                      318     0         0      
       timer.obj                    264     0         0      
       uart.obj                     192     0         0      
       udma.obj                     164     0         0      
       flash.obj                    72      0         0      
       cpu.obj                      30      0         0      
       utils.obj                    6       0         0      
    +--+----------------------------+-------+---------+---------+
       Total:                       3264    472       0      
                                                             
    C:/ti/simplelink_cc32xx_sdk_6_10_00_05/source/ti/drivers/lib/ccs/m4/drivers_cc32xx.a
       PowerCC32XX.oem4             2432    0         664    
       UART2CC32XX.oem4             2710    11        0      
       I2CCC32XX.oem4               1452    16        0      
       GPIOCC32XX.oem4              1068    73        26     
       TimerCC32XX.oem4             876     12        4      
       UART2.oem4                   756     36        0      
       I2C.oem4                     366     16        0      
       UDMACC32XX.oem4              270     0         28     
       RingBuf.oem4                 296     0         0      
       Timer.oem4                   140     12        0      
       PowerCC32XX_asm.oem4         150     0         0      
       List.oem4                    76      0         0      
       GPIO.oem4                    28      0         0      
    +--+----------------------------+-------+---------+---------+
       Total:                       10620   176       722    
                                                             
    C:\ti\ccs1120\ccs\tools\compiler\ti-cgt-arm_20.2.6.LTS\lib\rtsv7M4_T_le_eabi.lib
       memory.c.obj                 672     0         8      
       memcpy_t2.asm.obj            156     0         0      
       ull_div_t2.asm.obj           150     0         0      
       fs_mul_t2.asm.obj            122     0         0      
       memset_t2.asm.obj            122     0         0      
       copy_decompress_lzss.c.obj   104     0         0      
       autoinit.c.obj               68      0         0      
       fs_toi_t2.asm.obj            56      0         0      
       i_tofs_t2.asm.obj            56      0         0      
       boot_cortex_m.c.obj          36      0         0      
       ll_mul_t2.asm.obj            24      0         0      
       copy_decompress_none.c.obj   14      0         0      
       copy_zero_init.c.obj         12      0         0      
       _lock.c.obj                  2       0         8      
       exit.c.obj                   4       0         0      
       pre_init.c.obj               4       0         0      
       div0.asm.obj                 2       0         0      
    +--+----------------------------+-------+---------+---------+
       Total:                       1604    0         16     
                                                             
       Heap:                        0       0         32768  
       Stack:                       0       0         4096   
       Linker Generated:            0       254       0      
    +--+----------------------------+-------+---------+---------+
       Grand Total:                 18398   1237      41971  


LINKER GENERATED COPY TABLES

__TI_cinit_table @ 20011de0 records: 2, size/record: 8, table size: 16
	.data: load addr=20011cf0, load size=000000da bytes, run addr=20011648, run size=000006a2 bytes, compression=lzss
	.bss: load addr=20011dd8, load size=00000008 bytes, run addr=20010c00, run size=00000a48 bytes, compression=zero_init


LINKER GENERATED HANDLER TABLE

__TI_handler_table @ 20011dcc records: 3, size/record: 4, table size: 12
	index: 0, handler: __TI_decompress_lzss
	index: 1, handler: __TI_decompress_none
	index: 2, handler: __TI_zero_init


GLOBAL SYMBOLS: SORTED ALPHABETICALLY BY Name 

address   name                             
-------   ----                             
200104b1  Board_init                       
2000d4e3  Board_initHook                   
2001081d  C$$EXIT                          
20010b86  CONFIG_GPIO_BUTTON_0_CONST       
20010b87  CONFIG_GPIO_BUTTON_1_CONST       
20010b88  CONFIG_GPIO_LED_0_CONST          
20010b89  CONFIG_I2C_0_CONST               
20010b8b  CONFIG_TIMER_0_CONST             
20010b8d  CONFIG_UART2_0_CONST             
200104c5  CPUcpsid                         
200107b9  CPUprimask                       
200107c3  ClockP_Params_init               
200105cf  ClockP_add                       
2000f6d1  ClockP_construct                 
20011618  ClockP_ctrl                      
2000f851  ClockP_destruct                  
20010809  ClockP_doTick                    
200105e1  ClockP_getCpuFreq                
200105f1  ClockP_getSystemTicks            
2000faf9  ClockP_getTicksUntilInterrupt    
200107cd  ClockP_isActive                  
20010601  ClockP_setTicks                  
2001080d  ClockP_setTimeout                
2000fd69  ClockP_start                     
2000fb2d  ClockP_startup                   
2000f4f5  ClockP_stop                      
2000f04d  ClockP_sysTickHandler            
20011ce0  ClockP_tickPeriod                
2000f271  FlashDisable                     
20010b14  GPIO_config                      
2000f2b9  GPIO_disableInt                  
2000f301  GPIO_enableInt                   
2000ed1d  GPIO_hwiIntFxn                   
2000e2ad  GPIO_init                        
20010b84  GPIO_pinLowerBound               
20010b85  GPIO_pinUpperBound               
20010249  GPIO_setCallback                 
2000cd6d  GPIO_setConfig                   
2000ebf1  GPIO_setInterruptConfig          
2000e671  GPIO_write                       
20010551  HwiP_Params_init                 
200106d1  HwiP_clearInterrupt              
2000e3cd  HwiP_construct                   
2000fe51  HwiP_create                      
20010611  HwiP_delete                      
20010151  HwiP_destruct                    
200106df  HwiP_disable                     
200106ed  HwiP_disableInterrupt            
20010059  HwiP_dispatch                    
200106fb  HwiP_enable                      
20010709  HwiP_enableInterrupt             
200104d9  HwiP_inISR                       
20010621  HwiP_interruptsEnabled           
20011cd8  HwiP_key                         
20010811  HwiP_post                        
20010631  HwiP_restore                     
20011cdc  HwiP_swiPIntNum                  
2000ffc1  I2CFIFODataGetNonBlocking        
2000fef9  I2CFIFODataPutNonBlocking        
20010641  I2CFIFOStatus                    
20010459  I2CMasterBurstLengthSet          
200102ef  I2CMasterBusBusy                 
20010563  I2CMasterIntClearEx              
20010307  I2CMasterIntDisableEx            
2001031f  I2CMasterIntEnableEx             
200101b1  I2CMasterIntStatusEx             
2001010d  I2CMasterSlaveAddrSet            
20010337  I2CRxFIFOFlush                   
200104ed  I2CSupport_masterFinish          
200107f1  I2CSupport_powerRelConstraint    
200107f7  I2CSupport_powerSetConstraint    
2000eab5  I2CSupport_primeTransfer         
2001034f  I2CTxFIFOFlush                   
20010651  I2C_Params_init                  
2000ffe7  I2C_cancel                       
20010b90  I2C_config                       
20010b8a  I2C_count                        
20010b24  I2C_defaultParams                
2000de53  I2C_init                         
2000d6ed  I2C_open                         
20010501  I2C_transfer                     
2000d3c1  I2C_transferTimeout              
UNDEFED   ITM_flush                        
UNDEFED   ITM_restore                      
2000de55  IntEnable                        
200107d7  IntMasterDisable                 
2000e459  IntPendSet                       
20010515  IntVTableBaseSet                 
2001000d  List_put                         
20010033  List_remove                      
200106fb  NoRTOS_start                     
2000c041  PRCMCC3200MCUInit                
2001046f  PRCMHIBRegRead                   
20010485  PRCMHIBRegWrite                  
2000f349  PRCMLPDSEnter                    
2000f905  PRCMLPDSEnterKeepDebugIf         
2000f539  PRCMLPDSRestoreInfoSet           
2000ff21  PRCMPeripheralClkDisable         
2000f391  PRCMPeripheralClkEnable          
2000eef9  PRCMPeripheralReset              
2000ed7d  PRCMSysResetCauseGet             
2000e4e1  PinConfigSet                     
2000fb61  PinModeGet                       
2000f711  PinModeSet                       
20010265  PinToPadGet                      
200109c8  PowerCC32XX_config               
2000defd  PowerCC32XX_configureWakeup      
200111f8  PowerCC32XX_contextSave          
2000f57d  PowerCC32XX_enterLPDS            
2000fdf9  PowerCC32XX_getParkState         
2000e2ab  PowerCC32XX_initPolicy           
20011954  PowerCC32XX_module               
2000f1d9  PowerCC32XX_parkPin              
2001007d  PowerCC32XX_reset                
2000fb95  PowerCC32XX_restoreParkState     
2000fd99  PowerCC32XX_restoreParkedPin     
2000efa9  PowerCC32XX_resumeLPDS           
2000ec55  PowerCC32XX_setParkState         
2000cbcd  PowerCC32XX_sleepPolicy          
20010529  Power_disablePolicy              
20010661  Power_enablePolicy               
2001074d  Power_getConstraintMask          
2001053d  Power_getDependencyCount         
20010369  Power_getTransitionLatency       
20010381  Power_idleFunc                   
2000e569  Power_init                       
2000ff49  Power_registerNotify             
2000f3d9  Power_releaseConstraint          
2000ef51  Power_releaseDependency          
2000f88d  Power_setConstraint              
2000e6f1  Power_setDependency              
2000d151  Power_sleep                      
20010171  Power_unregisterNotify           
20010575  RingBuf_construct                
2000fbc9  RingBuf_getConsume               
2000fe7b  RingBuf_getPointer               
2000f469  RingBuf_put                      
2000f811  RingBuf_putAdvance               
2000fbfd  RingBuf_putPointer               
20010671  SemaphoreP_Params_init           
2000f09d  SemaphoreP_construct             
200101cf  SemaphoreP_constructBinary       
2001049b  SemaphoreP_create                
200102b9  SemaphoreP_createBinary          
20011cc8  SemaphoreP_defaultParams         
20010815  SemaphoreP_delete                
2000e9cf  SemaphoreP_destruct              
2000dfa5  SemaphoreP_pend                  
2000f5c1  SemaphoreP_post                  
20010281  SwiP_disable                     
2000f605  SwiP_restore                     
2000f0ed  TimerCC32XX_allocateTimerResource
2000fc31  TimerCC32XX_freeTimerResource    
2000fa55  TimerControlStall                
200101ed  TimerDisable                     
2001020b  TimerEnable                      
20010587  TimerIntClear                    
20010399  TimerIntDisable                  
200103b1  TimerIntEnable                   
2000fea5  TimerLoadSet                     
2000fecf  TimerPrescaleSet                 
200100a1  TimerSupport_timerDisable        
2000f751  TimerSupport_timerEnable         
20010681  Timer_Params_init                
2000f791  Timer_close                      
20010b98  Timer_config                     
20010b8c  Timer_count                      
2000eb87  Timer_init                       
2000d289  Timer_open                       
2000f649  Timer_start                      
2000fa8b  Timer_stop                       
2000fd35  UART2Support_disableRx           
20010765  UART2Support_disableTx           
2000d8d5  UART2Support_dmaStartRx          
2000db71  UART2Support_dmaStartTx          
2000f13d  UART2Support_dmaStopRx           
2000ee3d  UART2Support_dmaStopTx           
20010771  UART2Support_enableTx            
200107fd  UART2Support_powerRelConstraint  
200106a1  UART2Support_rxStatus2ErrorCode  
2000fc99  UART2Support_sendData            
200103c9  UART2Support_txDone              
200103e1  UART2_Params_init                
2000d4e5  UART2_close                      
20010ba0  UART2_config                     
20010b8e  UART2_count                      
20010a70  UART2_defaultParams              
2000c705  UART2_open                       
2000fac1  UART2_rxDisable                  
20010725  UART2_write                      
2000c46d  UART2_writeTimeout               
200103f9  UARTDMADisable                   
2000fdc9  UARTDisable                      
200100c5  UARTEnable                       
20010599  UARTIntClear                     
20010411  UARTIntDisable                   
20010429  UARTIntEnable                    
200105ab  UARTRxErrorGet                   
2000fccd  UDMACC32XX_close                 
20010ba8  UDMACC32XX_config                
2000f7d1  UDMACC32XX_init                  
2000e771  UDMACC32XX_open                  
20010803  UtilsDelay                       
20004000  __STACK_END                      
00001000  __STACK_SIZE                     
00008000  __SYSMEM_SIZE                    
20011de0  __TI_CINIT_Base                  
20011df0  __TI_CINIT_Limit                 
20011dcc  __TI_Handler_Table_Base          
20011dd8  __TI_Handler_Table_Limit         
2000f68d  __TI_auto_init_nobinit_nopinit   
2000eb1f  __TI_decompress_lzss             
20010733  __TI_decompress_none             
ffffffff  __TI_pprof_out_hndl              
ffffffff  __TI_prof_data_size              
ffffffff  __TI_prof_data_start             
20011cf0  __TI_static_base__               
2001077d  __TI_zero_init                   
2000f9e5  __aeabi_f2iz                     
2000e867  __aeabi_fmul                     
2000fa1d  __aeabi_i2f                      
20010367  __aeabi_idiv0                    
20010367  __aeabi_ldiv0                    
20010441  __aeabi_lmul                     
2000e8e1  __aeabi_memclr                   
2000e8e1  __aeabi_memclr4                  
2000e8e1  __aeabi_memclr8                  
2000e0e1  __aeabi_memcpy                   
2000e0e1  __aeabi_memcpy4                  
2000e0e1  __aeabi_memcpy8                  
2000e8e3  __aeabi_memset                   
2000e8e3  __aeabi_memset4                  
2000e8e3  __aeabi_memset8                  
2000e215  __aeabi_uldivmod                 
ffffffff  __binit__                        
ffffffff  __c_args__                       
UNDEFED   __mpu_init                       
20003000  __stack                          
20004000  __start___llvm_prf_cnts          
20004000  __stop___llvm_prf_cnts           
200100e9  _c_int00_noargs                  
20011cb8  _lock                            
2000f84f  _nop                             
20004040  _sys_memory                      
UNDEFED   _system_post_cinit               
20010819  _system_pre_init                 
20011cbc  _unlock                          
2001081d  abort                            
2000d5ed  aligned_alloc                    
ffffffff  binit                            
20011c3c  button                           
20011c4c  bytesWritten                     
2000faf7  clkFxn                           
20011c3e  cycle                            
2000d9b9  free                             
200106b1  gpioButtonFxn0                   
200106c1  gpioButtonFxn1                   
20011420  gpioCallbackFunctions            
20011bb8  gpioPinConfigs                   
200114a4  gpioUserArgs                     
20011c50  i2c                              
20010b00  i2cCC32XXHWAttrs                 
20011324  i2cCC32XXObjects                 
20011c58  i2cTransaction                   
2000da9d  initI2C                          
2000f421  initTimer                        
2000fe25  initUART                         
2000f975  initVectors                      
20011c3d  led                              
200105bd  main                             
2000eddd  mainThread                       
200107e9  malloc                           
2000d5ed  memalign                         
2000e0e1  memcpy                           
2000e8e9  memset                           
20011c78  output                           
20011ac0  parkInfo                         
2000eb89  readTemp                         
200102d5  resetISR                         
200102e8  resetVectorAddr                  
20004000  resetVectors                     
20011c44  rxBuffer                         
20011c40  secSinceReset                    
20011c42  threshholdTemp                   
20011c54  timer0                           
20010b44  timerCC32XXHWAttrs               
20011528  timerCC32XXObjects               
2000e17d  timerCallback                    
20011c3f  txBuffer                         
2000ecb9  uDMAChannelAttributeDisable      
2000ff99  uDMAChannelIsEnabled             
200107a1  uDMAErrorStatusClear             
200107ad  uDMAErrorStatusGet               
20011c48  uart                             
20011000  uart2CC32XXObjects0              
20010b78  udmaCC3220SHWAttrs               
20011638  udmaCC3220SObject                


GLOBAL SYMBOLS: SORTED BY Symbol Address 

address   name                             
-------   ----                             
00001000  __STACK_SIZE                     
00008000  __SYSMEM_SIZE                    
20003000  __stack                          
20004000  __STACK_END                      
20004000  __start___llvm_prf_cnts          
20004000  __stop___llvm_prf_cnts           
20004000  resetVectors                     
20004040  _sys_memory                      
2000c041  PRCMCC3200MCUInit                
2000c46d  UART2_writeTimeout               
2000c705  UART2_open                       
2000cbcd  PowerCC32XX_sleepPolicy          
2000cd6d  GPIO_setConfig                   
2000d151  Power_sleep                      
2000d289  Timer_open                       
2000d3c1  I2C_transferTimeout              
2000d4e3  Board_initHook                   
2000d4e5  UART2_close                      
2000d5ed  aligned_alloc                    
2000d5ed  memalign                         
2000d6ed  I2C_open                         
2000d8d5  UART2Support_dmaStartRx          
2000d9b9  free                             
2000da9d  initI2C                          
2000db71  UART2Support_dmaStartTx          
2000de53  I2C_init                         
2000de55  IntEnable                        
2000defd  PowerCC32XX_configureWakeup      
2000dfa5  SemaphoreP_pend                  
2000e0e1  __aeabi_memcpy                   
2000e0e1  __aeabi_memcpy4                  
2000e0e1  __aeabi_memcpy8                  
2000e0e1  memcpy                           
2000e17d  timerCallback                    
2000e215  __aeabi_uldivmod                 
2000e2ab  PowerCC32XX_initPolicy           
2000e2ad  GPIO_init                        
2000e3cd  HwiP_construct                   
2000e459  IntPendSet                       
2000e4e1  PinConfigSet                     
2000e569  Power_init                       
2000e671  GPIO_write                       
2000e6f1  Power_setDependency              
2000e771  UDMACC32XX_open                  
2000e867  __aeabi_fmul                     
2000e8e1  __aeabi_memclr                   
2000e8e1  __aeabi_memclr4                  
2000e8e1  __aeabi_memclr8                  
2000e8e3  __aeabi_memset                   
2000e8e3  __aeabi_memset4                  
2000e8e3  __aeabi_memset8                  
2000e8e9  memset                           
2000e9cf  SemaphoreP_destruct              
2000eab5  I2CSupport_primeTransfer         
2000eb1f  __TI_decompress_lzss             
2000eb87  Timer_init                       
2000eb89  readTemp                         
2000ebf1  GPIO_setInterruptConfig          
2000ec55  PowerCC32XX_setParkState         
2000ecb9  uDMAChannelAttributeDisable      
2000ed1d  GPIO_hwiIntFxn                   
2000ed7d  PRCMSysResetCauseGet             
2000eddd  mainThread                       
2000ee3d  UART2Support_dmaStopTx           
2000eef9  PRCMPeripheralReset              
2000ef51  Power_releaseDependency          
2000efa9  PowerCC32XX_resumeLPDS           
2000f04d  ClockP_sysTickHandler            
2000f09d  SemaphoreP_construct             
2000f0ed  TimerCC32XX_allocateTimerResource
2000f13d  UART2Support_dmaStopRx           
2000f1d9  PowerCC32XX_parkPin              
2000f271  FlashDisable                     
2000f2b9  GPIO_disableInt                  
2000f301  GPIO_enableInt                   
2000f349  PRCMLPDSEnter                    
2000f391  PRCMPeripheralClkEnable          
2000f3d9  Power_releaseConstraint          
2000f421  initTimer                        
2000f469  RingBuf_put                      
2000f4f5  ClockP_stop                      
2000f539  PRCMLPDSRestoreInfoSet           
2000f57d  PowerCC32XX_enterLPDS            
2000f5c1  SemaphoreP_post                  
2000f605  SwiP_restore                     
2000f649  Timer_start                      
2000f68d  __TI_auto_init_nobinit_nopinit   
2000f6d1  ClockP_construct                 
2000f711  PinModeSet                       
2000f751  TimerSupport_timerEnable         
2000f791  Timer_close                      
2000f7d1  UDMACC32XX_init                  
2000f811  RingBuf_putAdvance               
2000f84f  _nop                             
2000f851  ClockP_destruct                  
2000f88d  Power_setConstraint              
2000f905  PRCMLPDSEnterKeepDebugIf         
2000f975  initVectors                      
2000f9e5  __aeabi_f2iz                     
2000fa1d  __aeabi_i2f                      
2000fa55  TimerControlStall                
2000fa8b  Timer_stop                       
2000fac1  UART2_rxDisable                  
2000faf7  clkFxn                           
2000faf9  ClockP_getTicksUntilInterrupt    
2000fb2d  ClockP_startup                   
2000fb61  PinModeGet                       
2000fb95  PowerCC32XX_restoreParkState     
2000fbc9  RingBuf_getConsume               
2000fbfd  RingBuf_putPointer               
2000fc31  TimerCC32XX_freeTimerResource    
2000fc99  UART2Support_sendData            
2000fccd  UDMACC32XX_close                 
2000fd35  UART2Support_disableRx           
2000fd69  ClockP_start                     
2000fd99  PowerCC32XX_restoreParkedPin     
2000fdc9  UARTDisable                      
2000fdf9  PowerCC32XX_getParkState         
2000fe25  initUART                         
2000fe51  HwiP_create                      
2000fe7b  RingBuf_getPointer               
2000fea5  TimerLoadSet                     
2000fecf  TimerPrescaleSet                 
2000fef9  I2CFIFODataPutNonBlocking        
2000ff21  PRCMPeripheralClkDisable         
2000ff49  Power_registerNotify             
2000ff99  uDMAChannelIsEnabled             
2000ffc1  I2CFIFODataGetNonBlocking        
2000ffe7  I2C_cancel                       
2001000d  List_put                         
20010033  List_remove                      
20010059  HwiP_dispatch                    
2001007d  PowerCC32XX_reset                
200100a1  TimerSupport_timerDisable        
200100c5  UARTEnable                       
200100e9  _c_int00_noargs                  
2001010d  I2CMasterSlaveAddrSet            
20010151  HwiP_destruct                    
20010171  Power_unregisterNotify           
200101b1  I2CMasterIntStatusEx             
200101cf  SemaphoreP_constructBinary       
200101ed  TimerDisable                     
2001020b  TimerEnable                      
20010249  GPIO_setCallback                 
20010265  PinToPadGet                      
20010281  SwiP_disable                     
200102b9  SemaphoreP_createBinary          
200102d5  resetISR                         
200102e8  resetVectorAddr                  
200102ef  I2CMasterBusBusy                 
20010307  I2CMasterIntDisableEx            
2001031f  I2CMasterIntEnableEx             
20010337  I2CRxFIFOFlush                   
2001034f  I2CTxFIFOFlush                   
20010367  __aeabi_idiv0                    
20010367  __aeabi_ldiv0                    
20010369  Power_getTransitionLatency       
20010381  Power_idleFunc                   
20010399  TimerIntDisable                  
200103b1  TimerIntEnable                   
200103c9  UART2Support_txDone              
200103e1  UART2_Params_init                
200103f9  UARTDMADisable                   
20010411  UARTIntDisable                   
20010429  UARTIntEnable                    
20010441  __aeabi_lmul                     
20010459  I2CMasterBurstLengthSet          
2001046f  PRCMHIBRegRead                   
20010485  PRCMHIBRegWrite                  
2001049b  SemaphoreP_create                
200104b1  Board_init                       
200104c5  CPUcpsid                         
200104d9  HwiP_inISR                       
200104ed  I2CSupport_masterFinish          
20010501  I2C_transfer                     
20010515  IntVTableBaseSet                 
20010529  Power_disablePolicy              
2001053d  Power_getDependencyCount         
20010551  HwiP_Params_init                 
20010563  I2CMasterIntClearEx              
20010575  RingBuf_construct                
20010587  TimerIntClear                    
20010599  UARTIntClear                     
200105ab  UARTRxErrorGet                   
200105bd  main                             
200105cf  ClockP_add                       
200105e1  ClockP_getCpuFreq                
200105f1  ClockP_getSystemTicks            
20010601  ClockP_setTicks                  
20010611  HwiP_delete                      
20010621  HwiP_interruptsEnabled           
20010631  HwiP_restore                     
20010641  I2CFIFOStatus                    
20010651  I2C_Params_init                  
20010661  Power_enablePolicy               
20010671  SemaphoreP_Params_init           
20010681  Timer_Params_init                
200106a1  UART2Support_rxStatus2ErrorCode  
200106b1  gpioButtonFxn0                   
200106c1  gpioButtonFxn1                   
200106d1  HwiP_clearInterrupt              
200106df  HwiP_disable                     
200106ed  HwiP_disableInterrupt            
200106fb  HwiP_enable                      
200106fb  NoRTOS_start                     
20010709  HwiP_enableInterrupt             
20010725  UART2_write                      
20010733  __TI_decompress_none             
2001074d  Power_getConstraintMask          
20010765  UART2Support_disableTx           
20010771  UART2Support_enableTx            
2001077d  __TI_zero_init                   
200107a1  uDMAErrorStatusClear             
200107ad  uDMAErrorStatusGet               
200107b9  CPUprimask                       
200107c3  ClockP_Params_init               
200107cd  ClockP_isActive                  
200107d7  IntMasterDisable                 
200107e9  malloc                           
200107f1  I2CSupport_powerRelConstraint    
200107f7  I2CSupport_powerSetConstraint    
200107fd  UART2Support_powerRelConstraint  
20010803  UtilsDelay                       
20010809  ClockP_doTick                    
2001080d  ClockP_setTimeout                
20010811  HwiP_post                        
20010815  SemaphoreP_delete                
20010819  _system_pre_init                 
2001081d  C$$EXIT                          
2001081d  abort                            
200109c8  PowerCC32XX_config               
20010a70  UART2_defaultParams              
20010b00  i2cCC32XXHWAttrs                 
20010b14  GPIO_config                      
20010b24  I2C_defaultParams                
20010b44  timerCC32XXHWAttrs               
20010b78  udmaCC3220SHWAttrs               
20010b84  GPIO_pinLowerBound               
20010b85  GPIO_pinUpperBound               
20010b86  CONFIG_GPIO_BUTTON_0_CONST       
20010b87  CONFIG_GPIO_BUTTON_1_CONST       
20010b88  CONFIG_GPIO_LED_0_CONST          
20010b89  CONFIG_I2C_0_CONST               
20010b8a  I2C_count                        
20010b8b  CONFIG_TIMER_0_CONST             
20010b8c  Timer_count                      
20010b8d  CONFIG_UART2_0_CONST             
20010b8e  UART2_count                      
20010b90  I2C_config                       
20010b98  Timer_config                     
20010ba0  UART2_config                     
20010ba8  UDMACC32XX_config                
20011000  uart2CC32XXObjects0              
200111f8  PowerCC32XX_contextSave          
20011324  i2cCC32XXObjects                 
20011420  gpioCallbackFunctions            
200114a4  gpioUserArgs                     
20011528  timerCC32XXObjects               
20011618  ClockP_ctrl                      
20011638  udmaCC3220SObject                
20011954  PowerCC32XX_module               
20011ac0  parkInfo                         
20011bb8  gpioPinConfigs                   
20011c3c  button                           
20011c3d  led                              
20011c3e  cycle                            
20011c3f  txBuffer                         
20011c40  secSinceReset                    
20011c42  threshholdTemp                   
20011c44  rxBuffer                         
20011c48  uart                             
20011c4c  bytesWritten                     
20011c50  i2c                              
20011c54  timer0                           
20011c58  i2cTransaction                   
20011c78  output                           
20011cb8  _lock                            
20011cbc  _unlock                          
20011cc8  SemaphoreP_defaultParams         
20011cd8  HwiP_key                         
20011cdc  HwiP_swiPIntNum                  
20011ce0  ClockP_tickPeriod                
20011cf0  __TI_static_base__               
20011dcc  __TI_Handler_Table_Base          
20011dd8  __TI_Handler_Table_Limit         
20011de0  __TI_CINIT_Base                  
20011df0  __TI_CINIT_Limit                 
ffffffff  __TI_pprof_out_hndl              
ffffffff  __TI_prof_data_size              
ffffffff  __TI_prof_data_start             
ffffffff  __binit__                        
ffffffff  __c_args__                       
ffffffff  binit                            
UNDEFED   ITM_flush                        
UNDEFED   ITM_restore                      
UNDEFED   __mpu_init                       
UNDEFED   _system_post_cinit               

[297 symbols]
