<?xml version="1.0" encoding="ISO-8859-1" ?>
<link_info>
   <banner>TI ARM Linker PC v20.2.6.LTS</banner>
   <copyright>Copyright (c) 1996-2018 Texas Instruments Incorporated</copyright>
   <link_time>0x62fac97e</link_time>
   <link_errors>0x0</link_errors>
   <output_file>Project_Kovacevich.out</output_file>
   <entry_point>
      <name>resetISR</name>
      <address>0x20011f91</address>
   </entry_point>
   <input_file_list>
      <input_file id="fl-2">
         <path>.\</path>
         <kind>object</kind>
         <file>gpiointerrupt.obj</file>
         <name>gpiointerrupt.obj</name>
      </input_file>
      <input_file id="fl-3">
         <path>.\syscfg\</path>
         <kind>object</kind>
         <file>ti_drivers_config.obj</file>
         <name>ti_drivers_config.obj</name>
      </input_file>
      <input_file id="fl-4">
         <path>.\</path>
         <kind>object</kind>
         <file>main_nortos.obj</file>
         <name>main_nortos.obj</name>
      </input_file>
      <input_file id="fl-d">
         <kind>object</kind>
         <file>&lt;internal&gt;</file>
         <name>&lt;internal&gt;</name>
      </input_file>
      <input_file id="fl-e">
         <path>C:\ti\simplelink_cc32xx_sdk_6_10_00_05\source\ti\drivers\lib\ccs\m4\</path>
         <kind>archive</kind>
         <file>drivers_cc32xx.a</file>
         <name>GPIO.oem4</name>
      </input_file>
      <input_file id="fl-f">
         <path>C:\ti\simplelink_cc32xx_sdk_6_10_00_05\source\ti\drivers\lib\ccs\m4\</path>
         <kind>archive</kind>
         <file>drivers_cc32xx.a</file>
         <name>I2C.oem4</name>
      </input_file>
      <input_file id="fl-10">
         <path>C:\ti\simplelink_cc32xx_sdk_6_10_00_05\source\ti\drivers\lib\ccs\m4\</path>
         <kind>archive</kind>
         <file>drivers_cc32xx.a</file>
         <name>Timer.oem4</name>
      </input_file>
      <input_file id="fl-11">
         <path>C:\ti\simplelink_cc32xx_sdk_6_10_00_05\source\ti\drivers\lib\ccs\m4\</path>
         <kind>archive</kind>
         <file>drivers_cc32xx.a</file>
         <name>UART2.oem4</name>
      </input_file>
      <input_file id="fl-12">
         <path>C:\ti\simplelink_cc32xx_sdk_6_10_00_05\source\ti\drivers\lib\ccs\m4\</path>
         <kind>archive</kind>
         <file>drivers_cc32xx.a</file>
         <name>RingBuf.oem4</name>
      </input_file>
      <input_file id="fl-13">
         <path>C:\ti\simplelink_cc32xx_sdk_6_10_00_05\source\ti\drivers\lib\ccs\m4\</path>
         <kind>archive</kind>
         <file>drivers_cc32xx.a</file>
         <name>GPIOCC32XX.oem4</name>
      </input_file>
      <input_file id="fl-14">
         <path>C:\ti\simplelink_cc32xx_sdk_6_10_00_05\source\ti\drivers\lib\ccs\m4\</path>
         <kind>archive</kind>
         <file>drivers_cc32xx.a</file>
         <name>I2CCC32XX.oem4</name>
      </input_file>
      <input_file id="fl-15">
         <path>C:\ti\simplelink_cc32xx_sdk_6_10_00_05\source\ti\drivers\lib\ccs\m4\</path>
         <kind>archive</kind>
         <file>drivers_cc32xx.a</file>
         <name>PowerCC32XX.oem4</name>
      </input_file>
      <input_file id="fl-16">
         <path>C:\ti\simplelink_cc32xx_sdk_6_10_00_05\source\ti\drivers\lib\ccs\m4\</path>
         <kind>archive</kind>
         <file>drivers_cc32xx.a</file>
         <name>PowerCC32XX_asm.oem4</name>
      </input_file>
      <input_file id="fl-17">
         <path>C:\ti\simplelink_cc32xx_sdk_6_10_00_05\source\ti\drivers\lib\ccs\m4\</path>
         <kind>archive</kind>
         <file>drivers_cc32xx.a</file>
         <name>TimerCC32XX.oem4</name>
      </input_file>
      <input_file id="fl-18">
         <path>C:\ti\simplelink_cc32xx_sdk_6_10_00_05\source\ti\drivers\lib\ccs\m4\</path>
         <kind>archive</kind>
         <file>drivers_cc32xx.a</file>
         <name>UART2CC32XX.oem4</name>
      </input_file>
      <input_file id="fl-19">
         <path>C:\ti\simplelink_cc32xx_sdk_6_10_00_05\source\ti\drivers\lib\ccs\m4\</path>
         <kind>archive</kind>
         <file>drivers_cc32xx.a</file>
         <name>List.oem4</name>
      </input_file>
      <input_file id="fl-1a">
         <path>C:\ti\simplelink_cc32xx_sdk_6_10_00_05\source\ti\drivers\lib\ccs\m4\</path>
         <kind>archive</kind>
         <file>drivers_cc32xx.a</file>
         <name>UDMACC32XX.oem4</name>
      </input_file>
      <input_file id="fl-1b">
         <path>C:\ti\simplelink_cc32xx_sdk_6_10_00_05\kernel\nortos\lib\ccs\m4\</path>
         <kind>archive</kind>
         <file>nortos_cc32xx.a</file>
         <name>NoRTOS.oem4</name>
      </input_file>
      <input_file id="fl-1c">
         <path>C:\ti\simplelink_cc32xx_sdk_6_10_00_05\kernel\nortos\lib\ccs\m4\</path>
         <kind>archive</kind>
         <file>nortos_cc32xx.a</file>
         <name>SemaphoreP_nortos.oem4</name>
      </input_file>
      <input_file id="fl-1d">
         <path>C:\ti\simplelink_cc32xx_sdk_6_10_00_05\kernel\nortos\lib\ccs\m4\</path>
         <kind>archive</kind>
         <file>nortos_cc32xx.a</file>
         <name>ClockPSysTick_nortos.oem4</name>
      </input_file>
      <input_file id="fl-1e">
         <path>C:\ti\simplelink_cc32xx_sdk_6_10_00_05\kernel\nortos\lib\ccs\m4\</path>
         <kind>archive</kind>
         <file>nortos_cc32xx.a</file>
         <name>HwiPCC32XX_nortos.oem4</name>
      </input_file>
      <input_file id="fl-1f">
         <path>C:\ti\simplelink_cc32xx_sdk_6_10_00_05\kernel\nortos\lib\ccs\m4\</path>
         <kind>archive</kind>
         <file>nortos_cc32xx.a</file>
         <name>PowerCC32XX_nortos.oem4</name>
      </input_file>
      <input_file id="fl-20">
         <path>C:\ti\simplelink_cc32xx_sdk_6_10_00_05\kernel\nortos\lib\ccs\m4\</path>
         <kind>archive</kind>
         <file>nortos_cc32xx.a</file>
         <name>startup_cc32xx_ccs.oem4</name>
      </input_file>
      <input_file id="fl-21">
         <path>C:\ti\simplelink_cc32xx_sdk_6_10_00_05\kernel\nortos\lib\ccs\m4\</path>
         <kind>archive</kind>
         <file>nortos_cc32xx.a</file>
         <name>SwiP_nortos.oem4</name>
      </input_file>
      <input_file id="fl-22">
         <path>C:\ti\simplelink_cc32xx_sdk_6_10_00_05\kernel\nortos\lib\ccs\m4\</path>
         <kind>archive</kind>
         <file>nortos_cc32xx.a</file>
         <name>QueueP_nortos.oem4</name>
      </input_file>
      <input_file id="fl-23">
         <path>C:\ti\simplelink_cc32xx_sdk_6_10_00_05\source\ti\devices\cc32xx\driverlib\ccs\Release\</path>
         <kind>archive</kind>
         <file>driverlib.a</file>
         <name>cpu.obj</name>
      </input_file>
      <input_file id="fl-24">
         <path>C:\ti\simplelink_cc32xx_sdk_6_10_00_05\source\ti\devices\cc32xx\driverlib\ccs\Release\</path>
         <kind>archive</kind>
         <file>driverlib.a</file>
         <name>i2c.obj</name>
      </input_file>
      <input_file id="fl-25">
         <path>C:\ti\simplelink_cc32xx_sdk_6_10_00_05\source\ti\devices\cc32xx\driverlib\ccs\Release\</path>
         <kind>archive</kind>
         <file>driverlib.a</file>
         <name>interrupt.obj</name>
      </input_file>
      <input_file id="fl-26">
         <path>C:\ti\simplelink_cc32xx_sdk_6_10_00_05\source\ti\devices\cc32xx\driverlib\ccs\Release\</path>
         <kind>archive</kind>
         <file>driverlib.a</file>
         <name>pin.obj</name>
      </input_file>
      <input_file id="fl-27">
         <path>C:\ti\simplelink_cc32xx_sdk_6_10_00_05\source\ti\devices\cc32xx\driverlib\ccs\Release\</path>
         <kind>archive</kind>
         <file>driverlib.a</file>
         <name>prcm.obj</name>
      </input_file>
      <input_file id="fl-28">
         <path>C:\ti\simplelink_cc32xx_sdk_6_10_00_05\source\ti\devices\cc32xx\driverlib\ccs\Release\</path>
         <kind>archive</kind>
         <file>driverlib.a</file>
         <name>timer.obj</name>
      </input_file>
      <input_file id="fl-29">
         <path>C:\ti\simplelink_cc32xx_sdk_6_10_00_05\source\ti\devices\cc32xx\driverlib\ccs\Release\</path>
         <kind>archive</kind>
         <file>driverlib.a</file>
         <name>uart.obj</name>
      </input_file>
      <input_file id="fl-2a">
         <path>C:\ti\simplelink_cc32xx_sdk_6_10_00_05\source\ti\devices\cc32xx\driverlib\ccs\Release\</path>
         <kind>archive</kind>
         <file>driverlib.a</file>
         <name>udma.obj</name>
      </input_file>
      <input_file id="fl-2b">
         <path>C:\ti\simplelink_cc32xx_sdk_6_10_00_05\source\ti\devices\cc32xx\driverlib\ccs\Release\</path>
         <kind>archive</kind>
         <file>driverlib.a</file>
         <name>utils.obj</name>
      </input_file>
      <input_file id="fl-2c">
         <path>C:\ti\simplelink_cc32xx_sdk_6_10_00_05\source\ti\devices\cc32xx\driverlib\ccs\Release\</path>
         <kind>archive</kind>
         <file>driverlib.a</file>
         <name>flash.obj</name>
      </input_file>
      <input_file id="fl-e2">
         <path>C:\ti\ccs1120\ccs\tools\compiler\ti-cgt-arm_20.2.6.LTS\lib\</path>
         <kind>archive</kind>
         <file>rtsv7M4_T_le_eabi.lib</file>
         <name>snprintf.c.obj</name>
      </input_file>
      <input_file id="fl-e3">
         <path>C:\ti\ccs1120\ccs\tools\compiler\ti-cgt-arm_20.2.6.LTS\lib\</path>
         <kind>archive</kind>
         <file>rtsv7M4_T_le_eabi.lib</file>
         <name>fs_mul_t2.asm.obj</name>
      </input_file>
      <input_file id="fl-e4">
         <path>C:\ti\ccs1120\ccs\tools\compiler\ti-cgt-arm_20.2.6.LTS\lib\</path>
         <kind>archive</kind>
         <file>rtsv7M4_T_le_eabi.lib</file>
         <name>fs_toi_t2.asm.obj</name>
      </input_file>
      <input_file id="fl-e5">
         <path>C:\ti\ccs1120\ccs\tools\compiler\ti-cgt-arm_20.2.6.LTS\lib\</path>
         <kind>archive</kind>
         <file>rtsv7M4_T_le_eabi.lib</file>
         <name>i_tofs_t2.asm.obj</name>
      </input_file>
      <input_file id="fl-e6">
         <path>C:\ti\ccs1120\ccs\tools\compiler\ti-cgt-arm_20.2.6.LTS\lib\</path>
         <kind>archive</kind>
         <file>rtsv7M4_T_le_eabi.lib</file>
         <name>ll_mul_t2.asm.obj</name>
      </input_file>
      <input_file id="fl-e7">
         <path>C:\ti\ccs1120\ccs\tools\compiler\ti-cgt-arm_20.2.6.LTS\lib\</path>
         <kind>archive</kind>
         <file>rtsv7M4_T_le_eabi.lib</file>
         <name>memcpy_t2.asm.obj</name>
      </input_file>
      <input_file id="fl-e8">
         <path>C:\ti\ccs1120\ccs\tools\compiler\ti-cgt-arm_20.2.6.LTS\lib\</path>
         <kind>archive</kind>
         <file>rtsv7M4_T_le_eabi.lib</file>
         <name>ull_div_t2.asm.obj</name>
      </input_file>
      <input_file id="fl-e9">
         <path>C:\ti\ccs1120\ccs\tools\compiler\ti-cgt-arm_20.2.6.LTS\lib\</path>
         <kind>archive</kind>
         <file>rtsv7M4_T_le_eabi.lib</file>
         <name>copy_zero_init.c.obj</name>
      </input_file>
      <input_file id="fl-ea">
         <path>C:\ti\ccs1120\ccs\tools\compiler\ti-cgt-arm_20.2.6.LTS\lib\</path>
         <kind>archive</kind>
         <file>rtsv7M4_T_le_eabi.lib</file>
         <name>copy_decompress_none.c.obj</name>
      </input_file>
      <input_file id="fl-eb">
         <path>C:\ti\ccs1120\ccs\tools\compiler\ti-cgt-arm_20.2.6.LTS\lib\</path>
         <kind>archive</kind>
         <file>rtsv7M4_T_le_eabi.lib</file>
         <name>copy_decompress_lzss.c.obj</name>
      </input_file>
      <input_file id="fl-ec">
         <path>C:\ti\ccs1120\ccs\tools\compiler\ti-cgt-arm_20.2.6.LTS\lib\</path>
         <kind>archive</kind>
         <file>rtsv7M4_T_le_eabi.lib</file>
         <name>bzero.c.obj</name>
      </input_file>
      <input_file id="fl-ed">
         <path>C:\ti\ccs1120\ccs\tools\compiler\ti-cgt-arm_20.2.6.LTS\lib\</path>
         <kind>archive</kind>
         <file>rtsv7M4_T_le_eabi.lib</file>
         <name>memory.c.obj</name>
      </input_file>
      <input_file id="fl-ee">
         <path>C:\ti\ccs1120\ccs\tools\compiler\ti-cgt-arm_20.2.6.LTS\lib\</path>
         <kind>archive</kind>
         <file>rtsv7M4_T_le_eabi.lib</file>
         <name>boot_cortex_m.c.obj</name>
      </input_file>
      <input_file id="fl-ef">
         <path>C:\ti\ccs1120\ccs\tools\compiler\ti-cgt-arm_20.2.6.LTS\lib\</path>
         <kind>archive</kind>
         <file>rtsv7M4_T_le_eabi.lib</file>
         <name>_printfi.c.obj</name>
      </input_file>
      <input_file id="fl-f0">
         <path>C:\ti\ccs1120\ccs\tools\compiler\ti-cgt-arm_20.2.6.LTS\lib\</path>
         <kind>archive</kind>
         <file>rtsv7M4_T_le_eabi.lib</file>
         <name>div0.asm.obj</name>
      </input_file>
      <input_file id="fl-f1">
         <path>C:\ti\ccs1120\ccs\tools\compiler\ti-cgt-arm_20.2.6.LTS\lib\</path>
         <kind>archive</kind>
         <file>rtsv7M4_T_le_eabi.lib</file>
         <name>fd_add_t2.asm.obj</name>
      </input_file>
      <input_file id="fl-f2">
         <path>C:\ti\ccs1120\ccs\tools\compiler\ti-cgt-arm_20.2.6.LTS\lib\</path>
         <kind>archive</kind>
         <file>rtsv7M4_T_le_eabi.lib</file>
         <name>fd_cmp_t2.asm.obj</name>
      </input_file>
      <input_file id="fl-f3">
         <path>C:\ti\ccs1120\ccs\tools\compiler\ti-cgt-arm_20.2.6.LTS\lib\</path>
         <kind>archive</kind>
         <file>rtsv7M4_T_le_eabi.lib</file>
         <name>fd_div_t2.asm.obj</name>
      </input_file>
      <input_file id="fl-f4">
         <path>C:\ti\ccs1120\ccs\tools\compiler\ti-cgt-arm_20.2.6.LTS\lib\</path>
         <kind>archive</kind>
         <file>rtsv7M4_T_le_eabi.lib</file>
         <name>fd_mul_t2.asm.obj</name>
      </input_file>
      <input_file id="fl-f5">
         <path>C:\ti\ccs1120\ccs\tools\compiler\ti-cgt-arm_20.2.6.LTS\lib\</path>
         <kind>archive</kind>
         <file>rtsv7M4_T_le_eabi.lib</file>
         <name>fd_toi_t2.asm.obj</name>
      </input_file>
      <input_file id="fl-f6">
         <path>C:\ti\ccs1120\ccs\tools\compiler\ti-cgt-arm_20.2.6.LTS\lib\</path>
         <kind>archive</kind>
         <file>rtsv7M4_T_le_eabi.lib</file>
         <name>i_tofd_t2.asm.obj</name>
      </input_file>
      <input_file id="fl-f7">
         <path>C:\ti\ccs1120\ccs\tools\compiler\ti-cgt-arm_20.2.6.LTS\lib\</path>
         <kind>archive</kind>
         <file>rtsv7M4_T_le_eabi.lib</file>
         <name>memset_t2.asm.obj</name>
      </input_file>
      <input_file id="fl-f8">
         <path>C:\ti\ccs1120\ccs\tools\compiler\ti-cgt-arm_20.2.6.LTS\lib\</path>
         <kind>archive</kind>
         <file>rtsv7M4_T_le_eabi.lib</file>
         <name>autoinit.c.obj</name>
      </input_file>
      <input_file id="fl-f9">
         <path>C:\ti\ccs1120\ccs\tools\compiler\ti-cgt-arm_20.2.6.LTS\lib\</path>
         <kind>archive</kind>
         <file>rtsv7M4_T_le_eabi.lib</file>
         <name>pre_init.c.obj</name>
      </input_file>
      <input_file id="fl-fa">
         <path>C:\ti\ccs1120\ccs\tools\compiler\ti-cgt-arm_20.2.6.LTS\lib\</path>
         <kind>archive</kind>
         <file>rtsv7M4_T_le_eabi.lib</file>
         <name>cpy_tbl.c.obj</name>
      </input_file>
      <input_file id="fl-fb">
         <path>C:\ti\ccs1120\ccs\tools\compiler\ti-cgt-arm_20.2.6.LTS\lib\</path>
         <kind>archive</kind>
         <file>rtsv7M4_T_le_eabi.lib</file>
         <name>exit.c.obj</name>
      </input_file>
      <input_file id="fl-fc">
         <path>C:\ti\ccs1120\ccs\tools\compiler\ti-cgt-arm_20.2.6.LTS\lib\</path>
         <kind>archive</kind>
         <file>rtsv7M4_T_le_eabi.lib</file>
         <name>_lock.c.obj</name>
      </input_file>
      <input_file id="fl-fd">
         <path>C:\ti\ccs1120\ccs\tools\compiler\ti-cgt-arm_20.2.6.LTS\lib\</path>
         <kind>archive</kind>
         <file>rtsv7M4_T_le_eabi.lib</file>
         <name>_ltoa.c.obj</name>
      </input_file>
      <input_file id="fl-fe">
         <path>C:\ti\ccs1120\ccs\tools\compiler\ti-cgt-arm_20.2.6.LTS\lib\</path>
         <kind>archive</kind>
         <file>rtsv7M4_T_le_eabi.lib</file>
         <name>args_main.c.obj</name>
      </input_file>
      <input_file id="fl-ff">
         <path>C:\ti\ccs1120\ccs\tools\compiler\ti-cgt-arm_20.2.6.LTS\lib\</path>
         <kind>archive</kind>
         <file>rtsv7M4_T_le_eabi.lib</file>
         <name>atoi.c.obj</name>
      </input_file>
      <input_file id="fl-100">
         <path>C:\ti\ccs1120\ccs\tools\compiler\ti-cgt-arm_20.2.6.LTS\lib\</path>
         <kind>archive</kind>
         <file>rtsv7M4_T_le_eabi.lib</file>
         <name>ctype.c.obj</name>
      </input_file>
      <input_file id="fl-101">
         <path>C:\ti\ccs1120\ccs\tools\compiler\ti-cgt-arm_20.2.6.LTS\lib\</path>
         <kind>archive</kind>
         <file>rtsv7M4_T_le_eabi.lib</file>
         <name>memccpy.c.obj</name>
      </input_file>
      <input_file id="fl-102">
         <path>C:\ti\ccs1120\ccs\tools\compiler\ti-cgt-arm_20.2.6.LTS\lib\</path>
         <kind>archive</kind>
         <file>rtsv7M4_T_le_eabi.lib</file>
         <name>strchr.c.obj</name>
      </input_file>
      <input_file id="fl-103">
         <path>C:\ti\ccs1120\ccs\tools\compiler\ti-cgt-arm_20.2.6.LTS\lib\</path>
         <kind>archive</kind>
         <file>rtsv7M4_T_le_eabi.lib</file>
         <name>strlen.c.obj</name>
      </input_file>
      <input_file id="fl-104">
         <path>C:\ti\ccs1120\ccs\tools\compiler\ti-cgt-arm_20.2.6.LTS\lib\</path>
         <kind>archive</kind>
         <file>rtsv7M4_T_le_eabi.lib</file>
         <name>errno.c.obj</name>
      </input_file>
      <input_file id="fl-105">
         <path>C:\ti\ccs1120\ccs\tools\compiler\ti-cgt-arm_20.2.6.LTS\lib\</path>
         <kind>archive</kind>
         <file>rtsv7M4_T_le_eabi.lib</file>
         <name>s_frexp.c.obj</name>
      </input_file>
      <input_file id="fl-106">
         <path>C:\ti\ccs1120\ccs\tools\compiler\ti-cgt-arm_20.2.6.LTS\lib\</path>
         <kind>archive</kind>
         <file>rtsv7M4_T_le_eabi.lib</file>
         <name>s_scalbn.c.obj</name>
      </input_file>
      <input_file id="fl-107">
         <path>C:\ti\ccs1120\ccs\tools\compiler\ti-cgt-arm_20.2.6.LTS\lib\</path>
         <kind>archive</kind>
         <file>rtsv7M4_T_le_eabi.lib</file>
         <name>s_copysign.c.obj</name>
      </input_file>
      <input_file id="fl-108">
         <path>C:\ti\ccs1120\ccs\tools\compiler\ti-cgt-arm_20.2.6.LTS\lib\</path>
         <kind>archive</kind>
         <file>rtsv7M4_T_le_eabi.lib</file>
         <name>wcslen.c.obj</name>
      </input_file>
   </input_file_list>
   <object_component_list>
      <object_component id="oc-385">
         <name>.text:__TI_printfi</name>
         <load_address>0x2000c040</load_address>
         <run_address>0x2000c040</run_address>
         <size>0xa4e</size>
         <input_file_ref idref="fl-ef"/>
      </object_component>
      <object_component id="oc-1f0">
         <name>.text:Board_initHook</name>
         <load_address>0x2000ca8e</load_address>
         <run_address>0x2000ca8e</run_address>
         <size>0x2</size>
         <input_file_ref idref="fl-3"/>
      </object_component>
      <object_component id="oc-1de">
         <name>.text:PRCMCC3200MCUInit</name>
         <load_address>0x2000ca90</load_address>
         <run_address>0x2000ca90</run_address>
         <size>0x42c</size>
         <input_file_ref idref="fl-27"/>
      </object_component>
      <object_component id="oc-3a8">
         <name>.text:UART2_writeTimeout</name>
         <load_address>0x2000cebc</load_address>
         <run_address>0x2000cebc</run_address>
         <size>0x298</size>
         <input_file_ref idref="fl-11"/>
      </object_component>
      <object_component id="oc-331">
         <name>.text:UART2_open</name>
         <load_address>0x2000d154</load_address>
         <run_address>0x2000d154</run_address>
         <size>0x294</size>
         <input_file_ref idref="fl-18"/>
      </object_component>
      <object_component id="oc-5a5">
         <name>.text:_pconv_a</name>
         <load_address>0x2000d3e8</load_address>
         <run_address>0x2000d3e8</run_address>
         <size>0x268</size>
         <input_file_ref idref="fl-ef"/>
      </object_component>
      <object_component id="oc-4ef">
         <name>.text:UART2CC32XX_hwiIntFxn</name>
         <load_address>0x2000d650</load_address>
         <run_address>0x2000d650</run_address>
         <size>0x234</size>
         <input_file_ref idref="fl-18"/>
      </object_component>
      <object_component id="oc-216">
         <name>.text:initI2C</name>
         <load_address>0x2000d884</load_address>
         <run_address>0x2000d884</run_address>
         <size>0x1e0</size>
         <input_file_ref idref="fl-2"/>
      </object_component>
      <object_component id="oc-593">
         <name>.text:_pconv_g</name>
         <load_address>0x2000da64</load_address>
         <run_address>0x2000da64</run_address>
         <size>0x1cc</size>
         <input_file_ref idref="fl-ef"/>
      </object_component>
      <object_component id="oc-8ad">
         <name>.text</name>
         <load_address>0x2000dc30</load_address>
         <run_address>0x2000dc30</run_address>
         <size>0x1b6</size>
         <input_file_ref idref="fl-f1"/>
      </object_component>
      <object_component id="oc-338">
         <name>.text:I2C_init</name>
         <load_address>0x2000dde6</load_address>
         <run_address>0x2000dde6</run_address>
         <size>0x2</size>
         <input_file_ref idref="fl-f"/>
      </object_component>
      <object_component id="oc-3f6">
         <name>.text:PowerCC32XX_sleepPolicy</name>
         <load_address>0x2000dde8</load_address>
         <run_address>0x2000dde8</run_address>
         <size>0x1a0</size>
         <input_file_ref idref="fl-1f"/>
      </object_component>
      <object_component id="oc-165">
         <name>.text:mainThread</name>
         <load_address>0x2000df88</load_address>
         <run_address>0x2000df88</run_address>
         <size>0x15c</size>
         <input_file_ref idref="fl-2"/>
      </object_component>
      <object_component id="oc-1f8">
         <name>.text:GPIO_setConfig</name>
         <load_address>0x2000e0e4</load_address>
         <run_address>0x2000e0e4</run_address>
         <size>0x154</size>
         <input_file_ref idref="fl-13"/>
      </object_component>
      <object_component id="oc-51f">
         <name>.text:I2CCC32XX_hwiFxn</name>
         <load_address>0x2000e238</load_address>
         <run_address>0x2000e238</run_address>
         <size>0x148</size>
         <input_file_ref idref="fl-14"/>
      </object_component>
      <object_component id="oc-92d">
         <name>.text:parkPins</name>
         <load_address>0x2000e380</load_address>
         <run_address>0x2000e380</run_address>
         <size>0x148</size>
         <input_file_ref idref="fl-15"/>
      </object_component>
      <object_component id="oc-59f">
         <name>.text:_pconv_e</name>
         <load_address>0x2000e4c8</load_address>
         <run_address>0x2000e4c8</run_address>
         <size>0x13c</size>
         <input_file_ref idref="fl-ef"/>
      </object_component>
      <object_component id="oc-658">
         <name>.text:Power_sleep</name>
         <load_address>0x2000e604</load_address>
         <run_address>0x2000e604</run_address>
         <size>0x138</size>
         <input_file_ref idref="fl-15"/>
      </object_component>
      <object_component id="oc-360">
         <name>.text:Timer_open</name>
         <load_address>0x2000e73c</load_address>
         <run_address>0x2000e73c</run_address>
         <size>0x138</size>
         <input_file_ref idref="fl-17"/>
      </object_component>
      <object_component id="oc-893">
         <name>.text</name>
         <load_address>0x2000e874</load_address>
         <run_address>0x2000e874</run_address>
         <size>0x136</size>
         <input_file_ref idref="fl-f3"/>
      </object_component>
      <object_component id="oc-52d">
         <name>.text:I2C_transferTimeout</name>
         <load_address>0x2000e9aa</load_address>
         <run_address>0x2000e9aa</run_address>
         <size>0x122</size>
         <input_file_ref idref="fl-f"/>
      </object_component>
      <object_component id="oc-8bf">
         <name>.text:fcvt</name>
         <load_address>0x2000eacc</load_address>
         <run_address>0x2000eacc</run_address>
         <size>0x120</size>
         <input_file_ref idref="fl-ef"/>
      </object_component>
      <object_component id="oc-4b6">
         <name>.text:UART2_close</name>
         <load_address>0x2000ebec</load_address>
         <run_address>0x2000ebec</run_address>
         <size>0x108</size>
         <input_file_ref idref="fl-18"/>
      </object_component>
      <object_component id="oc-6ca">
         <name>.text:aligned_alloc</name>
         <load_address>0x2000ecf4</load_address>
         <run_address>0x2000ecf4</run_address>
         <size>0x100</size>
         <input_file_ref idref="fl-ed"/>
      </object_component>
      <object_component id="oc-344">
         <name>.text:I2C_open</name>
         <load_address>0x2000edf4</load_address>
         <run_address>0x2000edf4</run_address>
         <size>0xfc</size>
         <input_file_ref idref="fl-14"/>
      </object_component>
      <object_component id="oc-88e">
         <name>.text</name>
         <load_address>0x2000eef0</load_address>
         <run_address>0x2000eef0</run_address>
         <size>0xfc</size>
         <input_file_ref idref="fl-f4"/>
      </object_component>
      <object_component id="oc-228">
         <name>.text:readTemp</name>
         <load_address>0x2000efec</load_address>
         <run_address>0x2000efec</run_address>
         <size>0xf8</size>
         <input_file_ref idref="fl-2"/>
      </object_component>
      <object_component id="oc-4bc">
         <name>.text:UART2CC32XX_initHw</name>
         <load_address>0x2000f0e4</load_address>
         <run_address>0x2000f0e4</run_address>
         <size>0xec</size>
         <input_file_ref idref="fl-18"/>
      </object_component>
      <object_component id="oc-78d">
         <name>.text:UART2Support_dmaStartRx</name>
         <load_address>0x2000f1d0</load_address>
         <run_address>0x2000f1d0</run_address>
         <size>0xe4</size>
         <input_file_ref idref="fl-18"/>
      </object_component>
      <object_component id="oc-414">
         <name>.text:free</name>
         <load_address>0x2000f2b4</load_address>
         <run_address>0x2000f2b4</run_address>
         <size>0xe4</size>
         <input_file_ref idref="fl-ed"/>
      </object_component>
      <object_component id="oc-8d3">
         <name>.text:scalbn</name>
         <load_address>0x2000f398</load_address>
         <run_address>0x2000f398</run_address>
         <size>0xd0</size>
         <input_file_ref idref="fl-106"/>
      </object_component>
      <object_component id="oc-5fd">
         <name>.text:UART2Support_dmaStartTx</name>
         <load_address>0x2000f468</load_address>
         <run_address>0x2000f468</run_address>
         <size>0xc8</size>
         <input_file_ref idref="fl-18"/>
      </object_component>
      <object_component id="oc-94a">
         <name>.text:restoreParkedPins</name>
         <load_address>0x2000f530</load_address>
         <run_address>0x2000f530</run_address>
         <size>0xc0</size>
         <input_file_ref idref="fl-15"/>
      </object_component>
      <object_component id="oc-7f0">
         <name>.text:I2CCC32XX_completeTransfer</name>
         <load_address>0x2000f5f0</load_address>
         <run_address>0x2000f5f0</run_address>
         <size>0xb2</size>
         <input_file_ref idref="fl-14"/>
      </object_component>
      <object_component id="oc-3f0">
         <name>.text:PowerCC32XX_initPolicy</name>
         <load_address>0x2000f6a2</load_address>
         <run_address>0x2000f6a2</run_address>
         <size>0x2</size>
         <input_file_ref idref="fl-1f"/>
      </object_component>
      <object_component id="oc-588">
         <name>.text:_ltostr</name>
         <load_address>0x2000f6a4</load_address>
         <run_address>0x2000f6a4</run_address>
         <size>0xb1</size>
         <input_file_ref idref="fl-ef"/>
      </object_component>
      <object_component id="oc-7de">
         <name>.text:I2CCC32XX_primeWriteBurst</name>
         <load_address>0x2000f756</load_address>
         <run_address>0x2000f756</run_address>
         <size>0xa8</size>
         <input_file_ref idref="fl-14"/>
      </object_component>
      <object_component id="oc-715">
         <name>.text:SemaphoreP_destruct</name>
         <load_address>0x2000f7fe</load_address>
         <run_address>0x2000f7fe</run_address>
         <size>0x2</size>
         <input_file_ref idref="fl-1c"/>
      </object_component>
      <object_component id="oc-b5">
         <name>.text:IntEnable</name>
         <load_address>0x2000f800</load_address>
         <run_address>0x2000f800</run_address>
         <size>0xa8</size>
         <input_file_ref idref="fl-25"/>
      </object_component>
      <object_component id="oc-2b0">
         <name>.text:PowerCC32XX_configureWakeup</name>
         <load_address>0x2000f8a8</load_address>
         <run_address>0x2000f8a8</run_address>
         <size>0xa8</size>
         <input_file_ref idref="fl-15"/>
      </object_component>
      <object_component id="oc-2d5">
         <name>.text:SemaphoreP_pend</name>
         <load_address>0x2000f950</load_address>
         <run_address>0x2000f950</run_address>
         <size>0xa0</size>
         <input_file_ref idref="fl-1c"/>
      </object_component>
      <object_component id="oc-50d">
         <name>.text:I2CCC32XX_initHw</name>
         <load_address>0x2000f9f0</load_address>
         <run_address>0x2000f9f0</run_address>
         <size>0x9c</size>
         <input_file_ref idref="fl-14"/>
      </object_component>
      <object_component id="oc-3b">
         <name>.text</name>
         <load_address>0x2000fa8c</load_address>
         <run_address>0x2000fa8c</run_address>
         <size>0x9c</size>
         <input_file_ref idref="fl-e7"/>
      </object_component>
      <object_component id="oc-653">
         <name>.text</name>
         <load_address>0x2000fb28</load_address>
         <run_address>0x2000fb28</run_address>
         <size>0x96</size>
         <input_file_ref idref="fl-e8"/>
      </object_component>
      <object_component id="oc-354">
         <name>.text:Timer_init</name>
         <load_address>0x2000fbbe</load_address>
         <run_address>0x2000fbbe</run_address>
         <size>0x2</size>
         <input_file_ref idref="fl-10"/>
      </object_component>
      <object_component id="oc-1ea">
         <name>.text:GPIO_init</name>
         <load_address>0x2000fbc0</load_address>
         <run_address>0x2000fbc0</run_address>
         <size>0x90</size>
         <input_file_ref idref="fl-13"/>
      </object_component>
      <object_component id="oc-93e">
         <name>.text:restoreNVICRegs</name>
         <load_address>0x2000fc50</load_address>
         <run_address>0x2000fc50</run_address>
         <size>0x90</size>
         <input_file_ref idref="fl-15"/>
      </object_component>
      <object_component id="oc-474">
         <name>.text:HwiP_construct</name>
         <load_address>0x2000fce0</load_address>
         <run_address>0x2000fce0</run_address>
         <size>0x8c</size>
         <input_file_ref idref="fl-1e"/>
      </object_component>
      <object_component id="oc-ab0">
         <name>.text:IntPendSet</name>
         <load_address>0x2000fd6c</load_address>
         <run_address>0x2000fd6c</run_address>
         <size>0x88</size>
         <input_file_ref idref="fl-25"/>
      </object_component>
      <object_component id="oc-2fc">
         <name>.text:PinConfigSet</name>
         <load_address>0x2000fdf4</load_address>
         <run_address>0x2000fdf4</run_address>
         <size>0x88</size>
         <input_file_ref idref="fl-26"/>
      </object_component>
      <object_component id="oc-58e">
         <name>.text:__aeabi_cdcmple</name>
         <load_address>0x2000fe7c</load_address>
         <run_address>0x2000fe7c</run_address>
         <size>0x86</size>
         <input_file_ref idref="fl-f2"/>
      </object_component>
      <object_component id="oc-898">
         <name>.text:__aeabi_cdrcmple</name>
         <load_address>0x2000ff02</load_address>
         <run_address>0x2000ff02</run_address>
         <size>0x86</size>
         <input_file_ref idref="fl-f2"/>
      </object_component>
      <object_component id="oc-1e4">
         <name>.text:Power_init</name>
         <load_address>0x2000ff88</load_address>
         <run_address>0x2000ff88</run_address>
         <size>0x84</size>
         <input_file_ref idref="fl-15"/>
      </object_component>
      <object_component id="oc-933">
         <name>.text:saveNVICRegs</name>
         <load_address>0x2001000c</load_address>
         <run_address>0x2001000c</run_address>
         <size>0x84</size>
         <input_file_ref idref="fl-15"/>
      </object_component>
      <object_component id="oc-1fe">
         <name>.text:GPIO_write</name>
         <load_address>0x20010090</load_address>
         <run_address>0x20010090</run_address>
         <size>0x80</size>
         <input_file_ref idref="fl-13"/>
      </object_component>
      <object_component id="oc-302">
         <name>.text:Power_setDependency</name>
         <load_address>0x20010110</load_address>
         <run_address>0x20010110</run_address>
         <size>0x80</size>
         <input_file_ref idref="fl-15"/>
      </object_component>
      <object_component id="oc-4b0">
         <name>.text:UDMACC32XX_open</name>
         <load_address>0x20010190</load_address>
         <run_address>0x20010190</run_address>
         <size>0x7c</size>
         <input_file_ref idref="fl-1a"/>
      </object_component>
      <object_component id="oc-7d8">
         <name>.text:I2CCC32XX_primeReadBurst</name>
         <load_address>0x2001020c</load_address>
         <run_address>0x2001020c</run_address>
         <size>0x7a</size>
         <input_file_ref idref="fl-14"/>
      </object_component>
      <object_component id="oc-37a">
         <name>.text</name>
         <load_address>0x20010286</load_address>
         <run_address>0x20010286</run_address>
         <size>0x7a</size>
         <input_file_ref idref="fl-e3"/>
      </object_component>
      <object_component id="oc-9d">
         <name>.text</name>
         <load_address>0x20010300</load_address>
         <run_address>0x20010300</run_address>
         <size>0x7a</size>
         <input_file_ref idref="fl-f7"/>
      </object_component>
      <object_component id="oc-793">
         <name>.text:UART2CC32XX_readCallback</name>
         <load_address>0x2001037a</load_address>
         <run_address>0x2001037a</run_address>
         <size>0x74</size>
         <input_file_ref idref="fl-18"/>
      </object_component>
      <object_component id="oc-4e3">
         <name>.text:UART2CC32XX_eventCallback</name>
         <load_address>0x200103ee</load_address>
         <run_address>0x200103ee</run_address>
         <size>0x2</size>
         <input_file_ref idref="fl-18"/>
      </object_component>
      <object_component id="oc-2f4">
         <name>.text:powerNotifyFxn</name>
         <load_address>0x200103f0</load_address>
         <run_address>0x200103f0</run_address>
         <size>0x74</size>
         <input_file_ref idref="fl-13"/>
      </object_component>
      <object_component id="oc-979">
         <name>.text:split</name>
         <load_address>0x20010464</load_address>
         <run_address>0x20010464</run_address>
         <size>0x70</size>
         <input_file_ref idref="fl-ed"/>
      </object_component>
      <object_component id="oc-8b8">
         <name>.text:_mcpy</name>
         <load_address>0x200104d4</load_address>
         <run_address>0x200104d4</run_address>
         <size>0x6e</size>
         <input_file_ref idref="fl-ef"/>
      </object_component>
      <object_component id="oc-80b">
         <name>.text:I2CSupport_primeTransfer</name>
         <load_address>0x20010542</load_address>
         <run_address>0x20010542</run_address>
         <size>0x6a</size>
         <input_file_ref idref="fl-14"/>
      </object_component>
      <object_component id="oc-14">
         <name>.text:decompress:lzss:__TI_decompress_lzss</name>
         <load_address>0x200105ac</load_address>
         <run_address>0x200105ac</run_address>
         <size>0x68</size>
         <input_file_ref idref="fl-eb"/>
      </object_component>
      <object_component id="oc-314">
         <name>.text:GPIO_setInterruptConfig</name>
         <load_address>0x20010614</load_address>
         <run_address>0x20010614</run_address>
         <size>0x64</size>
         <input_file_ref idref="fl-13"/>
      </object_component>
      <object_component id="oc-464">
         <name>.text:PowerCC32XX_setParkState</name>
         <load_address>0x20010678</load_address>
         <run_address>0x20010678</run_address>
         <size>0x64</size>
         <input_file_ref idref="fl-15"/>
      </object_component>
      <object_component id="oc-74c">
         <name>.text:uDMAChannelAttributeDisable</name>
         <load_address>0x200106dc</load_address>
         <run_address>0x200106dc</run_address>
         <size>0x64</size>
         <input_file_ref idref="fl-2a"/>
      </object_component>
      <object_component id="oc-31d">
         <name>.text:GPIO_hwiIntFxn</name>
         <load_address>0x20010740</load_address>
         <run_address>0x20010740</run_address>
         <size>0x60</size>
         <input_file_ref idref="fl-13"/>
      </object_component>
      <object_component id="oc-27e">
         <name>.text:PRCMSysResetCauseGet</name>
         <load_address>0x200107a0</load_address>
         <run_address>0x200107a0</run_address>
         <size>0x60</size>
         <input_file_ref idref="fl-27"/>
      </object_component>
      <object_component id="oc-799">
         <name>.text:UART2Support_dmaStopTx</name>
         <load_address>0x20010800</load_address>
         <run_address>0x20010800</run_address>
         <size>0x5e</size>
         <input_file_ref idref="fl-18"/>
      </object_component>
      <object_component id="oc-3b8">
         <name>.text:_nop</name>
         <load_address>0x2001085e</load_address>
         <run_address>0x2001085e</run_address>
         <size>0x2</size>
         <input_file_ref idref="fl-fc"/>
      </object_component>
      <object_component id="oc-8cd">
         <name>.text:frexp</name>
         <load_address>0x20010860</load_address>
         <run_address>0x20010860</run_address>
         <size>0x5c</size>
         <input_file_ref idref="fl-105"/>
      </object_component>
      <object_component id="oc-9ba">
         <name>.text:sysTickInit</name>
         <load_address>0x200108bc</load_address>
         <run_address>0x200108bc</run_address>
         <size>0x5c</size>
         <input_file_ref idref="fl-1d"/>
      </object_component>
      <object_component id="oc-297">
         <name>.text:PRCMPeripheralReset</name>
         <load_address>0x20010918</load_address>
         <run_address>0x20010918</run_address>
         <size>0x58</size>
         <input_file_ref idref="fl-27"/>
      </object_component>
      <object_component id="oc-727">
         <name>.text:Power_releaseDependency</name>
         <load_address>0x20010970</load_address>
         <run_address>0x20010970</run_address>
         <size>0x58</size>
         <input_file_ref idref="fl-15"/>
      </object_component>
      <object_component id="oc-599">
         <name>.text:_pconv_f</name>
         <load_address>0x200109c8</load_address>
         <run_address>0x200109c8</run_address>
         <size>0x56</size>
         <input_file_ref idref="fl-ef"/>
      </object_component>
      <object_component id="oc-8a2">
         <name>.text:__TI_ltoa</name>
         <load_address>0x20010a1e</load_address>
         <run_address>0x20010a1e</run_address>
         <size>0x54</size>
         <input_file_ref idref="fl-fd"/>
      </object_component>
      <object_component id="oc-a8d">
         <name>.text:PowerCC32XX_resumeLPDS</name>
         <load_address>0x20010a72</load_address>
         <run_address>0x20010a72</run_address>
         <size>0x52</size>
         <input_file_ref idref="fl-16"/>
      </object_component>
      <object_component id="oc-8b2">
         <name>.text:_ecpy</name>
         <load_address>0x20010ac4</load_address>
         <run_address>0x20010ac4</run_address>
         <size>0x52</size>
         <input_file_ref idref="fl-ef"/>
      </object_component>
      <object_component id="oc-555">
         <name>.text:initHw</name>
         <load_address>0x20010b16</load_address>
         <run_address>0x20010b16</run_address>
         <size>0x52</size>
         <input_file_ref idref="fl-17"/>
      </object_component>
      <object_component id="oc-79">
         <name>.text:ClockP_sysTickHandler</name>
         <load_address>0x20010b68</load_address>
         <run_address>0x20010b68</run_address>
         <size>0x50</size>
         <input_file_ref idref="fl-1d"/>
      </object_component>
      <object_component id="oc-4ce">
         <name>.text:SemaphoreP_construct</name>
         <load_address>0x20010bb8</load_address>
         <run_address>0x20010bb8</run_address>
         <size>0x50</size>
         <input_file_ref idref="fl-1c"/>
      </object_component>
      <object_component id="oc-53d">
         <name>.text:TimerCC32XX_allocateTimerResource</name>
         <load_address>0x20010c08</load_address>
         <run_address>0x20010c08</run_address>
         <size>0x50</size>
         <input_file_ref idref="fl-17"/>
      </object_component>
      <object_component id="oc-787">
         <name>.text:UART2Support_dmaStopRx</name>
         <load_address>0x20010c58</load_address>
         <run_address>0x20010c58</run_address>
         <size>0x50</size>
         <input_file_ref idref="fl-18"/>
      </object_component>
      <object_component id="oc-7cc">
         <name>.text:I2CCC32XX_readRecieveFifo</name>
         <load_address>0x20010ca8</load_address>
         <run_address>0x20010ca8</run_address>
         <size>0x4c</size>
         <input_file_ref idref="fl-14"/>
      </object_component>
      <object_component id="oc-a84">
         <name>.text:PowerCC32XX_parkPin</name>
         <load_address>0x20010cf4</load_address>
         <run_address>0x20010cf4</run_address>
         <size>0x4c</size>
         <input_file_ref idref="fl-15"/>
      </object_component>
      <object_component id="oc-582">
         <name>.text:atoi</name>
         <load_address>0x20010d40</load_address>
         <run_address>0x20010d40</run_address>
         <size>0x4c</size>
         <input_file_ref idref="fl-ff"/>
      </object_component>
      <object_component id="oc-944">
         <name>.text:restorePeriphClocks</name>
         <load_address>0x20010d8c</load_address>
         <run_address>0x20010d8c</run_address>
         <size>0x4c</size>
         <input_file_ref idref="fl-15"/>
      </object_component>
      <object_component id="oc-22e">
         <name>.text:snprintf</name>
         <load_address>0x20010dd8</load_address>
         <run_address>0x20010dd8</run_address>
         <size>0x4c</size>
         <input_file_ref idref="fl-e2"/>
      </object_component>
      <object_component id="oc-aa8">
         <name>.text:FlashDisable</name>
         <load_address>0x20010e24</load_address>
         <run_address>0x20010e24</run_address>
         <size>0x48</size>
         <input_file_ref idref="fl-2c"/>
      </object_component>
      <object_component id="oc-47b">
         <name>.text:GPIO_disableInt</name>
         <load_address>0x20010e6c</load_address>
         <run_address>0x20010e6c</run_address>
         <size>0x48</size>
         <input_file_ref idref="fl-13"/>
      </object_component>
      <object_component id="oc-20a">
         <name>.text:GPIO_enableInt</name>
         <load_address>0x20010eb4</load_address>
         <run_address>0x20010eb4</run_address>
         <size>0x48</size>
         <input_file_ref idref="fl-13"/>
      </object_component>
      <object_component id="oc-950">
         <name>.text:PRCMLPDSEnter</name>
         <load_address>0x20010efc</load_address>
         <run_address>0x20010efc</run_address>
         <size>0x48</size>
         <input_file_ref idref="fl-27"/>
      </object_component>
      <object_component id="oc-291">
         <name>.text:PRCMPeripheralClkEnable</name>
         <load_address>0x20010f44</load_address>
         <run_address>0x20010f44</run_address>
         <size>0x48</size>
         <input_file_ref idref="fl-27"/>
      </object_component>
      <object_component id="oc-79f">
         <name>.text:Power_releaseConstraint</name>
         <load_address>0x20010f8c</load_address>
         <run_address>0x20010f8c</run_address>
         <size>0x48</size>
         <input_file_ref idref="fl-15"/>
      </object_component>
      <object_component id="oc-21c">
         <name>.text:initTimer</name>
         <load_address>0x20010fd4</load_address>
         <run_address>0x20010fd4</run_address>
         <size>0x48</size>
         <input_file_ref idref="fl-2"/>
      </object_component>
      <object_component id="oc-89d">
         <name>.text</name>
         <load_address>0x2001101c</load_address>
         <run_address>0x2001101c</run_address>
         <size>0x48</size>
         <input_file_ref idref="fl-f5"/>
      </object_component>
      <object_component id="oc-76f">
         <name>.text:RingBuf_put</name>
         <load_address>0x20011064</load_address>
         <run_address>0x20011064</run_address>
         <size>0x46</size>
         <input_file_ref idref="fl-12"/>
      </object_component>
      <object_component id="oc-54f">
         <name>.text:getPrescaler</name>
         <load_address>0x200110aa</load_address>
         <run_address>0x200110aa</run_address>
         <size>0x46</size>
         <input_file_ref idref="fl-17"/>
      </object_component>
      <object_component id="oc-603">
         <name>.text:ClockP_stop</name>
         <load_address>0x200110f0</load_address>
         <run_address>0x200110f0</run_address>
         <size>0x44</size>
         <input_file_ref idref="fl-1d"/>
      </object_component>
      <object_component id="oc-a92">
         <name>.text:PRCMLPDSRestoreInfoSet</name>
         <load_address>0x20011134</load_address>
         <run_address>0x20011134</run_address>
         <size>0x44</size>
         <input_file_ref idref="fl-27"/>
      </object_component>
      <object_component id="oc-939">
         <name>.text:PowerCC32XX_enterLPDS</name>
         <load_address>0x20011178</load_address>
         <run_address>0x20011178</run_address>
         <size>0x44</size>
         <input_file_ref idref="fl-16"/>
      </object_component>
      <object_component id="oc-2e1">
         <name>.text:SemaphoreP_post</name>
         <load_address>0x200111bc</load_address>
         <run_address>0x200111bc</run_address>
         <size>0x44</size>
         <input_file_ref idref="fl-1c"/>
      </object_component>
      <object_component id="oc-66f">
         <name>.text:SwiP_restore</name>
         <load_address>0x20011200</load_address>
         <run_address>0x20011200</run_address>
         <size>0x44</size>
         <input_file_ref idref="fl-21"/>
      </object_component>
      <object_component id="oc-366">
         <name>.text:Timer_start</name>
         <load_address>0x20011244</load_address>
         <run_address>0x20011244</run_address>
         <size>0x44</size>
         <input_file_ref idref="fl-10"/>
      </object_component>
      <object_component id="oc-178">
         <name>.text:__TI_auto_init_nobinit_nopinit:__TI_auto_init_nobinit_nopinit</name>
         <load_address>0x20011288</load_address>
         <run_address>0x20011288</run_address>
         <size>0x44</size>
         <input_file_ref idref="fl-f8"/>
      </object_component>
      <object_component id="oc-4da">
         <name>.text:ClockP_construct</name>
         <load_address>0x200112cc</load_address>
         <run_address>0x200112cc</run_address>
         <size>0x40</size>
         <input_file_ref idref="fl-1d"/>
      </object_component>
      <object_component id="oc-2a9">
         <name>.text:PinModeSet</name>
         <load_address>0x2001130c</load_address>
         <run_address>0x2001130c</run_address>
         <size>0x40</size>
         <input_file_ref idref="fl-26"/>
      </object_component>
      <object_component id="oc-56f">
         <name>.text:TimerSupport_timerEnable</name>
         <load_address>0x2001134c</load_address>
         <run_address>0x2001134c</run_address>
         <size>0x40</size>
         <input_file_ref idref="fl-17"/>
      </object_component>
      <object_component id="oc-549">
         <name>.text:Timer_close</name>
         <load_address>0x2001138c</load_address>
         <run_address>0x2001138c</run_address>
         <size>0x40</size>
         <input_file_ref idref="fl-17"/>
      </object_component>
      <object_component id="oc-4aa">
         <name>.text:UDMACC32XX_init</name>
         <load_address>0x200113cc</load_address>
         <run_address>0x200113cc</run_address>
         <size>0x40</size>
         <input_file_ref idref="fl-1a"/>
      </object_component>
      <object_component id="oc-5f7">
         <name>.text:RingBuf_putAdvance</name>
         <load_address>0x2001140c</load_address>
         <run_address>0x2001140c</run_address>
         <size>0x3e</size>
         <input_file_ref idref="fl-12"/>
      </object_component>
      <object_component id="oc-8c5">
         <name>.text:_fcpy</name>
         <load_address>0x2001144a</load_address>
         <run_address>0x2001144a</run_address>
         <size>0x3e</size>
         <input_file_ref idref="fl-ef"/>
      </object_component>
      <object_component id="oc-433">
         <name>.text:ClockP_destruct</name>
         <load_address>0x20011488</load_address>
         <run_address>0x20011488</run_address>
         <size>0x3c</size>
         <input_file_ref idref="fl-1d"/>
      </object_component>
      <object_component id="oc-878">
         <name>.text:Power_setConstraint</name>
         <load_address>0x200114c4</load_address>
         <run_address>0x200114c4</run_address>
         <size>0x3c</size>
         <input_file_ref idref="fl-15"/>
      </object_component>
      <object_component id="oc-64d">
         <name>.text:getCountsRTC</name>
         <load_address>0x20011500</load_address>
         <run_address>0x20011500</run_address>
         <size>0x3a</size>
         <input_file_ref idref="fl-1f"/>
      </object_component>
      <object_component id="oc-73">
         <name>.text:busFaultHandler</name>
         <load_address>0x2001153a</load_address>
         <run_address>0x2001153a</run_address>
         <size>0x2</size>
         <input_file_ref idref="fl-20"/>
      </object_component>
      <object_component id="oc-956">
         <name>.text:PRCMLPDSEnterKeepDebugIf</name>
         <load_address>0x2001153c</load_address>
         <run_address>0x2001153c</run_address>
         <size>0x38</size>
         <input_file_ref idref="fl-27"/>
      </object_component>
      <object_component id="oc-db">
         <name>.text:addToList</name>
         <load_address>0x20011574</load_address>
         <run_address>0x20011574</run_address>
         <size>0x38</size>
         <input_file_ref idref="fl-1d"/>
      </object_component>
      <object_component id="oc-59">
         <name>.text:initVectors</name>
         <load_address>0x200115ac</load_address>
         <run_address>0x200115ac</run_address>
         <size>0x38</size>
         <input_file_ref idref="fl-20"/>
      </object_component>
      <object_component id="oc-927">
         <name>.text:notify</name>
         <load_address>0x200115e4</load_address>
         <run_address>0x200115e4</run_address>
         <size>0x38</size>
         <input_file_ref idref="fl-15"/>
      </object_component>
      <object_component id="oc-37f">
         <name>.text</name>
         <load_address>0x2001161c</load_address>
         <run_address>0x2001161c</run_address>
         <size>0x38</size>
         <input_file_ref idref="fl-e4"/>
      </object_component>
      <object_component id="oc-375">
         <name>.text</name>
         <load_address>0x20011654</load_address>
         <run_address>0x20011654</run_address>
         <size>0x38</size>
         <input_file_ref idref="fl-e5"/>
      </object_component>
      <object_component id="oc-859">
         <name>.text:TimerControlStall</name>
         <load_address>0x2001168c</load_address>
         <run_address>0x2001168c</run_address>
         <size>0x36</size>
         <input_file_ref idref="fl-28"/>
      </object_component>
      <object_component id="oc-833">
         <name>.text:Timer_stop</name>
         <load_address>0x200116c2</load_address>
         <run_address>0x200116c2</run_address>
         <size>0x36</size>
         <input_file_ref idref="fl-10"/>
      </object_component>
      <object_component id="oc-703">
         <name>.text:UART2_rxDisable</name>
         <load_address>0x200116f8</load_address>
         <run_address>0x200116f8</run_address>
         <size>0x36</size>
         <input_file_ref idref="fl-11"/>
      </object_component>
      <object_component id="oc-439">
         <name>.text:clkFxn</name>
         <load_address>0x2001172e</load_address>
         <run_address>0x2001172e</run_address>
         <size>0x2</size>
         <input_file_ref idref="fl-1c"/>
      </object_component>
      <object_component id="oc-63b">
         <name>.text:ClockP_getTicksUntilInterrupt</name>
         <load_address>0x20011730</load_address>
         <run_address>0x20011730</run_address>
         <size>0x34</size>
         <input_file_ref idref="fl-1d"/>
      </object_component>
      <object_component id="oc-75e">
         <name>.text:ClockP_startup</name>
         <load_address>0x20011764</load_address>
         <run_address>0x20011764</run_address>
         <size>0x34</size>
         <input_file_ref idref="fl-1d"/>
      </object_component>
      <object_component id="oc-2a3">
         <name>.text:PinModeGet</name>
         <load_address>0x20011798</load_address>
         <run_address>0x20011798</run_address>
         <size>0x34</size>
         <input_file_ref idref="fl-26"/>
      </object_component>
      <object_component id="oc-72d">
         <name>.text:PowerCC32XX_restoreParkState</name>
         <load_address>0x200117cc</load_address>
         <run_address>0x200117cc</run_address>
         <size>0x34</size>
         <input_file_ref idref="fl-15"/>
      </object_component>
      <object_component id="oc-9d2">
         <name>.text:RingBuf_getConsume</name>
         <load_address>0x20011800</load_address>
         <run_address>0x20011800</run_address>
         <size>0x34</size>
         <input_file_ref idref="fl-12"/>
      </object_component>
      <object_component id="oc-5f1">
         <name>.text:RingBuf_putPointer</name>
         <load_address>0x20011834</load_address>
         <run_address>0x20011834</run_address>
         <size>0x34</size>
         <input_file_ref idref="fl-12"/>
      </object_component>
      <object_component id="oc-83f">
         <name>.text:TimerCC32XX_freeTimerResource</name>
         <load_address>0x20011868</load_address>
         <run_address>0x20011868</run_address>
         <size>0x34</size>
         <input_file_ref idref="fl-17"/>
      </object_component>
      <object_component id="oc-567">
         <name>.text:TimerCC32XX_hwiIntFunction</name>
         <load_address>0x2001189c</load_address>
         <run_address>0x2001189c</run_address>
         <size>0x34</size>
         <input_file_ref idref="fl-17"/>
      </object_component>
      <object_component id="oc-5d9">
         <name>.text:UART2Support_sendData</name>
         <load_address>0x200118d0</load_address>
         <run_address>0x200118d0</run_address>
         <size>0x34</size>
         <input_file_ref idref="fl-18"/>
      </object_component>
      <object_component id="oc-71b">
         <name>.text:UDMACC32XX_close</name>
         <load_address>0x20011904</load_address>
         <run_address>0x20011904</run_address>
         <size>0x34</size>
         <input_file_ref idref="fl-1a"/>
      </object_component>
      <object_component id="oc-828">
         <name>.text:getPowerMgrId</name>
         <load_address>0x20011938</load_address>
         <run_address>0x20011938</run_address>
         <size>0x34</size>
         <input_file_ref idref="fl-17"/>
      </object_component>
      <object_component id="oc-210">
         <name>.text:initUART</name>
         <load_address>0x2001196c</load_address>
         <run_address>0x2001196c</run_address>
         <size>0x34</size>
         <input_file_ref idref="fl-2"/>
      </object_component>
      <object_component id="oc-995">
         <name>.text:UART2Support_disableRx</name>
         <load_address>0x200119a0</load_address>
         <run_address>0x200119a0</run_address>
         <size>0x32</size>
         <input_file_ref idref="fl-18"/>
      </object_component>
      <object_component id="oc-6d">
         <name>.text:defaultHandler</name>
         <load_address>0x200119d2</load_address>
         <run_address>0x200119d2</run_address>
         <size>0x2</size>
         <input_file_ref idref="fl-20"/>
      </object_component>
      <object_component id="oc-421">
         <name>.text:ClockP_start</name>
         <load_address>0x200119d4</load_address>
         <run_address>0x200119d4</run_address>
         <size>0x30</size>
         <input_file_ref idref="fl-1d"/>
      </object_component>
      <object_component id="oc-aa1">
         <name>.text:PowerCC32XX_restoreParkedPin</name>
         <load_address>0x20011a04</load_address>
         <run_address>0x20011a04</run_address>
         <size>0x30</size>
         <input_file_ref idref="fl-15"/>
      </object_component>
      <object_component id="oc-709">
         <name>.text:UARTDisable</name>
         <load_address>0x20011a34</load_address>
         <run_address>0x20011a34</run_address>
         <size>0x30</size>
         <input_file_ref idref="fl-29"/>
      </object_component>
      <object_component id="oc-38b">
         <name>.text:_outs</name>
         <load_address>0x20011a64</load_address>
         <run_address>0x20011a64</run_address>
         <size>0x30</size>
         <input_file_ref idref="fl-e2"/>
      </object_component>
      <object_component id="oc-8a8">
         <name>.text</name>
         <load_address>0x20011a94</load_address>
         <run_address>0x20011a94</run_address>
         <size>0x2e</size>
         <input_file_ref idref="fl-f6"/>
      </object_component>
      <object_component id="oc-67">
         <name>.text:faultISR</name>
         <load_address>0x20011ac2</load_address>
         <run_address>0x20011ac2</run_address>
         <size>0x2</size>
         <input_file_ref idref="fl-20"/>
      </object_component>
      <object_component id="oc-4a4">
         <name>.text:PowerCC32XX_getParkState</name>
         <load_address>0x20011ac4</load_address>
         <run_address>0x20011ac4</run_address>
         <size>0x2c</size>
         <input_file_ref idref="fl-15"/>
      </object_component>
      <object_component id="oc-30e">
         <name>.text:HwiP_create</name>
         <load_address>0x20011af0</load_address>
         <run_address>0x20011af0</run_address>
         <size>0x2a</size>
         <input_file_ref idref="fl-1e"/>
      </object_component>
      <object_component id="oc-908">
         <name>.text:RingBuf_getPointer</name>
         <load_address>0x20011b1a</load_address>
         <run_address>0x20011b1a</run_address>
         <size>0x2a</size>
         <input_file_ref idref="fl-12"/>
      </object_component>
      <object_component id="oc-853">
         <name>.text:TimerLoadSet</name>
         <load_address>0x20011b44</load_address>
         <run_address>0x20011b44</run_address>
         <size>0x2a</size>
         <input_file_ref idref="fl-28"/>
      </object_component>
      <object_component id="oc-84d">
         <name>.text:TimerPrescaleSet</name>
         <load_address>0x20011b6e</load_address>
         <run_address>0x20011b6e</run_address>
         <size>0x2a</size>
         <input_file_ref idref="fl-28"/>
      </object_component>
      <object_component id="oc-7e4">
         <name>.text:I2CFIFODataPutNonBlocking</name>
         <load_address>0x20011b98</load_address>
         <run_address>0x20011b98</run_address>
         <size>0x28</size>
         <input_file_ref idref="fl-24"/>
      </object_component>
      <object_component id="oc-29d">
         <name>.text:PRCMPeripheralClkDisable</name>
         <load_address>0x20011bc0</load_address>
         <run_address>0x20011bc0</run_address>
         <size>0x28</size>
         <input_file_ref idref="fl-27"/>
      </object_component>
      <object_component id="oc-2db">
         <name>.text:Power_registerNotify</name>
         <load_address>0x20011be8</load_address>
         <run_address>0x20011be8</run_address>
         <size>0x28</size>
         <input_file_ref idref="fl-15"/>
      </object_component>
      <object_component id="oc-6b4">
         <name>.text:free_list_insert</name>
         <load_address>0x20011c10</load_address>
         <run_address>0x20011c10</run_address>
         <size>0x28</size>
         <input_file_ref idref="fl-ed"/>
      </object_component>
      <object_component id="oc-781">
         <name>.text:uDMAChannelIsEnabled</name>
         <load_address>0x20011c38</load_address>
         <run_address>0x20011c38</run_address>
         <size>0x28</size>
         <input_file_ref idref="fl-2a"/>
      </object_component>
      <object_component id="oc-9df">
         <name>.text:I2CFIFODataGetNonBlocking</name>
         <load_address>0x20011c60</load_address>
         <run_address>0x20011c60</run_address>
         <size>0x26</size>
         <input_file_ref idref="fl-24"/>
      </object_component>
      <object_component id="oc-817">
         <name>.text:I2C_cancel</name>
         <load_address>0x20011c86</load_address>
         <run_address>0x20011c86</run_address>
         <size>0x26</size>
         <input_file_ref idref="fl-f"/>
      </object_component>
      <object_component id="oc-443">
         <name>.text:List_put</name>
         <load_address>0x20011cac</load_address>
         <run_address>0x20011cac</run_address>
         <size>0x26</size>
         <input_file_ref idref="fl-19"/>
      </object_component>
      <object_component id="oc-9a6">
         <name>.text:List_remove</name>
         <load_address>0x20011cd2</load_address>
         <run_address>0x20011cd2</run_address>
         <size>0x26</size>
         <input_file_ref idref="fl-19"/>
      </object_component>
      <object_component id="oc-6d4">
         <name>.text:HwiP_dispatch</name>
         <load_address>0x20011cf8</load_address>
         <run_address>0x20011cf8</run_address>
         <size>0x24</size>
         <input_file_ref idref="fl-1e"/>
      </object_component>
      <object_component id="oc-498">
         <name>.text:PowerCC32XX_reset</name>
         <load_address>0x20011d1c</load_address>
         <run_address>0x20011d1c</run_address>
         <size>0x24</size>
         <input_file_ref idref="fl-15"/>
      </object_component>
      <object_component id="oc-a29">
         <name>.text:TimerSupport_timerDisable</name>
         <load_address>0x20011d40</load_address>
         <run_address>0x20011d40</run_address>
         <size>0x24</size>
         <input_file_ref idref="fl-17"/>
      </object_component>
      <object_component id="oc-740">
         <name>.text:UARTEnable</name>
         <load_address>0x20011d64</load_address>
         <run_address>0x20011d64</run_address>
         <size>0x24</size>
         <input_file_ref idref="fl-29"/>
      </object_component>
      <object_component id="oc-c5">
         <name>.text:_c_int00_noargs:_c_int00_noargs</name>
         <load_address>0x20011d88</load_address>
         <run_address>0x20011d88</run_address>
         <size>0x24</size>
         <input_file_ref idref="fl-ee"/>
      </object_component>
      <object_component id="oc-9e7">
         <name>.text:I2CMasterSlaveAddrSet</name>
         <load_address>0x20011dac</load_address>
         <run_address>0x20011dac</run_address>
         <size>0x22</size>
         <input_file_ref idref="fl-24"/>
      </object_component>
      <object_component id="oc-4fb">
         <name>.text:UART2CC32XX_writeTimeout</name>
         <load_address>0x20011dce</load_address>
         <run_address>0x20011dce</run_address>
         <size>0x22</size>
         <input_file_ref idref="fl-18"/>
      </object_component>
      <object_component id="oc-70f">
         <name>.text:HwiP_destruct</name>
         <load_address>0x20011df0</load_address>
         <run_address>0x20011df0</run_address>
         <size>0x20</size>
         <input_file_ref idref="fl-1e"/>
      </object_component>
      <object_component id="oc-721">
         <name>.text:Power_unregisterNotify</name>
         <load_address>0x20011e10</load_address>
         <run_address>0x20011e10</run_address>
         <size>0x20</size>
         <input_file_ref idref="fl-15"/>
      </object_component>
      <object_component id="oc-492">
         <name>.text:UART2CC32XX_getPowerMgrId</name>
         <load_address>0x20011e30</load_address>
         <run_address>0x20011e30</run_address>
         <size>0x20</size>
         <input_file_ref idref="fl-18"/>
      </object_component>
      <object_component id="oc-7c0">
         <name>.text:I2CMasterIntStatusEx</name>
         <load_address>0x20011e50</load_address>
         <run_address>0x20011e50</run_address>
         <size>0x1e</size>
         <input_file_ref idref="fl-24"/>
      </object_component>
      <object_component id="oc-4c8">
         <name>.text:SemaphoreP_constructBinary</name>
         <load_address>0x20011e6e</load_address>
         <run_address>0x20011e6e</run_address>
         <size>0x1e</size>
         <input_file_ref idref="fl-1c"/>
      </object_component>
      <object_component id="oc-847">
         <name>.text:TimerDisable</name>
         <load_address>0x20011e8c</load_address>
         <run_address>0x20011e8c</run_address>
         <size>0x1e</size>
         <input_file_ref idref="fl-28"/>
      </object_component>
      <object_component id="oc-87e">
         <name>.text:TimerEnable</name>
         <load_address>0x20011eaa</load_address>
         <run_address>0x20011eaa</run_address>
         <size>0x1e</size>
         <input_file_ref idref="fl-28"/>
      </object_component>
      <object_component id="oc-6f0">
         <name>.text:postNotifyFxn</name>
         <load_address>0x20011ec8</load_address>
         <run_address>0x20011ec8</run_address>
         <size>0x1e</size>
         <input_file_ref idref="fl-1a"/>
      </object_component>
      <object_component id="oc-61">
         <name>.text:nmiISR</name>
         <load_address>0x20011ee6</load_address>
         <run_address>0x20011ee6</run_address>
         <size>0x2</size>
         <input_file_ref idref="fl-20"/>
      </object_component>
      <object_component id="oc-204">
         <name>.text:GPIO_setCallback</name>
         <load_address>0x20011ee8</load_address>
         <run_address>0x20011ee8</run_address>
         <size>0x1c</size>
         <input_file_ref idref="fl-e"/>
      </object_component>
      <object_component id="oc-733">
         <name>.text:PinToPadGet</name>
         <load_address>0x20011f04</load_address>
         <run_address>0x20011f04</run_address>
         <size>0x1c</size>
         <input_file_ref idref="fl-26"/>
      </object_component>
      <object_component id="oc-62f">
         <name>.text:SwiP_disable</name>
         <load_address>0x20011f20</load_address>
         <run_address>0x20011f20</run_address>
         <size>0x1c</size>
         <input_file_ref idref="fl-21"/>
      </object_component>
      <object_component id="oc-6ae">
         <name>.text:free_list_remove</name>
         <load_address>0x20011f3c</load_address>
         <run_address>0x20011f3c</run_address>
         <size>0x1c</size>
         <input_file_ref idref="fl-ed"/>
      </object_component>
      <object_component id="oc-5ab">
         <name>.text:memccpy</name>
         <load_address>0x20011f58</load_address>
         <run_address>0x20011f58</run_address>
         <size>0x1c</size>
         <input_file_ref idref="fl-101"/>
      </object_component>
      <object_component id="oc-2bd">
         <name>.text:SemaphoreP_createBinary</name>
         <load_address>0x20011f74</load_address>
         <run_address>0x20011f74</run_address>
         <size>0x1a</size>
         <input_file_ref idref="fl-1c"/>
      </object_component>
      <object_component id="oc-921">
         <name>.text</name>
         <load_address>0x20011f8e</load_address>
         <run_address>0x20011f8e</run_address>
         <size>0x2</size>
         <input_file_ref idref="fl-f0"/>
      </object_component>
      <object_component id="oc-21">
         <name>.text:resetISR</name>
         <load_address>0x20011f90</load_address>
         <run_address>0x20011f90</run_address>
         <size>0x1a</size>
         <input_file_ref idref="fl-20"/>
      </object_component>
      <object_component id="oc-a12">
         <name>.text:I2CMasterBusBusy</name>
         <load_address>0x20011faa</load_address>
         <run_address>0x20011faa</run_address>
         <size>0x18</size>
         <input_file_ref idref="fl-24"/>
      </object_component>
      <object_component id="oc-7d2">
         <name>.text:I2CMasterIntDisableEx</name>
         <load_address>0x20011fc2</load_address>
         <run_address>0x20011fc2</run_address>
         <size>0x18</size>
         <input_file_ref idref="fl-24"/>
      </object_component>
      <object_component id="oc-9f9">
         <name>.text:I2CMasterIntEnableEx</name>
         <load_address>0x20011fda</load_address>
         <run_address>0x20011fda</run_address>
         <size>0x18</size>
         <input_file_ref idref="fl-24"/>
      </object_component>
      <object_component id="oc-a0c">
         <name>.text:I2CRxFIFOFlush</name>
         <load_address>0x20011ff2</load_address>
         <run_address>0x20011ff2</run_address>
         <size>0x18</size>
         <input_file_ref idref="fl-24"/>
      </object_component>
      <object_component id="oc-a06">
         <name>.text:I2CTxFIFOFlush</name>
         <load_address>0x2001200a</load_address>
         <run_address>0x2001200a</run_address>
         <size>0x18</size>
         <input_file_ref idref="fl-24"/>
      </object_component>
      <object_component id="oc-641">
         <name>.text:Power_getTransitionLatency</name>
         <load_address>0x20012024</load_address>
         <run_address>0x20012024</run_address>
         <size>0x18</size>
         <input_file_ref idref="fl-15"/>
      </object_component>
      <object_component id="oc-96a">
         <name>.text:Power_idleFunc</name>
         <load_address>0x2001203c</load_address>
         <run_address>0x2001203c</run_address>
         <size>0x18</size>
         <input_file_ref idref="fl-15"/>
      </object_component>
      <object_component id="oc-adf">
         <name>.text:TimerIntDisable</name>
         <load_address>0x20012054</load_address>
         <run_address>0x20012054</run_address>
         <size>0x18</size>
         <input_file_ref idref="fl-28"/>
      </object_component>
      <object_component id="oc-872">
         <name>.text:TimerIntEnable</name>
         <load_address>0x2001206c</load_address>
         <run_address>0x2001206c</run_address>
         <size>0x18</size>
         <input_file_ref idref="fl-28"/>
      </object_component>
      <object_component id="oc-5df">
         <name>.text:UART2Support_txDone</name>
         <load_address>0x20012084</load_address>
         <run_address>0x20012084</run_address>
         <size>0x18</size>
         <input_file_ref idref="fl-18"/>
      </object_component>
      <object_component id="oc-32b">
         <name>.text:UART2_Params_init</name>
         <load_address>0x2001209c</load_address>
         <run_address>0x2001209c</run_address>
         <size>0x18</size>
         <input_file_ref idref="fl-11"/>
      </object_component>
      <object_component id="oc-6fd">
         <name>.text:UARTDMADisable</name>
         <load_address>0x200120b4</load_address>
         <run_address>0x200120b4</run_address>
         <size>0x18</size>
         <input_file_ref idref="fl-29"/>
      </object_component>
      <object_component id="oc-6f7">
         <name>.text:UARTIntDisable</name>
         <load_address>0x200120cc</load_address>
         <run_address>0x200120cc</run_address>
         <size>0x18</size>
         <input_file_ref idref="fl-29"/>
      </object_component>
      <object_component id="oc-746">
         <name>.text:UARTIntEnable</name>
         <load_address>0x200120e4</load_address>
         <run_address>0x200120e4</run_address>
         <size>0x18</size>
         <input_file_ref idref="fl-29"/>
      </object_component>
      <object_component id="oc-391">
         <name>.text:_outc</name>
         <load_address>0x200120fc</load_address>
         <run_address>0x200120fc</run_address>
         <size>0x18</size>
         <input_file_ref idref="fl-e2"/>
      </object_component>
      <object_component id="oc-65e">
         <name>.text</name>
         <load_address>0x20012114</load_address>
         <run_address>0x20012114</run_address>
         <size>0x18</size>
         <input_file_ref idref="fl-e6"/>
      </object_component>
      <object_component id="oc-9f3">
         <name>.text:I2CMasterBurstLengthSet</name>
         <load_address>0x2001212c</load_address>
         <run_address>0x2001212c</run_address>
         <size>0x16</size>
         <input_file_ref idref="fl-24"/>
      </object_component>
      <object_component id="oc-28b">
         <name>.text:PRCMHIBRegRead</name>
         <load_address>0x20012142</load_address>
         <run_address>0x20012142</run_address>
         <size>0x16</size>
         <input_file_ref idref="fl-27"/>
      </object_component>
      <object_component id="oc-285">
         <name>.text:PRCMHIBRegWrite</name>
         <load_address>0x20012158</load_address>
         <run_address>0x20012158</run_address>
         <size>0x16</size>
         <input_file_ref idref="fl-27"/>
      </object_component>
      <object_component id="oc-409">
         <name>.text:SemaphoreP_create</name>
         <load_address>0x2001216e</load_address>
         <run_address>0x2001216e</run_address>
         <size>0x16</size>
         <input_file_ref idref="fl-1c"/>
      </object_component>
      <object_component id="oc-8d9">
         <name>.text:strchr</name>
         <load_address>0x20012184</load_address>
         <run_address>0x20012184</run_address>
         <size>0x16</size>
         <input_file_ref idref="fl-102"/>
      </object_component>
      <object_component id="oc-159">
         <name>.text:Board_init</name>
         <load_address>0x2001219a</load_address>
         <run_address>0x2001219a</run_address>
         <size>0x14</size>
         <input_file_ref idref="fl-3"/>
      </object_component>
      <object_component id="oc-a3">
         <name>.text:CPUcpsid</name>
         <load_address>0x200121ae</load_address>
         <run_address>0x200121ae</run_address>
         <size>0x14</size>
         <input_file_ref idref="fl-23"/>
      </object_component>
      <object_component id="oc-44a">
         <name>.text:HwiP_inISR</name>
         <load_address>0x200121c4</load_address>
         <run_address>0x200121c4</run_address>
         <size>0x14</size>
         <input_file_ref idref="fl-1e"/>
      </object_component>
      <object_component id="oc-a1a">
         <name>.text:I2CSupport_masterFinish</name>
         <load_address>0x200121d8</load_address>
         <run_address>0x200121d8</run_address>
         <size>0x14</size>
         <input_file_ref idref="fl-14"/>
      </object_component>
      <object_component id="oc-34a">
         <name>.text:I2C_transfer</name>
         <load_address>0x200121ec</load_address>
         <run_address>0x200121ec</run_address>
         <size>0x14</size>
         <input_file_ref idref="fl-f"/>
      </object_component>
      <object_component id="oc-af">
         <name>.text:IntVTableBaseSet</name>
         <load_address>0x20012200</load_address>
         <run_address>0x20012200</run_address>
         <size>0x14</size>
         <input_file_ref idref="fl-25"/>
      </object_component>
      <object_component id="oc-450">
         <name>.text:Power_disablePolicy</name>
         <load_address>0x20012214</load_address>
         <run_address>0x20012214</run_address>
         <size>0x14</size>
         <input_file_ref idref="fl-15"/>
      </object_component>
      <object_component id="oc-a9a">
         <name>.text:Power_getDependencyCount</name>
         <load_address>0x20012228</load_address>
         <run_address>0x20012228</run_address>
         <size>0x14</size>
         <input_file_ref idref="fl-15"/>
      </object_component>
      <object_component id="oc-57c">
         <name>.text:strlen</name>
         <load_address>0x2001223c</load_address>
         <run_address>0x2001223c</run_address>
         <size>0x14</size>
         <input_file_ref idref="fl-103"/>
      </object_component>
      <object_component id="oc-308">
         <name>.text:HwiP_Params_init</name>
         <load_address>0x20012250</load_address>
         <run_address>0x20012250</run_address>
         <size>0x12</size>
         <input_file_ref idref="fl-1e"/>
      </object_component>
      <object_component id="oc-7c6">
         <name>.text:I2CMasterIntClearEx</name>
         <load_address>0x20012262</load_address>
         <run_address>0x20012262</run_address>
         <size>0x12</size>
         <input_file_ref idref="fl-24"/>
      </object_component>
[...]
      <symbol id="sm-c01">
         <name>I2CRxFIFOFlush</name>
         <value>0x20011ff3</value>
         <object_component_ref idref="oc-a0c"/>
      </symbol>
      <symbol id="sm-c02">
         <name>I2CTxFIFOFlush</name>
         <value>0x2001200b</value>
         <object_component_ref idref="oc-a06"/>
      </symbol>
      <symbol id="sm-c03">
         <name>I2CFIFODataPutNonBlocking</name>
         <value>0x20011b99</value>
         <object_component_ref idref="oc-7e4"/>
      </symbol>
      <symbol id="sm-c04">
         <name>I2CMasterBusBusy</name>
         <value>0x20011fab</value>
         <object_component_ref idref="oc-a12"/>
      </symbol>
      <symbol id="sm-c05">
         <name>I2CMasterIntDisableEx</name>
         <value>0x20011fc3</value>
         <object_component_ref idref="oc-7d2"/>
      </symbol>
      <symbol id="sm-c06">
         <name>I2CMasterBurstLengthSet</name>
         <value>0x2001212d</value>
         <object_component_ref idref="oc-9f3"/>
      </symbol>
      <symbol id="sm-c07">
         <name>I2CMasterIntClearEx</name>
         <value>0x20012263</value>
         <object_component_ref idref="oc-7c6"/>
      </symbol>
      <symbol id="sm-c08">
         <name>I2CMasterSlaveAddrSet</name>
         <value>0x20011dad</value>
         <object_component_ref idref="oc-9e7"/>
      </symbol>
      <symbol id="sm-c09">
         <name>I2CMasterIntEnableEx</name>
         <value>0x20011fdb</value>
         <object_component_ref idref="oc-9f9"/>
      </symbol>
      <symbol id="sm-c0a">
         <name>I2CFIFOStatus</name>
         <value>0x20012351</value>
         <object_component_ref idref="oc-7ea"/>
      </symbol>
      <symbol id="sm-c0b">
         <name>I2CMasterIntStatusEx</name>
         <value>0x20011e51</value>
         <object_component_ref idref="oc-7c0"/>
      </symbol>
      <symbol id="sm-c0c">
         <name>I2CFIFODataGetNonBlocking</name>
         <value>0x20011c61</value>
         <object_component_ref idref="oc-9df"/>
      </symbol>
      <symbol id="sm-c51">
         <name>IntVTableBaseSet</name>
         <value>0x20012201</value>
         <object_component_ref idref="oc-af"/>
      </symbol>
      <symbol id="sm-c52">
         <name>IntEnable</name>
         <value>0x2000f801</value>
         <object_component_ref idref="oc-b5"/>
      </symbol>
      <symbol id="sm-c53">
         <name>IntMasterDisable</name>
         <value>0x200124f7</value>
         <object_component_ref idref="oc-53"/>
      </symbol>
      <symbol id="sm-c54">
         <name>IntPendSet</name>
         <value>0x2000fd6d</value>
         <object_component_ref idref="oc-ab0"/>
      </symbol>
      <symbol id="sm-c8e">
         <name>PinModeGet</name>
         <value>0x20011799</value>
         <object_component_ref idref="oc-2a3"/>
      </symbol>
      <symbol id="sm-c8f">
         <name>PinConfigSet</name>
         <value>0x2000fdf5</value>
         <object_component_ref idref="oc-2fc"/>
      </symbol>
      <symbol id="sm-c90">
         <name>PinModeSet</name>
         <value>0x2001130d</value>
         <object_component_ref idref="oc-2a9"/>
      </symbol>
      <symbol id="sm-c91">
         <name>PinToPadGet</name>
         <value>0x20011f05</value>
         <object_component_ref idref="oc-733"/>
      </symbol>
      <symbol id="sm-d5a">
         <name>PRCMLPDSRestoreInfoSet</name>
         <value>0x20011135</value>
         <object_component_ref idref="oc-a92"/>
      </symbol>
      <symbol id="sm-d5b">
         <name>PRCMPeripheralReset</name>
         <value>0x20010919</value>
         <object_component_ref idref="oc-297"/>
      </symbol>
      <symbol id="sm-d5c">
         <name>PRCMLPDSEnter</name>
         <value>0x20010efd</value>
         <object_component_ref idref="oc-950"/>
      </symbol>
      <symbol id="sm-d5d">
         <name>PRCMPeripheralClkEnable</name>
         <value>0x20010f45</value>
         <object_component_ref idref="oc-291"/>
      </symbol>
      <symbol id="sm-d5e">
         <name>PRCMLPDSEnterKeepDebugIf</name>
         <value>0x2001153d</value>
         <object_component_ref idref="oc-956"/>
      </symbol>
      <symbol id="sm-d5f">
         <name>PRCMCC3200MCUInit</name>
         <value>0x2000ca91</value>
         <object_component_ref idref="oc-1de"/>
      </symbol>
      <symbol id="sm-d60">
         <name>PRCMHIBRegWrite</name>
         <value>0x20012159</value>
         <object_component_ref idref="oc-285"/>
      </symbol>
      <symbol id="sm-d61">
         <name>PRCMSysResetCauseGet</name>
         <value>0x200107a1</value>
         <object_component_ref idref="oc-27e"/>
      </symbol>
      <symbol id="sm-d62">
         <name>PRCMPeripheralClkDisable</name>
         <value>0x20011bc1</value>
         <object_component_ref idref="oc-29d"/>
      </symbol>
      <symbol id="sm-d63">
         <name>PRCMHIBRegRead</name>
         <value>0x20012143</value>
         <object_component_ref idref="oc-28b"/>
      </symbol>
      <symbol id="sm-dab">
         <name>TimerLoadSet</name>
         <value>0x20011b45</value>
         <object_component_ref idref="oc-853"/>
      </symbol>
      <symbol id="sm-dac">
         <name>TimerDisable</name>
         <value>0x20011e8d</value>
         <object_component_ref idref="oc-847"/>
      </symbol>
      <symbol id="sm-dad">
         <name>TimerEnable</name>
         <value>0x20011eab</value>
         <object_component_ref idref="oc-87e"/>
      </symbol>
      <symbol id="sm-dae">
         <name>TimerIntDisable</name>
         <value>0x20012055</value>
         <object_component_ref idref="oc-adf"/>
      </symbol>
      <symbol id="sm-daf">
         <name>TimerPrescaleSet</name>
         <value>0x20011b6f</value>
         <object_component_ref idref="oc-84d"/>
      </symbol>
      <symbol id="sm-db0">
         <name>TimerControlStall</name>
         <value>0x2001168d</value>
         <object_component_ref idref="oc-859"/>
      </symbol>
      <symbol id="sm-db1">
         <name>TimerIntEnable</name>
         <value>0x2001206d</value>
         <object_component_ref idref="oc-872"/>
      </symbol>
      <symbol id="sm-db2">
         <name>TimerIntClear</name>
         <value>0x20012287</value>
         <object_component_ref idref="oc-869"/>
      </symbol>
      <symbol id="sm-def">
         <name>UARTDisable</name>
         <value>0x20011a35</value>
         <object_component_ref idref="oc-709"/>
      </symbol>
      <symbol id="sm-df0">
         <name>UARTIntEnable</name>
         <value>0x200120e5</value>
         <object_component_ref idref="oc-746"/>
      </symbol>
      <symbol id="sm-df1">
         <name>UARTIntDisable</name>
         <value>0x200120cd</value>
         <object_component_ref idref="oc-6f7"/>
      </symbol>
      <symbol id="sm-df2">
         <name>UARTRxErrorGet</name>
         <value>0x200122ab</value>
         <object_component_ref idref="oc-775"/>
      </symbol>
      <symbol id="sm-df3">
         <name>UARTEnable</name>
         <value>0x20011d65</value>
         <object_component_ref idref="oc-740"/>
      </symbol>
      <symbol id="sm-df4">
         <name>UARTIntClear</name>
         <value>0x20012299</value>
         <object_component_ref idref="oc-73a"/>
      </symbol>
      <symbol id="sm-df5">
         <name>UARTDMADisable</name>
         <value>0x200120b5</value>
         <object_component_ref idref="oc-6fd"/>
      </symbol>
      <symbol id="sm-e28">
         <name>uDMAChannelIsEnabled</name>
         <value>0x20011c39</value>
         <object_component_ref idref="oc-781"/>
      </symbol>
      <symbol id="sm-e29">
         <name>uDMAErrorStatusGet</name>
         <value>0x200124cd</value>
         <object_component_ref idref="oc-b02"/>
      </symbol>
      <symbol id="sm-e2a">
         <name>uDMAErrorStatusClear</name>
         <value>0x200124c1</value>
         <object_component_ref idref="oc-b08"/>
      </symbol>
      <symbol id="sm-e2b">
         <name>uDMAChannelAttributeDisable</name>
         <value>0x200106dd</value>
         <object_component_ref idref="oc-74c"/>
      </symbol>
      <symbol id="sm-e2f">
         <name>UtilsDelay</name>
         <value>0x20012533</value>
         <object_component_ref idref="oc-284"/>
      </symbol>
      <symbol id="sm-e3f">
         <name>FlashDisable</name>
         <value>0x20010e25</value>
         <object_component_ref idref="oc-aa8"/>
      </symbol>
      <symbol id="sm-e6e">
         <name>snprintf</name>
         <value>0x20010dd9</value>
         <object_component_ref idref="oc-22e"/>
      </symbol>
      <symbol id="sm-e78">
         <name>__aeabi_fmul</name>
         <value>0x20010287</value>
         <object_component_ref idref="oc-37a"/>
      </symbol>
      <symbol id="sm-e82">
         <name>__aeabi_f2iz</name>
         <value>0x2001161d</value>
         <object_component_ref idref="oc-37f"/>
      </symbol>
      <symbol id="sm-e8d">
         <name>__aeabi_i2f</name>
         <value>0x20011655</value>
         <object_component_ref idref="oc-375"/>
      </symbol>
      <symbol id="sm-e96">
         <name>__aeabi_lmul</name>
         <value>0x20012115</value>
         <object_component_ref idref="oc-65e"/>
      </symbol>
      <symbol id="sm-eb1">
         <name>memcpy</name>
         <value>0x2000fa8d</value>
         <object_component_ref idref="oc-3b"/>
      </symbol>
      <symbol id="sm-eb2">
         <name>__aeabi_memcpy</name>
         <value>0x2000fa8d</value>
         <object_component_ref idref="oc-3b"/>
      </symbol>
      <symbol id="sm-eb3">
         <name>__aeabi_memcpy8</name>
         <value>0x2000fa8d</value>
         <object_component_ref idref="oc-3b"/>
      </symbol>
      <symbol id="sm-eb4">
         <name>__aeabi_memcpy4</name>
         <value>0x2000fa8d</value>
         <object_component_ref idref="oc-3b"/>
      </symbol>
      <symbol id="sm-ec1">
         <name>__aeabi_uldivmod</name>
         <value>0x2000fb29</value>
         <object_component_ref idref="oc-653"/>
      </symbol>
      <symbol id="sm-ed3">
         <name>__TI_zero_init</name>
         <value>0x20012479</value>
         <object_component_ref idref="oc-4d"/>
      </symbol>
      <symbol id="sm-eea">
         <name>__TI_decompress_none</name>
         <value>0x20012423</value>
         <object_component_ref idref="oc-1a"/>
      </symbol>
      <symbol id="sm-f0d">
         <name>__TI_decompress_lzss</name>
         <value>0x200105ad</value>
         <object_component_ref idref="oc-14"/>
      </symbol>
      <symbol id="sm-f1a">
         <name>bzero</name>
         <value>0x20012511</value>
         <object_component_ref idref="oc-222"/>
      </symbol>
      <symbol id="sm-fa3">
         <name>_sys_memory</name>
         <value>0x20004040</value>
         <object_component_ref idref="oc-2a"/>
      </symbol>
      <symbol id="sm-fa4">
         <name>free</name>
         <value>0x2000f2b5</value>
         <object_component_ref idref="oc-414"/>
      </symbol>
      <symbol id="sm-fa5">
         <name>memalign</name>
         <value>0x2000ecf5</value>
         <object_component_ref idref="oc-6ca"/>
      </symbol>
      <symbol id="sm-fa6">
         <name>malloc</name>
         <value>0x20012519</value>
         <object_component_ref idref="oc-46e"/>
      </symbol>
      <symbol id="sm-fa7">
         <name>aligned_alloc</name>
         <value>0x2000ecf5</value>
         <object_component_ref idref="oc-6ca"/>
      </symbol>
      <symbol id="sm-fb9">
         <name>__stack</name>
         <value>0x20003000</value>
         <object_component_ref idref="oc-2d"/>
      </symbol>
      <symbol id="sm-fba">
         <name>_c_int00_noargs</name>
         <value>0x20011d89</value>
         <object_component_ref idref="oc-c5"/>
      </symbol>
      <symbol id="sm-111f">
         <name>__TI_printfi</name>
         <value>0x2000c041</value>
         <object_component_ref idref="oc-385"/>
      </symbol>
      <symbol id="sm-1129">
         <name>__aeabi_idiv0</name>
         <value>0x20011f8f</value>
         <object_component_ref idref="oc-921"/>
      </symbol>
      <symbol id="sm-112a">
         <name>__aeabi_ldiv0</name>
         <value>0x20011f8f</value>
         <object_component_ref idref="oc-921"/>
      </symbol>
      <symbol id="sm-1141">
         <name>__aeabi_dsub</name>
         <value>0x2000dc31</value>
         <object_component_ref idref="oc-8ad"/>
      </symbol>
      <symbol id="sm-1142">
         <name>__aeabi_dadd</name>
         <value>0x2000dc3b</value>
         <object_component_ref idref="oc-8ad"/>
      </symbol>
      <symbol id="sm-1164">
         <name>__aeabi_cdcmpeq</name>
         <value>0x2000fe7d</value>
         <object_component_ref idref="oc-58e"/>
      </symbol>
      <symbol id="sm-1165">
         <name>__aeabi_cdcmple</name>
         <value>0x2000fe7d</value>
         <object_component_ref idref="oc-58e"/>
      </symbol>
      <symbol id="sm-1166">
         <name>__aeabi_cdrcmple</name>
         <value>0x2000ff03</value>
         <object_component_ref idref="oc-898"/>
      </symbol>
      <symbol id="sm-117a">
         <name>__aeabi_ddiv</name>
         <value>0x2000e875</value>
         <object_component_ref idref="oc-893"/>
      </symbol>
      <symbol id="sm-1185">
         <name>__aeabi_dmul</name>
         <value>0x2000eef1</value>
         <object_component_ref idref="oc-88e"/>
      </symbol>
      <symbol id="sm-118f">
         <name>__aeabi_d2iz</name>
         <value>0x2001101d</value>
         <object_component_ref idref="oc-89d"/>
      </symbol>
      <symbol id="sm-1199">
         <name>__aeabi_i2d</name>
         <value>0x20011a95</value>
         <object_component_ref idref="oc-8a8"/>
      </symbol>
      <symbol id="sm-11a8">
         <name>__aeabi_memset</name>
         <value>0x20010303</value>
         <object_component_ref idref="oc-9d"/>
      </symbol>
      <symbol id="sm-11a9">
         <name>memset</name>
         <value>0x20010309</value>
         <object_component_ref idref="oc-9d"/>
      </symbol>
      <symbol id="sm-11aa">
         <name>__aeabi_memset8</name>
         <value>0x20010303</value>
         <object_component_ref idref="oc-9d"/>
      </symbol>
      <symbol id="sm-11ab">
         <name>__aeabi_memset4</name>
         <value>0x20010303</value>
         <object_component_ref idref="oc-9d"/>
      </symbol>
      <symbol id="sm-11ac">
         <name>__aeabi_memclr8</name>
         <value>0x20010301</value>
         <object_component_ref idref="oc-9d"/>
      </symbol>
      <symbol id="sm-11ad">
         <name>__aeabi_memclr4</name>
         <value>0x20010301</value>
         <object_component_ref idref="oc-9d"/>
      </symbol>
      <symbol id="sm-11ae">
         <name>__aeabi_memclr</name>
         <value>0x20010301</value>
         <object_component_ref idref="oc-9d"/>
      </symbol>
      <symbol id="sm-11d6">
         <name>__TI_auto_init_nobinit_nopinit</name>
         <value>0x20011289</value>
         <object_component_ref idref="oc-178"/>
      </symbol>
      <symbol id="sm-11e0">
         <name>_system_pre_init</name>
         <value>0x20012549</value>
         <object_component_ref idref="oc-119"/>
      </symbol>
      <symbol id="sm-11ec">
         <name>C$$EXIT</name>
         <value>0x2001254d</value>
         <object_component_ref idref="oc-16c"/>
      </symbol>
      <symbol id="sm-11ed">
         <name>abort</name>
         <value>0x2001254d</value>
         <object_component_ref idref="oc-16c"/>
      </symbol>
      <symbol id="sm-1202">
         <name>_nop</name>
         <value>0x2001085f</value>
         <object_component_ref idref="oc-3b8"/>
      </symbol>
      <symbol id="sm-1203">
         <name>_lock</name>
         <value>0x200138fc</value>
         <object_component_ref idref="oc-251"/>
      </symbol>
      <symbol id="sm-1204">
         <name>_unlock</name>
         <value>0x20013900</value>
         <object_component_ref idref="oc-251"/>
      </symbol>
      <symbol id="sm-1213">
         <name>__TI_ltoa</name>
         <value>0x20010a1f</value>
         <object_component_ref idref="oc-8a2"/>
      </symbol>
      <symbol id="sm-122a">
         <name>atoi</name>
         <value>0x20010d41</value>
         <object_component_ref idref="oc-582"/>
      </symbol>
      <symbol id="sm-1235">
         <name>_ctypes_</name>
         <value>0x20013934</value>
         <object_component_ref idref="oc-887"/>
      </symbol>
      <symbol id="sm-1245">
         <name>memccpy</name>
         <value>0x20011f59</value>
         <object_component_ref idref="oc-5ab"/>
      </symbol>
      <symbol id="sm-1255">
         <name>strchr</name>
         <value>0x20012185</value>
         <object_component_ref idref="oc-8d9"/>
      </symbol>
      <symbol id="sm-1263">
         <name>strlen</name>
         <value>0x2001223d</value>
         <object_component_ref idref="oc-57c"/>
      </symbol>
      <symbol id="sm-1279">
         <name>__aeabi_errno_addr</name>
         <value>0x20012509</value>
         <object_component_ref idref="oc-5b7"/>
      </symbol>
      <symbol id="sm-127a">
         <name>errno</name>
         <value>0x2001392c</value>
         <object_component_ref idref="oc-8e9"/>
      </symbol>
      <symbol id="sm-129a">
         <name>frexpl</name>
         <value>0x20010861</value>
         <object_component_ref idref="oc-8cd"/>
      </symbol>
      <symbol id="sm-129b">
         <name>frexp</name>
         <value>0x20010861</value>
         <object_component_ref idref="oc-8cd"/>
      </symbol>
      <symbol id="sm-12b9">
         <name>scalbn</name>
         <value>0x2000f399</value>
         <object_component_ref idref="oc-8d3"/>
      </symbol>
      <symbol id="sm-12ba">
         <name>scalbnl</name>
         <value>0x2000f399</value>
         <object_component_ref idref="oc-8d3"/>
      </symbol>
      <symbol id="sm-12bb">
         <name>ldexpl</name>
         <value>0x2000f399</value>
         <object_component_ref idref="oc-8d3"/>
      </symbol>
      <symbol id="sm-12bc">
         <name>ldexp</name>
         <value>0x2000f399</value>
         <object_component_ref idref="oc-8d3"/>
      </symbol>
      <symbol id="sm-12c6">
         <name>copysign</name>
         <value>0x2001246d</value>
         <object_component_ref idref="oc-a56"/>
      </symbol>
      <symbol id="sm-12c7">
         <name>copysignl</name>
         <value>0x2001246d</value>
         <object_component_ref idref="oc-a56"/>
      </symbol>
      <symbol id="sm-12e0">
         <name>wcslen</name>
         <value>0x200122cf</value>
         <object_component_ref idref="oc-5b1"/>
      </symbol>
      <symbol id="sm-12e1">
         <name>__TI_static_base__</name>
         <value>0x20012550</value>
      </symbol>
      <symbol id="sm-12e4">
         <name>ITM_flush</name>
         <value>0x0</value>
      </symbol>
      <symbol id="sm-12e5">
         <name>ITM_restore</name>
         <value>0x0</value>
      </symbol>
      <symbol id="sm-12e6">
         <name>__mpu_init</name>
         <value>0x0</value>
      </symbol>
      <symbol id="sm-12e7">
         <name>_system_post_cinit</name>
         <value>0x0</value>
      </symbol>
      <symbol id="sm-12e8">
         <name>NoRTOS_start</name>
         <value>0x200123eb</value>
      </symbol>
   </symbol_table>
   <title>Link successful</title>
</link_info>
