******************************************************************************
                  TI ARM Linker PC v20.2.6                     
******************************************************************************
>> Linked Mon Aug 15 18:32:30 2022

OUTPUT FILE NAME:   <Project_Kovacevich.out>
ENTRY POINT SYMBOL: "resetISR"  address: 20011f91


MEMORY CONFIGURATION

         name            origin    length      used     unused   attr    fill
----------------------  --------  ---------  --------  --------  ----  --------
  SRAM2                 20000000   00004000  0000130c  00002cf4  RW X
  SRAM                  20004000   0003c000  0000fc21  0002c3df  RW X
  LOG_DATA              90000000   00040000  00000000  00040000  R   


SEGMENT ALLOCATION MAP

run origin  load origin   length   init length attrs members
----------  ----------- ---------- ----------- ----- -------
20003000    20003000    00001000   00000000    rw-
  20003000    20003000    00001000   00000000    rw- .stack
20004000    20004000    00000040   00000040    r--
  20004000    20004000    00000040   00000040    r-- .resetVecs
20004040    20004040    00008000   00000000    rw-
  20004040    20004040    00008000   00000000    rw- .sysmem
2000c040    2000c040    00006610   00006610    r-x
  2000c040    2000c040    00006510   00006510    r-x .text
  20012550    20012550    00000100   00000100    r-- .cinit
20012800    20012800    00001134   00000000    rw-
  20012800    20012800    00000a48   00000000    rw- .bss
  20013248    20013248    000006ec   00000000    rw- .data
20013934    20013934    0000049d   0000049d    r--
  20013934    20013934    0000049d   0000049d    r-- .const


SECTION ALLOCATION MAP

 output                                  attributes/
section   page    origin      length       input sections
--------  ----  ----------  ----------   ----------------
.text      0    2000c040    00006510     
                  2000c040    00000a4e     rtsv7M4_T_le_eabi.lib : _printfi.c.obj (.text:__TI_printfi)
                  2000ca8e    00000002     ti_drivers_config.obj (.text:Board_initHook)
                  2000ca90    0000042c     driverlib.a : prcm.obj (.text:PRCMCC3200MCUInit)
                  2000cebc    00000298     drivers_cc32xx.a : UART2.oem4 (.text:UART2_writeTimeout)
                  2000d154    00000294                      : UART2CC32XX.oem4 (.text:UART2_open)
                  2000d3e8    00000268     rtsv7M4_T_le_eabi.lib : _printfi.c.obj (.text:_pconv_a)
                  2000d650    00000234     drivers_cc32xx.a : UART2CC32XX.oem4 (.text:UART2CC32XX_hwiIntFxn)
                  2000d884    000001e0     gpiointerrupt.obj (.text:initI2C)
                  2000da64    000001cc     rtsv7M4_T_le_eabi.lib : _printfi.c.obj (.text:_pconv_g)
                  2000dc30    000001b6                           : fd_add_t2.asm.obj (.text)
                  2000dde6    00000002     drivers_cc32xx.a : I2C.oem4 (.text:I2C_init)
                  2000dde8    000001a0     nortos_cc32xx.a : PowerCC32XX_nortos.oem4 (.text:PowerCC32XX_sleepPolicy)
                  2000df88    0000015c     gpiointerrupt.obj (.text:mainThread)
                  2000e0e4    00000154     drivers_cc32xx.a : GPIOCC32XX.oem4 (.text:GPIO_setConfig)
                  2000e238    00000148                      : I2CCC32XX.oem4 (.text:I2CCC32XX_hwiFxn)
                  2000e380    00000148                      : PowerCC32XX.oem4 (.text:parkPins)
                  2000e4c8    0000013c     rtsv7M4_T_le_eabi.lib : _printfi.c.obj (.text:_pconv_e)
                  2000e604    00000138     drivers_cc32xx.a : PowerCC32XX.oem4 (.text:Power_sleep)
                  2000e73c    00000138                      : TimerCC32XX.oem4 (.text:Timer_open)
                  2000e874    00000136     rtsv7M4_T_le_eabi.lib : fd_div_t2.asm.obj (.text)
                  2000e9aa    00000122     drivers_cc32xx.a : I2C.oem4 (.text:I2C_transferTimeout)
                  2000eacc    00000120     rtsv7M4_T_le_eabi.lib : _printfi.c.obj (.text:fcvt)
                  2000ebec    00000108     drivers_cc32xx.a : UART2CC32XX.oem4 (.text:UART2_close)
                  2000ecf4    00000100     rtsv7M4_T_le_eabi.lib : memory.c.obj (.text:aligned_alloc)
                  2000edf4    000000fc     drivers_cc32xx.a : I2CCC32XX.oem4 (.text:I2C_open)
                  2000eef0    000000fc     rtsv7M4_T_le_eabi.lib : fd_mul_t2.asm.obj (.text)
                  2000efec    000000f8     gpiointerrupt.obj (.text:readTemp)
                  2000f0e4    000000ec     drivers_cc32xx.a : UART2CC32XX.oem4 (.text:UART2CC32XX_initHw)
                  2000f1d0    000000e4                      : UART2CC32XX.oem4 (.text:UART2Support_dmaStartRx)
                  2000f2b4    000000e4     rtsv7M4_T_le_eabi.lib : memory.c.obj (.text:free)
                  2000f398    000000d0                           : s_scalbn.c.obj (.text:scalbn)
                  2000f468    000000c8     drivers_cc32xx.a : UART2CC32XX.oem4 (.text:UART2Support_dmaStartTx)
                  2000f530    000000c0                      : PowerCC32XX.oem4 (.text:restoreParkedPins)
                  2000f5f0    000000b2                      : I2CCC32XX.oem4 (.text:I2CCC32XX_completeTransfer)
                  2000f6a2    00000002     nortos_cc32xx.a : PowerCC32XX_nortos.oem4 (.text:PowerCC32XX_initPolicy)
                  2000f6a4    000000b1     rtsv7M4_T_le_eabi.lib : _printfi.c.obj (.text:_ltostr)
                  2000f755    00000001     --HOLE-- [fill = 0]
                  2000f756    000000a8     drivers_cc32xx.a : I2CCC32XX.oem4 (.text:I2CCC32XX_primeWriteBurst)
                  2000f7fe    00000002     nortos_cc32xx.a : SemaphoreP_nortos.oem4 (.text:SemaphoreP_destruct)
                  2000f800    000000a8     driverlib.a : interrupt.obj (.text:IntEnable)
                  2000f8a8    000000a8     drivers_cc32xx.a : PowerCC32XX.oem4 (.text:PowerCC32XX_configureWakeup)
                  2000f950    000000a0     nortos_cc32xx.a : SemaphoreP_nortos.oem4 (.text:SemaphoreP_pend)
                  2000f9f0    0000009c     drivers_cc32xx.a : I2CCC32XX.oem4 (.text:I2CCC32XX_initHw)
                  2000fa8c    0000009c     rtsv7M4_T_le_eabi.lib : memcpy_t2.asm.obj (.text)
                  2000fb28    00000096                           : ull_div_t2.asm.obj (.text)
                  2000fbbe    00000002     drivers_cc32xx.a : Timer.oem4 (.text:Timer_init)
                  2000fbc0    00000090                      : GPIOCC32XX.oem4 (.text:GPIO_init)
                  2000fc50    00000090                      : PowerCC32XX.oem4 (.text:restoreNVICRegs)
                  2000fce0    0000008c     nortos_cc32xx.a : HwiPCC32XX_nortos.oem4 (.text:HwiP_construct)
                  2000fd6c    00000088     driverlib.a : interrupt.obj (.text:IntPendSet)
                  2000fdf4    00000088                 : pin.obj (.text:PinConfigSet)
                  2000fe7c    00000086     rtsv7M4_T_le_eabi.lib : fd_cmp_t2.asm.obj (.text:__aeabi_cdcmple)
                  2000ff02    00000086                           : fd_cmp_t2.asm.obj (.text:__aeabi_cdrcmple)
                  2000ff88    00000084     drivers_cc32xx.a : PowerCC32XX.oem4 (.text:Power_init)
                  2001000c    00000084                      : PowerCC32XX.oem4 (.text:saveNVICRegs)
                  20010090    00000080                      : GPIOCC32XX.oem4 (.text:GPIO_write)
                  20010110    00000080                      : PowerCC32XX.oem4 (.text:Power_setDependency)
                  20010190    0000007c                      : UDMACC32XX.oem4 (.text:UDMACC32XX_open)
                  2001020c    0000007a                      : I2CCC32XX.oem4 (.text:I2CCC32XX_primeReadBurst)
                  20010286    0000007a     rtsv7M4_T_le_eabi.lib : fs_mul_t2.asm.obj (.text)
                  20010300    0000007a                           : memset_t2.asm.obj (.text)
                  2001037a    00000074     drivers_cc32xx.a : UART2CC32XX.oem4 (.text:UART2CC32XX_readCallback)
                  200103ee    00000002                      : UART2CC32XX.oem4 (.text:UART2CC32XX_eventCallback)
                  200103f0    00000074                      : GPIOCC32XX.oem4 (.text:powerNotifyFxn)
                  20010464    00000070     rtsv7M4_T_le_eabi.lib : memory.c.obj (.text:split)
                  200104d4    0000006e                           : _printfi.c.obj (.text:_mcpy)
                  20010542    0000006a     drivers_cc32xx.a : I2CCC32XX.oem4 (.text:I2CSupport_primeTransfer)
                  200105ac    00000068     rtsv7M4_T_le_eabi.lib : copy_decompress_lzss.c.obj (.text:decompress:lzss:__TI_decompress_lzss)
                  20010614    00000064     drivers_cc32xx.a : GPIOCC32XX.oem4 (.text:GPIO_setInterruptConfig)
                  20010678    00000064                      : PowerCC32XX.oem4 (.text:PowerCC32XX_setParkState)
                  200106dc    00000064     driverlib.a : udma.obj (.text:uDMAChannelAttributeDisable)
                  20010740    00000060     drivers_cc32xx.a : GPIOCC32XX.oem4 (.text:GPIO_hwiIntFxn)
                  200107a0    00000060     driverlib.a : prcm.obj (.text:PRCMSysResetCauseGet)
                  20010800    0000005e     drivers_cc32xx.a : UART2CC32XX.oem4 (.text:UART2Support_dmaStopTx)
                  2001085e    00000002     rtsv7M4_T_le_eabi.lib : _lock.c.obj (.text:_nop)
                  20010860    0000005c                           : s_frexp.c.obj (.text:frexp)
                  200108bc    0000005c     nortos_cc32xx.a : ClockPSysTick_nortos.oem4 (.text:sysTickInit)
                  20010918    00000058     driverlib.a : prcm.obj (.text:PRCMPeripheralReset)
                  20010970    00000058     drivers_cc32xx.a : PowerCC32XX.oem4 (.text:Power_releaseDependency)
                  200109c8    00000056     rtsv7M4_T_le_eabi.lib : _printfi.c.obj (.text:_pconv_f)
                  20010a1e    00000054                           : _ltoa.c.obj (.text:__TI_ltoa)
                  20010a72    00000052     drivers_cc32xx.a : PowerCC32XX_asm.oem4 (.text:PowerCC32XX_resumeLPDS)
                  20010ac4    00000052     rtsv7M4_T_le_eabi.lib : _printfi.c.obj (.text:_ecpy)
                  20010b16    00000052     drivers_cc32xx.a : TimerCC32XX.oem4 (.text:initHw)
                  20010b68    00000050     nortos_cc32xx.a : ClockPSysTick_nortos.oem4 (.text:ClockP_sysTickHandler)
                  20010bb8    00000050                     : SemaphoreP_nortos.oem4 (.text:SemaphoreP_construct)
                  20010c08    00000050     drivers_cc32xx.a : TimerCC32XX.oem4 (.text:TimerCC32XX_allocateTimerResource)
                  20010c58    00000050                      : UART2CC32XX.oem4 (.text:UART2Support_dmaStopRx)
                  20010ca8    0000004c                      : I2CCC32XX.oem4 (.text:I2CCC32XX_readRecieveFifo)
                  20010cf4    0000004c                      : PowerCC32XX.oem4 (.text:PowerCC32XX_parkPin)
                  20010d40    0000004c     rtsv7M4_T_le_eabi.lib : atoi.c.obj (.text:atoi)
                  20010d8c    0000004c     drivers_cc32xx.a : PowerCC32XX.oem4 (.text:restorePeriphClocks)
                  20010dd8    0000004c     rtsv7M4_T_le_eabi.lib : snprintf.c.obj (.text:snprintf)
                  20010e24    00000048     driverlib.a : flash.obj (.text:FlashDisable)
                  20010e6c    00000048     drivers_cc32xx.a : GPIOCC32XX.oem4 (.text:GPIO_disableInt)
                  20010eb4    00000048                      : GPIOCC32XX.oem4 (.text:GPIO_enableInt)
                  20010efc    00000048     driverlib.a : prcm.obj (.text:PRCMLPDSEnter)
                  20010f44    00000048                 : prcm.obj (.text:PRCMPeripheralClkEnable)
                  20010f8c    00000048     drivers_cc32xx.a : PowerCC32XX.oem4 (.text:Power_releaseConstraint)
                  20010fd4    00000048     gpiointerrupt.obj (.text:initTimer)
                  2001101c    00000048     rtsv7M4_T_le_eabi.lib : fd_toi_t2.asm.obj (.text)
                  20011064    00000046     drivers_cc32xx.a : RingBuf.oem4 (.text:RingBuf_put)
                  200110aa    00000046                      : TimerCC32XX.oem4 (.text:getPrescaler)
                  200110f0    00000044     nortos_cc32xx.a : ClockPSysTick_nortos.oem4 (.text:ClockP_stop)
                  20011134    00000044     driverlib.a : prcm.obj (.text:PRCMLPDSRestoreInfoSet)
                  20011178    00000044     drivers_cc32xx.a : PowerCC32XX_asm.oem4 (.text:PowerCC32XX_enterLPDS)
                  200111bc    00000044     nortos_cc32xx.a : SemaphoreP_nortos.oem4 (.text:SemaphoreP_post)
                  20011200    00000044                     : SwiP_nortos.oem4 (.text:SwiP_restore)
                  20011244    00000044     drivers_cc32xx.a : Timer.oem4 (.text:Timer_start)
                  20011288    00000044     rtsv7M4_T_le_eabi.lib : autoinit.c.obj (.text:__TI_auto_init_nobinit_nopinit:__TI_auto_init_nobinit_nopinit)
                  200112cc    00000040     nortos_cc32xx.a : ClockPSysTick_nortos.oem4 (.text:ClockP_construct)
                  2001130c    00000040     driverlib.a : pin.obj (.text:PinModeSet)
                  2001134c    00000040     drivers_cc32xx.a : TimerCC32XX.oem4 (.text:TimerSupport_timerEnable)
                  2001138c    00000040                      : TimerCC32XX.oem4 (.text:Timer_close)
                  200113cc    00000040                      : UDMACC32XX.oem4 (.text:UDMACC32XX_init)
                  2001140c    0000003e                      : RingBuf.oem4 (.text:RingBuf_putAdvance)
                  2001144a    0000003e     rtsv7M4_T_le_eabi.lib : _printfi.c.obj (.text:_fcpy)
                  20011488    0000003c     nortos_cc32xx.a : ClockPSysTick_nortos.oem4 (.text:ClockP_destruct)
                  200114c4    0000003c     drivers_cc32xx.a : PowerCC32XX.oem4 (.text:Power_setConstraint)
                  20011500    0000003a     nortos_cc32xx.a : PowerCC32XX_nortos.oem4 (.text:getCountsRTC)
                  2001153a    00000002                     : startup_cc32xx_ccs.oem4 (.text:busFaultHandler)
                  2001153c    00000038     driverlib.a : prcm.obj (.text:PRCMLPDSEnterKeepDebugIf)
                  20011574    00000038     nortos_cc32xx.a : ClockPSysTick_nortos.oem4 (.text:addToList)
                  200115ac    00000038                     : startup_cc32xx_ccs.oem4 (.text:initVectors)
                  200115e4    00000038     drivers_cc32xx.a : PowerCC32XX.oem4 (.text:notify)
                  2001161c    00000038     rtsv7M4_T_le_eabi.lib : fs_toi_t2.asm.obj (.text)
                  20011654    00000038                           : i_tofs_t2.asm.obj (.text)
                  2001168c    00000036     driverlib.a : timer.obj (.text:TimerControlStall)
                  200116c2    00000036     drivers_cc32xx.a : Timer.oem4 (.text:Timer_stop)
                  200116f8    00000036                      : UART2.oem4 (.text:UART2_rxDisable)
                  2001172e    00000002     nortos_cc32xx.a : SemaphoreP_nortos.oem4 (.text:clkFxn)
                  20011730    00000034                     : ClockPSysTick_nortos.oem4 (.text:ClockP_getTicksUntilInterrupt)
                  20011764    00000034                     : ClockPSysTick_nortos.oem4 (.text:ClockP_startup)
                  20011798    00000034     driverlib.a : pin.obj (.text:PinModeGet)
                  200117cc    00000034     drivers_cc32xx.a : PowerCC32XX.oem4 (.text:PowerCC32XX_restoreParkState)
                  20011800    00000034                      : RingBuf.oem4 (.text:RingBuf_getConsume)
                  20011834    00000034                      : RingBuf.oem4 (.text:RingBuf_putPointer)
                  20011868    00000034                      : TimerCC32XX.oem4 (.text:TimerCC32XX_freeTimerResource)
                  2001189c    00000034                      : TimerCC32XX.oem4 (.text:TimerCC32XX_hwiIntFunction)
                  200118d0    00000034                      : UART2CC32XX.oem4 (.text:UART2Support_sendData)
                  20011904    00000034                      : UDMACC32XX.oem4 (.text:UDMACC32XX_close)
                  20011938    00000034                      : TimerCC32XX.oem4 (.text:getPowerMgrId)
                  2001196c    00000034     gpiointerrupt.obj (.text:initUART)
                  200119a0    00000032     drivers_cc32xx.a : UART2CC32XX.oem4 (.text:UART2Support_disableRx)
                  200119d2    00000002     nortos_cc32xx.a : startup_cc32xx_ccs.oem4 (.text:defaultHandler)
                  200119d4    00000030                     : ClockPSysTick_nortos.oem4 (.text:ClockP_start)
                  20011a04    00000030     drivers_cc32xx.a : PowerCC32XX.oem4 (.text:PowerCC32XX_restoreParkedPin)
                  20011a34    00000030     driverlib.a : uart.obj (.text:UARTDisable)
                  20011a64    00000030     rtsv7M4_T_le_eabi.lib : snprintf.c.obj (.text:_outs)
                  20011a94    0000002e                           : i_tofd_t2.asm.obj (.text)
                  20011ac2    00000002     nortos_cc32xx.a : startup_cc32xx_ccs.oem4 (.text:faultISR)
                  20011ac4    0000002c     drivers_cc32xx.a : PowerCC32XX.oem4 (.text:PowerCC32XX_getParkState)
                  20011af0    0000002a     nortos_cc32xx.a : HwiPCC32XX_nortos.oem4 (.text:HwiP_create)
                  20011b1a    0000002a     drivers_cc32xx.a : RingBuf.oem4 (.text:RingBuf_getPointer)
                  20011b44    0000002a     driverlib.a : timer.obj (.text:TimerLoadSet)
                  20011b6e    0000002a                 : timer.obj (.text:TimerPrescaleSet)
                  20011b98    00000028                 : i2c.obj (.text:I2CFIFODataPutNonBlocking)
                  20011bc0    00000028                 : prcm.obj (.text:PRCMPeripheralClkDisable)
                  20011be8    00000028     drivers_cc32xx.a : PowerCC32XX.oem4 (.text:Power_registerNotify)
                  20011c10    00000028     rtsv7M4_T_le_eabi.lib : memory.c.obj (.text:free_list_insert)
                  20011c38    00000028     driverlib.a : udma.obj (.text:uDMAChannelIsEnabled)
                  20011c60    00000026                 : i2c.obj (.text:I2CFIFODataGetNonBlocking)
                  20011c86    00000026     drivers_cc32xx.a : I2C.oem4 (.text:I2C_cancel)
                  20011cac    00000026                      : List.oem4 (.text:List_put)
                  20011cd2    00000026                      : List.oem4 (.text:List_remove)
                  20011cf8    00000024     nortos_cc32xx.a : HwiPCC32XX_nortos.oem4 (.text:HwiP_dispatch)
                  20011d1c    00000024     drivers_cc32xx.a : PowerCC32XX.oem4 (.text:PowerCC32XX_reset)
                  20011d40    00000024                      : TimerCC32XX.oem4 (.text:TimerSupport_timerDisable)
                  20011d64    00000024     driverlib.a : uart.obj (.text:UARTEnable)
                  20011d88    00000024     rtsv7M4_T_le_eabi.lib : boot_cortex_m.c.obj (.text:_c_int00_noargs:_c_int00_noargs)
                  20011dac    00000022     driverlib.a : i2c.obj (.text:I2CMasterSlaveAddrSet)
                  20011dce    00000022     drivers_cc32xx.a : UART2CC32XX.oem4 (.text:UART2CC32XX_writeTimeout)
                  20011df0    00000020     nortos_cc32xx.a : HwiPCC32XX_nortos.oem4 (.text:HwiP_destruct)
                  20011e10    00000020     drivers_cc32xx.a : PowerCC32XX.oem4 (.text:Power_unregisterNotify)
                  20011e30    00000020                      : UART2CC32XX.oem4 (.text:UART2CC32XX_getPowerMgrId)
                  20011e50    0000001e     driverlib.a : i2c.obj (.text:I2CMasterIntStatusEx)
                  20011e6e    0000001e     nortos_cc32xx.a : SemaphoreP_nortos.oem4 (.text:SemaphoreP_constructBinary)
                  20011e8c    0000001e     driverlib.a : timer.obj (.text:TimerDisable)
                  20011eaa    0000001e                 : timer.obj (.text:TimerEnable)
                  20011ec8    0000001e     drivers_cc32xx.a : UDMACC32XX.oem4 (.text:postNotifyFxn)
                  20011ee6    00000002     nortos_cc32xx.a : startup_cc32xx_ccs.oem4 (.text:nmiISR)
                  20011ee8    0000001c     drivers_cc32xx.a : GPIO.oem4 (.text:GPIO_setCallback)
                  20011f04    0000001c     driverlib.a : pin.obj (.text:PinToPadGet)
                  20011f20    0000001c     nortos_cc32xx.a : SwiP_nortos.oem4 (.text:SwiP_disable)
                  20011f3c    0000001c     rtsv7M4_T_le_eabi.lib : memory.c.obj (.text:free_list_remove)
                  20011f58    0000001c                           : memccpy.c.obj (.text:memccpy)
                  20011f74    0000001a     nortos_cc32xx.a : SemaphoreP_nortos.oem4 (.text:SemaphoreP_createBinary)
                  20011f8e    00000002     rtsv7M4_T_le_eabi.lib : div0.asm.obj (.text)
                  20011f90    0000001a     nortos_cc32xx.a : startup_cc32xx_ccs.oem4 (.text:resetISR)
                  20011faa    00000018     driverlib.a : i2c.obj (.text:I2CMasterBusBusy)
                  20011fc2    00000018                 : i2c.obj (.text:I2CMasterIntDisableEx)
                  20011fda    00000018                 : i2c.obj (.text:I2CMasterIntEnableEx)
                  20011ff2    00000018                 : i2c.obj (.text:I2CRxFIFOFlush)
                  2001200a    00000018                 : i2c.obj (.text:I2CTxFIFOFlush)
                  20012022    00000002     --HOLE-- [fill = 0]
                  20012024    00000018     drivers_cc32xx.a : PowerCC32XX.oem4 (.text:Power_getTransitionLatency)
                  2001203c    00000018                      : PowerCC32XX.oem4 (.text:Power_idleFunc)
                  20012054    00000018     driverlib.a : timer.obj (.text:TimerIntDisable)
                  2001206c    00000018                 : timer.obj (.text:TimerIntEnable)
                  20012084    00000018     drivers_cc32xx.a : UART2CC32XX.oem4 (.text:UART2Support_txDone)
                  2001209c    00000018                      : UART2.oem4 (.text:UART2_Params_init)
                  200120b4    00000018     driverlib.a : uart.obj (.text:UARTDMADisable)
                  200120cc    00000018                 : uart.obj (.text:UARTIntDisable)
                  200120e4    00000018                 : uart.obj (.text:UARTIntEnable)
                  200120fc    00000018     rtsv7M4_T_le_eabi.lib : snprintf.c.obj (.text:_outc)
                  20012114    00000018                           : ll_mul_t2.asm.obj (.text)
                  2001212c    00000016     driverlib.a : i2c.obj (.text:I2CMasterBurstLengthSet)
                  20012142    00000016                 : prcm.obj (.text:PRCMHIBRegRead)
                  20012158    00000016                 : prcm.obj (.text:PRCMHIBRegWrite)
                  2001216e    00000016     nortos_cc32xx.a : SemaphoreP_nortos.oem4 (.text:SemaphoreP_create)
                  20012184    00000016     rtsv7M4_T_le_eabi.lib : strchr.c.obj (.text:strchr)
                  2001219a    00000014     ti_drivers_config.obj (.text:Board_init)
                  200121ae    00000014     driverlib.a : cpu.obj (.text:CPUcpsid)
                  200121c2    00000002     --HOLE-- [fill = 0]
                  200121c4    00000014     nortos_cc32xx.a : HwiPCC32XX_nortos.oem4 (.text:HwiP_inISR)
                  200121d8    00000014     drivers_cc32xx.a : I2CCC32XX.oem4 (.text:I2CSupport_masterFinish)
                  200121ec    00000014                      : I2C.oem4 (.text:I2C_transfer)
                  20012200    00000014     driverlib.a : interrupt.obj (.text:IntVTableBaseSet)
                  20012214    00000014     drivers_cc32xx.a : PowerCC32XX.oem4 (.text:Power_disablePolicy)
                  20012228    00000014                      : PowerCC32XX.oem4 (.text:Power_getDependencyCount)
                  2001223c    00000014     rtsv7M4_T_le_eabi.lib : strlen.c.obj (.text:strlen)
                  20012250    00000012     nortos_cc32xx.a : HwiPCC32XX_nortos.oem4 (.text:HwiP_Params_init)
                  20012262    00000012     driverlib.a : i2c.obj (.text:I2CMasterIntClearEx)
                  20012274    00000012     drivers_cc32xx.a : RingBuf.oem4 (.text:RingBuf_construct)
                  20012286    00000012     driverlib.a : timer.obj (.text:TimerIntClear)
                  20012298    00000012                 : uart.obj (.text:UARTIntClear)
                  200122aa    00000012                 : uart.obj (.text:UARTRxErrorGet)
                  200122bc    00000012     main_nortos.obj (.text:main)
                  200122ce    00000012     rtsv7M4_T_le_eabi.lib : wcslen.c.obj (.text:wcslen)
                  200122e0    00000010     nortos_cc32xx.a : ClockPSysTick_nortos.oem4 (.text:ClockP_add)
                  200122f0    00000010                     : ClockPSysTick_nortos.oem4 (.text:ClockP_getCpuFreq)
                  20012300    00000010                     : ClockPSysTick_nortos.oem4 (.text:ClockP_getSystemTicks)
                  20012310    00000010                     : ClockPSysTick_nortos.oem4 (.text:ClockP_setTicks)
                  20012320    00000010                     : HwiPCC32XX_nortos.oem4 (.text:HwiP_delete)
                  20012330    00000010                     : HwiPCC32XX_nortos.oem4 (.text:HwiP_interruptsEnabled)
                  20012340    00000010                     : HwiPCC32XX_nortos.oem4 (.text:HwiP_restore)
                  20012350    00000010     driverlib.a : i2c.obj (.text:I2CFIFOStatus)
                  20012360    00000010     drivers_cc32xx.a : I2C.oem4 (.text:I2C_Params_init)
                  20012370    00000010                      : PowerCC32XX.oem4 (.text:Power_enablePolicy)
                  20012380    00000010     nortos_cc32xx.a : SemaphoreP_nortos.oem4 (.text:SemaphoreP_Params_init)
                  20012390    00000010     drivers_cc32xx.a : Timer.oem4 (.text:Timer_Params_init)
                  200123a0    00000010                      : UART2CC32XX.oem4 (.text:UART2CC32XX_readTimeout)
                  200123b0    00000010                      : UART2CC32XX.oem4 (.text:UART2Support_rxStatus2ErrorCode)
                  200123c0    0000000e     nortos_cc32xx.a : HwiPCC32XX_nortos.oem4 (.text:HwiP_clearInterrupt)
                  200123ce    0000000e                     : HwiPCC32XX_nortos.oem4 (.text:HwiP_disable)
                  200123dc    0000000e                     : HwiPCC32XX_nortos.oem4 (.text:HwiP_disableInterrupt)
                  200123ea    0000000e                     : HwiPCC32XX_nortos.oem4 (.text:HwiP_enable)
                  200123f8    0000000e                     : HwiPCC32XX_nortos.oem4 (.text:HwiP_enableInterrupt)
                  20012406    0000000e     drivers_cc32xx.a : I2CCC32XX.oem4 (.text:I2CCC32XX_updateReg)
                  20012414    0000000e                      : UART2.oem4 (.text:UART2_write)
                  20012422    0000000e     rtsv7M4_T_le_eabi.lib : copy_decompress_none.c.obj (.text:decompress:none:__TI_decompress_none)
                  20012430    0000000c     drivers_cc32xx.a : I2CCC32XX.oem4 (.text:I2CCC32XX_postNotify)
                  2001243c    0000000c                      : PowerCC32XX.oem4 (.text:Power_getConstraintMask)
                  20012448    0000000c                      : UART2CC32XX.oem4 (.text:UART2CC32XX_postNotifyFxn)
                  20012454    0000000c                      : UART2CC32XX.oem4 (.text:UART2Support_disableTx)
                  20012460    0000000c                      : UART2CC32XX.oem4 (.text:UART2Support_enableTx)
                  2001246c    0000000c     rtsv7M4_T_le_eabi.lib : s_copysign.c.obj (.text:copysign)
                  20012478    0000000c                           : copy_zero_init.c.obj (.text:decompress:ZI:__TI_zero_init)
                  20012484    0000000c     ti_drivers_config.obj (.text:dmaErrorFxn)
                  20012490    0000000c     gpiointerrupt.obj (.text:gpioButtonFxn0)
                  2001249c    0000000c     gpiointerrupt.obj (.text:gpioButtonFxn1)
                  200124a8    0000000c     drivers_cc32xx.a : TimerCC32XX.oem4 (.text:postNotifyFxn)
                  200124b4    0000000c     gpiointerrupt.obj (.text:timerCallback)
                  200124c0    0000000c     driverlib.a : udma.obj (.text:uDMAErrorStatusClear)
                  200124cc    0000000c                 : udma.obj (.text:uDMAErrorStatusGet)
                  200124d8    0000000a                 : cpu.obj (.text:CPUprimask)
                  200124e2    0000000a     nortos_cc32xx.a : ClockPSysTick_nortos.oem4 (.text:ClockP_Params_init)
                  200124ec    0000000a                     : ClockPSysTick_nortos.oem4 (.text:ClockP_isActive)
                  200124f6    0000000a     driverlib.a : interrupt.obj (.text:IntMasterDisable)
                  20012500    00000008     drivers_cc32xx.a : I2CCC32XX.oem4 (.text:I2CCC32XX_blockingCallback)
                  20012508    00000008     rtsv7M4_T_le_eabi.lib : errno.c.obj (.text:__aeabi_errno_addr)
                  20012510    00000008                           : bzero.c.obj (.text:bzero)
                  20012518    00000008                           : memory.c.obj (.text:malloc)
                  20012520    00000006     drivers_cc32xx.a : I2CCC32XX.oem4 (.text:I2CSupport_powerRelConstraint)
                  20012526    00000006                      : I2CCC32XX.oem4 (.text:I2CSupport_powerSetConstraint)
                  2001252c    00000006                      : UART2CC32XX.oem4 (.text:UART2Support_powerRelConstraint)
                  20012532    00000006     driverlib.a : utils.obj (.text:UtilsDelay)
                  20012538    00000004     nortos_cc32xx.a : ClockPSysTick_nortos.oem4 (.text:ClockP_doTick)
                  2001253c    00000004                     : ClockPSysTick_nortos.oem4 (.text:ClockP_setTimeout)
                  20012540    00000004                     : HwiPCC32XX_nortos.oem4 (.text:HwiP_post)
                  20012544    00000004                     : SemaphoreP_nortos.oem4 (.text:SemaphoreP_delete)
                  20012548    00000004     rtsv7M4_T_le_eabi.lib : pre_init.c.obj (.text:_system_pre_init)
                  2001254c    00000004                           : exit.c.obj (.text:abort:abort)

.const     0    20013934    0000049d     
                  20013934    00000101     rtsv7M4_T_le_eabi.lib : ctype.c.obj (.const:.string:_ctypes_)
                  20013a35    00000002     drivers_cc32xx.a : UART2CC32XX.oem4 (.const:.string:stopBits)
                  20013a37    00000001     --HOLE-- [fill = 0]
                  20013a38    00000100     driverlib.a : pin.obj (.const:g_ulPinToPadMap)
                  20013b38    000000a8                 : prcm.obj (.const:PRCM_PeriphRegsList)
                  20013be0    00000044     ti_drivers_config.obj (.const:PowerCC32XX_config)
                  20013c24    0000003c     ti_drivers_config.obj (.const:uart2CC32XXHWAttrs0)
                  20013c60    00000028     drivers_cc32xx.a : GPIOCC32XX.oem4 (.const:portConfigs)
                  20013c88    00000024                      : UART2.oem4 (.const:UART2_defaultParams)
                  20013cac    00000021                      : GPIOCC32XX.oem4 (.const:.string:pinTable)
                  20013ccd    00000003     --HOLE-- [fill = 0]
                  20013cd0    00000018     driverlib.a : interrupt.obj (.const:g_pulEnRegs)
                  20013ce8    00000018                 : interrupt.obj (.const:g_pulPendRegs)
                  20013d00    00000018     gpiointerrupt.obj (.const:sensors)
                  20013d18    00000014     ti_drivers_config.obj (.const:i2cCC32XXHWAttrs)
                  20013d2c    00000010     ti_drivers_config.obj (.const:GPIO_config)
                  20013d3c    00000010     drivers_cc32xx.a : I2C.oem4 (.const:I2C_defaultParams)
                  20013d4c    00000010                      : I2CCC32XX.oem4 (.const:I2C_defaultParams)
                  20013d5c    00000010     ti_drivers_config.obj (.const:timerCC32XXHWAttrs)
                  20013d6c    0000000c     gpiointerrupt.obj (.const:.string)
                  20013d78    0000000c     drivers_cc32xx.a : Timer.oem4 (.const:defaultParams)
                  20013d84    0000000c                      : TimerCC32XX.oem4 (.const:defaultParams)
                  20013d90    0000000c     ti_drivers_config.obj (.const:udmaCC3220SHWAttrs)
                  20013d9c    0000000b     ti_drivers_config.obj (.const)
                  20013da7    00000001     --HOLE-- [fill = 0]
                  20013da8    00000008     ti_drivers_config.obj (.const:I2C_config)
                  20013db0    00000008     ti_drivers_config.obj (.const:Timer_config)
                  20013db8    00000008     ti_drivers_config.obj (.const:UART2_config)
                  20013dc0    00000008     ti_drivers_config.obj (.const:UDMACC32XX_config)
                  20013dc8    00000005     drivers_cc32xx.a : UART2CC32XX.oem4 (.const:.string:parityType)
                  20013dcd    00000004                      : UART2CC32XX.oem4 (.const:.string:dataLength)

.cinit     0    20012550    00000100     
                  20012550    000000d5     (.cinit..data.load) [load image, compression = lzss]
                  20012625    00000003     --HOLE-- [fill = 0]
                  20012628    0000000c     (__TI_handler_table)
                  20012634    00000004     --HOLE-- [fill = 0]
                  20012638    00000008     (.cinit..bss.load) [load image, compression = zero_init]
                  20012640    00000010     (__TI_cinit_table)

.init_array 
*          0    20004000    00000000     UNINITIALIZED

.ramVecs   0    20000000    0000030c     NOLOAD SECTION
                  20000000    0000030c     nortos_cc32xx.a : startup_cc32xx_ccs.oem4 (.ramVecs)

.stack     0    20003000    00001000     UNINITIALIZED
                  20003000    00000004     rtsv7M4_T_le_eabi.lib : boot_cortex_m.c.obj (.stack)
                  20003004    00000ffc     --HOLE--

.resetVecs 
*          0    20004000    00000040     
                  20004000    00000040     nortos_cc32xx.a : startup_cc32xx_ccs.oem4 (.resetVecs:retain)

.sysmem    0    20004040    00008000     UNINITIALIZED
                  20004040    00000010     rtsv7M4_T_le_eabi.lib : memory.c.obj (.sysmem)
                  20004050    00007ff0     --HOLE--

.bss       0    20012800    00000a48     UNINITIALIZED
                  20012800    00000400     ti_drivers_config.obj (.bss:dmaControlTable)
                  20012c00    000001f8     (.common:uart2CC32XXObjects0)
                  20012df8    0000012c     (.common:PowerCC32XX_contextSave)
                  20012f24    000000fc     (.common:i2cCC32XXObjects)
                  20013020    00000084     (.common:gpioCallbackFunctions)
                  200130a4    00000084     (.common:gpioUserArgs)
                  20013128    00000084     (.common:timerCC32XXObjects)
                  200131ac    00000020     ti_drivers_config.obj (.bss:uart2RxRingBuffer0)
                  200131cc    00000020     ti_drivers_config.obj (.bss:uart2TxRingBuffer0)
                  200131ec    00000014     drivers_cc32xx.a : UDMACC32XX.oem4 (.bss:postNotifyObj)
                  20013200    00000014                      : GPIOCC32XX.oem4 (.bss:powerNotifyObj)
                  20013214    00000004                      : GPIOCC32XX.oem4 (.bss)
                  20013218    00000010     (.common:ClockP_ctrl)
                  20013228    0000000d     nortos_cc32xx.a : SwiP_nortos.oem4 (.bss)
                  20013235    00000003     --HOLE--
                  20013238    00000008     (.common:udmaCC3220SObject)
                  20013240    00000004                     : ClockPSysTick_nortos.oem4 (.bss)
                  20013244    00000004     drivers_cc32xx.a : TimerCC32XX.oem4 (.bss:timerState)

.data      0    20013248    000006ec     UNINITIALIZED
                  20013248    0000030c     nortos_cc32xx.a : HwiPCC32XX_nortos.oem4 (.data:HwiP_dispatchTable)
                  20013554    0000016c     drivers_cc32xx.a : PowerCC32XX.oem4 (.data:PowerCC32XX_module)
                  200136c0    000000f8     ti_drivers_config.obj (.data:parkInfo)
                  200137b8    000000c0     gpiointerrupt.obj (.data:$O1$$)
                  20013878    00000084     ti_drivers_config.obj (.data:gpioPinConfigs)
                  200138fc    00000008     rtsv7M4_T_le_eabi.lib : _lock.c.obj (.data:$O1$$)
                  20013904    00000008                           : memory.c.obj (.data:$O1$$)
                  2001390c    00000008     nortos_cc32xx.a : SemaphoreP_nortos.oem4 (.data:SemaphoreP_defaultParams)
                  20013914    00000008     drivers_cc32xx.a : UDMACC32XX.oem4 (.data)
                  2001391c    00000008     nortos_cc32xx.a : HwiPCC32XX_nortos.oem4 (.data)
                  20013924    00000005                     : ClockPSysTick_nortos.oem4 (.data)
                  20013929    00000003                     : SemaphoreP_nortos.oem4 (.data)
                  2001392c    00000004     rtsv7M4_T_le_eabi.lib : errno.c.obj (.data)
                  20013930    00000002     drivers_cc32xx.a : GPIOCC32XX.oem4 (.data)
                  20013932    00000002     gpiointerrupt.obj (.data)

.log_data 
*          0    90000000    00000000     COPY SECTION

__llvm_prf_cnts 
*          0    20004000    00000000     UNINITIALIZED

MODULE SUMMARY

       Module                       code    ro data   rw data
       ------                       ----    -------   -------
    .\
       gpiointerrupt.obj            1236    36        194    
       main_nortos.obj              18      0         0      
    +--+----------------------------+-------+---------+---------+
       Total:                       1254    36        194    
                                                             
    .\syscfg\
       ti_drivers_config.obj        34      235       2628   
    +--+----------------------------+-------+---------+---------+
       Total:                       34      235       2628   
                                                             
    C:/ti/simplelink_cc32xx_sdk_6_10_00_05/kernel/nortos/lib/ccs/m4/nortos_cc32xx.a
       HwiPCC32XX_nortos.oem4       410     0         788    
       startup_cc32xx_ccs.oem4      90      64        780    
       ClockPSysTick_nortos.oem4    664     0         25     
       PowerCC32XX_nortos.oem4      476     0         0      
       SemaphoreP_nortos.oem4       410     0         11     
       SwiP_nortos.oem4             96      0         13     
    +--+----------------------------+-------+---------+---------+
       Total:                       2146    64        1617   
                                                             
    C:/ti/simplelink_cc32xx_sdk_6_10_00_05/source/ti/devices/cc32xx/driverlib/ccs/Release/driverlib.a
       prcm.obj                     1604    168       0      
       pin.obj                      280     256       0      
       interrupt.obj                334     48        0      
       i2c.obj                      318     0         0      
       timer.obj                    264     0         0      
       uart.obj                     192     0         0      
       udma.obj                     164     0         0      
       flash.obj                    72      0         0      
       cpu.obj                      30      0         0      
       utils.obj                    6       0         0      
    +--+----------------------------+-------+---------+---------+
       Total:                       3264    472       0      
                                                             
    C:/ti/simplelink_cc32xx_sdk_6_10_00_05/source/ti/drivers/lib/ccs/m4/drivers_cc32xx.a
       PowerCC32XX.oem4             2432    0         664    
       UART2CC32XX.oem4             2710    11        0      
       I2CCC32XX.oem4               1452    16        0      
       GPIOCC32XX.oem4              1068    73        26     
       TimerCC32XX.oem4             876     12        4      
       UART2.oem4                   756     36        0      
       I2C.oem4                     366     16        0      
       UDMACC32XX.oem4              270     0         28     
       RingBuf.oem4                 296     0         0      
       Timer.oem4                   140     12        0      
       PowerCC32XX_asm.oem4         150     0         0      
       List.oem4                    76      0         0      
       GPIO.oem4                    28      0         0      
    +--+----------------------------+-------+---------+---------+
       Total:                       10620   176       722    
                                                             
    C:\ti\ccs1120\ccs\tools\compiler\ti-cgt-arm_20.2.6.LTS\lib\rtsv7M4_T_le_eabi.lib
       _printfi.c.obj               4835    0         0      
       memory.c.obj                 672     0         8      
       fd_add_t2.asm.obj            438     0         0      
       fd_div_t2.asm.obj            310     0         0      
       fd_cmp_t2.asm.obj            268     0         0      
       ctype.c.obj                  0       257       0      
       fd_mul_t2.asm.obj            252     0         0      
       s_scalbn.c.obj               208     0         0      
       memcpy_t2.asm.obj            156     0         0      
       ull_div_t2.asm.obj           150     0         0      
       snprintf.c.obj               148     0         0      
       fs_mul_t2.asm.obj            122     0         0      
       memset_t2.asm.obj            122     0         0      
       copy_decompress_lzss.c.obj   104     0         0      
       s_frexp.c.obj                92      0         0      
       _ltoa.c.obj                  84      0         0      
       atoi.c.obj                   76      0         0      
       fd_toi_t2.asm.obj            72      0         0      
       autoinit.c.obj               68      0         0      
       fs_toi_t2.asm.obj            56      0         0      
       i_tofs_t2.asm.obj            56      0         0      
       i_tofd_t2.asm.obj            46      0         0      
       boot_cortex_m.c.obj          36      0         0      
       memccpy.c.obj                28      0         0      
       ll_mul_t2.asm.obj            24      0         0      
       strchr.c.obj                 22      0         0      
       strlen.c.obj                 20      0         0      
       wcslen.c.obj                 18      0         0      
       copy_decompress_none.c.obj   14      0         0      
       copy_zero_init.c.obj         12      0         0      
       errno.c.obj                  8       0         4      
       s_copysign.c.obj             12      0         0      
       _lock.c.obj                  2       0         8      
       bzero.c.obj                  8       0         0      
       exit.c.obj                   4       0         0      
       pre_init.c.obj               4       0         0      
       div0.asm.obj                 2       0         0      
    +--+----------------------------+-------+---------+---------+
       Total:                       8549    257       20     
                                                             
       Heap:                        0       0         32768  
       Stack:                       0       0         4096   
       Linker Generated:            0       249       0      
    +--+----------------------------+-------+---------+---------+
       Grand Total:                 25867   1489      42045  


LINKER GENERATED COPY TABLES

__TI_cinit_table @ 20012640 records: 2, size/record: 8, table size: 16
	.data: load addr=20012550, load size=000000d5 bytes, run addr=20013248, run size=000006ec bytes, compression=lzss
	.bss: load addr=20012638, load size=00000008 bytes, run addr=20012800, run size=00000a48 bytes, compression=zero_init


LINKER GENERATED HANDLER TABLE

__TI_handler_table @ 20012628 records: 3, size/record: 4, table size: 12
	index: 0, handler: __TI_decompress_lzss
	index: 1, handler: __TI_decompress_none
	index: 2, handler: __TI_zero_init


GLOBAL SYMBOLS: SORTED ALPHABETICALLY BY Name 

address   name                             
-------   ----                             
2001219b  Board_init                       
2000ca8f  Board_initHook                   
2001254d  C$$EXIT                          
20013d9e  CONFIG_GPIO_BUTTON_0_CONST       
20013d9f  CONFIG_GPIO_BUTTON_1_CONST       
20013da0  CONFIG_GPIO_LED_0_CONST          
20013da1  CONFIG_I2C_0_CONST               
20013da3  CONFIG_TIMER_0_CONST             
20013da5  CONFIG_UART2_0_CONST             
200121af  CPUcpsid                         
200124d9  CPUprimask                       
200124e3  ClockP_Params_init               
200122e1  ClockP_add                       
200112cd  ClockP_construct                 
20013218  ClockP_ctrl                      
20011489  ClockP_destruct                  
20012539  ClockP_doTick                    
200122f1  ClockP_getCpuFreq                
20012301  ClockP_getSystemTicks            
20011731  ClockP_getTicksUntilInterrupt    
200124ed  ClockP_isActive                  
20012311  ClockP_setTicks                  
2001253d  ClockP_setTimeout                
200119d5  ClockP_start                     
20011765  ClockP_startup                   
200110f1  ClockP_stop                      
20010b69  ClockP_sysTickHandler            
20013924  ClockP_tickPeriod                
20010e25  FlashDisable                     
20013d2c  GPIO_config                      
20010e6d  GPIO_disableInt                  
20010eb5  GPIO_enableInt                   
20010741  GPIO_hwiIntFxn                   
2000fbc1  GPIO_init                        
20013d9c  GPIO_pinLowerBound               
20013d9d  GPIO_pinUpperBound               
20011ee9  GPIO_setCallback                 
2000e0e5  GPIO_setConfig                   
20010615  GPIO_setInterruptConfig          
20010091  GPIO_write                       
20012251  HwiP_Params_init                 
200123c1  HwiP_clearInterrupt              
2000fce1  HwiP_construct                   
20011af1  HwiP_create                      
20012321  HwiP_delete                      
20011df1  HwiP_destruct                    
200123cf  HwiP_disable                     
200123dd  HwiP_disableInterrupt            
20011cf9  HwiP_dispatch                    
200123eb  HwiP_enable                      
200123f9  HwiP_enableInterrupt             
200121c5  HwiP_inISR                       
20012331  HwiP_interruptsEnabled           
2001391c  HwiP_key                         
20012541  HwiP_post                        
20012341  HwiP_restore                     
20013920  HwiP_swiPIntNum                  
20011c61  I2CFIFODataGetNonBlocking        
20011b99  I2CFIFODataPutNonBlocking        
20012351  I2CFIFOStatus                    
2001212d  I2CMasterBurstLengthSet          
20011fab  I2CMasterBusBusy                 
20012263  I2CMasterIntClearEx              
20011fc3  I2CMasterIntDisableEx            
20011fdb  I2CMasterIntEnableEx             
20011e51  I2CMasterIntStatusEx             
20011dad  I2CMasterSlaveAddrSet            
20011ff3  I2CRxFIFOFlush                   
200121d9  I2CSupport_masterFinish          
20012521  I2CSupport_powerRelConstraint    
20012527  I2CSupport_powerSetConstraint    
20010543  I2CSupport_primeTransfer         
2001200b  I2CTxFIFOFlush                   
20012361  I2C_Params_init                  
20011c87  I2C_cancel                       
20013da8  I2C_config                       
20013da2  I2C_count                        
20013d3c  I2C_defaultParams                
2000dde7  I2C_init                         
2000edf5  I2C_open                         
200121ed  I2C_transfer                     
2000e9ab  I2C_transferTimeout              
UNDEFED   ITM_flush                        
UNDEFED   ITM_restore                      
2000f801  IntEnable                        
200124f7  IntMasterDisable                 
2000fd6d  IntPendSet                       
20012201  IntVTableBaseSet                 
20011cad  List_put                         
20011cd3  List_remove                      
200123eb  NoRTOS_start                     
2000ca91  PRCMCC3200MCUInit                
20012143  PRCMHIBRegRead                   
20012159  PRCMHIBRegWrite                  
20010efd  PRCMLPDSEnter                    
2001153d  PRCMLPDSEnterKeepDebugIf         
20011135  PRCMLPDSRestoreInfoSet           
20011bc1  PRCMPeripheralClkDisable         
20010f45  PRCMPeripheralClkEnable          
20010919  PRCMPeripheralReset              
200107a1  PRCMSysResetCauseGet             
2000fdf5  PinConfigSet                     
20011799  PinModeGet                       
2001130d  PinModeSet                       
20011f05  PinToPadGet                      
20013be0  PowerCC32XX_config               
2000f8a9  PowerCC32XX_configureWakeup      
20012df8  PowerCC32XX_contextSave          
20011179  PowerCC32XX_enterLPDS            
20011ac5  PowerCC32XX_getParkState         
2000f6a3  PowerCC32XX_initPolicy           
20013554  PowerCC32XX_module               
20010cf5  PowerCC32XX_parkPin              
20011d1d  PowerCC32XX_reset                
200117cd  PowerCC32XX_restoreParkState     
20011a05  PowerCC32XX_restoreParkedPin     
20010a73  PowerCC32XX_resumeLPDS           
20010679  PowerCC32XX_setParkState         
2000dde9  PowerCC32XX_sleepPolicy          
20012215  Power_disablePolicy              
20012371  Power_enablePolicy               
2001243d  Power_getConstraintMask          
20012229  Power_getDependencyCount         
20012025  Power_getTransitionLatency       
2001203d  Power_idleFunc                   
2000ff89  Power_init                       
20011be9  Power_registerNotify             
20010f8d  Power_releaseConstraint          
20010971  Power_releaseDependency          
200114c5  Power_setConstraint              
20010111  Power_setDependency              
2000e605  Power_sleep                      
20011e11  Power_unregisterNotify           
20012275  RingBuf_construct                
20011801  RingBuf_getConsume               
20011b1b  RingBuf_getPointer               
20011065  RingBuf_put                      
2001140d  RingBuf_putAdvance               
20011835  RingBuf_putPointer               
20012381  SemaphoreP_Params_init           
20010bb9  SemaphoreP_construct             
20011e6f  SemaphoreP_constructBinary       
2001216f  SemaphoreP_create                
20011f75  SemaphoreP_createBinary          
2001390c  SemaphoreP_defaultParams         
20012545  SemaphoreP_delete                
2000f7ff  SemaphoreP_destruct              
2000f951  SemaphoreP_pend                  
200111bd  SemaphoreP_post                  
20011f21  SwiP_disable                     
20011201  SwiP_restore                     
20010c09  TimerCC32XX_allocateTimerResource
20011869  TimerCC32XX_freeTimerResource    
2001168d  TimerControlStall                
20011e8d  TimerDisable                     
20011eab  TimerEnable                      
20013933  TimerFlag                        
20012287  TimerIntClear                    
20012055  TimerIntDisable                  
2001206d  TimerIntEnable                   
20011b45  TimerLoadSet                     
20011b6f  TimerPrescaleSet                 
20011d41  TimerSupport_timerDisable        
2001134d  TimerSupport_timerEnable         
20012391  Timer_Params_init                
2001138d  Timer_close                      
20013db0  Timer_config                     
20013da4  Timer_count                      
2000fbbf  Timer_init                       
2000e73d  Timer_open                       
20011245  Timer_start                      
200116c3  Timer_stop                       
200119a1  UART2Support_disableRx           
20012455  UART2Support_disableTx           
2000f1d1  UART2Support_dmaStartRx          
2000f469  UART2Support_dmaStartTx          
20010c59  UART2Support_dmaStopRx           
20010801  UART2Support_dmaStopTx           
20012461  UART2Support_enableTx            
2001252d  UART2Support_powerRelConstraint  
200123b1  UART2Support_rxStatus2ErrorCode  
200118d1  UART2Support_sendData            
20012085  UART2Support_txDone              
2001209d  UART2_Params_init                
2000ebed  UART2_close                      
20013db8  UART2_config                     
20013da6  UART2_count                      
20013c88  UART2_defaultParams              
2000d155  UART2_open                       
200116f9  UART2_rxDisable                  
20012415  UART2_write                      
2000cebd  UART2_writeTimeout               
200120b5  UARTDMADisable                   
20011a35  UARTDisable                      
20011d65  UARTEnable                       
20012299  UARTIntClear                     
200120cd  UARTIntDisable                   
200120e5  UARTIntEnable                    
200122ab  UARTRxErrorGet                   
20011905  UDMACC32XX_close                 
20013dc0  UDMACC32XX_config                
200113cd  UDMACC32XX_init                  
20010191  UDMACC32XX_open                  
20012533  UtilsDelay                       
20004000  __STACK_END                      
00001000  __STACK_SIZE                     
00008000  __SYSMEM_SIZE                    
20012640  __TI_CINIT_Base                  
20012650  __TI_CINIT_Limit                 
20012628  __TI_Handler_Table_Base          
20012634  __TI_Handler_Table_Limit         
20011289  __TI_auto_init_nobinit_nopinit   
200105ad  __TI_decompress_lzss             
20012423  __TI_decompress_none             
20010a1f  __TI_ltoa                        
ffffffff  __TI_pprof_out_hndl              
2000c041  __TI_printfi                     
ffffffff  __TI_prof_data_size              
ffffffff  __TI_prof_data_start             
20012550  __TI_static_base__               
20012479  __TI_zero_init                   
2000fe7d  __aeabi_cdcmpeq                  
2000fe7d  __aeabi_cdcmple                  
2000ff03  __aeabi_cdrcmple                 
2001101d  __aeabi_d2iz                     
2000dc3b  __aeabi_dadd                     
2000e875  __aeabi_ddiv                     
2000eef1  __aeabi_dmul                     
2000dc31  __aeabi_dsub                     
20012509  __aeabi_errno_addr               
2001161d  __aeabi_f2iz                     
20010287  __aeabi_fmul                     
20011a95  __aeabi_i2d                      
20011655  __aeabi_i2f                      
20011f8f  __aeabi_idiv0                    
20011f8f  __aeabi_ldiv0                    
20012115  __aeabi_lmul                     
20010301  __aeabi_memclr                   
20010301  __aeabi_memclr4                  
20010301  __aeabi_memclr8                  
2000fa8d  __aeabi_memcpy                   
2000fa8d  __aeabi_memcpy4                  
2000fa8d  __aeabi_memcpy8                  
20010303  __aeabi_memset                   
20010303  __aeabi_memset4                  
20010303  __aeabi_memset8                  
2000fb29  __aeabi_uldivmod                 
ffffffff  __binit__                        
ffffffff  __c_args__                       
UNDEFED   __mpu_init                       
20003000  __stack                          
20004000  __start___llvm_prf_cnts          
20004000  __stop___llvm_prf_cnts           
20011d89  _c_int00_noargs                  
20013934  _ctypes_                         
200138fc  _lock                            
2001085f  _nop                             
20004040  _sys_memory                      
UNDEFED   _system_post_cinit               
20012549  _system_pre_init                 
20013900  _unlock                          
2001254d  abort                            
2000ecf5  aligned_alloc                    
20010d41  atoi                             
ffffffff  binit                            
20013932  button                           
200137c0  bytesWritten                     
20012511  bzero                            
2001172f  clkFxn                           
2001246d  copysign                         
2001246d  copysignl                        
2001392c  errno                            
2000f2b5  free                             
20010861  frexp                            
20010861  frexpl                           
20012491  gpioButtonFxn0                   
2001249d  gpioButtonFxn1                   
20013020  gpioCallbackFunctions            
20013878  gpioPinConfigs                   
200130a4  gpioUserArgs                     
20013d18  i2cCC32XXHWAttrs                 
20012f24  i2cCC32XXObjects                 
200137c8  i2cParams                        
200137d8  i2cTransaction                   
2000d885  initI2C                          
20010fd5  initTimer                        
2001196d  initUART                         
200115ad  initVectors                      
2000f399  ldexp                            
2000f399  ldexpl                           
200122bd  main                             
2000df89  mainThread                       
20012519  malloc                           
2000ecf5  memalign                         
20011f59  memccpy                          
2000fa8d  memcpy                           
20010309  memset                           
200137f8  output                           
200136c0  parkInfo                         
2000efed  readTemp                         
20011f91  resetISR                         
20011fa4  resetVectorAddr                  
20004000  resetVectors                     
200137b9  rxBuffer                         
2000f399  scalbn                           
2000f399  scalbnl                          
20010dd9  snprintf                         
20012185  strchr                           
2001223d  strlen                           
200137c4  timer0                           
20013d5c  timerCC32XXHWAttrs               
20013128  timerCC32XXObjects               
200124b5  timerCallback                    
200137b8  txBuffer                         
200106dd  uDMAChannelAttributeDisable      
20011c39  uDMAChannelIsEnabled             
200124c1  uDMAErrorStatusClear             
200124cd  uDMAErrorStatusGet               
200137bc  uart                             
20012c00  uart2CC32XXObjects0              
20013d90  udmaCC3220SHWAttrs               
20013238  udmaCC3220SObject                
200122cf  wcslen                           


GLOBAL SYMBOLS: SORTED BY Symbol Address 

address   name                             
-------   ----                             
00001000  __STACK_SIZE                     
00008000  __SYSMEM_SIZE                    
20003000  __stack                          
20004000  __STACK_END                      
20004000  __start___llvm_prf_cnts          
20004000  __stop___llvm_prf_cnts           
20004000  resetVectors                     
20004040  _sys_memory                      
2000c041  __TI_printfi                     
2000ca8f  Board_initHook                   
2000ca91  PRCMCC3200MCUInit                
2000cebd  UART2_writeTimeout               
2000d155  UART2_open                       
2000d885  initI2C                          
2000dc31  __aeabi_dsub                     
2000dc3b  __aeabi_dadd                     
2000dde7  I2C_init                         
2000dde9  PowerCC32XX_sleepPolicy          
2000df89  mainThread                       
2000e0e5  GPIO_setConfig                   
2000e605  Power_sleep                      
2000e73d  Timer_open                       
2000e875  __aeabi_ddiv                     
2000e9ab  I2C_transferTimeout              
2000ebed  UART2_close                      
2000ecf5  aligned_alloc                    
2000ecf5  memalign                         
2000edf5  I2C_open                         
2000eef1  __aeabi_dmul                     
2000efed  readTemp                         
2000f1d1  UART2Support_dmaStartRx          
2000f2b5  free                             
2000f399  ldexp                            
2000f399  ldexpl                           
2000f399  scalbn                           
2000f399  scalbnl                          
2000f469  UART2Support_dmaStartTx          
2000f6a3  PowerCC32XX_initPolicy           
2000f7ff  SemaphoreP_destruct              
2000f801  IntEnable                        
2000f8a9  PowerCC32XX_configureWakeup      
2000f951  SemaphoreP_pend                  
2000fa8d  __aeabi_memcpy                   
2000fa8d  __aeabi_memcpy4                  
2000fa8d  __aeabi_memcpy8                  
2000fa8d  memcpy                           
2000fb29  __aeabi_uldivmod                 
2000fbbf  Timer_init                       
2000fbc1  GPIO_init                        
2000fce1  HwiP_construct                   
2000fd6d  IntPendSet                       
2000fdf5  PinConfigSet                     
2000fe7d  __aeabi_cdcmpeq                  
2000fe7d  __aeabi_cdcmple                  
2000ff03  __aeabi_cdrcmple                 
2000ff89  Power_init                       
20010091  GPIO_write                       
20010111  Power_setDependency              
20010191  UDMACC32XX_open                  
20010287  __aeabi_fmul                     
20010301  __aeabi_memclr                   
20010301  __aeabi_memclr4                  
20010301  __aeabi_memclr8                  
20010303  __aeabi_memset                   
20010303  __aeabi_memset4                  
20010303  __aeabi_memset8                  
20010309  memset                           
20010543  I2CSupport_primeTransfer         
200105ad  __TI_decompress_lzss             
20010615  GPIO_setInterruptConfig          
20010679  PowerCC32XX_setParkState         
200106dd  uDMAChannelAttributeDisable      
20010741  GPIO_hwiIntFxn                   
200107a1  PRCMSysResetCauseGet             
20010801  UART2Support_dmaStopTx           
2001085f  _nop                             
20010861  frexp                            
20010861  frexpl                           
20010919  PRCMPeripheralReset              
20010971  Power_releaseDependency          
20010a1f  __TI_ltoa                        
20010a73  PowerCC32XX_resumeLPDS           
20010b69  ClockP_sysTickHandler            
20010bb9  SemaphoreP_construct             
20010c09  TimerCC32XX_allocateTimerResource
20010c59  UART2Support_dmaStopRx           
20010cf5  PowerCC32XX_parkPin              
20010d41  atoi                             
20010dd9  snprintf                         
20010e25  FlashDisable                     
20010e6d  GPIO_disableInt                  
20010eb5  GPIO_enableInt                   
20010efd  PRCMLPDSEnter                    
20010f45  PRCMPeripheralClkEnable          
20010f8d  Power_releaseConstraint          
20010fd5  initTimer                        
2001101d  __aeabi_d2iz                     
20011065  RingBuf_put                      
200110f1  ClockP_stop                      
20011135  PRCMLPDSRestoreInfoSet           
20011179  PowerCC32XX_enterLPDS            
200111bd  SemaphoreP_post                  
20011201  SwiP_restore                     
20011245  Timer_start                      
20011289  __TI_auto_init_nobinit_nopinit   
200112cd  ClockP_construct                 
2001130d  PinModeSet                       
2001134d  TimerSupport_timerEnable         
2001138d  Timer_close                      
200113cd  UDMACC32XX_init                  
2001140d  RingBuf_putAdvance               
20011489  ClockP_destruct                  
200114c5  Power_setConstraint              
2001153d  PRCMLPDSEnterKeepDebugIf         
200115ad  initVectors                      
2001161d  __aeabi_f2iz                     
20011655  __aeabi_i2f                      
2001168d  TimerControlStall                
200116c3  Timer_stop                       
200116f9  UART2_rxDisable                  
2001172f  clkFxn                           
20011731  ClockP_getTicksUntilInterrupt    
20011765  ClockP_startup                   
20011799  PinModeGet                       
200117cd  PowerCC32XX_restoreParkState     
20011801  RingBuf_getConsume               
20011835  RingBuf_putPointer               
20011869  TimerCC32XX_freeTimerResource    
200118d1  UART2Support_sendData            
20011905  UDMACC32XX_close                 
2001196d  initUART                         
200119a1  UART2Support_disableRx           
200119d5  ClockP_start                     
20011a05  PowerCC32XX_restoreParkedPin     
20011a35  UARTDisable                      
20011a95  __aeabi_i2d                      
20011ac5  PowerCC32XX_getParkState         
20011af1  HwiP_create                      
20011b1b  RingBuf_getPointer               
20011b45  TimerLoadSet                     
20011b6f  TimerPrescaleSet                 
20011b99  I2CFIFODataPutNonBlocking        
20011bc1  PRCMPeripheralClkDisable         
20011be9  Power_registerNotify             
20011c39  uDMAChannelIsEnabled             
20011c61  I2CFIFODataGetNonBlocking        
20011c87  I2C_cancel                       
20011cad  List_put                         
20011cd3  List_remove                      
20011cf9  HwiP_dispatch                    
20011d1d  PowerCC32XX_reset                
20011d41  TimerSupport_timerDisable        
20011d65  UARTEnable                       
20011d89  _c_int00_noargs                  
20011dad  I2CMasterSlaveAddrSet            
20011df1  HwiP_destruct                    
20011e11  Power_unregisterNotify           
20011e51  I2CMasterIntStatusEx             
20011e6f  SemaphoreP_constructBinary       
20011e8d  TimerDisable                     
20011eab  TimerEnable                      
20011ee9  GPIO_setCallback                 
20011f05  PinToPadGet                      
20011f21  SwiP_disable                     
20011f59  memccpy                          
20011f75  SemaphoreP_createBinary          
20011f8f  __aeabi_idiv0                    
20011f8f  __aeabi_ldiv0                    
20011f91  resetISR                         
20011fa4  resetVectorAddr                  
20011fab  I2CMasterBusBusy                 
20011fc3  I2CMasterIntDisableEx            
20011fdb  I2CMasterIntEnableEx             
20011ff3  I2CRxFIFOFlush                   
2001200b  I2CTxFIFOFlush                   
20012025  Power_getTransitionLatency       
2001203d  Power_idleFunc                   
20012055  TimerIntDisable                  
2001206d  TimerIntEnable                   
20012085  UART2Support_txDone              
2001209d  UART2_Params_init                
200120b5  UARTDMADisable                   
200120cd  UARTIntDisable                   
200120e5  UARTIntEnable                    
20012115  __aeabi_lmul                     
2001212d  I2CMasterBurstLengthSet          
20012143  PRCMHIBRegRead                   
20012159  PRCMHIBRegWrite                  
2001216f  SemaphoreP_create                
20012185  strchr                           
2001219b  Board_init                       
200121af  CPUcpsid                         
200121c5  HwiP_inISR                       
200121d9  I2CSupport_masterFinish          
200121ed  I2C_transfer                     
20012201  IntVTableBaseSet                 
20012215  Power_disablePolicy              
20012229  Power_getDependencyCount         
2001223d  strlen                           
20012251  HwiP_Params_init                 
20012263  I2CMasterIntClearEx              
20012275  RingBuf_construct                
20012287  TimerIntClear                    
20012299  UARTIntClear                     
200122ab  UARTRxErrorGet                   
200122bd  main                             
200122cf  wcslen                           
200122e1  ClockP_add                       
200122f1  ClockP_getCpuFreq                
20012301  ClockP_getSystemTicks            
20012311  ClockP_setTicks                  
20012321  HwiP_delete                      
20012331  HwiP_interruptsEnabled           
20012341  HwiP_restore                     
20012351  I2CFIFOStatus                    
20012361  I2C_Params_init                  
20012371  Power_enablePolicy               
20012381  SemaphoreP_Params_init           
20012391  Timer_Params_init                
200123b1  UART2Support_rxStatus2ErrorCode  
200123c1  HwiP_clearInterrupt              
200123cf  HwiP_disable                     
200123dd  HwiP_disableInterrupt            
200123eb  HwiP_enable                      
200123eb  NoRTOS_start                     
200123f9  HwiP_enableInterrupt             
20012415  UART2_write                      
20012423  __TI_decompress_none             
2001243d  Power_getConstraintMask          
20012455  UART2Support_disableTx           
20012461  UART2Support_enableTx            
2001246d  copysign                         
2001246d  copysignl                        
20012479  __TI_zero_init                   
20012491  gpioButtonFxn0                   
2001249d  gpioButtonFxn1                   
200124b5  timerCallback                    
200124c1  uDMAErrorStatusClear             
200124cd  uDMAErrorStatusGet               
200124d9  CPUprimask                       
200124e3  ClockP_Params_init               
200124ed  ClockP_isActive                  
200124f7  IntMasterDisable                 
20012509  __aeabi_errno_addr               
20012511  bzero                            
20012519  malloc                           
20012521  I2CSupport_powerRelConstraint    
20012527  I2CSupport_powerSetConstraint    
2001252d  UART2Support_powerRelConstraint  
20012533  UtilsDelay                       
20012539  ClockP_doTick                    
2001253d  ClockP_setTimeout                
20012541  HwiP_post                        
20012545  SemaphoreP_delete                
20012549  _system_pre_init                 
2001254d  C$$EXIT                          
2001254d  abort                            
20012550  __TI_static_base__               
20012628  __TI_Handler_Table_Base          
20012634  __TI_Handler_Table_Limit         
20012640  __TI_CINIT_Base                  
20012650  __TI_CINIT_Limit                 
20012c00  uart2CC32XXObjects0              
20012df8  PowerCC32XX_contextSave          
20012f24  i2cCC32XXObjects                 
20013020  gpioCallbackFunctions            
200130a4  gpioUserArgs                     
20013128  timerCC32XXObjects               
20013218  ClockP_ctrl                      
20013238  udmaCC3220SObject                
20013554  PowerCC32XX_module               
200136c0  parkInfo                         
200137b8  txBuffer                         
200137b9  rxBuffer                         
200137bc  uart                             
200137c0  bytesWritten                     
200137c4  timer0                           
200137c8  i2cParams                        
200137d8  i2cTransaction                   
200137f8  output                           
20013878  gpioPinConfigs                   
200138fc  _lock                            
20013900  _unlock                          
2001390c  SemaphoreP_defaultParams         
2001391c  HwiP_key                         
20013920  HwiP_swiPIntNum                  
20013924  ClockP_tickPeriod                
2001392c  errno                            
20013932  button                           
20013933  TimerFlag                        
20013934  _ctypes_                         
20013be0  PowerCC32XX_config               
20013c88  UART2_defaultParams              
20013d18  i2cCC32XXHWAttrs                 
20013d2c  GPIO_config                      
20013d3c  I2C_defaultParams                
20013d5c  timerCC32XXHWAttrs               
20013d90  udmaCC3220SHWAttrs               
20013d9c  GPIO_pinLowerBound               
20013d9d  GPIO_pinUpperBound               
20013d9e  CONFIG_GPIO_BUTTON_0_CONST       
20013d9f  CONFIG_GPIO_BUTTON_1_CONST       
20013da0  CONFIG_GPIO_LED_0_CONST          
20013da1  CONFIG_I2C_0_CONST               
20013da2  I2C_count                        
20013da3  CONFIG_TIMER_0_CONST             
20013da4  Timer_count                      
20013da5  CONFIG_UART2_0_CONST             
20013da6  UART2_count                      
20013da8  I2C_config                       
20013db0  Timer_config                     
20013db8  UART2_config                     
20013dc0  UDMACC32XX_config                
ffffffff  __TI_pprof_out_hndl              
ffffffff  __TI_prof_data_size              
ffffffff  __TI_prof_data_start             
ffffffff  __binit__                        
ffffffff  __c_args__                       
ffffffff  binit                            
UNDEFED   ITM_flush                        
UNDEFED   ITM_restore                      
UNDEFED   __mpu_init                       
UNDEFED   _system_post_cinit               

[323 symbols]
